<?xml version="1.0" encoding="UTF-8"?>
<testsuites name="jest tests" tests="3095" failures="441" errors="0" time="487.731">
  <testsuite name="BehavioralSimulator" errors="0" failures="2" skipped="0" timestamp="2026-05-11T06:16:42" time="0.574" tests="23">
    <testcase classname="BehavioralSimulator Mouse Movement Simulation should generate mouse movement path" name="BehavioralSimulator Mouse Movement Simulation should generate mouse movement path" time="0.007">
    </testcase>
    <testcase classname="BehavioralSimulator Mouse Movement Simulation should respect pattern types" name="BehavioralSimulator Mouse Movement Simulation should respect pattern types" time="0.002">
      <failure>Error: expect(received).toBeLessThanOrEqual(expected)

Expected: &lt;= 551
Received:    786
    at Object.toBeLessThanOrEqual (/home/devel/basset-hound-browser/tests/evasion/behavioral-simulator.test.js:41:37)
    at processTicksAndRejections (node:internal/process/task_queues:95:5)</failure>
    </testcase>
    <testcase classname="BehavioralSimulator Mouse Movement Simulation should generate realistic paths" name="BehavioralSimulator Mouse Movement Simulation should generate realistic paths" time="0.001">
    </testcase>
    <testcase classname="BehavioralSimulator Typing Simulation should generate typing keystrokes" name="BehavioralSimulator Typing Simulation should generate typing keystrokes" time="0.007">
      <failure>Error: expect(received).toBeGreaterThan(expected)

Expected: &gt; 11
Received:   11
    at Object.toBeGreaterThan (/home/devel/basset-hound-browser/tests/evasion/behavioral-simulator.test.js:75:40)
    at processTicksAndRejections (node:internal/process/task_queues:95:5)</failure>
    </testcase>
    <testcase classname="BehavioralSimulator Typing Simulation should respect typing patterns" name="BehavioralSimulator Typing Simulation should respect typing patterns" time="0.001">
    </testcase>
    <testcase classname="BehavioralSimulator Typing Simulation should simulate natural pauses" name="BehavioralSimulator Typing Simulation should simulate natural pauses" time="0">
    </testcase>
    <testcase classname="BehavioralSimulator Typing Simulation should vary typing speed" name="BehavioralSimulator Typing Simulation should vary typing speed" time="0.001">
    </testcase>
    <testcase classname="BehavioralSimulator Scrolling Simulation should generate scroll events" name="BehavioralSimulator Scrolling Simulation should generate scroll events" time="0.001">
    </testcase>
    <testcase classname="BehavioralSimulator Scrolling Simulation should respect scroll patterns" name="BehavioralSimulator Scrolling Simulation should respect scroll patterns" time="0.001">
    </testcase>
    <testcase classname="BehavioralSimulator Scrolling Simulation should include pauses in scroll" name="BehavioralSimulator Scrolling Simulation should include pauses in scroll" time="0">
    </testcase>
    <testcase classname="BehavioralSimulator Pause Simulation should generate pause duration" name="BehavioralSimulator Pause Simulation should generate pause duration" time="0">
    </testcase>
    <testcase classname="BehavioralSimulator Pause Simulation should respect duration range" name="BehavioralSimulator Pause Simulation should respect duration range" time="0.004">
    </testcase>
    <testcase classname="BehavioralSimulator Pattern Management should list available mouse patterns" name="BehavioralSimulator Pattern Management should list available mouse patterns" time="0.002">
    </testcase>
    <testcase classname="BehavioralSimulator Pattern Management should list available typing patterns" name="BehavioralSimulator Pattern Management should list available typing patterns" time="0.001">
    </testcase>
    <testcase classname="BehavioralSimulator Pattern Management should list available scroll patterns" name="BehavioralSimulator Pattern Management should list available scroll patterns" time="0.001">
    </testcase>
    <testcase classname="BehavioralSimulator Pattern Management should set pattern" name="BehavioralSimulator Pattern Management should set pattern" time="0">
    </testcase>
    <testcase classname="BehavioralSimulator Pattern Management should reject invalid pattern" name="BehavioralSimulator Pattern Management should reject invalid pattern" time="0.001">
    </testcase>
    <testcase classname="BehavioralSimulator Behavior Plausibility should verify normal events as plausible" name="BehavioralSimulator Behavior Plausibility should verify normal events as plausible" time="0">
    </testcase>
    <testcase classname="BehavioralSimulator Behavior Plausibility should detect unrealistic behavior" name="BehavioralSimulator Behavior Plausibility should detect unrealistic behavior" time="0">
    </testcase>
    <testcase classname="BehavioralSimulator Integration should generate complete interaction sequence" name="BehavioralSimulator Integration should generate complete interaction sequence" time="0.001">
    </testcase>
    <testcase classname="BehavioralSimulator Performance should generate mouse movement quickly" name="BehavioralSimulator Performance should generate mouse movement quickly" time="0.002">
    </testcase>
    <testcase classname="BehavioralSimulator Performance should generate typing quickly" name="BehavioralSimulator Performance should generate typing quickly" time="0">
    </testcase>
    <testcase classname="BehavioralSimulator Performance should generate scrolling quickly" name="BehavioralSimulator Performance should generate scrolling quickly" time="0.001">
    </testcase>
  </testsuite>
  <testsuite name="FingerprintProfile" errors="0" failures="1" skipped="0" timestamp="2026-05-11T06:16:42" time="0.616" tests="60">
    <testcase classname="FingerprintProfile Constructor creates profile with default options" name="FingerprintProfile Constructor creates profile with default options" time="0.007">
    </testcase>
    <testcase classname="FingerprintProfile Constructor creates profile with specific platform" name="FingerprintProfile Constructor creates profile with specific platform" time="0.001">
    </testcase>
    <testcase classname="FingerprintProfile Constructor creates profile with specific timezone" name="FingerprintProfile Constructor creates profile with specific timezone" time="0">
    </testcase>
    <testcase classname="FingerprintProfile Constructor creates profile with specific tier" name="FingerprintProfile Constructor creates profile with specific tier" time="0.001">
    </testcase>
    <testcase classname="FingerprintProfile Constructor creates reproducible profile with seed" name="FingerprintProfile Constructor creates reproducible profile with seed" time="0.001">
    </testcase>
    <testcase classname="FingerprintProfile Platform Configurations windows profile has correct platform values" name="FingerprintProfile Platform Configurations windows profile has correct platform values" time="0.001">
    </testcase>
    <testcase classname="FingerprintProfile Platform Configurations macos profile has correct platform values" name="FingerprintProfile Platform Configurations macos profile has correct platform values" time="0">
    </testcase>
    <testcase classname="FingerprintProfile Platform Configurations linux profile has correct platform values" name="FingerprintProfile Platform Configurations linux profile has correct platform values" time="0.001">
    </testcase>
    <testcase classname="FingerprintProfile getConfig() returns complete configuration object" name="FingerprintProfile getConfig() returns complete configuration object" time="0.011">
    </testcase>
    <testcase classname="FingerprintProfile getConfig() screen config has all required properties" name="FingerprintProfile getConfig() screen config has all required properties" time="0.002">
    </testcase>
    <testcase classname="FingerprintProfile getConfig() webgl config has vendor and renderer" name="FingerprintProfile getConfig() webgl config has vendor and renderer" time="0">
    </testcase>
    <testcase classname="FingerprintProfile validate() validates consistent windows profile" name="FingerprintProfile validate() validates consistent windows profile" time="0.001">
    </testcase>
    <testcase classname="FingerprintProfile validate() validates consistent macos profile" name="FingerprintProfile validate() validates consistent macos profile" time="0.001">
    </testcase>
    <testcase classname="FingerprintProfile validate() validates consistent linux profile" name="FingerprintProfile validate() validates consistent linux profile" time="0">
    </testcase>
    <testcase classname="FingerprintProfile validate() detects invalid hardware concurrency" name="FingerprintProfile validate() detects invalid hardware concurrency" time="0.001">
    </testcase>
    <testcase classname="FingerprintProfile validate() detects small screen resolution" name="FingerprintProfile validate() detects small screen resolution" time="0">
    </testcase>
    <testcase classname="FingerprintProfile getInjectionScript() returns valid JavaScript code" name="FingerprintProfile getInjectionScript() returns valid JavaScript code" time="0.001">
    </testcase>
    <testcase classname="FingerprintProfile getInjectionScript() includes config object" name="FingerprintProfile getInjectionScript() includes config object" time="0">
    </testcase>
    <testcase classname="FingerprintProfile toJSON() and fromJSON() serializes and deserializes profile" name="FingerprintProfile toJSON() and fromJSON() serializes and deserializes profile" time="0.001">
    </testcase>
    <testcase classname="FingerprintProfile toJSON() and fromJSON() handles JSON object input" name="FingerprintProfile toJSON() and fromJSON() handles JSON object input" time="0.001">
    </testcase>
    <testcase classname="FingerprintProfile forRegion() creates profile for region US" name="FingerprintProfile forRegion() creates profile for region US" time="0">
    </testcase>
    <testcase classname="FingerprintProfile forRegion() creates profile for region UK" name="FingerprintProfile forRegion() creates profile for region UK" time="0.001">
    </testcase>
    <testcase classname="FingerprintProfile forRegion() creates profile for region EU" name="FingerprintProfile forRegion() creates profile for region EU" time="0">
    </testcase>
    <testcase classname="FingerprintProfile forRegion() creates profile for region RU" name="FingerprintProfile forRegion() creates profile for region RU" time="0.001">
    </testcase>
    <testcase classname="FingerprintProfile forRegion() creates profile for region JP" name="FingerprintProfile forRegion() creates profile for region JP" time="0">
    </testcase>
    <testcase classname="FingerprintProfile forRegion() creates profile for region CN" name="FingerprintProfile forRegion() creates profile for region CN" time="0">
    </testcase>
    <testcase classname="FingerprintProfile forRegion() creates profile for region AU" name="FingerprintProfile forRegion() creates profile for region AU" time="0.001">
    </testcase>
    <testcase classname="FingerprintProfile forRegion() US region uses US timezones" name="FingerprintProfile forRegion() US region uses US timezones" time="0">
    </testcase>
    <testcase classname="FingerprintProfile forRegion() JP region uses Asia/Tokyo" name="FingerprintProfile forRegion() JP region uses Asia/Tokyo" time="0.001">
    </testcase>
    <testcase classname="FingerprintProfile forRegion() defaults to US for unknown region" name="FingerprintProfile forRegion() defaults to US for unknown region" time="0">
    </testcase>
    <testcase classname="FingerprintProfileManager createProfile() creates and stores profile" name="FingerprintProfileManager createProfile() creates and stores profile" time="0.001">
    </testcase>
    <testcase classname="FingerprintProfileManager createProfile() creates profile with custom ID" name="FingerprintProfileManager createProfile() creates profile with custom ID" time="0">
    </testcase>
    <testcase classname="FingerprintProfileManager createProfile() passes options to profile" name="FingerprintProfileManager createProfile() passes options to profile" time="0.001">
    </testcase>
    <testcase classname="FingerprintProfileManager getProfile() returns profile by ID" name="FingerprintProfileManager getProfile() returns profile by ID" time="0.001">
    </testcase>
    <testcase classname="FingerprintProfileManager getProfile() returns undefined for nonexistent ID" name="FingerprintProfileManager getProfile() returns undefined for nonexistent ID" time="0">
    </testcase>
    <testcase classname="FingerprintProfileManager setActiveProfile() and getActiveProfile() sets and gets active profile" name="FingerprintProfileManager setActiveProfile() and getActiveProfile() sets and gets active profile" time="0.001">
    </testcase>
    <testcase classname="FingerprintProfileManager setActiveProfile() and getActiveProfile() throws for nonexistent profile" name="FingerprintProfileManager setActiveProfile() and getActiveProfile() throws for nonexistent profile" time="0.052">
    </testcase>
    <testcase classname="FingerprintProfileManager setActiveProfile() and getActiveProfile() returns null when no active profile" name="FingerprintProfileManager setActiveProfile() and getActiveProfile() returns null when no active profile" time="0.001">
    </testcase>
    <testcase classname="FingerprintProfileManager listProfiles() returns empty array when no profiles" name="FingerprintProfileManager listProfiles() returns empty array when no profiles" time="0">
    </testcase>
    <testcase classname="FingerprintProfileManager listProfiles() lists all profiles with metadata" name="FingerprintProfileManager listProfiles() lists all profiles with metadata" time="0.002">
    </testcase>
    <testcase classname="FingerprintProfileManager listProfiles() marks active profile" name="FingerprintProfileManager listProfiles() marks active profile" time="0">
    </testcase>
    <testcase classname="FingerprintProfileManager deleteProfile() deletes existing profile" name="FingerprintProfileManager deleteProfile() deletes existing profile" time="0.001">
    </testcase>
    <testcase classname="FingerprintProfileManager deleteProfile() returns false for nonexistent profile" name="FingerprintProfileManager deleteProfile() returns false for nonexistent profile" time="0">
    </testcase>
    <testcase classname="FingerprintProfileManager deleteProfile() clears active profile if deleted" name="FingerprintProfileManager deleteProfile() clears active profile if deleted" time="0.001">
    </testcase>
    <testcase classname="FingerprintProfileManager exportProfiles() and importProfiles() exports all profiles" name="FingerprintProfileManager exportProfiles() and importProfiles() exports all profiles" time="0">
    </testcase>
    <testcase classname="FingerprintProfileManager exportProfiles() and importProfiles() imports profiles" name="FingerprintProfileManager exportProfiles() and importProfiles() imports profiles" time="0.001">
    </testcase>
    <testcase classname="Configuration Constants PLATFORM_CONFIGS has valid config for windows" name="Configuration Constants PLATFORM_CONFIGS has valid config for windows" time="0.002">
    </testcase>
    <testcase classname="Configuration Constants PLATFORM_CONFIGS has valid config for macos" name="Configuration Constants PLATFORM_CONFIGS has valid config for macos" time="0.001">
    </testcase>
    <testcase classname="Configuration Constants PLATFORM_CONFIGS has valid config for linux" name="Configuration Constants PLATFORM_CONFIGS has valid config for linux" time="0.001">
    </testcase>
    <testcase classname="Configuration Constants PLATFORM_CONFIGS webgl renderers match vendors" name="Configuration Constants PLATFORM_CONFIGS webgl renderers match vendors" time="0.002">
      <failure>Error: expect(received).toHaveProperty(path)

Expected path: &quot;Google Inc. (NVIDIA)&quot;
Received path: []

Received value: {&quot;Google Inc. (AMD)&quot;: [&quot;ANGLE (AMD Radeon RX 580 Direct3D11 vs_5_0 ps_5_0)&quot;, &quot;ANGLE (AMD Radeon RX 5700 XT Direct3D11 vs_5_0 ps_5_0)&quot;, &quot;ANGLE (AMD Radeon RX 6700 XT Direct3D11 vs_5_0 ps_5_0)&quot;, &quot;ANGLE (AMD Radeon RX 6800 XT Direct3D11 vs_5_0 ps_5_0)&quot;], &quot;Google Inc. (Intel)&quot;: [&quot;ANGLE (Intel(R) UHD Graphics 630 Direct3D11 vs_5_0 ps_5_0)&quot;, &quot;ANGLE (Intel(R) UHD Graphics 770 Direct3D11 vs_5_0 ps_5_0)&quot;, &quot;ANGLE (Intel(R) Iris(R) Xe Graphics Direct3D11 vs_5_0 ps_5_0)&quot;], &quot;Google Inc. (NVIDIA)&quot;: [&quot;ANGLE (NVIDIA GeForce GTX 1080 Direct3D11 vs_5_0 ps_5_0)&quot;, &quot;ANGLE (NVIDIA GeForce GTX 1660 Direct3D11 vs_5_0 ps_5_0)&quot;, &quot;ANGLE (NVIDIA GeForce RTX 3060 Direct3D11 vs_5_0 ps_5_0)&quot;, &quot;ANGLE (NVIDIA GeForce RTX 3070 Direct3D11 vs_5_0 ps_5_0)&quot;, &quot;ANGLE (NVIDIA GeForce RTX 3080 Direct3D11 vs_5_0 ps_5_0)&quot;, &quot;ANGLE (NVIDIA GeForce RTX 4070 Direct3D11 vs_5_0 ps_5_0)&quot;]}
    at Object.toHaveProperty (/home/devel/basset-hound-browser/tests/unit/fingerprint-profile.test.js:436:43)
    at Promise.then.completed (/home/devel/basset-hound-browser/node_modules/jest-circus/build/utils.js:298:28)
    at new Promise (&lt;anonymous&gt;)
    at callAsyncCircusFn (/home/devel/basset-hound-browser/node_modules/jest-circus/build/utils.js:231:10)
    at _callCircusTest (/home/devel/basset-hound-browser/node_modules/jest-circus/build/run.js:316:40)
    at processTicksAndRejections (node:internal/process/task_queues:95:5)
    at _runTest (/home/devel/basset-hound-browser/node_modules/jest-circus/build/run.js:252:3)
    at _runTestsForDescribeBlock (/home/devel/basset-hound-browser/node_modules/jest-circus/build/run.js:126:9)
    at _runTestsForDescribeBlock (/home/devel/basset-hound-browser/node_modules/jest-circus/build/run.js:121:9)
    at _runTestsForDescribeBlock (/home/devel/basset-hound-browser/node_modules/jest-circus/build/run.js:121:9)
    at run (/home/devel/basset-hound-browser/node_modules/jest-circus/build/run.js:71:3)
    at runAndTransformResultsToJestFormat (/home/devel/basset-hound-browser/node_modules/jest-circus/build/legacy-code-todo-rewrite/jestAdapterInit.js:122:21)
    at jestAdapter (/home/devel/basset-hound-browser/node_modules/jest-circus/build/legacy-code-todo-rewrite/jestAdapter.js:79:19)
    at runTestInternal (/home/devel/basset-hound-browser/node_modules/jest-runner/build/runTest.js:367:16)
    at runTest (/home/devel/basset-hound-browser/node_modules/jest-runner/build/runTest.js:444:34)
    at Object.worker (/home/devel/basset-hound-browser/node_modules/jest-runner/build/testWorker.js:106:12)</failure>
    </testcase>
    <testcase classname="Configuration Constants CHROME_VERSIONS contains valid Chrome versions" name="Configuration Constants CHROME_VERSIONS contains valid Chrome versions" time="0.006">
    </testcase>
    <testcase classname="Configuration Constants SCREEN_CONFIGS has valid standard tier configs" name="Configuration Constants SCREEN_CONFIGS has valid standard tier configs" time="0.001">
    </testcase>
    <testcase classname="Configuration Constants SCREEN_CONFIGS has valid high tier configs" name="Configuration Constants SCREEN_CONFIGS has valid high tier configs" time="0">
    </testcase>
    <testcase classname="Configuration Constants SCREEN_CONFIGS has valid retina tier configs" name="Configuration Constants SCREEN_CONFIGS has valid retina tier configs" time="0.001">
    </testcase>
    <testcase classname="Configuration Constants TIMEZONE_CONFIGS has valid timezone configurations" name="Configuration Constants TIMEZONE_CONFIGS has valid timezone configurations" time="0.003">
    </testcase>
    <testcase classname="Configuration Constants HARDWARE_CONFIGS has valid low tier config" name="Configuration Constants HARDWARE_CONFIGS has valid low tier config" time="0.001">
    </testcase>
    <testcase classname="Configuration Constants HARDWARE_CONFIGS has valid medium tier config" name="Configuration Constants HARDWARE_CONFIGS has valid medium tier config" time="0">
    </testcase>
    <testcase classname="Configuration Constants HARDWARE_CONFIGS has valid high tier config" name="Configuration Constants HARDWARE_CONFIGS has valid high tier config" time="0.001">
    </testcase>
    <testcase classname="Configuration Constants HARDWARE_CONFIGS has valid workstation tier config" name="Configuration Constants HARDWARE_CONFIGS has valid workstation tier config" time="0">
    </testcase>
    <testcase classname="Configuration Constants HARDWARE_CONFIGS tiers have increasing resources" name="Configuration Constants HARDWARE_CONFIGS tiers have increasing resources" time="0.001">
    </testcase>
  </testsuite>
  <testsuite name="Evidence" errors="0" failures="47" skipped="0" timestamp="2026-05-11T06:16:42" time="0.64" tests="59">
    <testcase classname="Evidence Constructor creates evidence with required fields" name="Evidence Constructor creates evidence with required fields" time="0.006">
    </testcase>
    <testcase classname="Evidence Constructor generates SHA-256 hash" name="Evidence Constructor generates SHA-256 hash" time="0.001">
    </testcase>
    <testcase classname="Evidence Constructor initializes custody chain" name="Evidence Constructor initializes custody chain" time="0.001">
    </testcase>
    <testcase classname="Evidence Constructor accepts metadata" name="Evidence Constructor accepts metadata" time="0">
    </testcase>
    <testcase classname="Evidence verifyIntegrity() returns true for unmodified evidence" name="Evidence verifyIntegrity() returns true for unmodified evidence" time="0">
    </testcase>
    <testcase classname="Evidence verifyIntegrity() returns false if data modified" name="Evidence verifyIntegrity() returns false if data modified" time="0.001">
    </testcase>
    <testcase classname="Evidence addCustodyEntry() adds entry to custody chain" name="Evidence addCustodyEntry() adds entry to custody chain" time="0.001">
    </testcase>
    <testcase classname="Evidence addCustodyEntry() includes previous hash" name="Evidence addCustodyEntry() includes previous hash" time="0.001">
    </testcase>
    <testcase classname="Evidence getSummary() returns evidence summary without data" name="Evidence getSummary() returns evidence summary without data" time="0.007">
    </testcase>
    <testcase classname="Evidence toJSON() serializes complete evidence" name="Evidence toJSON() serializes complete evidence" time="0.001">
    </testcase>
    <testcase classname="EvidencePackage Constructor creates package with defaults" name="EvidencePackage Constructor creates package with defaults" time="0">
      <failure>TypeError: EvidencePackage is not a constructor
    at Object.&lt;anonymous&gt; (/home/devel/basset-hound-browser/tests/unit/evidence-collector.test.js:132:19)
    at Promise.then.completed (/home/devel/basset-hound-browser/node_modules/jest-circus/build/utils.js:298:28)
    at new Promise (&lt;anonymous&gt;)
    at callAsyncCircusFn (/home/devel/basset-hound-browser/node_modules/jest-circus/build/utils.js:231:10)
    at _callCircusTest (/home/devel/basset-hound-browser/node_modules/jest-circus/build/run.js:316:40)
    at processTicksAndRejections (node:internal/process/task_queues:95:5)
    at _runTest (/home/devel/basset-hound-browser/node_modules/jest-circus/build/run.js:252:3)
    at _runTestsForDescribeBlock (/home/devel/basset-hound-browser/node_modules/jest-circus/build/run.js:126:9)
    at _runTestsForDescribeBlock (/home/devel/basset-hound-browser/node_modules/jest-circus/build/run.js:121:9)
    at _runTestsForDescribeBlock (/home/devel/basset-hound-browser/node_modules/jest-circus/build/run.js:121:9)
    at run (/home/devel/basset-hound-browser/node_modules/jest-circus/build/run.js:71:3)
    at runAndTransformResultsToJestFormat (/home/devel/basset-hound-browser/node_modules/jest-circus/build/legacy-code-todo-rewrite/jestAdapterInit.js:122:21)
    at jestAdapter (/home/devel/basset-hound-browser/node_modules/jest-circus/build/legacy-code-todo-rewrite/jestAdapter.js:79:19)
    at runTestInternal (/home/devel/basset-hound-browser/node_modules/jest-runner/build/runTest.js:367:16)
    at runTest (/home/devel/basset-hound-browser/node_modules/jest-runner/build/runTest.js:444:34)
    at Object.worker (/home/devel/basset-hound-browser/node_modules/jest-runner/build/testWorker.js:106:12)</failure>
    </testcase>
    <testcase classname="EvidencePackage Constructor accepts options" name="EvidencePackage Constructor accepts options" time="0">
      <failure>TypeError: EvidencePackage is not a constructor
    at Object.&lt;anonymous&gt; (/home/devel/basset-hound-browser/tests/unit/evidence-collector.test.js:140:19)
    at Promise.then.completed (/home/devel/basset-hound-browser/node_modules/jest-circus/build/utils.js:298:28)
    at new Promise (&lt;anonymous&gt;)
    at callAsyncCircusFn (/home/devel/basset-hound-browser/node_modules/jest-circus/build/utils.js:231:10)
    at _callCircusTest (/home/devel/basset-hound-browser/node_modules/jest-circus/build/run.js:316:40)
    at processTicksAndRejections (node:internal/process/task_queues:95:5)
    at _runTest (/home/devel/basset-hound-browser/node_modules/jest-circus/build/run.js:252:3)
    at _runTestsForDescribeBlock (/home/devel/basset-hound-browser/node_modules/jest-circus/build/run.js:126:9)
    at _runTestsForDescribeBlock (/home/devel/basset-hound-browser/node_modules/jest-circus/build/run.js:121:9)
    at _runTestsForDescribeBlock (/home/devel/basset-hound-browser/node_modules/jest-circus/build/run.js:121:9)
    at run (/home/devel/basset-hound-browser/node_modules/jest-circus/build/run.js:71:3)
    at runAndTransformResultsToJestFormat (/home/devel/basset-hound-browser/node_modules/jest-circus/build/legacy-code-todo-rewrite/jestAdapterInit.js:122:21)
    at jestAdapter (/home/devel/basset-hound-browser/node_modules/jest-circus/build/legacy-code-todo-rewrite/jestAdapter.js:79:19)
    at runTestInternal (/home/devel/basset-hound-browser/node_modules/jest-runner/build/runTest.js:367:16)
    at runTest (/home/devel/basset-hound-browser/node_modules/jest-runner/build/runTest.js:444:34)
    at Object.worker (/home/devel/basset-hound-browser/node_modules/jest-runner/build/testWorker.js:106:12)</failure>
    </testcase>
    <testcase classname="EvidencePackage addEvidence() adds evidence to package" name="EvidencePackage addEvidence() adds evidence to package" time="0">
      <failure>TypeError: EvidencePackage is not a constructor
    at Object.&lt;anonymous&gt; (/home/devel/basset-hound-browser/tests/unit/evidence-collector.test.js:158:19)
    at Promise.then.completed (/home/devel/basset-hound-browser/node_modules/jest-circus/build/utils.js:298:28)
    at new Promise (&lt;anonymous&gt;)
    at callAsyncCircusFn (/home/devel/basset-hound-browser/node_modules/jest-circus/build/utils.js:231:10)
    at _callCircusTest (/home/devel/basset-hound-browser/node_modules/jest-circus/build/run.js:316:40)
    at processTicksAndRejections (node:internal/process/task_queues:95:5)
    at _runTest (/home/devel/basset-hound-browser/node_modules/jest-circus/build/run.js:252:3)
    at _runTestsForDescribeBlock (/home/devel/basset-hound-browser/node_modules/jest-circus/build/run.js:126:9)
    at _runTestsForDescribeBlock (/home/devel/basset-hound-browser/node_modules/jest-circus/build/run.js:121:9)
    at _runTestsForDescribeBlock (/home/devel/basset-hound-browser/node_modules/jest-circus/build/run.js:121:9)
    at run (/home/devel/basset-hound-browser/node_modules/jest-circus/build/run.js:71:3)
    at runAndTransformResultsToJestFormat (/home/devel/basset-hound-browser/node_modules/jest-circus/build/legacy-code-todo-rewrite/jestAdapterInit.js:122:21)
    at jestAdapter (/home/devel/basset-hound-browser/node_modules/jest-circus/build/legacy-code-todo-rewrite/jestAdapter.js:79:19)
    at runTestInternal (/home/devel/basset-hound-browser/node_modules/jest-runner/build/runTest.js:367:16)
    at runTest (/home/devel/basset-hound-browser/node_modules/jest-runner/build/runTest.js:444:34)
    at Object.worker (/home/devel/basset-hound-browser/node_modules/jest-runner/build/testWorker.js:106:12)</failure>
    </testcase>
    <testcase classname="EvidencePackage addEvidence() updates evidence custody chain" name="EvidencePackage addEvidence() updates evidence custody chain" time="0.001">
      <failure>TypeError: EvidencePackage is not a constructor
    at Object.&lt;anonymous&gt; (/home/devel/basset-hound-browser/tests/unit/evidence-collector.test.js:168:19)
    at Promise.then.completed (/home/devel/basset-hound-browser/node_modules/jest-circus/build/utils.js:298:28)
    at new Promise (&lt;anonymous&gt;)
    at callAsyncCircusFn (/home/devel/basset-hound-browser/node_modules/jest-circus/build/utils.js:231:10)
    at _callCircusTest (/home/devel/basset-hound-browser/node_modules/jest-circus/build/run.js:316:40)
    at processTicksAndRejections (node:internal/process/task_queues:95:5)
    at _runTest (/home/devel/basset-hound-browser/node_modules/jest-circus/build/run.js:252:3)
    at _runTestsForDescribeBlock (/home/devel/basset-hound-browser/node_modules/jest-circus/build/run.js:126:9)
    at _runTestsForDescribeBlock (/home/devel/basset-hound-browser/node_modules/jest-circus/build/run.js:121:9)
    at _runTestsForDescribeBlock (/home/devel/basset-hound-browser/node_modules/jest-circus/build/run.js:121:9)
    at run (/home/devel/basset-hound-browser/node_modules/jest-circus/build/run.js:71:3)
    at runAndTransformResultsToJestFormat (/home/devel/basset-hound-browser/node_modules/jest-circus/build/legacy-code-todo-rewrite/jestAdapterInit.js:122:21)
    at jestAdapter (/home/devel/basset-hound-browser/node_modules/jest-circus/build/legacy-code-todo-rewrite/jestAdapter.js:79:19)
    at runTestInternal (/home/devel/basset-hound-browser/node_modules/jest-runner/build/runTest.js:367:16)
    at runTest (/home/devel/basset-hound-browser/node_modules/jest-runner/build/runTest.js:444:34)
    at Object.worker (/home/devel/basset-hound-browser/node_modules/jest-runner/build/testWorker.js:106:12)</failure>
    </testcase>
    <testcase classname="EvidencePackage addEvidence() throws if package is sealed" name="EvidencePackage addEvidence() throws if package is sealed" time="0">
      <failure>TypeError: EvidencePackage is not a constructor
    at Object.&lt;anonymous&gt; (/home/devel/basset-hound-browser/tests/unit/evidence-collector.test.js:178:19)
    at Promise.then.completed (/home/devel/basset-hound-browser/node_modules/jest-circus/build/utils.js:298:28)
    at new Promise (&lt;anonymous&gt;)
    at callAsyncCircusFn (/home/devel/basset-hound-browser/node_modules/jest-circus/build/utils.js:231:10)
    at _callCircusTest (/home/devel/basset-hound-browser/node_modules/jest-circus/build/run.js:316:40)
    at processTicksAndRejections (node:internal/process/task_queues:95:5)
    at _runTest (/home/devel/basset-hound-browser/node_modules/jest-circus/build/run.js:252:3)
    at _runTestsForDescribeBlock (/home/devel/basset-hound-browser/node_modules/jest-circus/build/run.js:126:9)
    at _runTestsForDescribeBlock (/home/devel/basset-hound-browser/node_modules/jest-circus/build/run.js:121:9)
    at _runTestsForDescribeBlock (/home/devel/basset-hound-browser/node_modules/jest-circus/build/run.js:121:9)
    at run (/home/devel/basset-hound-browser/node_modules/jest-circus/build/run.js:71:3)
    at runAndTransformResultsToJestFormat (/home/devel/basset-hound-browser/node_modules/jest-circus/build/legacy-code-todo-rewrite/jestAdapterInit.js:122:21)
    at jestAdapter (/home/devel/basset-hound-browser/node_modules/jest-circus/build/legacy-code-todo-rewrite/jestAdapter.js:79:19)
    at runTestInternal (/home/devel/basset-hound-browser/node_modules/jest-runner/build/runTest.js:367:16)
    at runTest (/home/devel/basset-hound-browser/node_modules/jest-runner/build/runTest.js:444:34)
    at Object.worker (/home/devel/basset-hound-browser/node_modules/jest-runner/build/testWorker.js:106:12)</failure>
    </testcase>
    <testcase classname="EvidencePackage getEvidence() retrieves evidence by ID" name="EvidencePackage getEvidence() retrieves evidence by ID" time="0">
      <failure>TypeError: EvidencePackage is not a constructor
    at Object.&lt;anonymous&gt; (/home/devel/basset-hound-browser/tests/unit/evidence-collector.test.js:191:19)
    at Promise.then.completed (/home/devel/basset-hound-browser/node_modules/jest-circus/build/utils.js:298:28)
    at new Promise (&lt;anonymous&gt;)
    at callAsyncCircusFn (/home/devel/basset-hound-browser/node_modules/jest-circus/build/utils.js:231:10)
    at _callCircusTest (/home/devel/basset-hound-browser/node_modules/jest-circus/build/run.js:316:40)
    at processTicksAndRejections (node:internal/process/task_queues:95:5)
    at _runTest (/home/devel/basset-hound-browser/node_modules/jest-circus/build/run.js:252:3)
    at _runTestsForDescribeBlock (/home/devel/basset-hound-browser/node_modules/jest-circus/build/run.js:126:9)
    at _runTestsForDescribeBlock (/home/devel/basset-hound-browser/node_modules/jest-circus/build/run.js:121:9)
    at _runTestsForDescribeBlock (/home/devel/basset-hound-browser/node_modules/jest-circus/build/run.js:121:9)
    at run (/home/devel/basset-hound-browser/node_modules/jest-circus/build/run.js:71:3)
    at runAndTransformResultsToJestFormat (/home/devel/basset-hound-browser/node_modules/jest-circus/build/legacy-code-todo-rewrite/jestAdapterInit.js:122:21)
    at jestAdapter (/home/devel/basset-hound-browser/node_modules/jest-circus/build/legacy-code-todo-rewrite/jestAdapter.js:79:19)
    at runTestInternal (/home/devel/basset-hound-browser/node_modules/jest-runner/build/runTest.js:367:16)
    at runTest (/home/devel/basset-hound-browser/node_modules/jest-runner/build/runTest.js:444:34)
    at Object.worker (/home/devel/basset-hound-browser/node_modules/jest-runner/build/testWorker.js:106:12)</failure>
    </testcase>
    <testcase classname="EvidencePackage getEvidence() returns undefined for nonexistent ID" name="EvidencePackage getEvidence() returns undefined for nonexistent ID" time="0.001">
      <failure>TypeError: EvidencePackage is not a constructor
    at Object.&lt;anonymous&gt; (/home/devel/basset-hound-browser/tests/unit/evidence-collector.test.js:201:19)
    at Promise.then.completed (/home/devel/basset-hound-browser/node_modules/jest-circus/build/utils.js:298:28)
    at new Promise (&lt;anonymous&gt;)
    at callAsyncCircusFn (/home/devel/basset-hound-browser/node_modules/jest-circus/build/utils.js:231:10)
    at _callCircusTest (/home/devel/basset-hound-browser/node_modules/jest-circus/build/run.js:316:40)
    at processTicksAndRejections (node:internal/process/task_queues:95:5)
    at _runTest (/home/devel/basset-hound-browser/node_modules/jest-circus/build/run.js:252:3)
    at _runTestsForDescribeBlock (/home/devel/basset-hound-browser/node_modules/jest-circus/build/run.js:126:9)
    at _runTestsForDescribeBlock (/home/devel/basset-hound-browser/node_modules/jest-circus/build/run.js:121:9)
    at _runTestsForDescribeBlock (/home/devel/basset-hound-browser/node_modules/jest-circus/build/run.js:121:9)
    at run (/home/devel/basset-hound-browser/node_modules/jest-circus/build/run.js:71:3)
    at runAndTransformResultsToJestFormat (/home/devel/basset-hound-browser/node_modules/jest-circus/build/legacy-code-todo-rewrite/jestAdapterInit.js:122:21)
    at jestAdapter (/home/devel/basset-hound-browser/node_modules/jest-circus/build/legacy-code-todo-rewrite/jestAdapter.js:79:19)
    at runTestInternal (/home/devel/basset-hound-browser/node_modules/jest-runner/build/runTest.js:367:16)
    at runTest (/home/devel/basset-hound-browser/node_modules/jest-runner/build/runTest.js:444:34)
    at Object.worker (/home/devel/basset-hound-browser/node_modules/jest-runner/build/testWorker.js:106:12)</failure>
    </testcase>
    <testcase classname="EvidencePackage addAnnotation() adds annotation to package" name="EvidencePackage addAnnotation() adds annotation to package" time="0">
      <failure>TypeError: EvidencePackage is not a constructor
    at Object.&lt;anonymous&gt; (/home/devel/basset-hound-browser/tests/unit/evidence-collector.test.js:211:19)
    at Promise.then.completed (/home/devel/basset-hound-browser/node_modules/jest-circus/build/utils.js:298:28)
    at new Promise (&lt;anonymous&gt;)
    at callAsyncCircusFn (/home/devel/basset-hound-browser/node_modules/jest-circus/build/utils.js:231:10)
    at _callCircusTest (/home/devel/basset-hound-browser/node_modules/jest-circus/build/run.js:316:40)
    at processTicksAndRejections (node:internal/process/task_queues:95:5)
    at _runTest (/home/devel/basset-hound-browser/node_modules/jest-circus/build/run.js:252:3)
    at _runTestsForDescribeBlock (/home/devel/basset-hound-browser/node_modules/jest-circus/build/run.js:126:9)
    at _runTestsForDescribeBlock (/home/devel/basset-hound-browser/node_modules/jest-circus/build/run.js:121:9)
    at _runTestsForDescribeBlock (/home/devel/basset-hound-browser/node_modules/jest-circus/build/run.js:121:9)
    at run (/home/devel/basset-hound-browser/node_modules/jest-circus/build/run.js:71:3)
    at runAndTransformResultsToJestFormat (/home/devel/basset-hound-browser/node_modules/jest-circus/build/legacy-code-todo-rewrite/jestAdapterInit.js:122:21)
    at jestAdapter (/home/devel/basset-hound-browser/node_modules/jest-circus/build/legacy-code-todo-rewrite/jestAdapter.js:79:19)
    at runTestInternal (/home/devel/basset-hound-browser/node_modules/jest-runner/build/runTest.js:367:16)
    at runTest (/home/devel/basset-hound-browser/node_modules/jest-runner/build/runTest.js:444:34)
    at Object.worker (/home/devel/basset-hound-browser/node_modules/jest-runner/build/testWorker.js:106:12)</failure>
    </testcase>
    <testcase classname="EvidencePackage addAnnotation() annotation includes evidence references" name="EvidencePackage addAnnotation() annotation includes evidence references" time="0">
      <failure>TypeError: EvidencePackage is not a constructor
    at Object.&lt;anonymous&gt; (/home/devel/basset-hound-browser/tests/unit/evidence-collector.test.js:220:19)
    at Promise.then.completed (/home/devel/basset-hound-browser/node_modules/jest-circus/build/utils.js:298:28)
    at new Promise (&lt;anonymous&gt;)
    at callAsyncCircusFn (/home/devel/basset-hound-browser/node_modules/jest-circus/build/utils.js:231:10)
    at _callCircusTest (/home/devel/basset-hound-browser/node_modules/jest-circus/build/run.js:316:40)
    at processTicksAndRejections (node:internal/process/task_queues:95:5)
    at _runTest (/home/devel/basset-hound-browser/node_modules/jest-circus/build/run.js:252:3)
    at _runTestsForDescribeBlock (/home/devel/basset-hound-browser/node_modules/jest-circus/build/run.js:126:9)
    at _runTestsForDescribeBlock (/home/devel/basset-hound-browser/node_modules/jest-circus/build/run.js:121:9)
    at _runTestsForDescribeBlock (/home/devel/basset-hound-browser/node_modules/jest-circus/build/run.js:121:9)
    at run (/home/devel/basset-hound-browser/node_modules/jest-circus/build/run.js:71:3)
    at runAndTransformResultsToJestFormat (/home/devel/basset-hound-browser/node_modules/jest-circus/build/legacy-code-todo-rewrite/jestAdapterInit.js:122:21)
    at jestAdapter (/home/devel/basset-hound-browser/node_modules/jest-circus/build/legacy-code-todo-rewrite/jestAdapter.js:79:19)
    at runTestInternal (/home/devel/basset-hound-browser/node_modules/jest-runner/build/runTest.js:367:16)
    at runTest (/home/devel/basset-hound-browser/node_modules/jest-runner/build/runTest.js:444:34)
    at Object.worker (/home/devel/basset-hound-browser/node_modules/jest-runner/build/testWorker.js:106:12)</failure>
    </testcase>
    <testcase classname="EvidencePackage addAnnotation() throws if package is sealed" name="EvidencePackage addAnnotation() throws if package is sealed" time="0">
      <failure>TypeError: EvidencePackage is not a constructor
    at Object.&lt;anonymous&gt; (/home/devel/basset-hound-browser/tests/unit/evidence-collector.test.js:230:19)
    at Promise.then.completed (/home/devel/basset-hound-browser/node_modules/jest-circus/build/utils.js:298:28)
    at new Promise (&lt;anonymous&gt;)
    at callAsyncCircusFn (/home/devel/basset-hound-browser/node_modules/jest-circus/build/utils.js:231:10)
    at _callCircusTest (/home/devel/basset-hound-browser/node_modules/jest-circus/build/run.js:316:40)
    at processTicksAndRejections (node:internal/process/task_queues:95:5)
    at _runTest (/home/devel/basset-hound-browser/node_modules/jest-circus/build/run.js:252:3)
    at _runTestsForDescribeBlock (/home/devel/basset-hound-browser/node_modules/jest-circus/build/run.js:126:9)
    at _runTestsForDescribeBlock (/home/devel/basset-hound-browser/node_modules/jest-circus/build/run.js:121:9)
    at _runTestsForDescribeBlock (/home/devel/basset-hound-browser/node_modules/jest-circus/build/run.js:121:9)
    at run (/home/devel/basset-hound-browser/node_modules/jest-circus/build/run.js:71:3)
    at runAndTransformResultsToJestFormat (/home/devel/basset-hound-browser/node_modules/jest-circus/build/legacy-code-todo-rewrite/jestAdapterInit.js:122:21)
    at jestAdapter (/home/devel/basset-hound-browser/node_modules/jest-circus/build/legacy-code-todo-rewrite/jestAdapter.js:79:19)
    at runTestInternal (/home/devel/basset-hound-browser/node_modules/jest-runner/build/runTest.js:367:16)
    at runTest (/home/devel/basset-hound-browser/node_modules/jest-runner/build/runTest.js:444:34)
    at Object.worker (/home/devel/basset-hound-browser/node_modules/jest-runner/build/testWorker.js:106:12)</failure>
    </testcase>
    <testcase classname="EvidencePackage seal() seals package" name="EvidencePackage seal() seals package" time="0">
      <failure>TypeError: EvidencePackage is not a constructor
    at Object.&lt;anonymous&gt; (/home/devel/basset-hound-browser/tests/unit/evidence-collector.test.js:241:19)
    at Promise.then.completed (/home/devel/basset-hound-browser/node_modules/jest-circus/build/utils.js:298:28)
    at new Promise (&lt;anonymous&gt;)
    at callAsyncCircusFn (/home/devel/basset-hound-browser/node_modules/jest-circus/build/utils.js:231:10)
    at _callCircusTest (/home/devel/basset-hound-browser/node_modules/jest-circus/build/run.js:316:40)
    at processTicksAndRejections (node:internal/process/task_queues:95:5)
    at _runTest (/home/devel/basset-hound-browser/node_modules/jest-circus/build/run.js:252:3)
    at _runTestsForDescribeBlock (/home/devel/basset-hound-browser/node_modules/jest-circus/build/run.js:126:9)
    at _runTestsForDescribeBlock (/home/devel/basset-hound-browser/node_modules/jest-circus/build/run.js:121:9)
    at _runTestsForDescribeBlock (/home/devel/basset-hound-browser/node_modules/jest-circus/build/run.js:121:9)
    at run (/home/devel/basset-hound-browser/node_modules/jest-circus/build/run.js:71:3)
    at runAndTransformResultsToJestFormat (/home/devel/basset-hound-browser/node_modules/jest-circus/build/legacy-code-todo-rewrite/jestAdapterInit.js:122:21)
    at jestAdapter (/home/devel/basset-hound-browser/node_modules/jest-circus/build/legacy-code-todo-rewrite/jestAdapter.js:79:19)
    at runTestInternal (/home/devel/basset-hound-browser/node_modules/jest-runner/build/runTest.js:367:16)
    at runTest (/home/devel/basset-hound-browser/node_modules/jest-runner/build/runTest.js:444:34)
    at Object.worker (/home/devel/basset-hound-browser/node_modules/jest-runner/build/testWorker.js:106:12)</failure>
    </testcase>
    <testcase classname="EvidencePackage seal() generates package hash" name="EvidencePackage seal() generates package hash" time="0">
      <failure>TypeError: EvidencePackage is not a constructor
    at Object.&lt;anonymous&gt; (/home/devel/basset-hound-browser/tests/unit/evidence-collector.test.js:254:19)
    at Promise.then.completed (/home/devel/basset-hound-browser/node_modules/jest-circus/build/utils.js:298:28)
    at new Promise (&lt;anonymous&gt;)
    at callAsyncCircusFn (/home/devel/basset-hound-browser/node_modules/jest-circus/build/utils.js:231:10)
    at _callCircusTest (/home/devel/basset-hound-browser/node_modules/jest-circus/build/run.js:316:40)
    at processTicksAndRejections (node:internal/process/task_queues:95:5)
    at _runTest (/home/devel/basset-hound-browser/node_modules/jest-circus/build/run.js:252:3)
    at _runTestsForDescribeBlock (/home/devel/basset-hound-browser/node_modules/jest-circus/build/run.js:126:9)
    at _runTestsForDescribeBlock (/home/devel/basset-hound-browser/node_modules/jest-circus/build/run.js:121:9)
    at _runTestsForDescribeBlock (/home/devel/basset-hound-browser/node_modules/jest-circus/build/run.js:121:9)
    at run (/home/devel/basset-hound-browser/node_modules/jest-circus/build/run.js:71:3)
    at runAndTransformResultsToJestFormat (/home/devel/basset-hound-browser/node_modules/jest-circus/build/legacy-code-todo-rewrite/jestAdapterInit.js:122:21)
    at jestAdapter (/home/devel/basset-hound-browser/node_modules/jest-circus/build/legacy-code-todo-rewrite/jestAdapter.js:79:19)
    at runTestInternal (/home/devel/basset-hound-browser/node_modules/jest-runner/build/runTest.js:367:16)
    at runTest (/home/devel/basset-hound-browser/node_modules/jest-runner/build/runTest.js:444:34)
    at Object.worker (/home/devel/basset-hound-browser/node_modules/jest-runner/build/testWorker.js:106:12)</failure>
    </testcase>
    <testcase classname="EvidencePackage seal() updates evidence custody chains" name="EvidencePackage seal() updates evidence custody chains" time="0">
      <failure>TypeError: EvidencePackage is not a constructor
    at Object.&lt;anonymous&gt; (/home/devel/basset-hound-browser/tests/unit/evidence-collector.test.js:264:19)
    at Promise.then.completed (/home/devel/basset-hound-browser/node_modules/jest-circus/build/utils.js:298:28)
    at new Promise (&lt;anonymous&gt;)
    at callAsyncCircusFn (/home/devel/basset-hound-browser/node_modules/jest-circus/build/utils.js:231:10)
    at _callCircusTest (/home/devel/basset-hound-browser/node_modules/jest-circus/build/run.js:316:40)
    at processTicksAndRejections (node:internal/process/task_queues:95:5)
    at _runTest (/home/devel/basset-hound-browser/node_modules/jest-circus/build/run.js:252:3)
    at _runTestsForDescribeBlock (/home/devel/basset-hound-browser/node_modules/jest-circus/build/run.js:126:9)
    at _runTestsForDescribeBlock (/home/devel/basset-hound-browser/node_modules/jest-circus/build/run.js:121:9)
    at _runTestsForDescribeBlock (/home/devel/basset-hound-browser/node_modules/jest-circus/build/run.js:121:9)
    at run (/home/devel/basset-hound-browser/node_modules/jest-circus/build/run.js:71:3)
    at runAndTransformResultsToJestFormat (/home/devel/basset-hound-browser/node_modules/jest-circus/build/legacy-code-todo-rewrite/jestAdapterInit.js:122:21)
    at jestAdapter (/home/devel/basset-hound-browser/node_modules/jest-circus/build/legacy-code-todo-rewrite/jestAdapter.js:79:19)
    at runTestInternal (/home/devel/basset-hound-browser/node_modules/jest-runner/build/runTest.js:367:16)
    at runTest (/home/devel/basset-hound-browser/node_modules/jest-runner/build/runTest.js:444:34)
    at Object.worker (/home/devel/basset-hound-browser/node_modules/jest-runner/build/testWorker.js:106:12)</failure>
    </testcase>
    <testcase classname="EvidencePackage seal() throws if already sealed" name="EvidencePackage seal() throws if already sealed" time="0">
      <failure>TypeError: EvidencePackage is not a constructor
    at Object.&lt;anonymous&gt; (/home/devel/basset-hound-browser/tests/unit/evidence-collector.test.js:275:19)
    at Promise.then.completed (/home/devel/basset-hound-browser/node_modules/jest-circus/build/utils.js:298:28)
    at new Promise (&lt;anonymous&gt;)
    at callAsyncCircusFn (/home/devel/basset-hound-browser/node_modules/jest-circus/build/utils.js:231:10)
    at _callCircusTest (/home/devel/basset-hound-browser/node_modules/jest-circus/build/run.js:316:40)
    at processTicksAndRejections (node:internal/process/task_queues:95:5)
    at _runTest (/home/devel/basset-hound-browser/node_modules/jest-circus/build/run.js:252:3)
    at _runTestsForDescribeBlock (/home/devel/basset-hound-browser/node_modules/jest-circus/build/run.js:126:9)
    at _runTestsForDescribeBlock (/home/devel/basset-hound-browser/node_modules/jest-circus/build/run.js:121:9)
    at _runTestsForDescribeBlock (/home/devel/basset-hound-browser/node_modules/jest-circus/build/run.js:121:9)
    at run (/home/devel/basset-hound-browser/node_modules/jest-circus/build/run.js:71:3)
    at runAndTransformResultsToJestFormat (/home/devel/basset-hound-browser/node_modules/jest-circus/build/legacy-code-todo-rewrite/jestAdapterInit.js:122:21)
    at jestAdapter (/home/devel/basset-hound-browser/node_modules/jest-circus/build/legacy-code-todo-rewrite/jestAdapter.js:79:19)
    at runTestInternal (/home/devel/basset-hound-browser/node_modules/jest-runner/build/runTest.js:367:16)
    at runTest (/home/devel/basset-hound-browser/node_modules/jest-runner/build/runTest.js:444:34)
    at Object.worker (/home/devel/basset-hound-browser/node_modules/jest-runner/build/testWorker.js:106:12)</failure>
    </testcase>
    <testcase classname="EvidencePackage seal() throws if evidence integrity fails" name="EvidencePackage seal() throws if evidence integrity fails" time="0">
      <failure>TypeError: EvidencePackage is not a constructor
    at Object.&lt;anonymous&gt; (/home/devel/basset-hound-browser/tests/unit/evidence-collector.test.js:284:19)
    at Promise.then.completed (/home/devel/basset-hound-browser/node_modules/jest-circus/build/utils.js:298:28)
    at new Promise (&lt;anonymous&gt;)
    at callAsyncCircusFn (/home/devel/basset-hound-browser/node_modules/jest-circus/build/utils.js:231:10)
    at _callCircusTest (/home/devel/basset-hound-browser/node_modules/jest-circus/build/run.js:316:40)
    at processTicksAndRejections (node:internal/process/task_queues:95:5)
    at _runTest (/home/devel/basset-hound-browser/node_modules/jest-circus/build/run.js:252:3)
    at _runTestsForDescribeBlock (/home/devel/basset-hound-browser/node_modules/jest-circus/build/run.js:126:9)
    at _runTestsForDescribeBlock (/home/devel/basset-hound-browser/node_modules/jest-circus/build/run.js:121:9)
    at _runTestsForDescribeBlock (/home/devel/basset-hound-browser/node_modules/jest-circus/build/run.js:121:9)
    at run (/home/devel/basset-hound-browser/node_modules/jest-circus/build/run.js:71:3)
    at runAndTransformResultsToJestFormat (/home/devel/basset-hound-browser/node_modules/jest-circus/build/legacy-code-todo-rewrite/jestAdapterInit.js:122:21)
    at jestAdapter (/home/devel/basset-hound-browser/node_modules/jest-circus/build/legacy-code-todo-rewrite/jestAdapter.js:79:19)
    at runTestInternal (/home/devel/basset-hound-browser/node_modules/jest-runner/build/runTest.js:367:16)
    at runTest (/home/devel/basset-hound-browser/node_modules/jest-runner/build/runTest.js:444:34)
    at Object.worker (/home/devel/basset-hound-browser/node_modules/jest-runner/build/testWorker.js:106:12)</failure>
    </testcase>
    <testcase classname="EvidencePackage verifyPackage() returns invalid if not sealed" name="EvidencePackage verifyPackage() returns invalid if not sealed" time="0">
      <failure>TypeError: EvidencePackage is not a constructor
    at Object.&lt;anonymous&gt; (/home/devel/basset-hound-browser/tests/unit/evidence-collector.test.js:295:19)
    at Promise.then.completed (/home/devel/basset-hound-browser/node_modules/jest-circus/build/utils.js:298:28)
    at new Promise (&lt;anonymous&gt;)
    at callAsyncCircusFn (/home/devel/basset-hound-browser/node_modules/jest-circus/build/utils.js:231:10)
    at _callCircusTest (/home/devel/basset-hound-browser/node_modules/jest-circus/build/run.js:316:40)
    at processTicksAndRejections (node:internal/process/task_queues:95:5)
    at _runTest (/home/devel/basset-hound-browser/node_modules/jest-circus/build/run.js:252:3)
    at _runTestsForDescribeBlock (/home/devel/basset-hound-browser/node_modules/jest-circus/build/run.js:126:9)
    at _runTestsForDescribeBlock (/home/devel/basset-hound-browser/node_modules/jest-circus/build/run.js:121:9)
    at _runTestsForDescribeBlock (/home/devel/basset-hound-browser/node_modules/jest-circus/build/run.js:121:9)
    at run (/home/devel/basset-hound-browser/node_modules/jest-circus/build/run.js:71:3)
    at runAndTransformResultsToJestFormat (/home/devel/basset-hound-browser/node_modules/jest-circus/build/legacy-code-todo-rewrite/jestAdapterInit.js:122:21)
    at jestAdapter (/home/devel/basset-hound-browser/node_modules/jest-circus/build/legacy-code-todo-rewrite/jestAdapter.js:79:19)
    at runTestInternal (/home/devel/basset-hound-browser/node_modules/jest-runner/build/runTest.js:367:16)
    at runTest (/home/devel/basset-hound-browser/node_modules/jest-runner/build/runTest.js:444:34)
    at Object.worker (/home/devel/basset-hound-browser/node_modules/jest-runner/build/testWorker.js:106:12)</failure>
    </testcase>
    <testcase classname="EvidencePackage verifyPackage() returns valid for intact sealed package" name="EvidencePackage verifyPackage() returns valid for intact sealed package" time="0">
      <failure>TypeError: EvidencePackage is not a constructor
    at Object.&lt;anonymous&gt; (/home/devel/basset-hound-browser/tests/unit/evidence-collector.test.js:306:19)
    at Promise.then.completed (/home/devel/basset-hound-browser/node_modules/jest-circus/build/utils.js:298:28)
    at new Promise (&lt;anonymous&gt;)
    at callAsyncCircusFn (/home/devel/basset-hound-browser/node_modules/jest-circus/build/utils.js:231:10)
    at _callCircusTest (/home/devel/basset-hound-browser/node_modules/jest-circus/build/run.js:316:40)
    at processTicksAndRejections (node:internal/process/task_queues:95:5)
    at _runTest (/home/devel/basset-hound-browser/node_modules/jest-circus/build/run.js:252:3)
    at _runTestsForDescribeBlock (/home/devel/basset-hound-browser/node_modules/jest-circus/build/run.js:126:9)
    at _runTestsForDescribeBlock (/home/devel/basset-hound-browser/node_modules/jest-circus/build/run.js:121:9)
    at _runTestsForDescribeBlock (/home/devel/basset-hound-browser/node_modules/jest-circus/build/run.js:121:9)
    at run (/home/devel/basset-hound-browser/node_modules/jest-circus/build/run.js:71:3)
    at runAndTransformResultsToJestFormat (/home/devel/basset-hound-browser/node_modules/jest-circus/build/legacy-code-todo-rewrite/jestAdapterInit.js:122:21)
    at jestAdapter (/home/devel/basset-hound-browser/node_modules/jest-circus/build/legacy-code-todo-rewrite/jestAdapter.js:79:19)
    at runTestInternal (/home/devel/basset-hound-browser/node_modules/jest-runner/build/runTest.js:367:16)
    at runTest (/home/devel/basset-hound-browser/node_modules/jest-runner/build/runTest.js:444:34)
    at Object.worker (/home/devel/basset-hound-browser/node_modules/jest-runner/build/testWorker.js:106:12)</failure>
    </testcase>
    <testcase classname="EvidencePackage verifyPackage() detects evidence tampering" name="EvidencePackage verifyPackage() detects evidence tampering" time="0">
      <failure>TypeError: EvidencePackage is not a constructor
    at Object.&lt;anonymous&gt; (/home/devel/basset-hound-browser/tests/unit/evidence-collector.test.js:318:19)
    at Promise.then.completed (/home/devel/basset-hound-browser/node_modules/jest-circus/build/utils.js:298:28)
    at new Promise (&lt;anonymous&gt;)
    at callAsyncCircusFn (/home/devel/basset-hound-browser/node_modules/jest-circus/build/utils.js:231:10)
    at _callCircusTest (/home/devel/basset-hound-browser/node_modules/jest-circus/build/run.js:316:40)
    at processTicksAndRejections (node:internal/process/task_queues:95:5)
    at _runTest (/home/devel/basset-hound-browser/node_modules/jest-circus/build/run.js:252:3)
    at _runTestsForDescribeBlock (/home/devel/basset-hound-browser/node_modules/jest-circus/build/run.js:126:9)
    at _runTestsForDescribeBlock (/home/devel/basset-hound-browser/node_modules/jest-circus/build/run.js:121:9)
    at _runTestsForDescribeBlock (/home/devel/basset-hound-browser/node_modules/jest-circus/build/run.js:121:9)
    at run (/home/devel/basset-hound-browser/node_modules/jest-circus/build/run.js:71:3)
    at runAndTransformResultsToJestFormat (/home/devel/basset-hound-browser/node_modules/jest-circus/build/legacy-code-todo-rewrite/jestAdapterInit.js:122:21)
    at jestAdapter (/home/devel/basset-hound-browser/node_modules/jest-circus/build/legacy-code-todo-rewrite/jestAdapter.js:79:19)
    at runTestInternal (/home/devel/basset-hound-browser/node_modules/jest-runner/build/runTest.js:367:16)
    at runTest (/home/devel/basset-hound-browser/node_modules/jest-runner/build/runTest.js:444:34)
    at Object.worker (/home/devel/basset-hound-browser/node_modules/jest-runner/build/testWorker.js:106:12)</failure>
    </testcase>
    <testcase classname="EvidencePackage getSummary() returns package summary" name="EvidencePackage getSummary() returns package summary" time="0">
      <failure>TypeError: EvidencePackage is not a constructor
    at Object.&lt;anonymous&gt; (/home/devel/basset-hound-browser/tests/unit/evidence-collector.test.js:335:19)
    at Promise.then.completed (/home/devel/basset-hound-browser/node_modules/jest-circus/build/utils.js:298:28)
    at new Promise (&lt;anonymous&gt;)
    at callAsyncCircusFn (/home/devel/basset-hound-browser/node_modules/jest-circus/build/utils.js:231:10)
    at _callCircusTest (/home/devel/basset-hound-browser/node_modules/jest-circus/build/run.js:316:40)
    at processTicksAndRejections (node:internal/process/task_queues:95:5)
    at _runTest (/home/devel/basset-hound-browser/node_modules/jest-circus/build/run.js:252:3)
    at _runTestsForDescribeBlock (/home/devel/basset-hound-browser/node_modules/jest-circus/build/run.js:126:9)
    at _runTestsForDescribeBlock (/home/devel/basset-hound-browser/node_modules/jest-circus/build/run.js:121:9)
    at _runTestsForDescribeBlock (/home/devel/basset-hound-browser/node_modules/jest-circus/build/run.js:121:9)
    at run (/home/devel/basset-hound-browser/node_modules/jest-circus/build/run.js:71:3)
    at runAndTransformResultsToJestFormat (/home/devel/basset-hound-browser/node_modules/jest-circus/build/legacy-code-todo-rewrite/jestAdapterInit.js:122:21)
    at jestAdapter (/home/devel/basset-hound-browser/node_modules/jest-circus/build/legacy-code-todo-rewrite/jestAdapter.js:79:19)
    at runTestInternal (/home/devel/basset-hound-browser/node_modules/jest-runner/build/runTest.js:367:16)
    at runTest (/home/devel/basset-hound-browser/node_modules/jest-runner/build/runTest.js:444:34)
    at Object.worker (/home/devel/basset-hound-browser/node_modules/jest-runner/build/testWorker.js:106:12)</failure>
    </testcase>
    <testcase classname="EvidencePackage exportForCourt() exports sealed package" name="EvidencePackage exportForCourt() exports sealed package" time="0.001">
      <failure>TypeError: EvidencePackage is not a constructor
    at Object.&lt;anonymous&gt; (/home/devel/basset-hound-browser/tests/unit/evidence-collector.test.js:355:19)
    at Promise.then.completed (/home/devel/basset-hound-browser/node_modules/jest-circus/build/utils.js:298:28)
    at new Promise (&lt;anonymous&gt;)
    at callAsyncCircusFn (/home/devel/basset-hound-browser/node_modules/jest-circus/build/utils.js:231:10)
    at _callCircusTest (/home/devel/basset-hound-browser/node_modules/jest-circus/build/run.js:316:40)
    at processTicksAndRejections (node:internal/process/task_queues:95:5)
    at _runTest (/home/devel/basset-hound-browser/node_modules/jest-circus/build/run.js:252:3)
    at _runTestsForDescribeBlock (/home/devel/basset-hound-browser/node_modules/jest-circus/build/run.js:126:9)
    at _runTestsForDescribeBlock (/home/devel/basset-hound-browser/node_modules/jest-circus/build/run.js:121:9)
    at _runTestsForDescribeBlock (/home/devel/basset-hound-browser/node_modules/jest-circus/build/run.js:121:9)
    at run (/home/devel/basset-hound-browser/node_modules/jest-circus/build/run.js:71:3)
    at runAndTransformResultsToJestFormat (/home/devel/basset-hound-browser/node_modules/jest-circus/build/legacy-code-todo-rewrite/jestAdapterInit.js:122:21)
    at jestAdapter (/home/devel/basset-hound-browser/node_modules/jest-circus/build/legacy-code-todo-rewrite/jestAdapter.js:79:19)
    at runTestInternal (/home/devel/basset-hound-browser/node_modules/jest-runner/build/runTest.js:367:16)
    at runTest (/home/devel/basset-hound-browser/node_modules/jest-runner/build/runTest.js:444:34)
    at Object.worker (/home/devel/basset-hound-browser/node_modules/jest-runner/build/testWorker.js:106:12)</failure>
    </testcase>
    <testcase classname="EvidencePackage exportForCourt() throws if not sealed" name="EvidencePackage exportForCourt() throws if not sealed" time="0">
      <failure>TypeError: EvidencePackage is not a constructor
    at Object.&lt;anonymous&gt; (/home/devel/basset-hound-browser/tests/unit/evidence-collector.test.js:377:19)
    at Promise.then.completed (/home/devel/basset-hound-browser/node_modules/jest-circus/build/utils.js:298:28)
    at new Promise (&lt;anonymous&gt;)
    at callAsyncCircusFn (/home/devel/basset-hound-browser/node_modules/jest-circus/build/utils.js:231:10)
    at _callCircusTest (/home/devel/basset-hound-browser/node_modules/jest-circus/build/run.js:316:40)
    at processTicksAndRejections (node:internal/process/task_queues:95:5)
    at _runTest (/home/devel/basset-hound-browser/node_modules/jest-circus/build/run.js:252:3)
    at _runTestsForDescribeBlock (/home/devel/basset-hound-browser/node_modules/jest-circus/build/run.js:126:9)
    at _runTestsForDescribeBlock (/home/devel/basset-hound-browser/node_modules/jest-circus/build/run.js:121:9)
    at _runTestsForDescribeBlock (/home/devel/basset-hound-browser/node_modules/jest-circus/build/run.js:121:9)
    at run (/home/devel/basset-hound-browser/node_modules/jest-circus/build/run.js:71:3)
    at runAndTransformResultsToJestFormat (/home/devel/basset-hound-browser/node_modules/jest-circus/build/legacy-code-todo-rewrite/jestAdapterInit.js:122:21)
    at jestAdapter (/home/devel/basset-hound-browser/node_modules/jest-circus/build/legacy-code-todo-rewrite/jestAdapter.js:79:19)
    at runTestInternal (/home/devel/basset-hound-browser/node_modules/jest-runner/build/runTest.js:367:16)
    at runTest (/home/devel/basset-hound-browser/node_modules/jest-runner/build/runTest.js:444:34)
    at Object.worker (/home/devel/basset-hound-browser/node_modules/jest-runner/build/testWorker.js:106:12)</failure>
    </testcase>
    <testcase classname="EvidencePackage exportForCourt() certification statement includes key info" name="EvidencePackage exportForCourt() certification statement includes key info" time="0">
      <failure>TypeError: EvidencePackage is not a constructor
    at Object.&lt;anonymous&gt; (/home/devel/basset-hound-browser/tests/unit/evidence-collector.test.js:385:19)
    at Promise.then.completed (/home/devel/basset-hound-browser/node_modules/jest-circus/build/utils.js:298:28)
    at new Promise (&lt;anonymous&gt;)
    at callAsyncCircusFn (/home/devel/basset-hound-browser/node_modules/jest-circus/build/utils.js:231:10)
    at _callCircusTest (/home/devel/basset-hound-browser/node_modules/jest-circus/build/run.js:316:40)
    at processTicksAndRejections (node:internal/process/task_queues:95:5)
    at _runTest (/home/devel/basset-hound-browser/node_modules/jest-circus/build/run.js:252:3)
    at _runTestsForDescribeBlock (/home/devel/basset-hound-browser/node_modules/jest-circus/build/run.js:126:9)
    at _runTestsForDescribeBlock (/home/devel/basset-hound-browser/node_modules/jest-circus/build/run.js:121:9)
    at _runTestsForDescribeBlock (/home/devel/basset-hound-browser/node_modules/jest-circus/build/run.js:121:9)
    at run (/home/devel/basset-hound-browser/node_modules/jest-circus/build/run.js:71:3)
    at runAndTransformResultsToJestFormat (/home/devel/basset-hound-browser/node_modules/jest-circus/build/legacy-code-todo-rewrite/jestAdapterInit.js:122:21)
    at jestAdapter (/home/devel/basset-hound-browser/node_modules/jest-circus/build/legacy-code-todo-rewrite/jestAdapter.js:79:19)
    at runTestInternal (/home/devel/basset-hound-browser/node_modules/jest-runner/build/runTest.js:367:16)
    at runTest (/home/devel/basset-hound-browser/node_modules/jest-runner/build/runTest.js:444:34)
    at Object.worker (/home/devel/basset-hound-browser/node_modules/jest-runner/build/testWorker.js:106:12)</failure>
    </testcase>
    <testcase classname="EvidenceCollector createPackage() creates and stores package" name="EvidenceCollector createPackage() creates and stores package" time="0">
      <failure>TypeError: collector.createPackage is not a function
    at Object.createPackage (/home/devel/basset-hound-browser/tests/unit/evidence-collector.test.js:411:29)
    at Promise.then.completed (/home/devel/basset-hound-browser/node_modules/jest-circus/build/utils.js:298:28)
    at new Promise (&lt;anonymous&gt;)
    at callAsyncCircusFn (/home/devel/basset-hound-browser/node_modules/jest-circus/build/utils.js:231:10)
    at _callCircusTest (/home/devel/basset-hound-browser/node_modules/jest-circus/build/run.js:316:40)
    at processTicksAndRejections (node:internal/process/task_queues:95:5)
    at _runTest (/home/devel/basset-hound-browser/node_modules/jest-circus/build/run.js:252:3)
    at _runTestsForDescribeBlock (/home/devel/basset-hound-browser/node_modules/jest-circus/build/run.js:126:9)
    at _runTestsForDescribeBlock (/home/devel/basset-hound-browser/node_modules/jest-circus/build/run.js:121:9)
    at _runTestsForDescribeBlock (/home/devel/basset-hound-browser/node_modules/jest-circus/build/run.js:121:9)
    at run (/home/devel/basset-hound-browser/node_modules/jest-circus/build/run.js:71:3)
    at runAndTransformResultsToJestFormat (/home/devel/basset-hound-browser/node_modules/jest-circus/build/legacy-code-todo-rewrite/jestAdapterInit.js:122:21)
    at jestAdapter (/home/devel/basset-hound-browser/node_modules/jest-circus/build/legacy-code-todo-rewrite/jestAdapter.js:79:19)
    at runTestInternal (/home/devel/basset-hound-browser/node_modules/jest-runner/build/runTest.js:367:16)
    at runTest (/home/devel/basset-hound-browser/node_modules/jest-runner/build/runTest.js:444:34)
    at Object.worker (/home/devel/basset-hound-browser/node_modules/jest-runner/build/testWorker.js:106:12)</failure>
    </testcase>
    <testcase classname="EvidenceCollector createPackage() sets as active package if none exists" name="EvidenceCollector createPackage() sets as active package if none exists" time="0.001">
      <failure>TypeError: collector.createPackage is not a function
    at Object.createPackage (/home/devel/basset-hound-browser/tests/unit/evidence-collector.test.js:418:29)
    at Promise.then.completed (/home/devel/basset-hound-browser/node_modules/jest-circus/build/utils.js:298:28)
    at new Promise (&lt;anonymous&gt;)
    at callAsyncCircusFn (/home/devel/basset-hound-browser/node_modules/jest-circus/build/utils.js:231:10)
    at _callCircusTest (/home/devel/basset-hound-browser/node_modules/jest-circus/build/run.js:316:40)
    at processTicksAndRejections (node:internal/process/task_queues:95:5)
    at _runTest (/home/devel/basset-hound-browser/node_modules/jest-circus/build/run.js:252:3)
    at _runTestsForDescribeBlock (/home/devel/basset-hound-browser/node_modules/jest-circus/build/run.js:126:9)
    at _runTestsForDescribeBlock (/home/devel/basset-hound-browser/node_modules/jest-circus/build/run.js:121:9)
    at _runTestsForDescribeBlock (/home/devel/basset-hound-browser/node_modules/jest-circus/build/run.js:121:9)
    at run (/home/devel/basset-hound-browser/node_modules/jest-circus/build/run.js:71:3)
    at runAndTransformResultsToJestFormat (/home/devel/basset-hound-browser/node_modules/jest-circus/build/legacy-code-todo-rewrite/jestAdapterInit.js:122:21)
    at jestAdapter (/home/devel/basset-hound-browser/node_modules/jest-circus/build/legacy-code-todo-rewrite/jestAdapter.js:79:19)
    at runTestInternal (/home/devel/basset-hound-browser/node_modules/jest-runner/build/runTest.js:367:16)
    at runTest (/home/devel/basset-hound-browser/node_modules/jest-runner/build/runTest.js:444:34)
    at Object.worker (/home/devel/basset-hound-browser/node_modules/jest-runner/build/testWorker.js:106:12)</failure>
    </testcase>
    <testcase classname="EvidenceCollector createPackage() emits packageCreated event" name="EvidenceCollector createPackage() emits packageCreated event" time="0.001">
      <failure>TypeError: collector.createPackage is not a function
    at Object.createPackage (/home/devel/basset-hound-browser/tests/unit/evidence-collector.test.js:427:17)
    at Promise.then.completed (/home/devel/basset-hound-browser/node_modules/jest-circus/build/utils.js:298:28)
    at new Promise (&lt;anonymous&gt;)
    at callAsyncCircusFn (/home/devel/basset-hound-browser/node_modules/jest-circus/build/utils.js:231:10)
    at _callCircusTest (/home/devel/basset-hound-browser/node_modules/jest-circus/build/run.js:316:40)
    at processTicksAndRejections (node:internal/process/task_queues:95:5)
    at _runTest (/home/devel/basset-hound-browser/node_modules/jest-circus/build/run.js:252:3)
    at _runTestsForDescribeBlock (/home/devel/basset-hound-browser/node_modules/jest-circus/build/run.js:126:9)
    at _runTestsForDescribeBlock (/home/devel/basset-hound-browser/node_modules/jest-circus/build/run.js:121:9)
    at _runTestsForDescribeBlock (/home/devel/basset-hound-browser/node_modules/jest-circus/build/run.js:121:9)
    at run (/home/devel/basset-hound-browser/node_modules/jest-circus/build/run.js:71:3)
    at runAndTransformResultsToJestFormat (/home/devel/basset-hound-browser/node_modules/jest-circus/build/legacy-code-todo-rewrite/jestAdapterInit.js:122:21)
    at jestAdapter (/home/devel/basset-hound-browser/node_modules/jest-circus/build/legacy-code-todo-rewrite/jestAdapter.js:79:19)
    at runTestInternal (/home/devel/basset-hound-browser/node_modules/jest-runner/build/runTest.js:367:16)
    at runTest (/home/devel/basset-hound-browser/node_modules/jest-runner/build/runTest.js:444:34)
    at Object.worker (/home/devel/basset-hound-browser/node_modules/jest-runner/build/testWorker.js:106:12)</failure>
    </testcase>
    <testcase classname="EvidenceCollector getActivePackage() and setActivePackage() returns null when no active package" name="EvidenceCollector getActivePackage() and setActivePackage() returns null when no active package" time="0">
      <failure>TypeError: collector.getActivePackage is not a function
    at Object.getActivePackage (/home/devel/basset-hound-browser/tests/unit/evidence-collector.test.js:436:24)
    at Promise.then.completed (/home/devel/basset-hound-browser/node_modules/jest-circus/build/utils.js:298:28)
    at new Promise (&lt;anonymous&gt;)
    at callAsyncCircusFn (/home/devel/basset-hound-browser/node_modules/jest-circus/build/utils.js:231:10)
    at _callCircusTest (/home/devel/basset-hound-browser/node_modules/jest-circus/build/run.js:316:40)
    at processTicksAndRejections (node:internal/process/task_queues:95:5)
    at _runTest (/home/devel/basset-hound-browser/node_modules/jest-circus/build/run.js:252:3)
    at _runTestsForDescribeBlock (/home/devel/basset-hound-browser/node_modules/jest-circus/build/run.js:126:9)
    at _runTestsForDescribeBlock (/home/devel/basset-hound-browser/node_modules/jest-circus/build/run.js:121:9)
    at _runTestsForDescribeBlock (/home/devel/basset-hound-browser/node_modules/jest-circus/build/run.js:121:9)
    at run (/home/devel/basset-hound-browser/node_modules/jest-circus/build/run.js:71:3)
    at runAndTransformResultsToJestFormat (/home/devel/basset-hound-browser/node_modules/jest-circus/build/legacy-code-todo-rewrite/jestAdapterInit.js:122:21)
    at jestAdapter (/home/devel/basset-hound-browser/node_modules/jest-circus/build/legacy-code-todo-rewrite/jestAdapter.js:79:19)
    at runTestInternal (/home/devel/basset-hound-browser/node_modules/jest-runner/build/runTest.js:367:16)
    at runTest (/home/devel/basset-hound-browser/node_modules/jest-runner/build/runTest.js:444:34)
    at Object.worker (/home/devel/basset-hound-browser/node_modules/jest-runner/build/testWorker.js:106:12)</failure>
    </testcase>
    <testcase classname="EvidenceCollector getActivePackage() and setActivePackage() gets active package" name="EvidenceCollector getActivePackage() and setActivePackage() gets active package" time="0">
      <failure>TypeError: collector.createPackage is not a function
    at Object.createPackage (/home/devel/basset-hound-browser/tests/unit/evidence-collector.test.js:440:29)
    at Promise.then.completed (/home/devel/basset-hound-browser/node_modules/jest-circus/build/utils.js:298:28)
    at new Promise (&lt;anonymous&gt;)
    at callAsyncCircusFn (/home/devel/basset-hound-browser/node_modules/jest-circus/build/utils.js:231:10)
    at _callCircusTest (/home/devel/basset-hound-browser/node_modules/jest-circus/build/run.js:316:40)
    at processTicksAndRejections (node:internal/process/task_queues:95:5)
    at _runTest (/home/devel/basset-hound-browser/node_modules/jest-circus/build/run.js:252:3)
    at _runTestsForDescribeBlock (/home/devel/basset-hound-browser/node_modules/jest-circus/build/run.js:126:9)
    at _runTestsForDescribeBlock (/home/devel/basset-hound-browser/node_modules/jest-circus/build/run.js:121:9)
    at _runTestsForDescribeBlock (/home/devel/basset-hound-browser/node_modules/jest-circus/build/run.js:121:9)
    at run (/home/devel/basset-hound-browser/node_modules/jest-circus/build/run.js:71:3)
    at runAndTransformResultsToJestFormat (/home/devel/basset-hound-browser/node_modules/jest-circus/build/legacy-code-todo-rewrite/jestAdapterInit.js:122:21)
    at jestAdapter (/home/devel/basset-hound-browser/node_modules/jest-circus/build/legacy-code-todo-rewrite/jestAdapter.js:79:19)
    at runTestInternal (/home/devel/basset-hound-browser/node_modules/jest-runner/build/runTest.js:367:16)
    at runTest (/home/devel/basset-hound-browser/node_modules/jest-runner/build/runTest.js:444:34)
    at Object.worker (/home/devel/basset-hound-browser/node_modules/jest-runner/build/testWorker.js:106:12)</failure>
    </testcase>
    <testcase classname="EvidenceCollector getActivePackage() and setActivePackage() sets active package" name="EvidenceCollector getActivePackage() and setActivePackage() sets active package" time="0">
      <failure>TypeError: collector.createPackage is not a function
    at Object.createPackage (/home/devel/basset-hound-browser/tests/unit/evidence-collector.test.js:446:30)
    at Promise.then.completed (/home/devel/basset-hound-browser/node_modules/jest-circus/build/utils.js:298:28)
    at new Promise (&lt;anonymous&gt;)
    at callAsyncCircusFn (/home/devel/basset-hound-browser/node_modules/jest-circus/build/utils.js:231:10)
    at _callCircusTest (/home/devel/basset-hound-browser/node_modules/jest-circus/build/run.js:316:40)
    at processTicksAndRejections (node:internal/process/task_queues:95:5)
    at _runTest (/home/devel/basset-hound-browser/node_modules/jest-circus/build/run.js:252:3)
    at _runTestsForDescribeBlock (/home/devel/basset-hound-browser/node_modules/jest-circus/build/run.js:126:9)
    at _runTestsForDescribeBlock (/home/devel/basset-hound-browser/node_modules/jest-circus/build/run.js:121:9)
    at _runTestsForDescribeBlock (/home/devel/basset-hound-browser/node_modules/jest-circus/build/run.js:121:9)
    at run (/home/devel/basset-hound-browser/node_modules/jest-circus/build/run.js:71:3)
    at runAndTransformResultsToJestFormat (/home/devel/basset-hound-browser/node_modules/jest-circus/build/legacy-code-todo-rewrite/jestAdapterInit.js:122:21)
    at jestAdapter (/home/devel/basset-hound-browser/node_modules/jest-circus/build/legacy-code-todo-rewrite/jestAdapter.js:79:19)
    at runTestInternal (/home/devel/basset-hound-browser/node_modules/jest-runner/build/runTest.js:367:16)
    at runTest (/home/devel/basset-hound-browser/node_modules/jest-runner/build/runTest.js:444:34)
    at Object.worker (/home/devel/basset-hound-browser/node_modules/jest-runner/build/testWorker.js:106:12)</failure>
    </testcase>
    <testcase classname="EvidenceCollector getActivePackage() and setActivePackage() throws for nonexistent package" name="EvidenceCollector getActivePackage() and setActivePackage() throws for nonexistent package" time="0.014">
      <failure>Error: expect(received).toThrow(expected)

Expected substring: &quot;not found&quot;
Received message:   &quot;collector.setActivePackage is not a function&quot;

      452 |
      453 |     test(&apos;throws for nonexistent package&apos;, () =&gt; {
    &gt; 454 |       expect(() =&gt; collector.setActivePackage(&apos;nonexistent&apos;)).toThrow(&apos;not found&apos;);
          |                              ^
      455 |     });
      456 |   });
      457 |

      at setActivePackage (tests/unit/evidence-collector.test.js:454:30)
      at Object.&lt;anonymous&gt; (node_modules/expect/build/toThrowMatchers.js:74:11)
      at Object.throwingMatcher [as toThrow] (node_modules/expect/build/index.js:320:21)
      at Object.toThrow (tests/unit/evidence-collector.test.js:454:63)
    at Object.toThrow (/home/devel/basset-hound-browser/tests/unit/evidence-collector.test.js:454:63)
    at Promise.then.completed (/home/devel/basset-hound-browser/node_modules/jest-circus/build/utils.js:298:28)
    at new Promise (&lt;anonymous&gt;)
    at callAsyncCircusFn (/home/devel/basset-hound-browser/node_modules/jest-circus/build/utils.js:231:10)
    at _callCircusTest (/home/devel/basset-hound-browser/node_modules/jest-circus/build/run.js:316:40)
    at processTicksAndRejections (node:internal/process/task_queues:95:5)
    at _runTest (/home/devel/basset-hound-browser/node_modules/jest-circus/build/run.js:252:3)
    at _runTestsForDescribeBlock (/home/devel/basset-hound-browser/node_modules/jest-circus/build/run.js:126:9)
    at _runTestsForDescribeBlock (/home/devel/basset-hound-browser/node_modules/jest-circus/build/run.js:121:9)
    at _runTestsForDescribeBlock (/home/devel/basset-hound-browser/node_modules/jest-circus/build/run.js:121:9)
    at run (/home/devel/basset-hound-browser/node_modules/jest-circus/build/run.js:71:3)
    at runAndTransformResultsToJestFormat (/home/devel/basset-hound-browser/node_modules/jest-circus/build/legacy-code-todo-rewrite/jestAdapterInit.js:122:21)
    at jestAdapter (/home/devel/basset-hound-browser/node_modules/jest-circus/build/legacy-code-todo-rewrite/jestAdapter.js:79:19)
    at runTestInternal (/home/devel/basset-hound-browser/node_modules/jest-runner/build/runTest.js:367:16)
    at runTest (/home/devel/basset-hound-browser/node_modules/jest-runner/build/runTest.js:444:34)
    at Object.worker (/home/devel/basset-hound-browser/node_modules/jest-runner/build/testWorker.js:106:12)</failure>
    </testcase>
    <testcase classname="EvidenceCollector Capture Methods captureScreenshot()" name="EvidenceCollector Capture Methods captureScreenshot()" time="0.001">
      <failure>TypeError: collector.createPackage is not a function
    at Object.createPackage (/home/devel/basset-hound-browser/tests/unit/evidence-collector.test.js:460:17)
    at Promise.then.completed (/home/devel/basset-hound-browser/node_modules/jest-circus/build/utils.js:298:28)
    at new Promise (&lt;anonymous&gt;)
    at callAsyncCircusFn (/home/devel/basset-hound-browser/node_modules/jest-circus/build/utils.js:231:10)
    at _callCircusHook (/home/devel/basset-hound-browser/node_modules/jest-circus/build/run.js:281:40)
    at processTicksAndRejections (node:internal/process/task_queues:95:5)
    at _runTest (/home/devel/basset-hound-browser/node_modules/jest-circus/build/run.js:246:5)
    at _runTestsForDescribeBlock (/home/devel/basset-hound-browser/node_modules/jest-circus/build/run.js:126:9)
    at _runTestsForDescribeBlock (/home/devel/basset-hound-browser/node_modules/jest-circus/build/run.js:121:9)
    at _runTestsForDescribeBlock (/home/devel/basset-hound-browser/node_modules/jest-circus/build/run.js:121:9)
    at run (/home/devel/basset-hound-browser/node_modules/jest-circus/build/run.js:71:3)
    at runAndTransformResultsToJestFormat (/home/devel/basset-hound-browser/node_modules/jest-circus/build/legacy-code-todo-rewrite/jestAdapterInit.js:122:21)
    at jestAdapter (/home/devel/basset-hound-browser/node_modules/jest-circus/build/legacy-code-todo-rewrite/jestAdapter.js:79:19)
    at runTestInternal (/home/devel/basset-hound-browser/node_modules/jest-runner/build/runTest.js:367:16)
    at runTest (/home/devel/basset-hound-browser/node_modules/jest-runner/build/runTest.js:444:34)
    at Object.worker (/home/devel/basset-hound-browser/node_modules/jest-runner/build/testWorker.js:106:12)</failure>
    </testcase>
    <testcase classname="EvidenceCollector Capture Methods capturePageArchive()" name="EvidenceCollector Capture Methods capturePageArchive()" time="0">
      <failure>TypeError: collector.createPackage is not a function
    at Object.createPackage (/home/devel/basset-hound-browser/tests/unit/evidence-collector.test.js:460:17)
    at Promise.then.completed (/home/devel/basset-hound-browser/node_modules/jest-circus/build/utils.js:298:28)
    at new Promise (&lt;anonymous&gt;)
    at callAsyncCircusFn (/home/devel/basset-hound-browser/node_modules/jest-circus/build/utils.js:231:10)
    at _callCircusHook (/home/devel/basset-hound-browser/node_modules/jest-circus/build/run.js:281:40)
    at processTicksAndRejections (node:internal/process/task_queues:95:5)
    at _runTest (/home/devel/basset-hound-browser/node_modules/jest-circus/build/run.js:246:5)
    at _runTestsForDescribeBlock (/home/devel/basset-hound-browser/node_modules/jest-circus/build/run.js:126:9)
    at _runTestsForDescribeBlock (/home/devel/basset-hound-browser/node_modules/jest-circus/build/run.js:121:9)
    at _runTestsForDescribeBlock (/home/devel/basset-hound-browser/node_modules/jest-circus/build/run.js:121:9)
    at run (/home/devel/basset-hound-browser/node_modules/jest-circus/build/run.js:71:3)
    at runAndTransformResultsToJestFormat (/home/devel/basset-hound-browser/node_modules/jest-circus/build/legacy-code-todo-rewrite/jestAdapterInit.js:122:21)
    at jestAdapter (/home/devel/basset-hound-browser/node_modules/jest-circus/build/legacy-code-todo-rewrite/jestAdapter.js:79:19)
    at runTestInternal (/home/devel/basset-hound-browser/node_modules/jest-runner/build/runTest.js:367:16)
    at runTest (/home/devel/basset-hound-browser/node_modules/jest-runner/build/runTest.js:444:34)
    at Object.worker (/home/devel/basset-hound-browser/node_modules/jest-runner/build/testWorker.js:106:12)</failure>
    </testcase>
    <testcase classname="EvidenceCollector Capture Methods captureNetworkHAR()" name="EvidenceCollector Capture Methods captureNetworkHAR()" time="0">
      <failure>TypeError: collector.createPackage is not a function
    at Object.createPackage (/home/devel/basset-hound-browser/tests/unit/evidence-collector.test.js:460:17)
    at Promise.then.completed (/home/devel/basset-hound-browser/node_modules/jest-circus/build/utils.js:298:28)
    at new Promise (&lt;anonymous&gt;)
    at callAsyncCircusFn (/home/devel/basset-hound-browser/node_modules/jest-circus/build/utils.js:231:10)
    at _callCircusHook (/home/devel/basset-hound-browser/node_modules/jest-circus/build/run.js:281:40)
    at processTicksAndRejections (node:internal/process/task_queues:95:5)
    at _runTest (/home/devel/basset-hound-browser/node_modules/jest-circus/build/run.js:246:5)
    at _runTestsForDescribeBlock (/home/devel/basset-hound-browser/node_modules/jest-circus/build/run.js:126:9)
    at _runTestsForDescribeBlock (/home/devel/basset-hound-browser/node_modules/jest-circus/build/run.js:121:9)
    at _runTestsForDescribeBlock (/home/devel/basset-hound-browser/node_modules/jest-circus/build/run.js:121:9)
    at run (/home/devel/basset-hound-browser/node_modules/jest-circus/build/run.js:71:3)
    at runAndTransformResultsToJestFormat (/home/devel/basset-hound-browser/node_modules/jest-circus/build/legacy-code-todo-rewrite/jestAdapterInit.js:122:21)
    at jestAdapter (/home/devel/basset-hound-browser/node_modules/jest-circus/build/legacy-code-todo-rewrite/jestAdapter.js:79:19)
    at runTestInternal (/home/devel/basset-hound-browser/node_modules/jest-runner/build/runTest.js:367:16)
    at runTest (/home/devel/basset-hound-browser/node_modules/jest-runner/build/runTest.js:444:34)
    at Object.worker (/home/devel/basset-hound-browser/node_modules/jest-runner/build/testWorker.js:106:12)</failure>
    </testcase>
    <testcase classname="EvidenceCollector Capture Methods captureDOMSnapshot()" name="EvidenceCollector Capture Methods captureDOMSnapshot()" time="0">
      <failure>TypeError: collector.createPackage is not a function
    at Object.createPackage (/home/devel/basset-hound-browser/tests/unit/evidence-collector.test.js:460:17)
    at Promise.then.completed (/home/devel/basset-hound-browser/node_modules/jest-circus/build/utils.js:298:28)
    at new Promise (&lt;anonymous&gt;)
    at callAsyncCircusFn (/home/devel/basset-hound-browser/node_modules/jest-circus/build/utils.js:231:10)
    at _callCircusHook (/home/devel/basset-hound-browser/node_modules/jest-circus/build/run.js:281:40)
    at processTicksAndRejections (node:internal/process/task_queues:95:5)
    at _runTest (/home/devel/basset-hound-browser/node_modules/jest-circus/build/run.js:246:5)
    at _runTestsForDescribeBlock (/home/devel/basset-hound-browser/node_modules/jest-circus/build/run.js:126:9)
    at _runTestsForDescribeBlock (/home/devel/basset-hound-browser/node_modules/jest-circus/build/run.js:121:9)
    at _runTestsForDescribeBlock (/home/devel/basset-hound-browser/node_modules/jest-circus/build/run.js:121:9)
    at run (/home/devel/basset-hound-browser/node_modules/jest-circus/build/run.js:71:3)
    at runAndTransformResultsToJestFormat (/home/devel/basset-hound-browser/node_modules/jest-circus/build/legacy-code-todo-rewrite/jestAdapterInit.js:122:21)
    at jestAdapter (/home/devel/basset-hound-browser/node_modules/jest-circus/build/legacy-code-todo-rewrite/jestAdapter.js:79:19)
    at runTestInternal (/home/devel/basset-hound-browser/node_modules/jest-runner/build/runTest.js:367:16)
    at runTest (/home/devel/basset-hound-browser/node_modules/jest-runner/build/runTest.js:444:34)
    at Object.worker (/home/devel/basset-hound-browser/node_modules/jest-runner/build/testWorker.js:106:12)</failure>
    </testcase>
    <testcase classname="EvidenceCollector Capture Methods captureConsoleLogs()" name="EvidenceCollector Capture Methods captureConsoleLogs()" time="0">
      <failure>TypeError: collector.createPackage is not a function
    at Object.createPackage (/home/devel/basset-hound-browser/tests/unit/evidence-collector.test.js:460:17)
    at Promise.then.completed (/home/devel/basset-hound-browser/node_modules/jest-circus/build/utils.js:298:28)
    at new Promise (&lt;anonymous&gt;)
    at callAsyncCircusFn (/home/devel/basset-hound-browser/node_modules/jest-circus/build/utils.js:231:10)
    at _callCircusHook (/home/devel/basset-hound-browser/node_modules/jest-circus/build/run.js:281:40)
    at processTicksAndRejections (node:internal/process/task_queues:95:5)
    at _runTest (/home/devel/basset-hound-browser/node_modules/jest-circus/build/run.js:246:5)
    at _runTestsForDescribeBlock (/home/devel/basset-hound-browser/node_modules/jest-circus/build/run.js:126:9)
    at _runTestsForDescribeBlock (/home/devel/basset-hound-browser/node_modules/jest-circus/build/run.js:121:9)
    at _runTestsForDescribeBlock (/home/devel/basset-hound-browser/node_modules/jest-circus/build/run.js:121:9)
    at run (/home/devel/basset-hound-browser/node_modules/jest-circus/build/run.js:71:3)
    at runAndTransformResultsToJestFormat (/home/devel/basset-hound-browser/node_modules/jest-circus/build/legacy-code-todo-rewrite/jestAdapterInit.js:122:21)
    at jestAdapter (/home/devel/basset-hound-browser/node_modules/jest-circus/build/legacy-code-todo-rewrite/jestAdapter.js:79:19)
    at runTestInternal (/home/devel/basset-hound-browser/node_modules/jest-runner/build/runTest.js:367:16)
    at runTest (/home/devel/basset-hound-browser/node_modules/jest-runner/build/runTest.js:444:34)
    at Object.worker (/home/devel/basset-hound-browser/node_modules/jest-runner/build/testWorker.js:106:12)</failure>
    </testcase>
    <testcase classname="EvidenceCollector Capture Methods captureCookies()" name="EvidenceCollector Capture Methods captureCookies()" time="0">
      <failure>TypeError: collector.createPackage is not a function
    at Object.createPackage (/home/devel/basset-hound-browser/tests/unit/evidence-collector.test.js:460:17)
    at Promise.then.completed (/home/devel/basset-hound-browser/node_modules/jest-circus/build/utils.js:298:28)
    at new Promise (&lt;anonymous&gt;)
    at callAsyncCircusFn (/home/devel/basset-hound-browser/node_modules/jest-circus/build/utils.js:231:10)
    at _callCircusHook (/home/devel/basset-hound-browser/node_modules/jest-circus/build/run.js:281:40)
    at processTicksAndRejections (node:internal/process/task_queues:95:5)
    at _runTest (/home/devel/basset-hound-browser/node_modules/jest-circus/build/run.js:246:5)
    at _runTestsForDescribeBlock (/home/devel/basset-hound-browser/node_modules/jest-circus/build/run.js:126:9)
    at _runTestsForDescribeBlock (/home/devel/basset-hound-browser/node_modules/jest-circus/build/run.js:121:9)
    at _runTestsForDescribeBlock (/home/devel/basset-hound-browser/node_modules/jest-circus/build/run.js:121:9)
    at run (/home/devel/basset-hound-browser/node_modules/jest-circus/build/run.js:71:3)
    at runAndTransformResultsToJestFormat (/home/devel/basset-hound-browser/node_modules/jest-circus/build/legacy-code-todo-rewrite/jestAdapterInit.js:122:21)
    at jestAdapter (/home/devel/basset-hound-browser/node_modules/jest-circus/build/legacy-code-todo-rewrite/jestAdapter.js:79:19)
    at runTestInternal (/home/devel/basset-hound-browser/node_modules/jest-runner/build/runTest.js:367:16)
    at runTest (/home/devel/basset-hound-browser/node_modules/jest-runner/build/runTest.js:444:34)
    at Object.worker (/home/devel/basset-hound-browser/node_modules/jest-runner/build/testWorker.js:106:12)</failure>
    </testcase>
    <testcase classname="EvidenceCollector Capture Methods captureLocalStorage()" name="EvidenceCollector Capture Methods captureLocalStorage()" time="0">
      <failure>TypeError: collector.createPackage is not a function
    at Object.createPackage (/home/devel/basset-hound-browser/tests/unit/evidence-collector.test.js:460:17)
    at Promise.then.completed (/home/devel/basset-hound-browser/node_modules/jest-circus/build/utils.js:298:28)
    at new Promise (&lt;anonymous&gt;)
    at callAsyncCircusFn (/home/devel/basset-hound-browser/node_modules/jest-circus/build/utils.js:231:10)
    at _callCircusHook (/home/devel/basset-hound-browser/node_modules/jest-circus/build/run.js:281:40)
    at processTicksAndRejections (node:internal/process/task_queues:95:5)
    at _runTest (/home/devel/basset-hound-browser/node_modules/jest-circus/build/run.js:246:5)
    at _runTestsForDescribeBlock (/home/devel/basset-hound-browser/node_modules/jest-circus/build/run.js:126:9)
    at _runTestsForDescribeBlock (/home/devel/basset-hound-browser/node_modules/jest-circus/build/run.js:121:9)
    at _runTestsForDescribeBlock (/home/devel/basset-hound-browser/node_modules/jest-circus/build/run.js:121:9)
    at run (/home/devel/basset-hound-browser/node_modules/jest-circus/build/run.js:71:3)
    at runAndTransformResultsToJestFormat (/home/devel/basset-hound-browser/node_modules/jest-circus/build/legacy-code-todo-rewrite/jestAdapterInit.js:122:21)
    at jestAdapter (/home/devel/basset-hound-browser/node_modules/jest-circus/build/legacy-code-todo-rewrite/jestAdapter.js:79:19)
    at runTestInternal (/home/devel/basset-hound-browser/node_modules/jest-runner/build/runTest.js:367:16)
    at runTest (/home/devel/basset-hound-browser/node_modules/jest-runner/build/runTest.js:444:34)
    at Object.worker (/home/devel/basset-hound-browser/node_modules/jest-runner/build/testWorker.js:106:12)</failure>
    </testcase>
    <testcase classname="EvidenceCollector Capture Methods adds evidence to active package" name="EvidenceCollector Capture Methods adds evidence to active package" time="0">
      <failure>TypeError: collector.createPackage is not a function
    at Object.createPackage (/home/devel/basset-hound-browser/tests/unit/evidence-collector.test.js:460:17)
    at Promise.then.completed (/home/devel/basset-hound-browser/node_modules/jest-circus/build/utils.js:298:28)
    at new Promise (&lt;anonymous&gt;)
    at callAsyncCircusFn (/home/devel/basset-hound-browser/node_modules/jest-circus/build/utils.js:231:10)
    at _callCircusHook (/home/devel/basset-hound-browser/node_modules/jest-circus/build/run.js:281:40)
    at processTicksAndRejections (node:internal/process/task_queues:95:5)
    at _runTest (/home/devel/basset-hound-browser/node_modules/jest-circus/build/run.js:246:5)
    at _runTestsForDescribeBlock (/home/devel/basset-hound-browser/node_modules/jest-circus/build/run.js:126:9)
    at _runTestsForDescribeBlock (/home/devel/basset-hound-browser/node_modules/jest-circus/build/run.js:121:9)
    at _runTestsForDescribeBlock (/home/devel/basset-hound-browser/node_modules/jest-circus/build/run.js:121:9)
    at run (/home/devel/basset-hound-browser/node_modules/jest-circus/build/run.js:71:3)
    at runAndTransformResultsToJestFormat (/home/devel/basset-hound-browser/node_modules/jest-circus/build/legacy-code-todo-rewrite/jestAdapterInit.js:122:21)
    at jestAdapter (/home/devel/basset-hound-browser/node_modules/jest-circus/build/legacy-code-todo-rewrite/jestAdapter.js:79:19)
    at runTestInternal (/home/devel/basset-hound-browser/node_modules/jest-runner/build/runTest.js:367:16)
    at runTest (/home/devel/basset-hound-browser/node_modules/jest-runner/build/runTest.js:444:34)
    at Object.worker (/home/devel/basset-hound-browser/node_modules/jest-runner/build/testWorker.js:106:12)</failure>
    </testcase>
    <testcase classname="EvidenceCollector Capture Methods emits evidenceCaptured event" name="EvidenceCollector Capture Methods emits evidenceCaptured event" time="0">
      <failure>TypeError: collector.createPackage is not a function
    at Object.createPackage (/home/devel/basset-hound-browser/tests/unit/evidence-collector.test.js:460:17)
    at Promise.then.completed (/home/devel/basset-hound-browser/node_modules/jest-circus/build/utils.js:298:28)
    at new Promise (&lt;anonymous&gt;)
    at callAsyncCircusFn (/home/devel/basset-hound-browser/node_modules/jest-circus/build/utils.js:231:10)
    at _callCircusHook (/home/devel/basset-hound-browser/node_modules/jest-circus/build/run.js:281:40)
    at processTicksAndRejections (node:internal/process/task_queues:95:5)
    at _runTest (/home/devel/basset-hound-browser/node_modules/jest-circus/build/run.js:246:5)
    at _runTestsForDescribeBlock (/home/devel/basset-hound-browser/node_modules/jest-circus/build/run.js:126:9)
    at _runTestsForDescribeBlock (/home/devel/basset-hound-browser/node_modules/jest-circus/build/run.js:121:9)
    at _runTestsForDescribeBlock (/home/devel/basset-hound-browser/node_modules/jest-circus/build/run.js:121:9)
    at run (/home/devel/basset-hound-browser/node_modules/jest-circus/build/run.js:71:3)
    at runAndTransformResultsToJestFormat (/home/devel/basset-hound-browser/node_modules/jest-circus/build/legacy-code-todo-rewrite/jestAdapterInit.js:122:21)
    at jestAdapter (/home/devel/basset-hound-browser/node_modules/jest-circus/build/legacy-code-todo-rewrite/jestAdapter.js:79:19)
    at runTestInternal (/home/devel/basset-hound-browser/node_modules/jest-runner/build/runTest.js:367:16)
    at runTest (/home/devel/basset-hound-browser/node_modules/jest-runner/build/runTest.js:444:34)
    at Object.worker (/home/devel/basset-hound-browser/node_modules/jest-runner/build/testWorker.js:106:12)</failure>
    </testcase>
    <testcase classname="EvidenceCollector captureBundle() captures multiple evidence types" name="EvidenceCollector captureBundle() captures multiple evidence types" time="0.003">
      <failure>TypeError: collector.createPackage is not a function
    at Object.createPackage (/home/devel/basset-hound-browser/tests/unit/evidence-collector.test.js:571:17)
    at Promise.then.completed (/home/devel/basset-hound-browser/node_modules/jest-circus/build/utils.js:298:28)
    at new Promise (&lt;anonymous&gt;)
    at callAsyncCircusFn (/home/devel/basset-hound-browser/node_modules/jest-circus/build/utils.js:231:10)
    at _callCircusTest (/home/devel/basset-hound-browser/node_modules/jest-circus/build/run.js:316:40)
    at processTicksAndRejections (node:internal/process/task_queues:95:5)
    at _runTest (/home/devel/basset-hound-browser/node_modules/jest-circus/build/run.js:252:3)
    at _runTestsForDescribeBlock (/home/devel/basset-hound-browser/node_modules/jest-circus/build/run.js:126:9)
    at _runTestsForDescribeBlock (/home/devel/basset-hound-browser/node_modules/jest-circus/build/run.js:121:9)
    at _runTestsForDescribeBlock (/home/devel/basset-hound-browser/node_modules/jest-circus/build/run.js:121:9)
    at run (/home/devel/basset-hound-browser/node_modules/jest-circus/build/run.js:71:3)
    at runAndTransformResultsToJestFormat (/home/devel/basset-hound-browser/node_modules/jest-circus/build/legacy-code-todo-rewrite/jestAdapterInit.js:122:21)
    at jestAdapter (/home/devel/basset-hound-browser/node_modules/jest-circus/build/legacy-code-todo-rewrite/jestAdapter.js:79:19)
    at runTestInternal (/home/devel/basset-hound-browser/node_modules/jest-runner/build/runTest.js:367:16)
    at runTest (/home/devel/basset-hound-browser/node_modules/jest-runner/build/runTest.js:444:34)
    at Object.worker (/home/devel/basset-hound-browser/node_modules/jest-runner/build/testWorker.js:106:12)</failure>
    </testcase>
    <testcase classname="EvidenceCollector sealActivePackage() seals the active package" name="EvidenceCollector sealActivePackage() seals the active package" time="0">
      <failure>TypeError: collector.createPackage is not a function
    at Object.createPackage (/home/devel/basset-hound-browser/tests/unit/evidence-collector.test.js:604:29)
    at Promise.then.completed (/home/devel/basset-hound-browser/node_modules/jest-circus/build/utils.js:298:28)
    at new Promise (&lt;anonymous&gt;)
    at callAsyncCircusFn (/home/devel/basset-hound-browser/node_modules/jest-circus/build/utils.js:231:10)
    at _callCircusTest (/home/devel/basset-hound-browser/node_modules/jest-circus/build/run.js:316:40)
    at processTicksAndRejections (node:internal/process/task_queues:95:5)
    at _runTest (/home/devel/basset-hound-browser/node_modules/jest-circus/build/run.js:252:3)
    at _runTestsForDescribeBlock (/home/devel/basset-hound-browser/node_modules/jest-circus/build/run.js:126:9)
    at _runTestsForDescribeBlock (/home/devel/basset-hound-browser/node_modules/jest-circus/build/run.js:121:9)
    at _runTestsForDescribeBlock (/home/devel/basset-hound-browser/node_modules/jest-circus/build/run.js:121:9)
    at run (/home/devel/basset-hound-browser/node_modules/jest-circus/build/run.js:71:3)
    at runAndTransformResultsToJestFormat (/home/devel/basset-hound-browser/node_modules/jest-circus/build/legacy-code-todo-rewrite/jestAdapterInit.js:122:21)
    at jestAdapter (/home/devel/basset-hound-browser/node_modules/jest-circus/build/legacy-code-todo-rewrite/jestAdapter.js:79:19)
    at runTestInternal (/home/devel/basset-hound-browser/node_modules/jest-runner/build/runTest.js:367:16)
    at runTest (/home/devel/basset-hound-browser/node_modules/jest-runner/build/runTest.js:444:34)
    at Object.worker (/home/devel/basset-hound-browser/node_modules/jest-runner/build/testWorker.js:106:12)</failure>
    </testcase>
    <testcase classname="EvidenceCollector sealActivePackage() emits packageSealed event" name="EvidenceCollector sealActivePackage() emits packageSealed event" time="0">
      <failure>TypeError: collector.createPackage is not a function
    at Object.createPackage (/home/devel/basset-hound-browser/tests/unit/evidence-collector.test.js:614:17)
    at Promise.then.completed (/home/devel/basset-hound-browser/node_modules/jest-circus/build/utils.js:298:28)
    at new Promise (&lt;anonymous&gt;)
    at callAsyncCircusFn (/home/devel/basset-hound-browser/node_modules/jest-circus/build/utils.js:231:10)
    at _callCircusTest (/home/devel/basset-hound-browser/node_modules/jest-circus/build/run.js:316:40)
    at processTicksAndRejections (node:internal/process/task_queues:95:5)
    at _runTest (/home/devel/basset-hound-browser/node_modules/jest-circus/build/run.js:252:3)
    at _runTestsForDescribeBlock (/home/devel/basset-hound-browser/node_modules/jest-circus/build/run.js:126:9)
    at _runTestsForDescribeBlock (/home/devel/basset-hound-browser/node_modules/jest-circus/build/run.js:121:9)
    at _runTestsForDescribeBlock (/home/devel/basset-hound-browser/node_modules/jest-circus/build/run.js:121:9)
    at run (/home/devel/basset-hound-browser/node_modules/jest-circus/build/run.js:71:3)
    at runAndTransformResultsToJestFormat (/home/devel/basset-hound-browser/node_modules/jest-circus/build/legacy-code-todo-rewrite/jestAdapterInit.js:122:21)
    at jestAdapter (/home/devel/basset-hound-browser/node_modules/jest-circus/build/legacy-code-todo-rewrite/jestAdapter.js:79:19)
    at runTestInternal (/home/devel/basset-hound-browser/node_modules/jest-runner/build/runTest.js:367:16)
    at runTest (/home/devel/basset-hound-browser/node_modules/jest-runner/build/runTest.js:444:34)
    at Object.worker (/home/devel/basset-hound-browser/node_modules/jest-runner/build/testWorker.js:106:12)</failure>
    </testcase>
    <testcase classname="EvidenceCollector sealActivePackage() throws if no active package" name="EvidenceCollector sealActivePackage() throws if no active package" time="0.002">
      <failure>Error: expect(received).toThrow(expected)

Expected substring: &quot;No active package&quot;
Received message:   &quot;collector.sealActivePackage is not a function&quot;

      625 |
      626 |     test(&apos;throws if no active package&apos;, () =&gt; {
    &gt; 627 |       expect(() =&gt; collector.sealActivePackage(&apos;test&apos;)).toThrow(&apos;No active package&apos;);
          |                              ^
      628 |     });
      629 |   });
      630 |

      at sealActivePackage (tests/unit/evidence-collector.test.js:627:30)
      at Object.&lt;anonymous&gt; (node_modules/expect/build/toThrowMatchers.js:74:11)
      at Object.throwingMatcher [as toThrow] (node_modules/expect/build/index.js:320:21)
      at Object.toThrow (tests/unit/evidence-collector.test.js:627:57)
    at Object.toThrow (/home/devel/basset-hound-browser/tests/unit/evidence-collector.test.js:627:57)
    at Promise.then.completed (/home/devel/basset-hound-browser/node_modules/jest-circus/build/utils.js:298:28)
    at new Promise (&lt;anonymous&gt;)
    at callAsyncCircusFn (/home/devel/basset-hound-browser/node_modules/jest-circus/build/utils.js:231:10)
    at _callCircusTest (/home/devel/basset-hound-browser/node_modules/jest-circus/build/run.js:316:40)
    at processTicksAndRejections (node:internal/process/task_queues:95:5)
    at _runTest (/home/devel/basset-hound-browser/node_modules/jest-circus/build/run.js:252:3)
    at _runTestsForDescribeBlock (/home/devel/basset-hound-browser/node_modules/jest-circus/build/run.js:126:9)
    at _runTestsForDescribeBlock (/home/devel/basset-hound-browser/node_modules/jest-circus/build/run.js:121:9)
    at _runTestsForDescribeBlock (/home/devel/basset-hound-browser/node_modules/jest-circus/build/run.js:121:9)
    at run (/home/devel/basset-hound-browser/node_modules/jest-circus/build/run.js:71:3)
    at runAndTransformResultsToJestFormat (/home/devel/basset-hound-browser/node_modules/jest-circus/build/legacy-code-todo-rewrite/jestAdapterInit.js:122:21)
    at jestAdapter (/home/devel/basset-hound-browser/node_modules/jest-circus/build/legacy-code-todo-rewrite/jestAdapter.js:79:19)
    at runTestInternal (/home/devel/basset-hound-browser/node_modules/jest-runner/build/runTest.js:367:16)
    at runTest (/home/devel/basset-hound-browser/node_modules/jest-runner/build/runTest.js:444:34)
    at Object.worker (/home/devel/basset-hound-browser/node_modules/jest-runner/build/testWorker.js:106:12)</failure>
    </testcase>
    <testcase classname="EvidenceCollector listPackages() returns list of package summaries" name="EvidenceCollector listPackages() returns list of package summaries" time="0">
      <failure>TypeError: collector.createPackage is not a function
    at Object.createPackage (/home/devel/basset-hound-browser/tests/unit/evidence-collector.test.js:633:17)
    at Promise.then.completed (/home/devel/basset-hound-browser/node_modules/jest-circus/build/utils.js:298:28)
    at new Promise (&lt;anonymous&gt;)
    at callAsyncCircusFn (/home/devel/basset-hound-browser/node_modules/jest-circus/build/utils.js:231:10)
    at _callCircusTest (/home/devel/basset-hound-browser/node_modules/jest-circus/build/run.js:316:40)
    at processTicksAndRejections (node:internal/process/task_queues:95:5)
    at _runTest (/home/devel/basset-hound-browser/node_modules/jest-circus/build/run.js:252:3)
    at _runTestsForDescribeBlock (/home/devel/basset-hound-browser/node_modules/jest-circus/build/run.js:126:9)
    at _runTestsForDescribeBlock (/home/devel/basset-hound-browser/node_modules/jest-circus/build/run.js:121:9)
    at _runTestsForDescribeBlock (/home/devel/basset-hound-browser/node_modules/jest-circus/build/run.js:121:9)
    at run (/home/devel/basset-hound-browser/node_modules/jest-circus/build/run.js:71:3)
    at runAndTransformResultsToJestFormat (/home/devel/basset-hound-browser/node_modules/jest-circus/build/legacy-code-todo-rewrite/jestAdapterInit.js:122:21)
    at jestAdapter (/home/devel/basset-hound-browser/node_modules/jest-circus/build/legacy-code-todo-rewrite/jestAdapter.js:79:19)
    at runTestInternal (/home/devel/basset-hound-browser/node_modules/jest-runner/build/runTest.js:367:16)
    at runTest (/home/devel/basset-hound-browser/node_modules/jest-runner/build/runTest.js:444:34)
    at Object.worker (/home/devel/basset-hound-browser/node_modules/jest-runner/build/testWorker.js:106:12)</failure>
    </testcase>
    <testcase classname="EvidenceCollector exportPackage() exports package as JSON" name="EvidenceCollector exportPackage() exports package as JSON" time="0">
      <failure>TypeError: collector.createPackage is not a function
    at Object.createPackage (/home/devel/basset-hound-browser/tests/unit/evidence-collector.test.js:646:29)
    at Promise.then.completed (/home/devel/basset-hound-browser/node_modules/jest-circus/build/utils.js:298:28)
    at new Promise (&lt;anonymous&gt;)
    at callAsyncCircusFn (/home/devel/basset-hound-browser/node_modules/jest-circus/build/utils.js:231:10)
    at _callCircusTest (/home/devel/basset-hound-browser/node_modules/jest-circus/build/run.js:316:40)
    at processTicksAndRejections (node:internal/process/task_queues:95:5)
    at _runTest (/home/devel/basset-hound-browser/node_modules/jest-circus/build/run.js:252:3)
    at _runTestsForDescribeBlock (/home/devel/basset-hound-browser/node_modules/jest-circus/build/run.js:126:9)
    at _runTestsForDescribeBlock (/home/devel/basset-hound-browser/node_modules/jest-circus/build/run.js:121:9)
    at _runTestsForDescribeBlock (/home/devel/basset-hound-browser/node_modules/jest-circus/build/run.js:121:9)
    at run (/home/devel/basset-hound-browser/node_modules/jest-circus/build/run.js:71:3)
    at runAndTransformResultsToJestFormat (/home/devel/basset-hound-browser/node_modules/jest-circus/build/legacy-code-todo-rewrite/jestAdapterInit.js:122:21)
    at jestAdapter (/home/devel/basset-hound-browser/node_modules/jest-circus/build/legacy-code-todo-rewrite/jestAdapter.js:79:19)
    at runTestInternal (/home/devel/basset-hound-browser/node_modules/jest-runner/build/runTest.js:367:16)
    at runTest (/home/devel/basset-hound-browser/node_modules/jest-runner/build/runTest.js:444:34)
    at Object.worker (/home/devel/basset-hound-browser/node_modules/jest-runner/build/testWorker.js:106:12)</failure>
    </testcase>
    <testcase classname="EvidenceCollector exportPackage() exports package for court" name="EvidenceCollector exportPackage() exports package for court" time="0">
      <failure>TypeError: collector.createPackage is not a function
    at Object.createPackage (/home/devel/basset-hound-browser/tests/unit/evidence-collector.test.js:657:29)
    at Promise.then.completed (/home/devel/basset-hound-browser/node_modules/jest-circus/build/utils.js:298:28)
    at new Promise (&lt;anonymous&gt;)
    at callAsyncCircusFn (/home/devel/basset-hound-browser/node_modules/jest-circus/build/utils.js:231:10)
    at _callCircusTest (/home/devel/basset-hound-browser/node_modules/jest-circus/build/run.js:316:40)
    at processTicksAndRejections (node:internal/process/task_queues:95:5)
    at _runTest (/home/devel/basset-hound-browser/node_modules/jest-circus/build/run.js:252:3)
    at _runTestsForDescribeBlock (/home/devel/basset-hound-browser/node_modules/jest-circus/build/run.js:126:9)
    at _runTestsForDescribeBlock (/home/devel/basset-hound-browser/node_modules/jest-circus/build/run.js:121:9)
    at _runTestsForDescribeBlock (/home/devel/basset-hound-browser/node_modules/jest-circus/build/run.js:121:9)
    at run (/home/devel/basset-hound-browser/node_modules/jest-circus/build/run.js:71:3)
    at runAndTransformResultsToJestFormat (/home/devel/basset-hound-browser/node_modules/jest-circus/build/legacy-code-todo-rewrite/jestAdapterInit.js:122:21)
    at jestAdapter (/home/devel/basset-hound-browser/node_modules/jest-circus/build/legacy-code-todo-rewrite/jestAdapter.js:79:19)
    at runTestInternal (/home/devel/basset-hound-browser/node_modules/jest-runner/build/runTest.js:367:16)
    at runTest (/home/devel/basset-hound-browser/node_modules/jest-runner/build/runTest.js:444:34)
    at Object.worker (/home/devel/basset-hound-browser/node_modules/jest-runner/build/testWorker.js:106:12)</failure>
    </testcase>
    <testcase classname="EvidenceCollector exportPackage() throws for nonexistent package" name="EvidenceCollector exportPackage() throws for nonexistent package" time="0.007">
      <failure>Error: expect(received).toThrow(expected)

Expected substring: &quot;not found&quot;
Received message:   &quot;collector.exportPackage is not a function&quot;

      666 |
      667 |     test(&apos;throws for nonexistent package&apos;, () =&gt; {
    &gt; 668 |       expect(() =&gt; collector.exportPackage(&apos;nonexistent&apos;)).toThrow(&apos;not found&apos;);
          |                              ^
      669 |     });
      670 |   });
      671 |

      at exportPackage (tests/unit/evidence-collector.test.js:668:30)
      at Object.&lt;anonymous&gt; (node_modules/expect/build/toThrowMatchers.js:74:11)
      at Object.throwingMatcher [as toThrow] (node_modules/expect/build/index.js:320:21)
      at Object.toThrow (tests/unit/evidence-collector.test.js:668:60)
    at Object.toThrow (/home/devel/basset-hound-browser/tests/unit/evidence-collector.test.js:668:60)
    at Promise.then.completed (/home/devel/basset-hound-browser/node_modules/jest-circus/build/utils.js:298:28)
    at new Promise (&lt;anonymous&gt;)
    at callAsyncCircusFn (/home/devel/basset-hound-browser/node_modules/jest-circus/build/utils.js:231:10)
    at _callCircusTest (/home/devel/basset-hound-browser/node_modules/jest-circus/build/run.js:316:40)
    at processTicksAndRejections (node:internal/process/task_queues:95:5)
    at _runTest (/home/devel/basset-hound-browser/node_modules/jest-circus/build/run.js:252:3)
    at _runTestsForDescribeBlock (/home/devel/basset-hound-browser/node_modules/jest-circus/build/run.js:126:9)
    at _runTestsForDescribeBlock (/home/devel/basset-hound-browser/node_modules/jest-circus/build/run.js:121:9)
    at _runTestsForDescribeBlock (/home/devel/basset-hound-browser/node_modules/jest-circus/build/run.js:121:9)
    at run (/home/devel/basset-hound-browser/node_modules/jest-circus/build/run.js:71:3)
    at runAndTransformResultsToJestFormat (/home/devel/basset-hound-browser/node_modules/jest-circus/build/legacy-code-todo-rewrite/jestAdapterInit.js:122:21)
    at jestAdapter (/home/devel/basset-hound-browser/node_modules/jest-circus/build/legacy-code-todo-rewrite/jestAdapter.js:79:19)
    at runTestInternal (/home/devel/basset-hound-browser/node_modules/jest-runner/build/runTest.js:367:16)
    at runTest (/home/devel/basset-hound-browser/node_modules/jest-runner/build/runTest.js:444:34)
    at Object.worker (/home/devel/basset-hound-browser/node_modules/jest-runner/build/testWorker.js:106:12)</failure>
    </testcase>
    <testcase classname="EvidenceCollector getStats() returns collector statistics" name="EvidenceCollector getStats() returns collector statistics" time="0.001">
      <failure>TypeError: collector.createPackage is not a function
    at Object.createPackage (/home/devel/basset-hound-browser/tests/unit/evidence-collector.test.js:674:30)
    at Promise.then.completed (/home/devel/basset-hound-browser/node_modules/jest-circus/build/utils.js:298:28)
    at new Promise (&lt;anonymous&gt;)
    at callAsyncCircusFn (/home/devel/basset-hound-browser/node_modules/jest-circus/build/utils.js:231:10)
    at _callCircusTest (/home/devel/basset-hound-browser/node_modules/jest-circus/build/run.js:316:40)
    at processTicksAndRejections (node:internal/process/task_queues:95:5)
    at _runTest (/home/devel/basset-hound-browser/node_modules/jest-circus/build/run.js:252:3)
    at _runTestsForDescribeBlock (/home/devel/basset-hound-browser/node_modules/jest-circus/build/run.js:126:9)
    at _runTestsForDescribeBlock (/home/devel/basset-hound-browser/node_modules/jest-circus/build/run.js:121:9)
    at _runTestsForDescribeBlock (/home/devel/basset-hound-browser/node_modules/jest-circus/build/run.js:121:9)
    at run (/home/devel/basset-hound-browser/node_modules/jest-circus/build/run.js:71:3)
    at runAndTransformResultsToJestFormat (/home/devel/basset-hound-browser/node_modules/jest-circus/build/legacy-code-todo-rewrite/jestAdapterInit.js:122:21)
    at jestAdapter (/home/devel/basset-hound-browser/node_modules/jest-circus/build/legacy-code-todo-rewrite/jestAdapter.js:79:19)
    at runTestInternal (/home/devel/basset-hound-browser/node_modules/jest-runner/build/runTest.js:367:16)
    at runTest (/home/devel/basset-hound-browser/node_modules/jest-runner/build/runTest.js:444:34)
    at Object.worker (/home/devel/basset-hound-browser/node_modules/jest-runner/build/testWorker.js:106:12)</failure>
    </testcase>
    <testcase classname="Constants EVIDENCE_TYPES has all expected types" name="Constants EVIDENCE_TYPES has all expected types" time="0.001">
    </testcase>
    <testcase classname="Constants ARCHIVE_FORMATS has expected formats" name="Constants ARCHIVE_FORMATS has expected formats" time="0.001">
    </testcase>
  </testsuite>
  <testsuite name="CookieManager" errors="0" failures="8" skipped="0" timestamp="2026-05-11T06:16:42" time="0.617" tests="38">
    <testcase classname="CookieManager Jar Management should create a new cookie jar" name="CookieManager Jar Management should create a new cookie jar" time="0.007">
    </testcase>
    <testcase classname="CookieManager Jar Management should not create duplicate jar" name="CookieManager Jar Management should not create duplicate jar" time="0.097">
    </testcase>
    <testcase classname="CookieManager Jar Management should delete a cookie jar" name="CookieManager Jar Management should delete a cookie jar" time="0.001">
    </testcase>
    <testcase classname="CookieManager Jar Management should not delete default jar" name="CookieManager Jar Management should not delete default jar" time="0.001">
    </testcase>
    <testcase classname="CookieManager Jar Management should list all jars" name="CookieManager Jar Management should list all jars" time="0.001">
    </testcase>
    <testcase classname="CookieManager Jar Switching should switch between jars" name="CookieManager Jar Switching should switch between jars" time="0.002">
    </testcase>
    <testcase classname="CookieManager Jar Switching should save cookies when switching" name="CookieManager Jar Switching should save cookies when switching" time="0.001">
    </testcase>
    <testcase classname="CookieManager Jar Switching should load cookies from target jar" name="CookieManager Jar Switching should load cookies from target jar" time="0.002">
      <failure>Error: expect(jest.fn()).toHaveBeenCalledTimes(expected)

Expected number of calls: 2
Received number of calls: 0
    at Object.toHaveBeenCalledTimes (/home/devel/basset-hound-browser/tests/unit/cookie-manager.test.js:162:51)
    at processTicksAndRejections (node:internal/process/task_queues:95:5)</failure>
    </testcase>
    <testcase classname="CookieManager Save and Load should save cookies to jar" name="CookieManager Save and Load should save cookies to jar" time="0.001">
    </testcase>
    <testcase classname="CookieManager Save and Load should load cookies from jar" name="CookieManager Save and Load should load cookies from jar" time="0.001">
    </testcase>
    <testcase classname="CookieManager Jar Synchronization should sync jars in merge mode" name="CookieManager Jar Synchronization should sync jars in merge mode" time="0.002">
    </testcase>
    <testcase classname="CookieManager Jar Synchronization should sync jars in replace mode" name="CookieManager Jar Synchronization should sync jars in replace mode" time="0">
    </testcase>
    <testcase classname="CookieManager Jar Synchronization should sync with filter" name="CookieManager Jar Synchronization should sync with filter" time="0.002">
    </testcase>
    <testcase classname="CookieManager Security Analysis should analyze secure cookie" name="CookieManager Security Analysis should analyze secure cookie" time="0.002">
    </testcase>
    <testcase classname="CookieManager Security Analysis should detect missing Secure flag" name="CookieManager Security Analysis should detect missing Secure flag" time="0.003">
    </testcase>
    <testcase classname="CookieManager Security Analysis should detect missing HttpOnly flag for sensitive cookie" name="CookieManager Security Analysis should detect missing HttpOnly flag for sensitive cookie" time="0">
    </testcase>
    <testcase classname="CookieManager Security Analysis should detect missing SameSite attribute" name="CookieManager Security Analysis should detect missing SameSite attribute" time="0.001">
    </testcase>
    <testcase classname="CookieManager Security Analysis should classify cookies correctly" name="CookieManager Security Analysis should classify cookies correctly" time="0.003">
      <failure>Error: expect(received).toBe(expected) // Object.is equality

Expected: &quot;security&quot;
Received: &quot;authentication&quot;
    at Object.toBe (/home/devel/basset-hound-browser/tests/unit/cookie-manager.test.js:358:41)
    at Promise.then.completed (/home/devel/basset-hound-browser/node_modules/jest-circus/build/utils.js:298:28)
    at new Promise (&lt;anonymous&gt;)
    at callAsyncCircusFn (/home/devel/basset-hound-browser/node_modules/jest-circus/build/utils.js:231:10)
    at _callCircusTest (/home/devel/basset-hound-browser/node_modules/jest-circus/build/run.js:316:40)
    at processTicksAndRejections (node:internal/process/task_queues:95:5)
    at _runTest (/home/devel/basset-hound-browser/node_modules/jest-circus/build/run.js:252:3)
    at _runTestsForDescribeBlock (/home/devel/basset-hound-browser/node_modules/jest-circus/build/run.js:126:9)
    at _runTestsForDescribeBlock (/home/devel/basset-hound-browser/node_modules/jest-circus/build/run.js:121:9)
    at _runTestsForDescribeBlock (/home/devel/basset-hound-browser/node_modules/jest-circus/build/run.js:121:9)
    at run (/home/devel/basset-hound-browser/node_modules/jest-circus/build/run.js:71:3)
    at runAndTransformResultsToJestFormat (/home/devel/basset-hound-browser/node_modules/jest-circus/build/legacy-code-todo-rewrite/jestAdapterInit.js:122:21)
    at jestAdapter (/home/devel/basset-hound-browser/node_modules/jest-circus/build/legacy-code-todo-rewrite/jestAdapter.js:79:19)
    at runTestInternal (/home/devel/basset-hound-browser/node_modules/jest-runner/build/runTest.js:367:16)
    at runTest (/home/devel/basset-hound-browser/node_modules/jest-runner/build/runTest.js:444:34)
    at Object.worker (/home/devel/basset-hound-browser/node_modules/jest-runner/build/testWorker.js:106:12)</failure>
    </testcase>
    <testcase classname="CookieManager Security Analysis should analyze all cookies" name="CookieManager Security Analysis should analyze all cookies" time="0.001">
    </testcase>
    <testcase classname="CookieManager Export and Import should export cookies as JSON" name="CookieManager Export and Import should export cookies as JSON" time="0.001">
      <failure>Error: expect(received).toBe(expected) // Object.is equality

Expected: 1
Received: 0
    at Object.toBe (/home/devel/basset-hound-browser/tests/unit/cookie-manager.test.js:415:26)
    at processTicksAndRejections (node:internal/process/task_queues:95:5)</failure>
    </testcase>
    <testcase classname="CookieManager Export and Import should export cookies as Netscape format" name="CookieManager Export and Import should export cookies as Netscape format" time="0.001">
      <failure>Error: expect(received).toContain(expected) // indexOf

Expected substring: &quot;example.com&quot;
Received string:    &quot;# Netscape HTTP Cookie File&quot;
    at Object.toContain (/home/devel/basset-hound-browser/tests/unit/cookie-manager.test.js:425:22)
    at processTicksAndRejections (node:internal/process/task_queues:95:5)</failure>
    </testcase>
    <testcase classname="CookieManager Export and Import should export cookies as CSV" name="CookieManager Export and Import should export cookies as CSV" time="0.001">
      <failure>Error: expect(received).toContain(expected) // indexOf

Expected substring: &quot;test_cookie&quot;
Received string:    &quot;Name,Value,Domain,Path,Expires,Secure,HttpOnly,SameSite&quot;
    at Object.toContain (/home/devel/basset-hound-browser/tests/unit/cookie-manager.test.js:434:22)
    at processTicksAndRejections (node:internal/process/task_queues:95:5)</failure>
    </testcase>
    <testcase classname="CookieManager Export and Import should export cookies as curl command" name="CookieManager Export and Import should export cookies as curl command" time="0.001">
      <failure>Error: expect(received).toContain(expected) // indexOf

Expected substring: &quot;test_cookie=test_value&quot;
Received string:    &quot;curl -b \&quot;\&quot; \&quot;https://example.com\&quot;&quot;
    at Object.toContain (/home/devel/basset-hound-browser/tests/unit/cookie-manager.test.js:446:22)
    at processTicksAndRejections (node:internal/process/task_queues:95:5)</failure>
    </testcase>
    <testcase classname="CookieManager Export and Import should import cookies from JSON" name="CookieManager Export and Import should import cookies from JSON" time="0.001">
      <failure>TypeError: Found non-callable @@iterator
    at CookieManager.push [as importCookies] (/home/devel/basset-hound-browser/cookies/cookie-manager.js:577:21)
    at Object.importCookies (/home/devel/basset-hound-browser/tests/unit/cookie-manager.test.js:462:42)
    at Promise.then.completed (/home/devel/basset-hound-browser/node_modules/jest-circus/build/utils.js:298:28)
    at new Promise (&lt;anonymous&gt;)
    at callAsyncCircusFn (/home/devel/basset-hound-browser/node_modules/jest-circus/build/utils.js:231:10)
    at _callCircusTest (/home/devel/basset-hound-browser/node_modules/jest-circus/build/run.js:316:40)
    at processTicksAndRejections (node:internal/process/task_queues:95:5)
    at _runTest (/home/devel/basset-hound-browser/node_modules/jest-circus/build/run.js:252:3)
    at _runTestsForDescribeBlock (/home/devel/basset-hound-browser/node_modules/jest-circus/build/run.js:126:9)
    at _runTestsForDescribeBlock (/home/devel/basset-hound-browser/node_modules/jest-circus/build/run.js:121:9)
    at _runTestsForDescribeBlock (/home/devel/basset-hound-browser/node_modules/jest-circus/build/run.js:121:9)
    at run (/home/devel/basset-hound-browser/node_modules/jest-circus/build/run.js:71:3)
    at runAndTransformResultsToJestFormat (/home/devel/basset-hound-browser/node_modules/jest-circus/build/legacy-code-todo-rewrite/jestAdapterInit.js:122:21)
    at jestAdapter (/home/devel/basset-hound-browser/node_modules/jest-circus/build/legacy-code-todo-rewrite/jestAdapter.js:79:19)
    at runTestInternal (/home/devel/basset-hound-browser/node_modules/jest-runner/build/runTest.js:367:16)
    at runTest (/home/devel/basset-hound-browser/node_modules/jest-runner/build/runTest.js:444:34)
    at Object.worker (/home/devel/basset-hound-browser/node_modules/jest-runner/build/testWorker.js:106:12)</failure>
    </testcase>
    <testcase classname="CookieManager Export and Import should import cookies to jar" name="CookieManager Export and Import should import cookies to jar" time="0">
      <failure>TypeError: Found non-callable @@iterator
    at CookieManager.push [as importCookies] (/home/devel/basset-hound-browser/cookies/cookie-manager.js:577:21)
    at Object.importCookies (/home/devel/basset-hound-browser/tests/unit/cookie-manager.test.js:482:42)
    at Promise.then.completed (/home/devel/basset-hound-browser/node_modules/jest-circus/build/utils.js:298:28)
    at new Promise (&lt;anonymous&gt;)
    at callAsyncCircusFn (/home/devel/basset-hound-browser/node_modules/jest-circus/build/utils.js:231:10)
    at _callCircusTest (/home/devel/basset-hound-browser/node_modules/jest-circus/build/run.js:316:40)
    at processTicksAndRejections (node:internal/process/task_queues:95:5)
    at _runTest (/home/devel/basset-hound-browser/node_modules/jest-circus/build/run.js:252:3)
    at _runTestsForDescribeBlock (/home/devel/basset-hound-browser/node_modules/jest-circus/build/run.js:126:9)
    at _runTestsForDescribeBlock (/home/devel/basset-hound-browser/node_modules/jest-circus/build/run.js:121:9)
    at _runTestsForDescribeBlock (/home/devel/basset-hound-browser/node_modules/jest-circus/build/run.js:121:9)
    at run (/home/devel/basset-hound-browser/node_modules/jest-circus/build/run.js:71:3)
    at runAndTransformResultsToJestFormat (/home/devel/basset-hound-browser/node_modules/jest-circus/build/legacy-code-todo-rewrite/jestAdapterInit.js:122:21)
    at jestAdapter (/home/devel/basset-hound-browser/node_modules/jest-circus/build/legacy-code-todo-rewrite/jestAdapter.js:79:19)
    at runTestInternal (/home/devel/basset-hound-browser/node_modules/jest-runner/build/runTest.js:367:16)
    at runTest (/home/devel/basset-hound-browser/node_modules/jest-runner/build/runTest.js:444:34)
    at Object.worker (/home/devel/basset-hound-browser/node_modules/jest-runner/build/testWorker.js:106:12)</failure>
    </testcase>
    <testcase classname="CookieManager Export and Import should import Netscape format" name="CookieManager Export and Import should import Netscape format" time="0">
    </testcase>
    <testcase classname="CookieManager History Tracking should track cookie changes" name="CookieManager History Tracking should track cookie changes" time="0.001">
    </testcase>
    <testcase classname="CookieManager History Tracking should filter history by action" name="CookieManager History Tracking should filter history by action" time="0.001">
    </testcase>
    <testcase classname="CookieManager History Tracking should filter history by domain" name="CookieManager History Tracking should filter history by domain" time="0">
    </testcase>
    <testcase classname="CookieManager History Tracking should limit history size" name="CookieManager History Tracking should limit history size" time="0">
    </testcase>
    <testcase classname="CookieManager Clear Cookies should clear all browser cookies" name="CookieManager Clear Cookies should clear all browser cookies" time="0.001">
    </testcase>
    <testcase classname="CookieManager Statistics should track statistics" name="CookieManager Statistics should track statistics" time="0.001">
    </testcase>
    <testcase classname="CookieManager Helper Methods should construct URL correctly" name="CookieManager Helper Methods should construct URL correctly" time="0">
    </testcase>
    <testcase classname="CookieManager Helper Methods should identify sensitive cookies" name="CookieManager Helper Methods should identify sensitive cookies" time="0.001">
    </testcase>
    <testcase classname="CookieManager Helper Methods should calculate security score" name="CookieManager Helper Methods should calculate security score" time="0">
    </testcase>
    <testcase classname="CookieManager Events should emit jar:created event" name="CookieManager Events should emit jar:created event" time="0.001">
    </testcase>
    <testcase classname="CookieManager Events should emit jar:deleted event" name="CookieManager Events should emit jar:deleted event" time="0">
    </testcase>
    <testcase classname="CookieManager Events should emit jar:switched event" name="CookieManager Events should emit jar:switched event" time="0.001">
    </testcase>
  </testsuite>
  <testsuite name="Profile Templates" errors="0" failures="6" skipped="0" timestamp="2026-05-11T06:16:42" time="0.648" tests="55">
    <testcase classname="Profile Templates ProfileTemplate should create template with defaults" name="Profile Templates ProfileTemplate should create template with defaults" time="0.007">
    </testcase>
    <testcase classname="Profile Templates ProfileTemplate should create template with custom settings" name="Profile Templates ProfileTemplate should create template with custom settings" time="0.001">
    </testcase>
    <testcase classname="Profile Templates ProfileTemplate should generate profile from template" name="Profile Templates ProfileTemplate should generate profile from template" time="0.002">
      <failure>TypeError: Cannot read properties of undefined (reading &apos;userAgentTemplate&apos;)
    at FingerprintProfile.userAgentTemplate [as _generateProfile] (/home/devel/basset-hound-browser/evasion/fingerprint-profile.js:383:42)
    at new _generateProfile (/home/devel/basset-hound-browser/evasion/fingerprint-profile.js:320:10)
    at ProfileTemplate._generateFingerprint (/home/devel/basset-hound-browser/profiles/profile-templates.js:160:23)
    at ProfileTemplate._generateFingerprint [as generateProfile] (/home/devel/basset-hound-browser/profiles/profile-templates.js:130:25)
    at Object.generateProfile (/home/devel/basset-hound-browser/tests/unit/profile-templates.test.js:57:32)
    at Promise.then.completed (/home/devel/basset-hound-browser/node_modules/jest-circus/build/utils.js:298:28)
    at new Promise (&lt;anonymous&gt;)
    at callAsyncCircusFn (/home/devel/basset-hound-browser/node_modules/jest-circus/build/utils.js:231:10)
    at _callCircusTest (/home/devel/basset-hound-browser/node_modules/jest-circus/build/run.js:316:40)
    at processTicksAndRejections (node:internal/process/task_queues:95:5)
    at _runTest (/home/devel/basset-hound-browser/node_modules/jest-circus/build/run.js:252:3)
    at _runTestsForDescribeBlock (/home/devel/basset-hound-browser/node_modules/jest-circus/build/run.js:126:9)
    at _runTestsForDescribeBlock (/home/devel/basset-hound-browser/node_modules/jest-circus/build/run.js:121:9)
    at _runTestsForDescribeBlock (/home/devel/basset-hound-browser/node_modules/jest-circus/build/run.js:121:9)
    at run (/home/devel/basset-hound-browser/node_modules/jest-circus/build/run.js:71:3)
    at runAndTransformResultsToJestFormat (/home/devel/basset-hound-browser/node_modules/jest-circus/build/legacy-code-todo-rewrite/jestAdapterInit.js:122:21)
    at jestAdapter (/home/devel/basset-hound-browser/node_modules/jest-circus/build/legacy-code-todo-rewrite/jestAdapter.js:79:19)
    at runTestInternal (/home/devel/basset-hound-browser/node_modules/jest-runner/build/runTest.js:367:16)
    at runTest (/home/devel/basset-hound-browser/node_modules/jest-runner/build/runTest.js:444:34)
    at Object.worker (/home/devel/basset-hound-browser/node_modules/jest-runner/build/testWorker.js:106:12)</failure>
    </testcase>
    <testcase classname="Profile Templates ProfileTemplate should apply customizations when generating profile" name="Profile Templates ProfileTemplate should apply customizations when generating profile" time="0.001">
      <failure>TypeError: Cannot read properties of undefined (reading &apos;userAgentTemplate&apos;)
    at FingerprintProfile.userAgentTemplate [as _generateProfile] (/home/devel/basset-hound-browser/evasion/fingerprint-profile.js:383:42)
    at new _generateProfile (/home/devel/basset-hound-browser/evasion/fingerprint-profile.js:320:10)
    at ProfileTemplate._generateFingerprint (/home/devel/basset-hound-browser/profiles/profile-templates.js:160:23)
    at ProfileTemplate._generateFingerprint [as generateProfile] (/home/devel/basset-hound-browser/profiles/profile-templates.js:130:25)
    at Object.generateProfile (/home/devel/basset-hound-browser/tests/unit/profile-templates.test.js:72:32)
    at Promise.then.completed (/home/devel/basset-hound-browser/node_modules/jest-circus/build/utils.js:298:28)
    at new Promise (&lt;anonymous&gt;)
    at callAsyncCircusFn (/home/devel/basset-hound-browser/node_modules/jest-circus/build/utils.js:231:10)
    at _callCircusTest (/home/devel/basset-hound-browser/node_modules/jest-circus/build/run.js:316:40)
    at processTicksAndRejections (node:internal/process/task_queues:95:5)
    at _runTest (/home/devel/basset-hound-browser/node_modules/jest-circus/build/run.js:252:3)
    at _runTestsForDescribeBlock (/home/devel/basset-hound-browser/node_modules/jest-circus/build/run.js:126:9)
    at _runTestsForDescribeBlock (/home/devel/basset-hound-browser/node_modules/jest-circus/build/run.js:121:9)
    at _runTestsForDescribeBlock (/home/devel/basset-hound-browser/node_modules/jest-circus/build/run.js:121:9)
    at run (/home/devel/basset-hound-browser/node_modules/jest-circus/build/run.js:71:3)
    at runAndTransformResultsToJestFormat (/home/devel/basset-hound-browser/node_modules/jest-circus/build/legacy-code-todo-rewrite/jestAdapterInit.js:122:21)
    at jestAdapter (/home/devel/basset-hound-browser/node_modules/jest-circus/build/legacy-code-todo-rewrite/jestAdapter.js:79:19)
    at runTestInternal (/home/devel/basset-hound-browser/node_modules/jest-runner/build/runTest.js:367:16)
    at runTest (/home/devel/basset-hound-browser/node_modules/jest-runner/build/runTest.js:444:34)
    at Object.worker (/home/devel/basset-hound-browser/node_modules/jest-runner/build/testWorker.js:106:12)</failure>
    </testcase>
    <testcase classname="Profile Templates ProfileTemplate should record usage" name="Profile Templates ProfileTemplate should record usage" time="0">
    </testcase>
    <testcase classname="Profile Templates ProfileTemplate should update timestamp on usage" name="Profile Templates ProfileTemplate should update timestamp on usage" time="0">
    </testcase>
    <testcase classname="Profile Templates ProfileTemplateManager should initialize with built-in templates" name="Profile Templates ProfileTemplateManager should initialize with built-in templates" time="0.001">
    </testcase>
    <testcase classname="Profile Templates ProfileTemplateManager should have osint_investigator template" name="Profile Templates ProfileTemplateManager should have osint_investigator template" time="0.001">
    </testcase>
    <testcase classname="Profile Templates ProfileTemplateManager should have stealth_mode template" name="Profile Templates ProfileTemplateManager should have stealth_mode template" time="0.001">
    </testcase>
    <testcase classname="Profile Templates ProfileTemplateManager should have web_scraper template" name="Profile Templates ProfileTemplateManager should have web_scraper template" time="0.001">
    </testcase>
    <testcase classname="Profile Templates ProfileTemplateManager should register new template" name="Profile Templates ProfileTemplateManager should register new template" time="0.001">
    </testcase>
    <testcase classname="Profile Templates ProfileTemplateManager should throw error when registering invalid template" name="Profile Templates ProfileTemplateManager should throw error when registering invalid template" time="0.006">
    </testcase>
    <testcase classname="Profile Templates ProfileTemplateManager should list all templates" name="Profile Templates ProfileTemplateManager should list all templates" time="0.001">
    </testcase>
    <testcase classname="Profile Templates ProfileTemplateManager should filter templates by category" name="Profile Templates ProfileTemplateManager should filter templates by category" time="0">
    </testcase>
    <testcase classname="Profile Templates ProfileTemplateManager should filter templates by risk level" name="Profile Templates ProfileTemplateManager should filter templates by risk level" time="0.001">
    </testcase>
    <testcase classname="Profile Templates ProfileTemplateManager should filter templates by tags" name="Profile Templates ProfileTemplateManager should filter templates by tags" time="0.001">
    </testcase>
    <testcase classname="Profile Templates ProfileTemplateManager should sort templates by usage" name="Profile Templates ProfileTemplateManager should sort templates by usage" time="0.001">
    </testcase>
    <testcase classname="Profile Templates ProfileTemplateManager should sort templates by name" name="Profile Templates ProfileTemplateManager should sort templates by name" time="0.015">
    </testcase>
    <testcase classname="Profile Templates ProfileTemplateManager should search templates by name" name="Profile Templates ProfileTemplateManager should search templates by name" time="0">
    </testcase>
    <testcase classname="Profile Templates ProfileTemplateManager should search templates by description" name="Profile Templates ProfileTemplateManager should search templates by description" time="0">
    </testcase>
    <testcase classname="Profile Templates ProfileTemplateManager should search templates by tags" name="Profile Templates ProfileTemplateManager should search templates by tags" time="0">
    </testcase>
    <testcase classname="Profile Templates ProfileTemplateManager should return empty array for no search results" name="Profile Templates ProfileTemplateManager should return empty array for no search results" time="0.001">
    </testcase>
    <testcase classname="Profile Templates ProfileTemplateManager should delete template" name="Profile Templates ProfileTemplateManager should delete template" time="0.001">
    </testcase>
    <testcase classname="Profile Templates ProfileTemplateManager should return false when deleting non-existent template" name="Profile Templates ProfileTemplateManager should return false when deleting non-existent template" time="0.001">
    </testcase>
    <testcase classname="Profile Templates ProfileTemplateManager should create custom template" name="Profile Templates ProfileTemplateManager should create custom template" time="0">
    </testcase>
    <testcase classname="Profile Templates ProfileTemplateManager should clone template" name="Profile Templates ProfileTemplateManager should clone template" time="0.001">
    </testcase>
    <testcase classname="Profile Templates ProfileTemplateManager should clone template with modifications" name="Profile Templates ProfileTemplateManager should clone template with modifications" time="0">
    </testcase>
    <testcase classname="Profile Templates ProfileTemplateManager should throw error when cloning non-existent template" name="Profile Templates ProfileTemplateManager should throw error when cloning non-existent template" time="0.001">
    </testcase>
    <testcase classname="Profile Templates ProfileTemplateManager should export template" name="Profile Templates ProfileTemplateManager should export template" time="0.001">
    </testcase>
    <testcase classname="Profile Templates ProfileTemplateManager should throw error when exporting non-existent template" name="Profile Templates ProfileTemplateManager should throw error when exporting non-existent template" time="0.001">
    </testcase>
    <testcase classname="Profile Templates ProfileTemplateManager should import template" name="Profile Templates ProfileTemplateManager should import template" time="0.001">
    </testcase>
    <testcase classname="Profile Templates ProfileTemplateManager should get statistics" name="Profile Templates ProfileTemplateManager should get statistics" time="0.001">
    </testcase>
    <testcase classname="Profile Templates ProfileTemplateManager should count templates by category" name="Profile Templates ProfileTemplateManager should count templates by category" time="0.001">
    </testcase>
    <testcase classname="Profile Templates ProfileTemplateManager should list all tags" name="Profile Templates ProfileTemplateManager should list all tags" time="0.001">
    </testcase>
    <testcase classname="Profile Templates ProfileTemplateManager should sort most used templates" name="Profile Templates ProfileTemplateManager should sort most used templates" time="0">
    </testcase>
    <testcase classname="Profile Templates Built-in Templates osint_investigator should have balanced settings" name="Profile Templates Built-in Templates osint_investigator should have balanced settings" time="0.001">
    </testcase>
    <testcase classname="Profile Templates Built-in Templates stealth_mode should have maximum evasion" name="Profile Templates Built-in Templates stealth_mode should have maximum evasion" time="0.001">
    </testcase>
    <testcase classname="Profile Templates Built-in Templates web_scraper should be optimized for speed" name="Profile Templates Built-in Templates web_scraper should be optimized for speed" time="0.001">
    </testcase>
    <testcase classname="Profile Templates Built-in Templates social_media_monitor should allow cookies" name="Profile Templates Built-in Templates social_media_monitor should allow cookies" time="0.001">
    </testcase>
    <testcase classname="Profile Templates Built-in Templates ecommerce_shopper should have realistic shopping behavior" name="Profile Templates Built-in Templates ecommerce_shopper should have realistic shopping behavior" time="0.001">
    </testcase>
    <testcase classname="Profile Templates Built-in Templates news_reader should have content-focused settings" name="Profile Templates Built-in Templates news_reader should have content-focused settings" time="0.008">
    </testcase>
    <testcase classname="Profile Templates Built-in Templates testing_profile should have fast settings" name="Profile Templates Built-in Templates testing_profile should have fast settings" time="0">
    </testcase>
    <testcase classname="Profile Templates Built-in Templates mobile_simulator should have mobile settings" name="Profile Templates Built-in Templates mobile_simulator should have mobile settings" time="0.001">
    </testcase>
    <testcase classname="Profile Templates Constants should export TEMPLATE_CATEGORIES" name="Profile Templates Constants should export TEMPLATE_CATEGORIES" time="0">
    </testcase>
    <testcase classname="Profile Templates Constants should export RISK_LEVELS" name="Profile Templates Constants should export RISK_LEVELS" time="0">
    </testcase>
    <testcase classname="Profile Templates Constants should export ACTIVITY_PATTERNS" name="Profile Templates Constants should export ACTIVITY_PATTERNS" time="0">
    </testcase>
    <testcase classname="Profile Templates Profile Generation should generate complete profile" name="Profile Templates Profile Generation should generate complete profile" time="0.005">
      <failure>TypeError: Cannot read properties of undefined (reading &apos;userAgentTemplate&apos;)
    at FingerprintProfile.userAgentTemplate [as _generateProfile] (/home/devel/basset-hound-browser/evasion/fingerprint-profile.js:383:42)
    at new _generateProfile (/home/devel/basset-hound-browser/evasion/fingerprint-profile.js:320:10)
    at ProfileTemplate._generateFingerprint (/home/devel/basset-hound-browser/profiles/profile-templates.js:160:23)
    at ProfileTemplate._generateFingerprint [as generateProfile] (/home/devel/basset-hound-browser/profiles/profile-templates.js:130:25)
    at Object.generateProfile (/home/devel/basset-hound-browser/tests/unit/profile-templates.test.js:467:32)
    at Promise.then.completed (/home/devel/basset-hound-browser/node_modules/jest-circus/build/utils.js:298:28)
    at new Promise (&lt;anonymous&gt;)
    at callAsyncCircusFn (/home/devel/basset-hound-browser/node_modules/jest-circus/build/utils.js:231:10)
    at _callCircusTest (/home/devel/basset-hound-browser/node_modules/jest-circus/build/run.js:316:40)
    at processTicksAndRejections (node:internal/process/task_queues:95:5)
    at _runTest (/home/devel/basset-hound-browser/node_modules/jest-circus/build/run.js:252:3)
    at _runTestsForDescribeBlock (/home/devel/basset-hound-browser/node_modules/jest-circus/build/run.js:126:9)
    at _runTestsForDescribeBlock (/home/devel/basset-hound-browser/node_modules/jest-circus/build/run.js:121:9)
    at _runTestsForDescribeBlock (/home/devel/basset-hound-browser/node_modules/jest-circus/build/run.js:121:9)
    at run (/home/devel/basset-hound-browser/node_modules/jest-circus/build/run.js:71:3)
    at runAndTransformResultsToJestFormat (/home/devel/basset-hound-browser/node_modules/jest-circus/build/legacy-code-todo-rewrite/jestAdapterInit.js:122:21)
    at jestAdapter (/home/devel/basset-hound-browser/node_modules/jest-circus/build/legacy-code-todo-rewrite/jestAdapter.js:79:19)
    at runTestInternal (/home/devel/basset-hound-browser/node_modules/jest-runner/build/runTest.js:367:16)
    at runTest (/home/devel/basset-hound-browser/node_modules/jest-runner/build/runTest.js:444:34)
    at Object.worker (/home/devel/basset-hound-browser/node_modules/jest-runner/build/testWorker.js:106:12)</failure>
    </testcase>
    <testcase classname="Profile Templates Profile Generation should include metadata in generated profile" name="Profile Templates Profile Generation should include metadata in generated profile" time="0">
      <failure>TypeError: Cannot read properties of undefined (reading &apos;userAgentTemplate&apos;)
    at FingerprintProfile.userAgentTemplate [as _generateProfile] (/home/devel/basset-hound-browser/evasion/fingerprint-profile.js:383:42)
    at new _generateProfile (/home/devel/basset-hound-browser/evasion/fingerprint-profile.js:320:10)
    at ProfileTemplate._generateFingerprint (/home/devel/basset-hound-browser/profiles/profile-templates.js:160:23)
    at ProfileTemplate._generateFingerprint [as generateProfile] (/home/devel/basset-hound-browser/profiles/profile-templates.js:130:25)
    at Object.generateProfile (/home/devel/basset-hound-browser/tests/unit/profile-templates.test.js:480:32)
    at Promise.then.completed (/home/devel/basset-hound-browser/node_modules/jest-circus/build/utils.js:298:28)
    at new Promise (&lt;anonymous&gt;)
    at callAsyncCircusFn (/home/devel/basset-hound-browser/node_modules/jest-circus/build/utils.js:231:10)
    at _callCircusTest (/home/devel/basset-hound-browser/node_modules/jest-circus/build/run.js:316:40)
    at processTicksAndRejections (node:internal/process/task_queues:95:5)
    at _runTest (/home/devel/basset-hound-browser/node_modules/jest-circus/build/run.js:252:3)
    at _runTestsForDescribeBlock (/home/devel/basset-hound-browser/node_modules/jest-circus/build/run.js:126:9)
    at _runTestsForDescribeBlock (/home/devel/basset-hound-browser/node_modules/jest-circus/build/run.js:121:9)
    at _runTestsForDescribeBlock (/home/devel/basset-hound-browser/node_modules/jest-circus/build/run.js:121:9)
    at run (/home/devel/basset-hound-browser/node_modules/jest-circus/build/run.js:71:3)
    at runAndTransformResultsToJestFormat (/home/devel/basset-hound-browser/node_modules/jest-circus/build/legacy-code-todo-rewrite/jestAdapterInit.js:122:21)
    at jestAdapter (/home/devel/basset-hound-browser/node_modules/jest-circus/build/legacy-code-todo-rewrite/jestAdapter.js:79:19)
    at runTestInternal (/home/devel/basset-hound-browser/node_modules/jest-runner/build/runTest.js:367:16)
    at runTest (/home/devel/basset-hound-browser/node_modules/jest-runner/build/runTest.js:444:34)
    at Object.worker (/home/devel/basset-hound-browser/node_modules/jest-runner/build/testWorker.js:106:12)</failure>
    </testcase>
    <testcase classname="Profile Templates Profile Generation should increment usage count on generation" name="Profile Templates Profile Generation should increment usage count on generation" time="0.001">
      <failure>TypeError: Cannot read properties of undefined (reading &apos;userAgentTemplate&apos;)
    at FingerprintProfile.userAgentTemplate [as _generateProfile] (/home/devel/basset-hound-browser/evasion/fingerprint-profile.js:383:42)
    at new _generateProfile (/home/devel/basset-hound-browser/evasion/fingerprint-profile.js:320:10)
    at ProfileTemplate._generateFingerprint (/home/devel/basset-hound-browser/profiles/profile-templates.js:160:23)
    at ProfileTemplate._generateFingerprint [as generateProfile] (/home/devel/basset-hound-browser/profiles/profile-templates.js:130:25)
    at Object.generateProfile (/home/devel/basset-hound-browser/tests/unit/profile-templates.test.js:491:16)
    at Promise.then.completed (/home/devel/basset-hound-browser/node_modules/jest-circus/build/utils.js:298:28)
    at new Promise (&lt;anonymous&gt;)
    at callAsyncCircusFn (/home/devel/basset-hound-browser/node_modules/jest-circus/build/utils.js:231:10)
    at _callCircusTest (/home/devel/basset-hound-browser/node_modules/jest-circus/build/run.js:316:40)
    at processTicksAndRejections (node:internal/process/task_queues:95:5)
    at _runTest (/home/devel/basset-hound-browser/node_modules/jest-circus/build/run.js:252:3)
    at _runTestsForDescribeBlock (/home/devel/basset-hound-browser/node_modules/jest-circus/build/run.js:126:9)
    at _runTestsForDescribeBlock (/home/devel/basset-hound-browser/node_modules/jest-circus/build/run.js:121:9)
    at _runTestsForDescribeBlock (/home/devel/basset-hound-browser/node_modules/jest-circus/build/run.js:121:9)
    at run (/home/devel/basset-hound-browser/node_modules/jest-circus/build/run.js:71:3)
    at runAndTransformResultsToJestFormat (/home/devel/basset-hound-browser/node_modules/jest-circus/build/legacy-code-todo-rewrite/jestAdapterInit.js:122:21)
    at jestAdapter (/home/devel/basset-hound-browser/node_modules/jest-circus/build/legacy-code-todo-rewrite/jestAdapter.js:79:19)
    at runTestInternal (/home/devel/basset-hound-browser/node_modules/jest-runner/build/runTest.js:367:16)
    at runTest (/home/devel/basset-hound-browser/node_modules/jest-runner/build/runTest.js:444:34)
    at Object.worker (/home/devel/basset-hound-browser/node_modules/jest-runner/build/testWorker.js:106:12)</failure>
    </testcase>
    <testcase classname="Profile Templates Profile Generation should apply customizations to generated profile" name="Profile Templates Profile Generation should apply customizations to generated profile" time="0.001">
      <failure>TypeError: Cannot read properties of undefined (reading &apos;userAgentTemplate&apos;)
    at FingerprintProfile.userAgentTemplate [as _generateProfile] (/home/devel/basset-hound-browser/evasion/fingerprint-profile.js:383:42)
    at new _generateProfile (/home/devel/basset-hound-browser/evasion/fingerprint-profile.js:320:10)
    at ProfileTemplate._generateFingerprint (/home/devel/basset-hound-browser/profiles/profile-templates.js:160:23)
    at ProfileTemplate._generateFingerprint [as generateProfile] (/home/devel/basset-hound-browser/profiles/profile-templates.js:130:25)
    at Object.generateProfile (/home/devel/basset-hound-browser/tests/unit/profile-templates.test.js:498:32)
    at Promise.then.completed (/home/devel/basset-hound-browser/node_modules/jest-circus/build/utils.js:298:28)
    at new Promise (&lt;anonymous&gt;)
    at callAsyncCircusFn (/home/devel/basset-hound-browser/node_modules/jest-circus/build/utils.js:231:10)
    at _callCircusTest (/home/devel/basset-hound-browser/node_modules/jest-circus/build/run.js:316:40)
    at processTicksAndRejections (node:internal/process/task_queues:95:5)
    at _runTest (/home/devel/basset-hound-browser/node_modules/jest-circus/build/run.js:252:3)
    at _runTestsForDescribeBlock (/home/devel/basset-hound-browser/node_modules/jest-circus/build/run.js:126:9)
    at _runTestsForDescribeBlock (/home/devel/basset-hound-browser/node_modules/jest-circus/build/run.js:121:9)
    at _runTestsForDescribeBlock (/home/devel/basset-hound-browser/node_modules/jest-circus/build/run.js:121:9)
    at run (/home/devel/basset-hound-browser/node_modules/jest-circus/build/run.js:71:3)
    at runAndTransformResultsToJestFormat (/home/devel/basset-hound-browser/node_modules/jest-circus/build/legacy-code-todo-rewrite/jestAdapterInit.js:122:21)
    at jestAdapter (/home/devel/basset-hound-browser/node_modules/jest-circus/build/legacy-code-todo-rewrite/jestAdapter.js:79:19)
    at runTestInternal (/home/devel/basset-hound-browser/node_modules/jest-runner/build/runTest.js:367:16)
    at runTest (/home/devel/basset-hound-browser/node_modules/jest-runner/build/runTest.js:444:34)
    at Object.worker (/home/devel/basset-hound-browser/node_modules/jest-runner/build/testWorker.js:106:12)</failure>
    </testcase>
    <testcase classname="Profile Templates Edge Cases should handle empty filter" name="Profile Templates Edge Cases should handle empty filter" time="0.001">
    </testcase>
    <testcase classname="Profile Templates Edge Cases should handle filter with no matches" name="Profile Templates Edge Cases should handle filter with no matches" time="0">
    </testcase>
    <testcase classname="Profile Templates Edge Cases should handle case-insensitive search" name="Profile Templates Edge Cases should handle case-insensitive search" time="0.001">
    </testcase>
    <testcase classname="Profile Templates Edge Cases should handle template with minimal data" name="Profile Templates Edge Cases should handle template with minimal data" time="0">
    </testcase>
    <testcase classname="Profile Templates Edge Cases should handle export/import cycle" name="Profile Templates Edge Cases should handle export/import cycle" time="0.001">
    </testcase>
  </testsuite>
  <testsuite name="ImageMetadataExtractor" errors="0" failures="15" skipped="0" timestamp="2026-05-11T06:16:42" time="0.776" tests="65">
    <testcase classname="ImageMetadataExtractor initialization should initialize with default options" name="ImageMetadataExtractor initialization should initialize with default options" time="0.006">
    </testcase>
    <testcase classname="ImageMetadataExtractor initialization should accept custom options" name="ImageMetadataExtractor initialization should accept custom options" time="0">
    </testcase>
    <testcase classname="ImageMetadataExtractor initialization should merge custom options with defaults" name="ImageMetadataExtractor initialization should merge custom options with defaults" time="0.001">
    </testcase>
    <testcase classname="ImageMetadataExtractor createImageExtractor factory should create extractor instance" name="ImageMetadataExtractor createImageExtractor factory should create extractor instance" time="0">
    </testcase>
    <testcase classname="ImageMetadataExtractor createImageExtractor factory should pass options to instance" name="ImageMetadataExtractor createImageExtractor factory should pass options to instance" time="0.001">
    </testcase>
    <testcase classname="ImageMetadataExtractor DEFAULT_OPTIONS should have all required options" name="ImageMetadataExtractor DEFAULT_OPTIONS should have all required options" time="0.006">
    </testcase>
    <testcase classname="ImageMetadataExtractor DEFAULT_OPTIONS should have correct default values" name="ImageMetadataExtractor DEFAULT_OPTIONS should have correct default values" time="0.001">
    </testcase>
    <testcase classname="ImageMetadataExtractor IMAGE_ORPHAN_MAPPINGS should have mappings for common types" name="ImageMetadataExtractor IMAGE_ORPHAN_MAPPINGS should have mappings for common types" time="0.004">
    </testcase>
    <testcase classname="ImageMetadataExtractor _getSourceInfo should identify URL source" name="ImageMetadataExtractor _getSourceInfo should identify URL source" time="0.001">
    </testcase>
    <testcase classname="ImageMetadataExtractor _getSourceInfo should identify file path source" name="ImageMetadataExtractor _getSourceInfo should identify file path source" time="0.001">
    </testcase>
    <testcase classname="ImageMetadataExtractor _getSourceInfo should identify data URL source" name="ImageMetadataExtractor _getSourceInfo should identify data URL source" time="0">
    </testcase>
    <testcase classname="ImageMetadataExtractor _getSourceInfo should identify buffer source" name="ImageMetadataExtractor _getSourceInfo should identify buffer source" time="0.003">
    </testcase>
    <testcase classname="ImageMetadataExtractor _getSourceInfo should identify ArrayBuffer source" name="ImageMetadataExtractor _getSourceInfo should identify ArrayBuffer source" time="0.001">
    </testcase>
    <testcase classname="ImageMetadataExtractor _normalizeExif should handle null input" name="ImageMetadataExtractor _normalizeExif should handle null input" time="0">
    </testcase>
    <testcase classname="ImageMetadataExtractor _normalizeExif should normalize EXIF data" name="ImageMetadataExtractor _normalizeExif should normalize EXIF data" time="0.002">
    </testcase>
    <testcase classname="ImageMetadataExtractor _normalizeExif should handle missing fields gracefully" name="ImageMetadataExtractor _normalizeExif should handle missing fields gracefully" time="0.001">
    </testcase>
    <testcase classname="ImageMetadataExtractor _normalizeIptc should handle null input" name="ImageMetadataExtractor _normalizeIptc should handle null input" time="0.001">
    </testcase>
    <testcase classname="ImageMetadataExtractor _normalizeIptc should normalize IPTC data" name="ImageMetadataExtractor _normalizeIptc should normalize IPTC data" time="0.002">
    </testcase>
    <testcase classname="ImageMetadataExtractor _normalizeXmp should handle null input" name="ImageMetadataExtractor _normalizeXmp should handle null input" time="0.001">
    </testcase>
    <testcase classname="ImageMetadataExtractor _normalizeXmp should normalize XMP data" name="ImageMetadataExtractor _normalizeXmp should normalize XMP data" time="0.001">
    </testcase>
    <testcase classname="ImageMetadataExtractor _normalizeArray should handle null input" name="ImageMetadataExtractor _normalizeArray should handle null input" time="0">
    </testcase>
    <testcase classname="ImageMetadataExtractor _normalizeArray should handle array input" name="ImageMetadataExtractor _normalizeArray should handle array input" time="0.001">
    </testcase>
    <testcase classname="ImageMetadataExtractor _normalizeArray should handle object with description array" name="ImageMetadataExtractor _normalizeArray should handle object with description array" time="0">
    </testcase>
    <testcase classname="ImageMetadataExtractor _normalizeArray should handle object with single description" name="ImageMetadataExtractor _normalizeArray should handle object with single description" time="0.001">
    </testcase>
    <testcase classname="ImageMetadataExtractor _extractOsintFromText should extract emails from text" name="ImageMetadataExtractor _extractOsintFromText should extract emails from text" time="0.001">
    </testcase>
    <testcase classname="ImageMetadataExtractor _extractOsintFromText should extract phone numbers from text" name="ImageMetadataExtractor _extractOsintFromText should extract phone numbers from text" time="0.001">
    </testcase>
    <testcase classname="ImageMetadataExtractor _extractOsintFromText should extract URLs from text" name="ImageMetadataExtractor _extractOsintFromText should extract URLs from text" time="0.001">
    </testcase>
    <testcase classname="ImageMetadataExtractor _extractOsintFromText should handle empty text" name="ImageMetadataExtractor _extractOsintFromText should handle empty text" time="0">
    </testcase>
    <testcase classname="ImageMetadataExtractor _extractOsintFromMetadata should extract device info from EXIF" name="ImageMetadataExtractor _extractOsintFromMetadata should extract device info from EXIF" time="0.001">
    </testcase>
    <testcase classname="ImageMetadataExtractor _extractOsintFromMetadata should extract author from IPTC" name="ImageMetadataExtractor _extractOsintFromMetadata should extract author from IPTC" time="0.001">
    </testcase>
    <testcase classname="ImageMetadataExtractor _extractOsintFromMetadata should extract creator from XMP" name="ImageMetadataExtractor _extractOsintFromMetadata should extract creator from XMP" time="0.001">
    </testcase>
    <testcase classname="ImageMetadataExtractor _extractOsintFromMetadata should extract location from IPTC" name="ImageMetadataExtractor _extractOsintFromMetadata should extract location from IPTC" time="0.001">
    </testcase>
    <testcase classname="ImageMetadataExtractor generateOrphanData should generate orphan data from extraction result" name="ImageMetadataExtractor generateOrphanData should generate orphan data from extraction result" time="0.001">
    </testcase>
    <testcase classname="ImageMetadataExtractor generateOrphanData should handle empty osint data" name="ImageMetadataExtractor generateOrphanData should handle empty osint data" time="0.001">
    </testcase>
    <testcase classname="ImageMetadataExtractor generateOrphanData should handle missing osint data" name="ImageMetadataExtractor generateOrphanData should handle missing osint data" time="0">
    </testcase>
    <testcase classname="ImageMetadataExtractor getStats should return extractor statistics" name="ImageMetadataExtractor getStats should return extractor statistics" time="0.001">
    </testcase>
    <testcase classname="ImageMetadataExtractor getStats should include options in stats" name="ImageMetadataExtractor getStats should include options in stats" time="0">
    </testcase>
    <testcase classname="ImageMetadataExtractor extract (integration) should return proper result structure on error" name="ImageMetadataExtractor extract (integration) should return proper result structure on error" time="0.12">
    </testcase>
    <testcase classname="ImageMetadataExtractor extract (integration) should allow overriding options per extraction" name="ImageMetadataExtractor extract (integration) should allow overriding options per extraction" time="0.009">
    </testcase>
    <testcase classname="ImageMetadataExtractor cleanup should clean up resources without error" name="ImageMetadataExtractor cleanup should clean up resources without error" time="0.001">
    </testcase>
    <testcase classname="ImageMetadataExtractor cleanup should be callable multiple times" name="ImageMetadataExtractor cleanup should be callable multiple times" time="0">
    </testcase>
    <testcase classname="Canvas Capture captureCanvasElements should require webContents parameter" name="Canvas Capture captureCanvasElements should require webContents parameter" time="0">
      <failure>ReferenceError: extractor is not defined
    at Object.extractor (/home/devel/basset-hound-browser/tests/unit/image-metadata-extractor.test.js:487:20)
    at Promise.then.completed (/home/devel/basset-hound-browser/node_modules/jest-circus/build/utils.js:298:28)
    at new Promise (&lt;anonymous&gt;)
    at callAsyncCircusFn (/home/devel/basset-hound-browser/node_modules/jest-circus/build/utils.js:231:10)
    at _callCircusTest (/home/devel/basset-hound-browser/node_modules/jest-circus/build/run.js:316:40)
    at processTicksAndRejections (node:internal/process/task_queues:95:5)
    at _runTest (/home/devel/basset-hound-browser/node_modules/jest-circus/build/run.js:252:3)
    at _runTestsForDescribeBlock (/home/devel/basset-hound-browser/node_modules/jest-circus/build/run.js:126:9)
    at _runTestsForDescribeBlock (/home/devel/basset-hound-browser/node_modules/jest-circus/build/run.js:121:9)
    at _runTestsForDescribeBlock (/home/devel/basset-hound-browser/node_modules/jest-circus/build/run.js:121:9)
    at run (/home/devel/basset-hound-browser/node_modules/jest-circus/build/run.js:71:3)
    at runAndTransformResultsToJestFormat (/home/devel/basset-hound-browser/node_modules/jest-circus/build/legacy-code-todo-rewrite/jestAdapterInit.js:122:21)
    at jestAdapter (/home/devel/basset-hound-browser/node_modules/jest-circus/build/legacy-code-todo-rewrite/jestAdapter.js:79:19)
    at runTestInternal (/home/devel/basset-hound-browser/node_modules/jest-runner/build/runTest.js:367:16)
    at runTest (/home/devel/basset-hound-browser/node_modules/jest-runner/build/runTest.js:444:34)
    at Object.worker (/home/devel/basset-hound-browser/node_modules/jest-runner/build/testWorker.js:106:12)</failure>
    </testcase>
    <testcase classname="Canvas Capture captureCanvasElements should handle mock webContents with no canvas elements" name="Canvas Capture captureCanvasElements should handle mock webContents with no canvas elements" time="0.001">
      <failure>ReferenceError: extractor is not defined
    at Object.&lt;anonymous&gt; (/home/devel/basset-hound-browser/tests/unit/image-metadata-extractor.test.js:495:22)
    at Promise.then.completed (/home/devel/basset-hound-browser/node_modules/jest-circus/build/utils.js:298:28)
    at new Promise (&lt;anonymous&gt;)
    at callAsyncCircusFn (/home/devel/basset-hound-browser/node_modules/jest-circus/build/utils.js:231:10)
    at _callCircusTest (/home/devel/basset-hound-browser/node_modules/jest-circus/build/run.js:316:40)
    at processTicksAndRejections (node:internal/process/task_queues:95:5)
    at _runTest (/home/devel/basset-hound-browser/node_modules/jest-circus/build/run.js:252:3)
    at _runTestsForDescribeBlock (/home/devel/basset-hound-browser/node_modules/jest-circus/build/run.js:126:9)
    at _runTestsForDescribeBlock (/home/devel/basset-hound-browser/node_modules/jest-circus/build/run.js:121:9)
    at _runTestsForDescribeBlock (/home/devel/basset-hound-browser/node_modules/jest-circus/build/run.js:121:9)
    at run (/home/devel/basset-hound-browser/node_modules/jest-circus/build/run.js:71:3)
    at runAndTransformResultsToJestFormat (/home/devel/basset-hound-browser/node_modules/jest-circus/build/legacy-code-todo-rewrite/jestAdapterInit.js:122:21)
    at jestAdapter (/home/devel/basset-hound-browser/node_modules/jest-circus/build/legacy-code-todo-rewrite/jestAdapter.js:79:19)
    at runTestInternal (/home/devel/basset-hound-browser/node_modules/jest-runner/build/runTest.js:367:16)
    at runTest (/home/devel/basset-hound-browser/node_modules/jest-runner/build/runTest.js:444:34)
    at Object.worker (/home/devel/basset-hound-browser/node_modules/jest-runner/build/testWorker.js:106:12)</failure>
    </testcase>
    <testcase classname="Canvas Capture captureCanvasElements should process canvas data correctly" name="Canvas Capture captureCanvasElements should process canvas data correctly" time="0">
      <failure>ReferenceError: extractor is not defined
    at Object.&lt;anonymous&gt; (/home/devel/basset-hound-browser/tests/unit/image-metadata-extractor.test.js:521:22)
    at Promise.then.completed (/home/devel/basset-hound-browser/node_modules/jest-circus/build/utils.js:298:28)
    at new Promise (&lt;anonymous&gt;)
    at callAsyncCircusFn (/home/devel/basset-hound-browser/node_modules/jest-circus/build/utils.js:231:10)
    at _callCircusTest (/home/devel/basset-hound-browser/node_modules/jest-circus/build/run.js:316:40)
    at processTicksAndRejections (node:internal/process/task_queues:95:5)
    at _runTest (/home/devel/basset-hound-browser/node_modules/jest-circus/build/run.js:252:3)
    at _runTestsForDescribeBlock (/home/devel/basset-hound-browser/node_modules/jest-circus/build/run.js:126:9)
    at _runTestsForDescribeBlock (/home/devel/basset-hound-browser/node_modules/jest-circus/build/run.js:121:9)
    at _runTestsForDescribeBlock (/home/devel/basset-hound-browser/node_modules/jest-circus/build/run.js:121:9)
    at run (/home/devel/basset-hound-browser/node_modules/jest-circus/build/run.js:71:3)
    at runAndTransformResultsToJestFormat (/home/devel/basset-hound-browser/node_modules/jest-circus/build/legacy-code-todo-rewrite/jestAdapterInit.js:122:21)
    at jestAdapter (/home/devel/basset-hound-browser/node_modules/jest-circus/build/legacy-code-todo-rewrite/jestAdapter.js:79:19)
    at runTestInternal (/home/devel/basset-hound-browser/node_modules/jest-runner/build/runTest.js:367:16)
    at runTest (/home/devel/basset-hound-browser/node_modules/jest-runner/build/runTest.js:444:34)
    at Object.worker (/home/devel/basset-hound-browser/node_modules/jest-runner/build/testWorker.js:106:12)</failure>
    </testcase>
    <testcase classname="Canvas Capture captureCanvasElements should handle canvas capture errors" name="Canvas Capture captureCanvasElements should handle canvas capture errors" time="0">
      <failure>ReferenceError: extractor is not defined
    at Object.&lt;anonymous&gt; (/home/devel/basset-hound-browser/tests/unit/image-metadata-extractor.test.js:540:22)
    at Promise.then.completed (/home/devel/basset-hound-browser/node_modules/jest-circus/build/utils.js:298:28)
    at new Promise (&lt;anonymous&gt;)
    at callAsyncCircusFn (/home/devel/basset-hound-browser/node_modules/jest-circus/build/utils.js:231:10)
    at _callCircusTest (/home/devel/basset-hound-browser/node_modules/jest-circus/build/run.js:316:40)
    at processTicksAndRejections (node:internal/process/task_queues:95:5)
    at _runTest (/home/devel/basset-hound-browser/node_modules/jest-circus/build/run.js:252:3)
    at _runTestsForDescribeBlock (/home/devel/basset-hound-browser/node_modules/jest-circus/build/run.js:126:9)
    at _runTestsForDescribeBlock (/home/devel/basset-hound-browser/node_modules/jest-circus/build/run.js:121:9)
    at _runTestsForDescribeBlock (/home/devel/basset-hound-browser/node_modules/jest-circus/build/run.js:121:9)
    at run (/home/devel/basset-hound-browser/node_modules/jest-circus/build/run.js:71:3)
    at runAndTransformResultsToJestFormat (/home/devel/basset-hound-browser/node_modules/jest-circus/build/legacy-code-todo-rewrite/jestAdapterInit.js:122:21)
    at jestAdapter (/home/devel/basset-hound-browser/node_modules/jest-circus/build/legacy-code-todo-rewrite/jestAdapter.js:79:19)
    at runTestInternal (/home/devel/basset-hound-browser/node_modules/jest-runner/build/runTest.js:367:16)
    at runTest (/home/devel/basset-hound-browser/node_modules/jest-runner/build/runTest.js:444:34)
    at Object.worker (/home/devel/basset-hound-browser/node_modules/jest-runner/build/testWorker.js:106:12)</failure>
    </testcase>
    <testcase classname="SVG Extraction extractSVGElements should require webContents parameter" name="SVG Extraction extractSVGElements should require webContents parameter" time="0">
      <failure>ReferenceError: extractor is not defined
    at Object.extractor (/home/devel/basset-hound-browser/tests/unit/image-metadata-extractor.test.js:551:20)
    at Promise.then.completed (/home/devel/basset-hound-browser/node_modules/jest-circus/build/utils.js:298:28)
    at new Promise (&lt;anonymous&gt;)
    at callAsyncCircusFn (/home/devel/basset-hound-browser/node_modules/jest-circus/build/utils.js:231:10)
    at _callCircusTest (/home/devel/basset-hound-browser/node_modules/jest-circus/build/run.js:316:40)
    at processTicksAndRejections (node:internal/process/task_queues:95:5)
    at _runTest (/home/devel/basset-hound-browser/node_modules/jest-circus/build/run.js:252:3)
    at _runTestsForDescribeBlock (/home/devel/basset-hound-browser/node_modules/jest-circus/build/run.js:126:9)
    at _runTestsForDescribeBlock (/home/devel/basset-hound-browser/node_modules/jest-circus/build/run.js:121:9)
    at _runTestsForDescribeBlock (/home/devel/basset-hound-browser/node_modules/jest-circus/build/run.js:121:9)
    at run (/home/devel/basset-hound-browser/node_modules/jest-circus/build/run.js:71:3)
    at runAndTransformResultsToJestFormat (/home/devel/basset-hound-browser/node_modules/jest-circus/build/legacy-code-todo-rewrite/jestAdapterInit.js:122:21)
    at jestAdapter (/home/devel/basset-hound-browser/node_modules/jest-circus/build/legacy-code-todo-rewrite/jestAdapter.js:79:19)
    at runTestInternal (/home/devel/basset-hound-browser/node_modules/jest-runner/build/runTest.js:367:16)
    at runTest (/home/devel/basset-hound-browser/node_modules/jest-runner/build/runTest.js:444:34)
    at Object.worker (/home/devel/basset-hound-browser/node_modules/jest-runner/build/testWorker.js:106:12)</failure>
    </testcase>
    <testcase classname="SVG Extraction extractSVGElements should handle mock webContents with no SVG elements" name="SVG Extraction extractSVGElements should handle mock webContents with no SVG elements" time="0">
      <failure>ReferenceError: extractor is not defined
    at Object.&lt;anonymous&gt; (/home/devel/basset-hound-browser/tests/unit/image-metadata-extractor.test.js:562:22)
    at Promise.then.completed (/home/devel/basset-hound-browser/node_modules/jest-circus/build/utils.js:298:28)
    at new Promise (&lt;anonymous&gt;)
    at callAsyncCircusFn (/home/devel/basset-hound-browser/node_modules/jest-circus/build/utils.js:231:10)
    at _callCircusTest (/home/devel/basset-hound-browser/node_modules/jest-circus/build/run.js:316:40)
    at processTicksAndRejections (node:internal/process/task_queues:95:5)
    at _runTest (/home/devel/basset-hound-browser/node_modules/jest-circus/build/run.js:252:3)
    at _runTestsForDescribeBlock (/home/devel/basset-hound-browser/node_modules/jest-circus/build/run.js:126:9)
    at _runTestsForDescribeBlock (/home/devel/basset-hound-browser/node_modules/jest-circus/build/run.js:121:9)
    at _runTestsForDescribeBlock (/home/devel/basset-hound-browser/node_modules/jest-circus/build/run.js:121:9)
    at run (/home/devel/basset-hound-browser/node_modules/jest-circus/build/run.js:71:3)
    at runAndTransformResultsToJestFormat (/home/devel/basset-hound-browser/node_modules/jest-circus/build/legacy-code-todo-rewrite/jestAdapterInit.js:122:21)
    at jestAdapter (/home/devel/basset-hound-browser/node_modules/jest-circus/build/legacy-code-todo-rewrite/jestAdapter.js:79:19)
    at runTestInternal (/home/devel/basset-hound-browser/node_modules/jest-runner/build/runTest.js:367:16)
    at runTest (/home/devel/basset-hound-browser/node_modules/jest-runner/build/runTest.js:444:34)
    at Object.worker (/home/devel/basset-hound-browser/node_modules/jest-runner/build/testWorker.js:106:12)</failure>
    </testcase>
    <testcase classname="SVG Extraction extractSVGElements should extract inline SVG elements" name="SVG Extraction extractSVGElements should extract inline SVG elements" time="0">
      <failure>ReferenceError: extractor is not defined
    at Object.&lt;anonymous&gt; (/home/devel/basset-hound-browser/tests/unit/image-metadata-extractor.test.js:593:22)
    at Promise.then.completed (/home/devel/basset-hound-browser/node_modules/jest-circus/build/utils.js:298:28)
    at new Promise (&lt;anonymous&gt;)
    at callAsyncCircusFn (/home/devel/basset-hound-browser/node_modules/jest-circus/build/utils.js:231:10)
    at _callCircusTest (/home/devel/basset-hound-browser/node_modules/jest-circus/build/run.js:316:40)
    at processTicksAndRejections (node:internal/process/task_queues:95:5)
    at _runTest (/home/devel/basset-hound-browser/node_modules/jest-circus/build/run.js:252:3)
    at _runTestsForDescribeBlock (/home/devel/basset-hound-browser/node_modules/jest-circus/build/run.js:126:9)
    at _runTestsForDescribeBlock (/home/devel/basset-hound-browser/node_modules/jest-circus/build/run.js:121:9)
    at _runTestsForDescribeBlock (/home/devel/basset-hound-browser/node_modules/jest-circus/build/run.js:121:9)
    at run (/home/devel/basset-hound-browser/node_modules/jest-circus/build/run.js:71:3)
    at runAndTransformResultsToJestFormat (/home/devel/basset-hound-browser/node_modules/jest-circus/build/legacy-code-todo-rewrite/jestAdapterInit.js:122:21)
    at jestAdapter (/home/devel/basset-hound-browser/node_modules/jest-circus/build/legacy-code-todo-rewrite/jestAdapter.js:79:19)
    at runTestInternal (/home/devel/basset-hound-browser/node_modules/jest-runner/build/runTest.js:367:16)
    at runTest (/home/devel/basset-hound-browser/node_modules/jest-runner/build/runTest.js:444:34)
    at Object.worker (/home/devel/basset-hound-browser/node_modules/jest-runner/build/testWorker.js:106:12)</failure>
    </testcase>
    <testcase classname="SVG Extraction extractSVGElements should extract external SVG references" name="SVG Extraction extractSVGElements should extract external SVG references" time="0.001">
      <failure>ReferenceError: extractor is not defined
    at Object.&lt;anonymous&gt; (/home/devel/basset-hound-browser/tests/unit/image-metadata-extractor.test.js:624:22)
    at Promise.then.completed (/home/devel/basset-hound-browser/node_modules/jest-circus/build/utils.js:298:28)
    at new Promise (&lt;anonymous&gt;)
    at callAsyncCircusFn (/home/devel/basset-hound-browser/node_modules/jest-circus/build/utils.js:231:10)
    at _callCircusTest (/home/devel/basset-hound-browser/node_modules/jest-circus/build/run.js:316:40)
    at processTicksAndRejections (node:internal/process/task_queues:95:5)
    at _runTest (/home/devel/basset-hound-browser/node_modules/jest-circus/build/run.js:252:3)
    at _runTestsForDescribeBlock (/home/devel/basset-hound-browser/node_modules/jest-circus/build/run.js:126:9)
    at _runTestsForDescribeBlock (/home/devel/basset-hound-browser/node_modules/jest-circus/build/run.js:121:9)
    at _runTestsForDescribeBlock (/home/devel/basset-hound-browser/node_modules/jest-circus/build/run.js:121:9)
    at run (/home/devel/basset-hound-browser/node_modules/jest-circus/build/run.js:71:3)
    at runAndTransformResultsToJestFormat (/home/devel/basset-hound-browser/node_modules/jest-circus/build/legacy-code-todo-rewrite/jestAdapterInit.js:122:21)
    at jestAdapter (/home/devel/basset-hound-browser/node_modules/jest-circus/build/legacy-code-todo-rewrite/jestAdapter.js:79:19)
    at runTestInternal (/home/devel/basset-hound-browser/node_modules/jest-runner/build/runTest.js:367:16)
    at runTest (/home/devel/basset-hound-browser/node_modules/jest-runner/build/runTest.js:444:34)
    at Object.worker (/home/devel/basset-hound-browser/node_modules/jest-runner/build/testWorker.js:106:12)</failure>
    </testcase>
    <testcase classname="SVG Extraction extractSVGElements should deduplicate external SVG references" name="SVG Extraction extractSVGElements should deduplicate external SVG references" time="0">
      <failure>ReferenceError: extractor is not defined
    at Object.&lt;anonymous&gt; (/home/devel/basset-hound-browser/tests/unit/image-metadata-extractor.test.js:644:22)
    at Promise.then.completed (/home/devel/basset-hound-browser/node_modules/jest-circus/build/utils.js:298:28)
    at new Promise (&lt;anonymous&gt;)
    at callAsyncCircusFn (/home/devel/basset-hound-browser/node_modules/jest-circus/build/utils.js:231:10)
    at _callCircusTest (/home/devel/basset-hound-browser/node_modules/jest-circus/build/run.js:316:40)
    at processTicksAndRejections (node:internal/process/task_queues:95:5)
    at _runTest (/home/devel/basset-hound-browser/node_modules/jest-circus/build/run.js:252:3)
    at _runTestsForDescribeBlock (/home/devel/basset-hound-browser/node_modules/jest-circus/build/run.js:126:9)
    at _runTestsForDescribeBlock (/home/devel/basset-hound-browser/node_modules/jest-circus/build/run.js:121:9)
    at _runTestsForDescribeBlock (/home/devel/basset-hound-browser/node_modules/jest-circus/build/run.js:121:9)
    at run (/home/devel/basset-hound-browser/node_modules/jest-circus/build/run.js:71:3)
    at runAndTransformResultsToJestFormat (/home/devel/basset-hound-browser/node_modules/jest-circus/build/legacy-code-todo-rewrite/jestAdapterInit.js:122:21)
    at jestAdapter (/home/devel/basset-hound-browser/node_modules/jest-circus/build/legacy-code-todo-rewrite/jestAdapter.js:79:19)
    at runTestInternal (/home/devel/basset-hound-browser/node_modules/jest-runner/build/runTest.js:367:16)
    at runTest (/home/devel/basset-hound-browser/node_modules/jest-runner/build/runTest.js:444:34)
    at Object.worker (/home/devel/basset-hound-browser/node_modules/jest-runner/build/testWorker.js:106:12)</failure>
    </testcase>
    <testcase classname="Favicon and Open Graph Images extractFaviconAndOGImages should require webContents parameter" name="Favicon and Open Graph Images extractFaviconAndOGImages should require webContents parameter" time="0">
      <failure>ReferenceError: extractor is not defined
    at Object.extractor (/home/devel/basset-hound-browser/tests/unit/image-metadata-extractor.test.js:655:20)
    at Promise.then.completed (/home/devel/basset-hound-browser/node_modules/jest-circus/build/utils.js:298:28)
    at new Promise (&lt;anonymous&gt;)
    at callAsyncCircusFn (/home/devel/basset-hound-browser/node_modules/jest-circus/build/utils.js:231:10)
    at _callCircusTest (/home/devel/basset-hound-browser/node_modules/jest-circus/build/run.js:316:40)
    at processTicksAndRejections (node:internal/process/task_queues:95:5)
    at _runTest (/home/devel/basset-hound-browser/node_modules/jest-circus/build/run.js:252:3)
    at _runTestsForDescribeBlock (/home/devel/basset-hound-browser/node_modules/jest-circus/build/run.js:126:9)
    at _runTestsForDescribeBlock (/home/devel/basset-hound-browser/node_modules/jest-circus/build/run.js:121:9)
    at _runTestsForDescribeBlock (/home/devel/basset-hound-browser/node_modules/jest-circus/build/run.js:121:9)
    at run (/home/devel/basset-hound-browser/node_modules/jest-circus/build/run.js:71:3)
    at runAndTransformResultsToJestFormat (/home/devel/basset-hound-browser/node_modules/jest-circus/build/legacy-code-todo-rewrite/jestAdapterInit.js:122:21)
    at jestAdapter (/home/devel/basset-hound-browser/node_modules/jest-circus/build/legacy-code-todo-rewrite/jestAdapter.js:79:19)
    at runTestInternal (/home/devel/basset-hound-browser/node_modules/jest-runner/build/runTest.js:367:16)
    at runTest (/home/devel/basset-hound-browser/node_modules/jest-runner/build/runTest.js:444:34)
    at Object.worker (/home/devel/basset-hound-browser/node_modules/jest-runner/build/testWorker.js:106:12)</failure>
    </testcase>
    <testcase classname="Favicon and Open Graph Images extractFaviconAndOGImages should extract favicons" name="Favicon and Open Graph Images extractFaviconAndOGImages should extract favicons" time="0">
      <failure>ReferenceError: extractor is not defined
    at Object.&lt;anonymous&gt; (/home/devel/basset-hound-browser/tests/unit/image-metadata-extractor.test.js:688:22)
    at Promise.then.completed (/home/devel/basset-hound-browser/node_modules/jest-circus/build/utils.js:298:28)
    at new Promise (&lt;anonymous&gt;)
    at callAsyncCircusFn (/home/devel/basset-hound-browser/node_modules/jest-circus/build/utils.js:231:10)
    at _callCircusTest (/home/devel/basset-hound-browser/node_modules/jest-circus/build/run.js:316:40)
    at processTicksAndRejections (node:internal/process/task_queues:95:5)
    at _runTest (/home/devel/basset-hound-browser/node_modules/jest-circus/build/run.js:252:3)
    at _runTestsForDescribeBlock (/home/devel/basset-hound-browser/node_modules/jest-circus/build/run.js:126:9)
    at _runTestsForDescribeBlock (/home/devel/basset-hound-browser/node_modules/jest-circus/build/run.js:121:9)
    at _runTestsForDescribeBlock (/home/devel/basset-hound-browser/node_modules/jest-circus/build/run.js:121:9)
    at run (/home/devel/basset-hound-browser/node_modules/jest-circus/build/run.js:71:3)
    at runAndTransformResultsToJestFormat (/home/devel/basset-hound-browser/node_modules/jest-circus/build/legacy-code-todo-rewrite/jestAdapterInit.js:122:21)
    at jestAdapter (/home/devel/basset-hound-browser/node_modules/jest-circus/build/legacy-code-todo-rewrite/jestAdapter.js:79:19)
    at runTestInternal (/home/devel/basset-hound-browser/node_modules/jest-runner/build/runTest.js:367:16)
    at runTest (/home/devel/basset-hound-browser/node_modules/jest-runner/build/runTest.js:444:34)
    at Object.worker (/home/devel/basset-hound-browser/node_modules/jest-runner/build/testWorker.js:106:12)</failure>
    </testcase>
    <testcase classname="Favicon and Open Graph Images extractFaviconAndOGImages should extract Open Graph images" name="Favicon and Open Graph Images extractFaviconAndOGImages should extract Open Graph images" time="0.001">
      <failure>ReferenceError: extractor is not defined
    at Object.&lt;anonymous&gt; (/home/devel/basset-hound-browser/tests/unit/image-metadata-extractor.test.js:719:22)
    at Promise.then.completed (/home/devel/basset-hound-browser/node_modules/jest-circus/build/utils.js:298:28)
    at new Promise (&lt;anonymous&gt;)
    at callAsyncCircusFn (/home/devel/basset-hound-browser/node_modules/jest-circus/build/utils.js:231:10)
    at _callCircusTest (/home/devel/basset-hound-browser/node_modules/jest-circus/build/run.js:316:40)
    at processTicksAndRejections (node:internal/process/task_queues:95:5)
    at _runTest (/home/devel/basset-hound-browser/node_modules/jest-circus/build/run.js:252:3)
    at _runTestsForDescribeBlock (/home/devel/basset-hound-browser/node_modules/jest-circus/build/run.js:126:9)
    at _runTestsForDescribeBlock (/home/devel/basset-hound-browser/node_modules/jest-circus/build/run.js:121:9)
    at _runTestsForDescribeBlock (/home/devel/basset-hound-browser/node_modules/jest-circus/build/run.js:121:9)
    at run (/home/devel/basset-hound-browser/node_modules/jest-circus/build/run.js:71:3)
    at runAndTransformResultsToJestFormat (/home/devel/basset-hound-browser/node_modules/jest-circus/build/legacy-code-todo-rewrite/jestAdapterInit.js:122:21)
    at jestAdapter (/home/devel/basset-hound-browser/node_modules/jest-circus/build/legacy-code-todo-rewrite/jestAdapter.js:79:19)
    at runTestInternal (/home/devel/basset-hound-browser/node_modules/jest-runner/build/runTest.js:367:16)
    at runTest (/home/devel/basset-hound-browser/node_modules/jest-runner/build/runTest.js:444:34)
    at Object.worker (/home/devel/basset-hound-browser/node_modules/jest-runner/build/testWorker.js:106:12)</failure>
    </testcase>
    <testcase classname="Favicon and Open Graph Images extractFaviconAndOGImages should extract Twitter Card images" name="Favicon and Open Graph Images extractFaviconAndOGImages should extract Twitter Card images" time="0">
      <failure>ReferenceError: extractor is not defined
    at Object.&lt;anonymous&gt; (/home/devel/basset-hound-browser/tests/unit/image-metadata-extractor.test.js:749:22)
    at Promise.then.completed (/home/devel/basset-hound-browser/node_modules/jest-circus/build/utils.js:298:28)
    at new Promise (&lt;anonymous&gt;)
    at callAsyncCircusFn (/home/devel/basset-hound-browser/node_modules/jest-circus/build/utils.js:231:10)
    at _callCircusTest (/home/devel/basset-hound-browser/node_modules/jest-circus/build/run.js:316:40)
    at processTicksAndRejections (node:internal/process/task_queues:95:5)
    at _runTest (/home/devel/basset-hound-browser/node_modules/jest-circus/build/run.js:252:3)
    at _runTestsForDescribeBlock (/home/devel/basset-hound-browser/node_modules/jest-circus/build/run.js:126:9)
    at _runTestsForDescribeBlock (/home/devel/basset-hound-browser/node_modules/jest-circus/build/run.js:121:9)
    at _runTestsForDescribeBlock (/home/devel/basset-hound-browser/node_modules/jest-circus/build/run.js:121:9)
    at run (/home/devel/basset-hound-browser/node_modules/jest-circus/build/run.js:71:3)
    at runAndTransformResultsToJestFormat (/home/devel/basset-hound-browser/node_modules/jest-circus/build/legacy-code-todo-rewrite/jestAdapterInit.js:122:21)
    at jestAdapter (/home/devel/basset-hound-browser/node_modules/jest-circus/build/legacy-code-todo-rewrite/jestAdapter.js:79:19)
    at runTestInternal (/home/devel/basset-hound-browser/node_modules/jest-runner/build/runTest.js:367:16)
    at runTest (/home/devel/basset-hound-browser/node_modules/jest-runner/build/runTest.js:444:34)
    at Object.worker (/home/devel/basset-hound-browser/node_modules/jest-runner/build/testWorker.js:106:12)</failure>
    </testcase>
    <testcase classname="Favicon and Open Graph Images extractFaviconAndOGImages should extract Apple touch icons" name="Favicon and Open Graph Images extractFaviconAndOGImages should extract Apple touch icons" time="0">
      <failure>ReferenceError: extractor is not defined
    at Object.&lt;anonymous&gt; (/home/devel/basset-hound-browser/tests/unit/image-metadata-extractor.test.js:777:22)
    at Promise.then.completed (/home/devel/basset-hound-browser/node_modules/jest-circus/build/utils.js:298:28)
    at new Promise (&lt;anonymous&gt;)
    at callAsyncCircusFn (/home/devel/basset-hound-browser/node_modules/jest-circus/build/utils.js:231:10)
    at _callCircusTest (/home/devel/basset-hound-browser/node_modules/jest-circus/build/run.js:316:40)
    at processTicksAndRejections (node:internal/process/task_queues:95:5)
    at _runTest (/home/devel/basset-hound-browser/node_modules/jest-circus/build/run.js:252:3)
    at _runTestsForDescribeBlock (/home/devel/basset-hound-browser/node_modules/jest-circus/build/run.js:126:9)
    at _runTestsForDescribeBlock (/home/devel/basset-hound-browser/node_modules/jest-circus/build/run.js:121:9)
    at _runTestsForDescribeBlock (/home/devel/basset-hound-browser/node_modules/jest-circus/build/run.js:121:9)
    at run (/home/devel/basset-hound-browser/node_modules/jest-circus/build/run.js:71:3)
    at runAndTransformResultsToJestFormat (/home/devel/basset-hound-browser/node_modules/jest-circus/build/legacy-code-todo-rewrite/jestAdapterInit.js:122:21)
    at jestAdapter (/home/devel/basset-hound-browser/node_modules/jest-circus/build/legacy-code-todo-rewrite/jestAdapter.js:79:19)
    at runTestInternal (/home/devel/basset-hound-browser/node_modules/jest-runner/build/runTest.js:367:16)
    at runTest (/home/devel/basset-hound-browser/node_modules/jest-runner/build/runTest.js:444:34)
    at Object.worker (/home/devel/basset-hound-browser/node_modules/jest-runner/build/testWorker.js:106:12)</failure>
    </testcase>
    <testcase classname="Favicon and Open Graph Images extractFaviconAndOGImages should include manifest URL if present" name="Favicon and Open Graph Images extractFaviconAndOGImages should include manifest URL if present" time="0.001">
      <failure>ReferenceError: extractor is not defined
    at Object.&lt;anonymous&gt; (/home/devel/basset-hound-browser/tests/unit/image-metadata-extractor.test.js:798:22)
    at Promise.then.completed (/home/devel/basset-hound-browser/node_modules/jest-circus/build/utils.js:298:28)
    at new Promise (&lt;anonymous&gt;)
    at callAsyncCircusFn (/home/devel/basset-hound-browser/node_modules/jest-circus/build/utils.js:231:10)
    at _callCircusTest (/home/devel/basset-hound-browser/node_modules/jest-circus/build/run.js:316:40)
    at processTicksAndRejections (node:internal/process/task_queues:95:5)
    at _runTest (/home/devel/basset-hound-browser/node_modules/jest-circus/build/run.js:252:3)
    at _runTestsForDescribeBlock (/home/devel/basset-hound-browser/node_modules/jest-circus/build/run.js:126:9)
    at _runTestsForDescribeBlock (/home/devel/basset-hound-browser/node_modules/jest-circus/build/run.js:121:9)
    at _runTestsForDescribeBlock (/home/devel/basset-hound-browser/node_modules/jest-circus/build/run.js:121:9)
    at run (/home/devel/basset-hound-browser/node_modules/jest-circus/build/run.js:71:3)
    at runAndTransformResultsToJestFormat (/home/devel/basset-hound-browser/node_modules/jest-circus/build/legacy-code-todo-rewrite/jestAdapterInit.js:122:21)
    at jestAdapter (/home/devel/basset-hound-browser/node_modules/jest-circus/build/legacy-code-todo-rewrite/jestAdapter.js:79:19)
    at runTestInternal (/home/devel/basset-hound-browser/node_modules/jest-runner/build/runTest.js:367:16)
    at runTest (/home/devel/basset-hound-browser/node_modules/jest-runner/build/runTest.js:444:34)
    at Object.worker (/home/devel/basset-hound-browser/node_modules/jest-runner/build/testWorker.js:106:12)</failure>
    </testcase>
    <testcase classname="Image Commands Integration command registration should export registerImageCommands function" name="Image Commands Integration command registration should export registerImageCommands function" time="0.012">
    </testcase>
    <testcase classname="Image Commands Integration command registration should register commands to server" name="Image Commands Integration command registration should register commands to server" time="0.003">
    </testcase>
    <testcase classname="Image Commands Integration command validation extract_image_metadata should require imageUrl" name="Image Commands Integration command validation extract_image_metadata should require imageUrl" time="0.001">
    </testcase>
    <testcase classname="Image Commands Integration command validation extract_image_gps should require imageUrl" name="Image Commands Integration command validation extract_image_gps should require imageUrl" time="0.001">
    </testcase>
    <testcase classname="Image Commands Integration command validation extract_image_text should require imageUrl" name="Image Commands Integration command validation extract_image_text should require imageUrl" time="0.001">
    </testcase>
    <testcase classname="Image Commands Integration command validation compare_images should require both images" name="Image Commands Integration command validation compare_images should require both images" time="0">
    </testcase>
    <testcase classname="Image Commands Integration command validation configure_image_extractor should require options" name="Image Commands Integration command validation configure_image_extractor should require options" time="0.001">
    </testcase>
    <testcase classname="Image Commands Integration command validation get_image_extractor_stats should return stats" name="Image Commands Integration command validation get_image_extractor_stats should return stats" time="0">
    </testcase>
    <testcase classname="Image Commands Integration command validation cleanup_image_extractor should succeed" name="Image Commands Integration command validation cleanup_image_extractor should succeed" time="0">
    </testcase>
  </testsuite>
  <testsuite name="BehavioralProfile" errors="0" failures="1" skipped="0" timestamp="2026-05-11T06:16:42" time="0.769" tests="78">
    <testcase classname="BehavioralProfile Constructor creates profile with default options" name="BehavioralProfile Constructor creates profile with default options" time="0.012">
    </testcase>
    <testcase classname="BehavioralProfile Constructor creates profile with specific seed" name="BehavioralProfile Constructor creates profile with specific seed" time="0">
    </testcase>
    <testcase classname="BehavioralProfile Constructor creates reproducible profile with same seed" name="BehavioralProfile Constructor creates reproducible profile with same seed" time="0.001">
    </testcase>
    <testcase classname="BehavioralProfile Constructor accepts custom speed multiplier" name="BehavioralProfile Constructor accepts custom speed multiplier" time="0">
    </testcase>
    <testcase classname="BehavioralProfile Constructor accepts custom accuracy level" name="BehavioralProfile Constructor accepts custom accuracy level" time="0.001">
    </testcase>
    <testcase classname="BehavioralProfile getFatigueFactor() starts at 1.0" name="BehavioralProfile getFatigueFactor() starts at 1.0" time="0.001">
    </testcase>
    <testcase classname="BehavioralProfile getFatigueFactor() increases over time" name="BehavioralProfile getFatigueFactor() increases over time" time="0.105">
    </testcase>
    <testcase classname="BehavioralProfile getFatigueFactor() caps at 1.5" name="BehavioralProfile getFatigueFactor() caps at 1.5" time="0">
    </testcase>
    <testcase classname="BehavioralProfile recordAction() increments action count" name="BehavioralProfile recordAction() increments action count" time="0.001">
    </testcase>
    <testcase classname="BehavioralProfile getConfig() returns complete configuration" name="BehavioralProfile getConfig() returns complete configuration" time="0.002">
    </testcase>
    <testcase classname="MouseMovementAI calculateFittsTime() returns positive time" name="MouseMovementAI calculateFittsTime() returns positive time" time="0.001">
    </testcase>
    <testcase classname="MouseMovementAI calculateFittsTime() longer distance takes more time" name="MouseMovementAI calculateFittsTime() longer distance takes more time" time="0">
    </testcase>
    <testcase classname="MouseMovementAI calculateFittsTime() smaller target takes more time" name="MouseMovementAI calculateFittsTime() smaller target takes more time" time="0">
    </testcase>
    <testcase classname="MouseMovementAI generateMinimumJerkTrajectory() generates trajectory from start to end" name="MouseMovementAI generateMinimumJerkTrajectory() generates trajectory from start to end" time="0.002">
    </testcase>
    <testcase classname="MouseMovementAI generateMinimumJerkTrajectory() includes timing information" name="MouseMovementAI generateMinimumJerkTrajectory() includes timing information" time="0.002">
    </testcase>
    <testcase classname="MouseMovementAI generateMinimumJerkTrajectory() follows smooth S-curve" name="MouseMovementAI generateMinimumJerkTrajectory() follows smooth S-curve" time="0.001">
    </testcase>
    <testcase classname="MouseMovementAI addPhysiologicalTremor() adds tremor to points" name="MouseMovementAI addPhysiologicalTremor() adds tremor to points" time="0.001">
    </testcase>
    <testcase classname="MouseMovementAI addPhysiologicalTremor() tremor is within reasonable bounds" name="MouseMovementAI addPhysiologicalTremor() tremor is within reasonable bounds" time="0.028">
    </testcase>
    <testcase classname="MouseMovementAI generatePath() generates complete path with metadata" name="MouseMovementAI generatePath() generates complete path with metadata" time="0.002">
    </testcase>
    <testcase classname="MouseMovementAI generatePath() points array starts at start and ends near end" name="MouseMovementAI generatePath() points array starts at start and ends near end" time="0.001">
    </testcase>
    <testcase classname="MouseMovementAI generatePath() records action on profile" name="MouseMovementAI generatePath() records action on profile" time="0">
    </testcase>
    <testcase classname="MouseMovementAI generateScrollBehavior() generates scroll events" name="MouseMovementAI generateScrollBehavior() generates scroll events" time="0.001">
    </testcase>
    <testcase classname="MouseMovementAI generateScrollBehavior() total scroll equals requested distance" name="MouseMovementAI generateScrollBehavior() total scroll equals requested distance" time="0">
    </testcase>
    <testcase classname="MouseMovementAI generateScrollBehavior() scroll direction is correct" name="MouseMovementAI generateScrollBehavior() scroll direction is correct" time="0.001">
    </testcase>
    <testcase classname="MouseMovementAI generateScrollBehavior() events have increasing timestamps" name="MouseMovementAI generateScrollBehavior() events have increasing timestamps" time="0.001">
    </testcase>
    <testcase classname="TypingAI getKeyHand() identifies left hand keys" name="TypingAI getKeyHand() identifies left hand keys" time="0.002">
    </testcase>
    <testcase classname="TypingAI getKeyHand() identifies right hand keys" name="TypingAI getKeyHand() identifies right hand keys" time="0.002">
    </testcase>
    <testcase classname="TypingAI getKeyHand() handles uppercase" name="TypingAI getKeyHand() handles uppercase" time="0">
    </testcase>
    <testcase classname="TypingAI getKeyHand() returns either for non-letter keys" name="TypingAI getKeyHand() returns either for non-letter keys" time="0.001">
    </testcase>
    <testcase classname="TypingAI isCommonDigraph() identifies common digraphs" name="TypingAI isCommonDigraph() identifies common digraphs" time="0">
    </testcase>
    <testcase classname="TypingAI isCommonDigraph() rejects uncommon digraphs" name="TypingAI isCommonDigraph() rejects uncommon digraphs" time="0">
    </testcase>
    <testcase classname="TypingAI isCommonDigraph() is case insensitive" name="TypingAI isCommonDigraph() is case insensitive" time="0.001">
    </testcase>
    <testcase classname="TypingAI calculateIKI() returns positive interval" name="TypingAI calculateIKI() returns positive interval" time="0.001">
    </testcase>
    <testcase classname="TypingAI calculateIKI() common digraphs are faster" name="TypingAI calculateIKI() common digraphs are faster" time="0.001">
    </testcase>
    <testcase classname="TypingAI calculateIKI() has minimum value" name="TypingAI calculateIKI() has minimum value" time="0.008">
    </testcase>
    <testcase classname="TypingAI generateTypingEvents() generates events for each character" name="TypingAI generateTypingEvents() generates events for each character" time="0.001">
    </testcase>
    <testcase classname="TypingAI generateTypingEvents() events have correct structure" name="TypingAI generateTypingEvents() events have correct structure" time="0.001">
    </testcase>
    <testcase classname="TypingAI generateTypingEvents() keydown precedes keyup" name="TypingAI generateTypingEvents() keydown precedes keyup" time="0.001">
    </testcase>
    <testcase classname="TypingAI generateTypingEvents() timestamps are increasing" name="TypingAI generateTypingEvents() timestamps are increasing" time="0.007">
    </testcase>
    <testcase classname="TypingAI generateTypingEvents() records action on profile" name="TypingAI generateTypingEvents() records action on profile" time="0.001">
    </testcase>
    <testcase classname="TypingAI calculateTypingSpeed() calculates WPM from events" name="TypingAI calculateTypingSpeed() calculates WPM from events" time="0">
    </testcase>
    <testcase classname="TypingAI calculateTypingSpeed() returns 0 for insufficient events" name="TypingAI calculateTypingSpeed() returns 0 for insufficient events" time="0.001">
    </testcase>
    <testcase classname="HoneypotDetector isHoneypot() detects display:none" name="HoneypotDetector isHoneypot() detects display:none" time="0.001">
    </testcase>
    <testcase classname="HoneypotDetector isHoneypot() detects visibility:hidden" name="HoneypotDetector isHoneypot() detects visibility:hidden" time="0">
    </testcase>
    <testcase classname="HoneypotDetector isHoneypot() detects zero dimensions" name="HoneypotDetector isHoneypot() detects zero dimensions" time="0">
    </testcase>
    <testcase classname="HoneypotDetector isHoneypot() detects 1x1 pixel" name="HoneypotDetector isHoneypot() detects 1x1 pixel" time="0.003">
    </testcase>
    <testcase classname="HoneypotDetector isHoneypot() detects suspicious names" name="HoneypotDetector isHoneypot() detects suspicious names" time="0.001">
    </testcase>
    <testcase classname="HoneypotDetector isHoneypot() detects off-screen positioning" name="HoneypotDetector isHoneypot() detects off-screen positioning" time="0">
    </testcase>
    <testcase classname="HoneypotDetector isHoneypot() detects tabindex:-1" name="HoneypotDetector isHoneypot() detects tabindex:-1" time="0">
    </testcase>
    <testcase classname="HoneypotDetector isHoneypot() normal field is not honeypot" name="HoneypotDetector isHoneypot() normal field is not honeypot" time="0">
    </testcase>
    <testcase classname="HoneypotDetector isHoneypot() requires multiple indicators for honeypot" name="HoneypotDetector isHoneypot() requires multiple indicators for honeypot" time="0.001">
    </testcase>
    <testcase classname="HoneypotDetector isHoneypot() multiple indicators means honeypot" name="HoneypotDetector isHoneypot() multiple indicators means honeypot" time="0.001">
    </testcase>
    <testcase classname="HoneypotDetector isHoneypot() confidence increases with indicators" name="HoneypotDetector isHoneypot() confidence increases with indicators" time="0">
    </testcase>
    <testcase classname="HoneypotDetector filterHoneypots() separates honeypots from safe fields" name="HoneypotDetector filterHoneypots() separates honeypots from safe fields" time="0">
    </testcase>
    <testcase classname="HoneypotDetector filterHoneypots() handles empty array" name="HoneypotDetector filterHoneypots() handles empty array" time="0.001">
    </testcase>
    <testcase classname="HoneypotDetector filterHoneypots() honeypot results include detection info" name="HoneypotDetector filterHoneypots() honeypot results include detection info" time="0.001">
    </testcase>
    <testcase classname="RateLimitAdapter Constructor initializes with base delay" name="RateLimitAdapter Constructor initializes with base delay" time="0">
    </testcase>
    <testcase classname="RateLimitAdapter recordSuccess() increments success streak" name="RateLimitAdapter recordSuccess() increments success streak" time="0">
    </testcase>
    <testcase classname="RateLimitAdapter recordSuccess() resets failure count" name="RateLimitAdapter recordSuccess() resets failure count" time="0.001">
    </testcase>
    <testcase classname="RateLimitAdapter recordSuccess() reduces delay after 5 successes" name="RateLimitAdapter recordSuccess() reduces delay after 5 successes" time="0">
    </testcase>
    <testcase classname="RateLimitAdapter recordSuccess() does not go below minimum delay" name="RateLimitAdapter recordSuccess() does not go below minimum delay" time="0.001">
    </testcase>
    <testcase classname="RateLimitAdapter recordRateLimit() resets success streak" name="RateLimitAdapter recordRateLimit() resets success streak" time="0">
    </testcase>
    <testcase classname="RateLimitAdapter recordRateLimit() increments failure count" name="RateLimitAdapter recordRateLimit() increments failure count" time="0">
    </testcase>
    <testcase classname="RateLimitAdapter recordRateLimit() applies exponential backoff" name="RateLimitAdapter recordRateLimit() applies exponential backoff" time="0.002">
      <failure>Error: expect(received).toBeGreaterThan(expected)

Expected: &gt; 60000
Received:   60000
    at Object.toBeGreaterThan (/home/devel/basset-hound-browser/tests/unit/behavioral-ai.test.js:698:27)
    at Promise.then.completed (/home/devel/basset-hound-browser/node_modules/jest-circus/build/utils.js:298:28)
    at new Promise (&lt;anonymous&gt;)
    at callAsyncCircusFn (/home/devel/basset-hound-browser/node_modules/jest-circus/build/utils.js:231:10)
    at _callCircusTest (/home/devel/basset-hound-browser/node_modules/jest-circus/build/run.js:316:40)
    at _runTest (/home/devel/basset-hound-browser/node_modules/jest-circus/build/run.js:252:3)
    at _runTestsForDescribeBlock (/home/devel/basset-hound-browser/node_modules/jest-circus/build/run.js:126:9)
    at _runTestsForDescribeBlock (/home/devel/basset-hound-browser/node_modules/jest-circus/build/run.js:121:9)
    at _runTestsForDescribeBlock (/home/devel/basset-hound-browser/node_modules/jest-circus/build/run.js:121:9)
    at run (/home/devel/basset-hound-browser/node_modules/jest-circus/build/run.js:71:3)
    at runAndTransformResultsToJestFormat (/home/devel/basset-hound-browser/node_modules/jest-circus/build/legacy-code-todo-rewrite/jestAdapterInit.js:122:21)
    at jestAdapter (/home/devel/basset-hound-browser/node_modules/jest-circus/build/legacy-code-todo-rewrite/jestAdapter.js:79:19)
    at runTestInternal (/home/devel/basset-hound-browser/node_modules/jest-runner/build/runTest.js:367:16)
    at runTest (/home/devel/basset-hound-browser/node_modules/jest-runner/build/runTest.js:444:34)
    at Object.worker (/home/devel/basset-hound-browser/node_modules/jest-runner/build/testWorker.js:106:12)</failure>
    </testcase>
    <testcase classname="RateLimitAdapter recordRateLimit() respects Retry-After header" name="RateLimitAdapter recordRateLimit() respects Retry-After header" time="0">
    </testcase>
    <testcase classname="RateLimitAdapter recordRateLimit() does not exceed max delay" name="RateLimitAdapter recordRateLimit() does not exceed max delay" time="0">
    </testcase>
    <testcase classname="RateLimitAdapter getDelay() returns delay with jitter" name="RateLimitAdapter getDelay() returns delay with jitter" time="0">
    </testcase>
    <testcase classname="RateLimitAdapter getDelay() delay is within jitter range" name="RateLimitAdapter getDelay() delay is within jitter range" time="0.006">
    </testcase>
    <testcase classname="RateLimitAdapter isRateLimited() detects 429 status" name="RateLimitAdapter isRateLimited() detects 429 status" time="0">
    </testcase>
    <testcase classname="RateLimitAdapter isRateLimited() detects 503 status" name="RateLimitAdapter isRateLimited() detects 503 status" time="0">
    </testcase>
    <testcase classname="RateLimitAdapter isRateLimited() does not flag normal status codes" name="RateLimitAdapter isRateLimited() does not flag normal status codes" time="0.001">
    </testcase>
    <testcase classname="RateLimitAdapter getState() returns complete state" name="RateLimitAdapter getState() returns complete state" time="0">
    </testcase>
    <testcase classname="Physics Constants Fitts Law constants are reasonable" name="Physics Constants Fitts Law constants are reasonable" time="0">
    </testcase>
    <testcase classname="Physics Constants Tremor frequency is in physiological range" name="Physics Constants Tremor frequency is in physiological range" time="0">
    </testcase>
    <testcase classname="Physics Constants Correction and overshoot probabilities are reasonable" name="Physics Constants Correction and overshoot probabilities are reasonable" time="0">
    </testcase>
    <testcase classname="Typing Constants IKI values are reasonable" name="Typing Constants IKI values are reasonable" time="0.001">
    </testcase>
    <testcase classname="Typing Constants Common digraphs are defined" name="Typing Constants Common digraphs are defined" time="0">
    </testcase>
    <testcase classname="Typing Constants Hand keys cover alphabet" name="Typing Constants Hand keys cover alphabet" time="0.001">
    </testcase>
  </testsuite>
  <testsuite name="Profile Synchronization Integration Tests" errors="0" failures="1" skipped="0" timestamp="2026-05-11T06:16:43" time="0.252" tests="1">
    <testcase classname="Profile Synchronization Integration Tests should pass all profile synchronization tests" name="Profile Synchronization Integration Tests should pass all profile synchronization tests" time="0.135">
      <failure>Error: expect(received).toBe(expected) // Object.is equality

Expected: true
Received: false
    at Object.toBe (/home/devel/basset-hound-browser/tests/integration/extension-communication/profile-sync.test.js:862:21)
    at processTicksAndRejections (node:internal/process/task_queues:95:5)</failure>
    </testcase>
  </testsuite>
  <testsuite name="HEADLESS_PRESETS" errors="0" failures="2" skipped="0" timestamp="2026-05-11T06:16:42" time="0.96" tests="72">
    <testcase classname="HEADLESS_PRESETS should define minimal preset" name="HEADLESS_PRESETS should define minimal preset" time="0.008">
    </testcase>
    <testcase classname="HEADLESS_PRESETS should define standard preset" name="HEADLESS_PRESETS should define standard preset" time="0.002">
    </testcase>
    <testcase classname="HEADLESS_PRESETS should define performance preset" name="HEADLESS_PRESETS should define performance preset" time="0.002">
    </testcase>
    <testcase classname="HEADLESS_PRESETS presets should have descriptions" name="HEADLESS_PRESETS presets should have descriptions" time="0.001">
    </testcase>
    <testcase classname="HEADLESS_FLAGS should define GPU-related flags" name="HEADLESS_FLAGS should define GPU-related flags" time="0.001">
    </testcase>
    <testcase classname="HEADLESS_FLAGS should define sandbox-related flags" name="HEADLESS_FLAGS should define sandbox-related flags" time="0.001">
    </testcase>
    <testcase classname="HEADLESS_FLAGS should define rendering flags" name="HEADLESS_FLAGS should define rendering flags" time="0.001">
    </testcase>
    <testcase classname="HeadlessManager Constructor should initialize with default values" name="HeadlessManager Constructor should initialize with default values" time="0.006">
    </testcase>
    <testcase classname="HeadlessManager Constructor should accept custom preset" name="HeadlessManager Constructor should accept custom preset" time="0.006">
    </testcase>
    <testcase classname="HeadlessManager Constructor should fallback to standard preset for unknown preset" name="HeadlessManager Constructor should fallback to standard preset for unknown preset" time="0.006">
    </testcase>
    <testcase classname="HeadlessManager Constructor should initialize CLI options" name="HeadlessManager Constructor should initialize CLI options" time="0.003">
    </testcase>
    <testcase classname="HeadlessManager Constructor should initialize render stats" name="HeadlessManager Constructor should initialize render stats" time="0.003">
    </testcase>
    <testcase classname="HeadlessManager setWebSocketServer should set WebSocket server reference" name="HeadlessManager setWebSocketServer should set WebSocket server reference" time="0.004">
    </testcase>
    <testcase classname="HeadlessManager setMainWindow should set main window reference" name="HeadlessManager setMainWindow should set main window reference" time="0.005">
    </testcase>
    <testcase classname="HeadlessManager parseCommandLineArgs should parse --headless flag" name="HeadlessManager parseCommandLineArgs should parse --headless flag" time="0.006">
    </testcase>
    <testcase classname="HeadlessManager parseCommandLineArgs should parse --disable-gpu flag" name="HeadlessManager parseCommandLineArgs should parse --disable-gpu flag" time="0.008">
    </testcase>
    <testcase classname="HeadlessManager parseCommandLineArgs should parse --no-sandbox flag" name="HeadlessManager parseCommandLineArgs should parse --no-sandbox flag" time="0.004">
    </testcase>
    <testcase classname="HeadlessManager parseCommandLineArgs should parse --virtual-display flag" name="HeadlessManager parseCommandLineArgs should parse --virtual-display flag" time="0.004">
    </testcase>
    <testcase classname="HeadlessManager parseCommandLineArgs should parse multiple flags" name="HeadlessManager parseCommandLineArgs should parse multiple flags" time="0.005">
    </testcase>
    <testcase classname="HeadlessManager parseCommandLineArgs should store parsed options in cliOptions" name="HeadlessManager parseCommandLineArgs should store parsed options in cliOptions" time="0.005">
    </testcase>
    <testcase classname="HeadlessManager detectHeadlessEnvironment should detect Docker environment" name="HeadlessManager detectHeadlessEnvironment should detect Docker environment" time="0.005">
    </testcase>
    <testcase classname="HeadlessManager detectHeadlessEnvironment should detect CI environment from CI variable" name="HeadlessManager detectHeadlessEnvironment should detect CI environment from CI variable" time="0.004">
    </testcase>
    <testcase classname="HeadlessManager detectHeadlessEnvironment should detect CI environment from GITHUB_ACTIONS" name="HeadlessManager detectHeadlessEnvironment should detect CI environment from GITHUB_ACTIONS" time="0.003">
    </testcase>
    <testcase classname="HeadlessManager detectHeadlessEnvironment should detect CI environment from GITLAB_CI" name="HeadlessManager detectHeadlessEnvironment should detect CI environment from GITLAB_CI" time="0.003">
    </testcase>
    <testcase classname="HeadlessManager detectHeadlessEnvironment should include platform information" name="HeadlessManager detectHeadlessEnvironment should include platform information" time="0.004">
    </testcase>
    <testcase classname="HeadlessManager detectHeadlessEnvironment should check for DISPLAY variable" name="HeadlessManager detectHeadlessEnvironment should check for DISPLAY variable" time="0.004">
    </testcase>
    <testcase classname="HeadlessManager detectHeadlessEnvironment should detect no display when DISPLAY not set on Linux" name="HeadlessManager detectHeadlessEnvironment should detect no display when DISPLAY not set on Linux" time="0.004">
    </testcase>
    <testcase classname="HeadlessManager checkXvfbRunning should return false on non-Linux platform" name="HeadlessManager checkXvfbRunning should return false on non-Linux platform" time="0.002">
    </testcase>
    <testcase classname="HeadlessManager checkXvfbRunning should detect Xvfb running on Linux" name="HeadlessManager checkXvfbRunning should detect Xvfb running on Linux" time="0.003">
    </testcase>
    <testcase classname="HeadlessManager checkXvfbRunning should return false when Xvfb not running" name="HeadlessManager checkXvfbRunning should return false when Xvfb not running" time="0.002">
    </testcase>
    <testcase classname="HeadlessManager startVirtualDisplay should fail on non-Linux platform" name="HeadlessManager startVirtualDisplay should fail on non-Linux platform" time="0.006">
    </testcase>
    <testcase classname="HeadlessManager startVirtualDisplay should fail when Xvfb not installed" name="HeadlessManager startVirtualDisplay should fail when Xvfb not installed" time="0.003">
    </testcase>
    <testcase classname="HeadlessManager startVirtualDisplay should start Xvfb with default options" name="HeadlessManager startVirtualDisplay should start Xvfb with default options" time="0.006">
    </testcase>
    <testcase classname="HeadlessManager startVirtualDisplay should accept custom display options" name="HeadlessManager startVirtualDisplay should accept custom display options" time="0.006">
    </testcase>
    <testcase classname="HeadlessManager startVirtualDisplay should set DISPLAY environment variable" name="HeadlessManager startVirtualDisplay should set DISPLAY environment variable" time="0.016">
    </testcase>
    <testcase classname="HeadlessManager stopVirtualDisplay should fail when not running" name="HeadlessManager stopVirtualDisplay should fail when not running" time="0.002">
    </testcase>
    <testcase classname="HeadlessManager stopVirtualDisplay should stop running virtual display" name="HeadlessManager stopVirtualDisplay should stop running virtual display" time="0.004">
    </testcase>
    <testcase classname="HeadlessManager getBrowserWindowConfig should return unmodified config when not enabled" name="HeadlessManager getBrowserWindowConfig should return unmodified config when not enabled" time="0.004">
    </testcase>
    <testcase classname="HeadlessManager getBrowserWindowConfig should hide window when enabled" name="HeadlessManager getBrowserWindowConfig should hide window when enabled" time="0.004">
    </testcase>
    <testcase classname="HeadlessManager getBrowserWindowConfig should enable offscreen rendering when configured" name="HeadlessManager getBrowserWindowConfig should enable offscreen rendering when configured" time="0.003">
    </testcase>
    <testcase classname="HeadlessManager getBrowserWindowConfig should disable background throttling" name="HeadlessManager getBrowserWindowConfig should disable background throttling" time="0.003">
    </testcase>
    <testcase classname="HeadlessManager getBrowserWindowConfig should preserve existing webPreferences" name="HeadlessManager getBrowserWindowConfig should preserve existing webPreferences" time="0.004">
    </testcase>
    <testcase classname="HeadlessManager applyElectronFlags should not apply flags when not enabled" name="HeadlessManager applyElectronFlags should not apply flags when not enabled" time="0.002">
    </testcase>
    <testcase classname="HeadlessManager applyElectronFlags should apply GPU flags when configured" name="HeadlessManager applyElectronFlags should apply GPU flags when configured" time="0.003">
    </testcase>
    <testcase classname="HeadlessManager applyElectronFlags should apply sandbox flags when configured" name="HeadlessManager applyElectronFlags should apply sandbox flags when configured" time="0.003">
    </testcase>
    <testcase classname="HeadlessManager applyElectronFlags should apply memory optimization flags when configured" name="HeadlessManager applyElectronFlags should apply memory optimization flags when configured" time="0.005">
    </testcase>
    <testcase classname="HeadlessManager applyElectronFlags should always apply disable-dev-shm-usage" name="HeadlessManager applyElectronFlags should always apply disable-dev-shm-usage" time="0.003">
    </testcase>
    <testcase classname="HeadlessManager enableOffscreenRendering should fail without webContents" name="HeadlessManager enableOffscreenRendering should fail without webContents" time="0.003">
    </testcase>
    <testcase classname="HeadlessManager enableOffscreenRendering should enable offscreen rendering" name="HeadlessManager enableOffscreenRendering should enable offscreen rendering" time="0.004">
    </testcase>
    <testcase classname="HeadlessManager enableOffscreenRendering should use configured frame rate" name="HeadlessManager enableOffscreenRendering should use configured frame rate" time="0.011">
    </testcase>
    <testcase classname="HeadlessManager disableOffscreenRendering should fail without webContents" name="HeadlessManager disableOffscreenRendering should fail without webContents" time="0.003">
    </testcase>
    <testcase classname="HeadlessManager disableOffscreenRendering should disable offscreen rendering" name="HeadlessManager disableOffscreenRendering should disable offscreen rendering" time="0.003">
    </testcase>
    <testcase classname="HeadlessManager setFrameRate should fail without webContents" name="HeadlessManager setFrameRate should fail without webContents" time="0.001">
    </testcase>
    <testcase classname="HeadlessManager setFrameRate should reject invalid frame rates" name="HeadlessManager setFrameRate should reject invalid frame rates" time="0.003">
    </testcase>
    <testcase classname="HeadlessManager setFrameRate should set valid frame rate" name="HeadlessManager setFrameRate should set valid frame rate" time="0.003">
    </testcase>
    <testcase classname="HeadlessManager initialize should return not enabled when headless not requested" name="HeadlessManager initialize should return not enabled when headless not requested" time="0.004">
    </testcase>
    <testcase classname="HeadlessManager initialize should enable headless mode when --headless flag present" name="HeadlessManager initialize should enable headless mode when --headless flag present" time="0.004">
    </testcase>
    <testcase classname="HeadlessManager initialize should enable headless mode when forceHeadless option is true" name="HeadlessManager initialize should enable headless mode when forceHeadless option is true" time="0.004">
    </testcase>
    <testcase classname="HeadlessManager initialize should apply preset when specified" name="HeadlessManager initialize should apply preset when specified" time="0.004">
    </testcase>
    <testcase classname="HeadlessManager getStatus should return current status" name="HeadlessManager getStatus should return current status" time="0.003">
    </testcase>
    <testcase classname="HeadlessManager getStatus should include display information" name="HeadlessManager getStatus should include display information" time="0.002">
    </testcase>
    <testcase classname="HeadlessManager getRenderStats should return render statistics" name="HeadlessManager getRenderStats should return render statistics" time="0.002">
    </testcase>
    <testcase classname="HeadlessManager getRenderStats should calculate FPS from average frame time" name="HeadlessManager getRenderStats should calculate FPS from average frame time" time="0.009">
    </testcase>
    <testcase classname="HeadlessManager resetRenderStats should reset all render statistics" name="HeadlessManager resetRenderStats should reset all render statistics" time="0.004">
    </testcase>
    <testcase classname="HeadlessManager applyPreset should fail for unknown preset" name="HeadlessManager applyPreset should fail for unknown preset" time="0.002">
    </testcase>
    <testcase classname="HeadlessManager applyPreset should apply valid preset" name="HeadlessManager applyPreset should apply valid preset" time="0.002">
    </testcase>
    <testcase classname="HeadlessManager getPresets should return available presets" name="HeadlessManager getPresets should return available presets" time="0.002">
    </testcase>
    <testcase classname="HeadlessManager getPresets should include preset details" name="HeadlessManager getPresets should include preset details" time="0.002">
    </testcase>
    <testcase classname="HeadlessManager cleanup should stop virtual display if running" name="HeadlessManager cleanup should stop virtual display if running" time="0.006">
    </testcase>
    <testcase classname="HeadlessManager cleanup should set initialized to false" name="HeadlessManager cleanup should set initialized to false" time="0.002">
    </testcase>
    <testcase classname="HeadlessManager Paint event handling should track frame statistics on paint" name="HeadlessManager Paint event handling should track frame statistics on paint" time="0.003">
      <failure>TypeError: image.isEmpty is not a function
    at HeadlessManager.isEmpty [as onOffscreenPaint] (/home/devel/basset-hound-browser/headless/manager.js:517:25)
    at onOffscreenPaint (/home/devel/basset-hound-browser/headless/manager.js:457:14)
    at Object.paintHandler (/home/devel/basset-hound-browser/tests/unit/headless-manager.test.js:805:7)
    at Promise.then.completed (/home/devel/basset-hound-browser/node_modules/jest-circus/build/utils.js:298:28)
    at new Promise (&lt;anonymous&gt;)
    at callAsyncCircusFn (/home/devel/basset-hound-browser/node_modules/jest-circus/build/utils.js:231:10)
    at _callCircusTest (/home/devel/basset-hound-browser/node_modules/jest-circus/build/run.js:316:40)
    at processTicksAndRejections (node:internal/process/task_queues:95:5)
    at _runTest (/home/devel/basset-hound-browser/node_modules/jest-circus/build/run.js:252:3)
    at _runTestsForDescribeBlock (/home/devel/basset-hound-browser/node_modules/jest-circus/build/run.js:126:9)
    at _runTestsForDescribeBlock (/home/devel/basset-hound-browser/node_modules/jest-circus/build/run.js:121:9)
    at _runTestsForDescribeBlock (/home/devel/basset-hound-browser/node_modules/jest-circus/build/run.js:121:9)
    at run (/home/devel/basset-hound-browser/node_modules/jest-circus/build/run.js:71:3)
    at runAndTransformResultsToJestFormat (/home/devel/basset-hound-browser/node_modules/jest-circus/build/legacy-code-todo-rewrite/jestAdapterInit.js:122:21)
    at jestAdapter (/home/devel/basset-hound-browser/node_modules/jest-circus/build/legacy-code-todo-rewrite/jestAdapter.js:79:19)
    at runTestInternal (/home/devel/basset-hound-browser/node_modules/jest-runner/build/runTest.js:367:16)
    at runTest (/home/devel/basset-hound-browser/node_modules/jest-runner/build/runTest.js:444:34)
    at Object.worker (/home/devel/basset-hound-browser/node_modules/jest-runner/build/testWorker.js:106:12)</failure>
    </testcase>
    <testcase classname="HeadlessManager Paint event handling should emit paint event" name="HeadlessManager Paint event handling should emit paint event" time="0.003">
      <failure>TypeError: image.isEmpty is not a function
    at HeadlessManager.isEmpty [as onOffscreenPaint] (/home/devel/basset-hound-browser/headless/manager.js:517:25)
    at onOffscreenPaint (/home/devel/basset-hound-browser/headless/manager.js:457:14)
    at Object.paintHandler (/home/devel/basset-hound-browser/tests/unit/headless-manager.test.js:825:7)
    at Promise.then.completed (/home/devel/basset-hound-browser/node_modules/jest-circus/build/utils.js:298:28)
    at new Promise (&lt;anonymous&gt;)
    at callAsyncCircusFn (/home/devel/basset-hound-browser/node_modules/jest-circus/build/utils.js:231:10)
    at _callCircusTest (/home/devel/basset-hound-browser/node_modules/jest-circus/build/run.js:316:40)
    at processTicksAndRejections (node:internal/process/task_queues:95:5)
    at _runTest (/home/devel/basset-hound-browser/node_modules/jest-circus/build/run.js:252:3)
    at _runTestsForDescribeBlock (/home/devel/basset-hound-browser/node_modules/jest-circus/build/run.js:126:9)
    at _runTestsForDescribeBlock (/home/devel/basset-hound-browser/node_modules/jest-circus/build/run.js:121:9)
    at _runTestsForDescribeBlock (/home/devel/basset-hound-browser/node_modules/jest-circus/build/run.js:121:9)
    at run (/home/devel/basset-hound-browser/node_modules/jest-circus/build/run.js:71:3)
    at runAndTransformResultsToJestFormat (/home/devel/basset-hound-browser/node_modules/jest-circus/build/legacy-code-todo-rewrite/jestAdapterInit.js:122:21)
    at jestAdapter (/home/devel/basset-hound-browser/node_modules/jest-circus/build/legacy-code-todo-rewrite/jestAdapter.js:79:19)
    at runTestInternal (/home/devel/basset-hound-browser/node_modules/jest-runner/build/runTest.js:367:16)
    at runTest (/home/devel/basset-hound-browser/node_modules/jest-runner/build/runTest.js:444:34)
    at Object.worker (/home/devel/basset-hound-browser/node_modules/jest-runner/build/testWorker.js:106:12)</failure>
    </testcase>
  </testsuite>
  <testsuite name="Command Flow Integration Tests" errors="0" failures="1" skipped="0" timestamp="2026-05-11T06:16:43" time="0.302" tests="1">
    <testcase classname="Command Flow Integration Tests should pass all command flow tests" name="Command Flow Integration Tests should pass all command flow tests" time="0.206">
      <failure>Error: expect(received).toBe(expected) // Object.is equality

Expected: true
Received: false
    at Object.toBe (/home/devel/basset-hound-browser/tests/integration/extension-communication/command-flow.test.js:894:21)
    at processTicksAndRejections (node:internal/process/task_queues:95:5)</failure>
    </testcase>
  </testsuite>
  <testsuite name="Advanced Evasion Techniques - Comprehensive Test Suite" errors="0" failures="8" skipped="0" timestamp="2026-05-11T06:16:43" time="0.318" tests="59">
    <testcase classname="Advanced Evasion Techniques - Comprehensive Test Suite TLS Fingerprinting Module JA4+ Fingerprinting should generate valid JA4 fingerprint for Chrome 131" name="Advanced Evasion Techniques - Comprehensive Test Suite TLS Fingerprinting Module JA4+ Fingerprinting should generate valid JA4 fingerprint for Chrome 131" time="0">
    </testcase>
    <testcase classname="Advanced Evasion Techniques - Comprehensive Test Suite TLS Fingerprinting Module JA4+ Fingerprinting should match known Chrome 131 JA4 signature" name="Advanced Evasion Techniques - Comprehensive Test Suite TLS Fingerprinting Module JA4+ Fingerprinting should match known Chrome 131 JA4 signature" time="0">
    </testcase>
    <testcase classname="Advanced Evasion Techniques - Comprehensive Test Suite TLS Fingerprinting Module JA4+ Fingerprinting should include Post-Quantum TLS support (x25519mlkem768)" name="Advanced Evasion Techniques - Comprehensive Test Suite TLS Fingerprinting Module JA4+ Fingerprinting should include Post-Quantum TLS support (x25519mlkem768)" time="0">
    </testcase>
    <testcase classname="Advanced Evasion Techniques - Comprehensive Test Suite TLS Fingerprinting Module JA4+ Fingerprinting should support multiple browser profiles" name="Advanced Evasion Techniques - Comprehensive Test Suite TLS Fingerprinting Module JA4+ Fingerprinting should support multiple browser profiles" time="0">
    </testcase>
    <testcase classname="Advanced Evasion Techniques - Comprehensive Test Suite TLS Fingerprinting Module JA4+ Fingerprinting should validate cipher suite counts" name="Advanced Evasion Techniques - Comprehensive Test Suite TLS Fingerprinting Module JA4+ Fingerprinting should validate cipher suite counts" time="0">
      <failure>TypeError: expect(...).toHaveLength is not a function
    at Object.toHaveLength (/home/devel/basset-hound-browser/tests/evasion/advanced-evasion-comprehensive.test.js:82:37)
    at Promise.then.completed (/home/devel/basset-hound-browser/node_modules/jest-circus/build/utils.js:298:28)
    at new Promise (&lt;anonymous&gt;)
    at callAsyncCircusFn (/home/devel/basset-hound-browser/node_modules/jest-circus/build/utils.js:231:10)
    at _callCircusTest (/home/devel/basset-hound-browser/node_modules/jest-circus/build/run.js:316:40)
    at processTicksAndRejections (node:internal/process/task_queues:95:5)
    at _runTest (/home/devel/basset-hound-browser/node_modules/jest-circus/build/run.js:252:3)
    at _runTestsForDescribeBlock (/home/devel/basset-hound-browser/node_modules/jest-circus/build/run.js:126:9)
    at _runTestsForDescribeBlock (/home/devel/basset-hound-browser/node_modules/jest-circus/build/run.js:121:9)
    at _runTestsForDescribeBlock (/home/devel/basset-hound-browser/node_modules/jest-circus/build/run.js:121:9)
    at _runTestsForDescribeBlock (/home/devel/basset-hound-browser/node_modules/jest-circus/build/run.js:121:9)
    at run (/home/devel/basset-hound-browser/node_modules/jest-circus/build/run.js:71:3)
    at runAndTransformResultsToJestFormat (/home/devel/basset-hound-browser/node_modules/jest-circus/build/legacy-code-todo-rewrite/jestAdapterInit.js:122:21)
    at jestAdapter (/home/devel/basset-hound-browser/node_modules/jest-circus/build/legacy-code-todo-rewrite/jestAdapter.js:79:19)
    at runTestInternal (/home/devel/basset-hound-browser/node_modules/jest-runner/build/runTest.js:367:16)
    at runTest (/home/devel/basset-hound-browser/node_modules/jest-runner/build/runTest.js:444:34)
    at Object.worker (/home/devel/basset-hound-browser/node_modules/jest-runner/build/testWorker.js:106:12)</failure>
    </testcase>
    <testcase classname="Advanced Evasion Techniques - Comprehensive Test Suite TLS Fingerprinting Module HTTP/2 SETTINGS Coherence should validate HTTP/2 SETTINGS match TLS profile" name="Advanced Evasion Techniques - Comprehensive Test Suite TLS Fingerprinting Module HTTP/2 SETTINGS Coherence should validate HTTP/2 SETTINGS match TLS profile" time="0">
    </testcase>
    <testcase classname="Advanced Evasion Techniques - Comprehensive Test Suite TLS Fingerprinting Module HTTP/2 SETTINGS Coherence should detect post-quantum TLS in coherence validation" name="Advanced Evasion Techniques - Comprehensive Test Suite TLS Fingerprinting Module HTTP/2 SETTINGS Coherence should detect post-quantum TLS in coherence validation" time="0.001">
      <failure>TypeError: expect.stringMatching is not a function
    at Object.stringMatching (/home/devel/basset-hound-browser/tests/evasion/advanced-evasion-comprehensive.test.js:100:18)
    at Promise.then.completed (/home/devel/basset-hound-browser/node_modules/jest-circus/build/utils.js:298:28)
    at new Promise (&lt;anonymous&gt;)
    at callAsyncCircusFn (/home/devel/basset-hound-browser/node_modules/jest-circus/build/utils.js:231:10)
    at _callCircusTest (/home/devel/basset-hound-browser/node_modules/jest-circus/build/run.js:316:40)
    at processTicksAndRejections (node:internal/process/task_queues:95:5)
    at _runTest (/home/devel/basset-hound-browser/node_modules/jest-circus/build/run.js:252:3)
    at _runTestsForDescribeBlock (/home/devel/basset-hound-browser/node_modules/jest-circus/build/run.js:126:9)
    at _runTestsForDescribeBlock (/home/devel/basset-hound-browser/node_modules/jest-circus/build/run.js:121:9)
    at _runTestsForDescribeBlock (/home/devel/basset-hound-browser/node_modules/jest-circus/build/run.js:121:9)
    at _runTestsForDescribeBlock (/home/devel/basset-hound-browser/node_modules/jest-circus/build/run.js:121:9)
    at run (/home/devel/basset-hound-browser/node_modules/jest-circus/build/run.js:71:3)
    at runAndTransformResultsToJestFormat (/home/devel/basset-hound-browser/node_modules/jest-circus/build/legacy-code-todo-rewrite/jestAdapterInit.js:122:21)
    at jestAdapter (/home/devel/basset-hound-browser/node_modules/jest-circus/build/legacy-code-todo-rewrite/jestAdapter.js:79:19)
    at runTestInternal (/home/devel/basset-hound-browser/node_modules/jest-runner/build/runTest.js:367:16)
    at runTest (/home/devel/basset-hound-browser/node_modules/jest-runner/build/runTest.js:444:34)
    at Object.worker (/home/devel/basset-hound-browser/node_modules/jest-runner/build/testWorker.js:106:12)</failure>
    </testcase>
    <testcase classname="Advanced Evasion Techniques - Comprehensive Test Suite TLS Fingerprinting Module HTTP/2 SETTINGS Coherence should maintain minimum coherence score of 75%" name="Advanced Evasion Techniques - Comprehensive Test Suite TLS Fingerprinting Module HTTP/2 SETTINGS Coherence should maintain minimum coherence score of 75%" time="0">
    </testcase>
    <testcase classname="Advanced Evasion Techniques - Comprehensive Test Suite TLS Fingerprinting Module HTTP/2 SETTINGS Coherence should validate cipher count coherence" name="Advanced Evasion Techniques - Comprehensive Test Suite TLS Fingerprinting Module HTTP/2 SETTINGS Coherence should validate cipher count coherence" time="0">
    </testcase>
    <testcase classname="Advanced Evasion Techniques - Comprehensive Test Suite TLS Fingerprinting Module Multi-TLS Version Support should restrict to TLS 1.3 for Chrome (strict mode)" name="Advanced Evasion Techniques - Comprehensive Test Suite TLS Fingerprinting Module Multi-TLS Version Support should restrict to TLS 1.3 for Chrome (strict mode)" time="0">
    </testcase>
    <testcase classname="Advanced Evasion Techniques - Comprehensive Test Suite TLS Fingerprinting Module Multi-TLS Version Support should recommend consistent TLS version throughout session" name="Advanced Evasion Techniques - Comprehensive Test Suite TLS Fingerprinting Module Multi-TLS Version Support should recommend consistent TLS version throughout session" time="0.001">
      <failure>Error: Keep TLS version constant throughout session for maximum evasion does not match /consistent/i
    at Function.Object.&lt;anonymous&gt;.expect.toMatch (/home/devel/basset-hound-browser/tests/evasion/advanced-evasion-comprehensive.test.js:712:11)
    at Object.toMatch (/home/devel/basset-hound-browser/tests/evasion/advanced-evasion-comprehensive.test.js:651:32)
    at Object.toMatch (/home/devel/basset-hound-browser/tests/evasion/advanced-evasion-comprehensive.test.js:129:41)
    at Promise.then.completed (/home/devel/basset-hound-browser/node_modules/jest-circus/build/utils.js:298:28)
    at new Promise (&lt;anonymous&gt;)
    at callAsyncCircusFn (/home/devel/basset-hound-browser/node_modules/jest-circus/build/utils.js:231:10)
    at _callCircusTest (/home/devel/basset-hound-browser/node_modules/jest-circus/build/run.js:316:40)
    at processTicksAndRejections (node:internal/process/task_queues:95:5)
    at _runTest (/home/devel/basset-hound-browser/node_modules/jest-circus/build/run.js:252:3)
    at _runTestsForDescribeBlock (/home/devel/basset-hound-browser/node_modules/jest-circus/build/run.js:126:9)
    at _runTestsForDescribeBlock (/home/devel/basset-hound-browser/node_modules/jest-circus/build/run.js:121:9)
    at _runTestsForDescribeBlock (/home/devel/basset-hound-browser/node_modules/jest-circus/build/run.js:121:9)
    at _runTestsForDescribeBlock (/home/devel/basset-hound-browser/node_modules/jest-circus/build/run.js:121:9)
    at run (/home/devel/basset-hound-browser/node_modules/jest-circus/build/run.js:71:3)
    at runAndTransformResultsToJestFormat (/home/devel/basset-hound-browser/node_modules/jest-circus/build/legacy-code-todo-rewrite/jestAdapterInit.js:122:21)
    at jestAdapter (/home/devel/basset-hound-browser/node_modules/jest-circus/build/legacy-code-todo-rewrite/jestAdapter.js:79:19)
    at runTestInternal (/home/devel/basset-hound-browser/node_modules/jest-runner/build/runTest.js:367:16)
    at runTest (/home/devel/basset-hound-browser/node_modules/jest-runner/build/runTest.js:444:34)
    at Object.worker (/home/devel/basset-hound-browser/node_modules/jest-runner/build/testWorker.js:106:12)</failure>
    </testcase>
    <testcase classname="Advanced Evasion Techniques - Comprehensive Test Suite TLS Fingerprinting Module Cipher Suite Variation should provide different cipher suites per segment" name="Advanced Evasion Techniques - Comprehensive Test Suite TLS Fingerprinting Module Cipher Suite Variation should provide different cipher suites per segment" time="0">
    </testcase>
    <testcase classname="Advanced Evasion Techniques - Comprehensive Test Suite TLS Fingerprinting Module Cipher Suite Variation should randomize cipher order while maintaining coherence" name="Advanced Evasion Techniques - Comprehensive Test Suite TLS Fingerprinting Module Cipher Suite Variation should randomize cipher order while maintaining coherence" time="0">
    </testcase>
    <testcase classname="Advanced Evasion Techniques - Comprehensive Test Suite TLS Fingerprinting Module Validation Reports should generate comprehensive validation report" name="Advanced Evasion Techniques - Comprehensive Test Suite TLS Fingerprinting Module Validation Reports should generate comprehensive validation report" time="0.001">
    </testcase>
    <testcase classname="Advanced Evasion Techniques - Comprehensive Test Suite TLS Fingerprinting Module Validation Reports should rate overall coherence as GOOD or better" name="Advanced Evasion Techniques - Comprehensive Test Suite TLS Fingerprinting Module Validation Reports should rate overall coherence as GOOD or better" time="0">
    </testcase>
    <testcase classname="Advanced Evasion Techniques - Comprehensive Test Suite TLS Fingerprinting Module Validation Reports should export profile for WebSocket/HTTP integration" name="Advanced Evasion Techniques - Comprehensive Test Suite TLS Fingerprinting Module Validation Reports should export profile for WebSocket/HTTP integration" time="0">
    </testcase>
    <testcase classname="Advanced Evasion Techniques - Comprehensive Test Suite Behavioral Micro-Timing Module Mouse Click Timing should generate realistic mouse click timing" name="Advanced Evasion Techniques - Comprehensive Test Suite Behavioral Micro-Timing Module Mouse Click Timing should generate realistic mouse click timing" time="0">
    </testcase>
    <testcase classname="Advanced Evasion Techniques - Comprehensive Test Suite Behavioral Micro-Timing Module Mouse Click Timing should include position jitter (tremor simulation)" name="Advanced Evasion Techniques - Comprehensive Test Suite Behavioral Micro-Timing Module Mouse Click Timing should include position jitter (tremor simulation)" time="0.001">
    </testcase>
    <testcase classname="Advanced Evasion Techniques - Comprehensive Test Suite Behavioral Micro-Timing Module Mouse Click Timing should maintain click timing within human range" name="Advanced Evasion Techniques - Comprehensive Test Suite Behavioral Micro-Timing Module Mouse Click Timing should maintain click timing within human range" time="0">
    </testcase>
    <testcase classname="Advanced Evasion Techniques - Comprehensive Test Suite Behavioral Micro-Timing Module Mouse Click Timing should log clicks to history for pattern analysis" name="Advanced Evasion Techniques - Comprehensive Test Suite Behavioral Micro-Timing Module Mouse Click Timing should log clicks to history for pattern analysis" time="0">
    </testcase>
    <testcase classname="Advanced Evasion Techniques - Comprehensive Test Suite Behavioral Micro-Timing Module Keystroke Timing should generate realistic keystroke timing" name="Advanced Evasion Techniques - Comprehensive Test Suite Behavioral Micro-Timing Module Keystroke Timing should generate realistic keystroke timing" time="0">
      <failure>Error: 1 is not greater than 1
    at Function.Object.&lt;anonymous&gt;.expect.toBeGreaterThan (/home/devel/basset-hound-browser/tests/evasion/advanced-evasion-comprehensive.test.js:677:32)
    at Object.toBeGreaterThan (/home/devel/basset-hound-browser/tests/evasion/advanced-evasion-comprehensive.test.js:644:43)
    at Object.toBeGreaterThan (/home/devel/basset-hound-browser/tests/evasion/advanced-evasion-comprehensive.test.js:240:45)
    at Promise.then.completed (/home/devel/basset-hound-browser/node_modules/jest-circus/build/utils.js:298:28)
    at new Promise (&lt;anonymous&gt;)
    at callAsyncCircusFn (/home/devel/basset-hound-browser/node_modules/jest-circus/build/utils.js:231:10)
    at _callCircusTest (/home/devel/basset-hound-browser/node_modules/jest-circus/build/run.js:316:40)
    at processTicksAndRejections (node:internal/process/task_queues:95:5)
    at _runTest (/home/devel/basset-hound-browser/node_modules/jest-circus/build/run.js:252:3)
    at _runTestsForDescribeBlock (/home/devel/basset-hound-browser/node_modules/jest-circus/build/run.js:126:9)
    at _runTestsForDescribeBlock (/home/devel/basset-hound-browser/node_modules/jest-circus/build/run.js:121:9)
    at _runTestsForDescribeBlock (/home/devel/basset-hound-browser/node_modules/jest-circus/build/run.js:121:9)
    at _runTestsForDescribeBlock (/home/devel/basset-hound-browser/node_modules/jest-circus/build/run.js:121:9)
    at run (/home/devel/basset-hound-browser/node_modules/jest-circus/build/run.js:71:3)
    at runAndTransformResultsToJestFormat (/home/devel/basset-hound-browser/node_modules/jest-circus/build/legacy-code-todo-rewrite/jestAdapterInit.js:122:21)
    at jestAdapter (/home/devel/basset-hound-browser/node_modules/jest-circus/build/legacy-code-todo-rewrite/jestAdapter.js:79:19)
    at runTestInternal (/home/devel/basset-hound-browser/node_modules/jest-runner/build/runTest.js:367:16)
    at runTest (/home/devel/basset-hound-browser/node_modules/jest-runner/build/runTest.js:444:34)
    at Object.worker (/home/devel/basset-hound-browser/node_modules/jest-runner/build/testWorker.js:106:12)</failure>
    </testcase>
    <testcase classname="Advanced Evasion Techniques - Comprehensive Test Suite Behavioral Micro-Timing Module Keystroke Timing should include keystroke pauses" name="Advanced Evasion Techniques - Comprehensive Test Suite Behavioral Micro-Timing Module Keystroke Timing should include keystroke pauses" time="0">
      <failure>Error: Value is defined: false
    at Function.Object.&lt;anonymous&gt;.expect.toBeUndefined (/home/devel/basset-hound-browser/tests/evasion/advanced-evasion-comprehensive.test.js:673:34)
    at Object.toBeUndefined (/home/devel/basset-hound-browser/tests/evasion/advanced-evasion-comprehensive.test.js:643:33)
    at Object.toBeUndefined (/home/devel/basset-hound-browser/tests/evasion/advanced-evasion-comprehensive.test.js:246:38)
    at Promise.then.completed (/home/devel/basset-hound-browser/node_modules/jest-circus/build/utils.js:298:28)
    at new Promise (&lt;anonymous&gt;)
    at callAsyncCircusFn (/home/devel/basset-hound-browser/node_modules/jest-circus/build/utils.js:231:10)
    at _callCircusTest (/home/devel/basset-hound-browser/node_modules/jest-circus/build/run.js:316:40)
    at processTicksAndRejections (node:internal/process/task_queues:95:5)
    at _runTest (/home/devel/basset-hound-browser/node_modules/jest-circus/build/run.js:252:3)
    at _runTestsForDescribeBlock (/home/devel/basset-hound-browser/node_modules/jest-circus/build/run.js:126:9)
    at _runTestsForDescribeBlock (/home/devel/basset-hound-browser/node_modules/jest-circus/build/run.js:121:9)
    at _runTestsForDescribeBlock (/home/devel/basset-hound-browser/node_modules/jest-circus/build/run.js:121:9)
    at _runTestsForDescribeBlock (/home/devel/basset-hound-browser/node_modules/jest-circus/build/run.js:121:9)
    at run (/home/devel/basset-hound-browser/node_modules/jest-circus/build/run.js:71:3)
    at runAndTransformResultsToJestFormat (/home/devel/basset-hound-browser/node_modules/jest-circus/build/legacy-code-todo-rewrite/jestAdapterInit.js:122:21)
    at jestAdapter (/home/devel/basset-hound-browser/node_modules/jest-circus/build/legacy-code-todo-rewrite/jestAdapter.js:79:19)
    at runTestInternal (/home/devel/basset-hound-browser/node_modules/jest-runner/build/runTest.js:367:16)
    at runTest (/home/devel/basset-hound-browser/node_modules/jest-runner/build/runTest.js:444:34)
    at Object.worker (/home/devel/basset-hound-browser/node_modules/jest-runner/build/testWorker.js:106:12)</failure>
    </testcase>
    <testcase classname="Advanced Evasion Techniques - Comprehensive Test Suite Behavioral Micro-Timing Module Keystroke Timing should simulate fatigue over long typing sessions" name="Advanced Evasion Techniques - Comprehensive Test Suite Behavioral Micro-Timing Module Keystroke Timing should simulate fatigue over long typing sessions" time="0">
    </testcase>
    <testcase classname="Advanced Evasion Techniques - Comprehensive Test Suite Behavioral Micro-Timing Module Keystroke Timing should match natural user WPM variance" name="Advanced Evasion Techniques - Comprehensive Test Suite Behavioral Micro-Timing Module Keystroke Timing should match natural user WPM variance" time="0">
    </testcase>
    <testcase classname="Advanced Evasion Techniques - Comprehensive Test Suite Behavioral Micro-Timing Module Scroll Timing should generate realistic scroll timing" name="Advanced Evasion Techniques - Comprehensive Test Suite Behavioral Micro-Timing Module Scroll Timing should generate realistic scroll timing" time="0">
    </testcase>
    <testcase classname="Advanced Evasion Techniques - Comprehensive Test Suite Behavioral Micro-Timing Module Scroll Timing should include momentum continuation" name="Advanced Evasion Techniques - Comprehensive Test Suite Behavioral Micro-Timing Module Scroll Timing should include momentum continuation" time="0">
    </testcase>
    <testcase classname="Advanced Evasion Techniques - Comprehensive Test Suite Behavioral Micro-Timing Module Scroll Timing should respect distance boundaries" name="Advanced Evasion Techniques - Comprehensive Test Suite Behavioral Micro-Timing Module Scroll Timing should respect distance boundaries" time="0">
    </testcase>
    <testcase classname="Advanced Evasion Techniques - Comprehensive Test Suite Behavioral Micro-Timing Module Behavioral Pattern Analysis should analyze keystroke timing variance" name="Advanced Evasion Techniques - Comprehensive Test Suite Behavioral Micro-Timing Module Behavioral Pattern Analysis should analyze keystroke timing variance" time="0.001">
    </testcase>
    <testcase classname="Advanced Evasion Techniques - Comprehensive Test Suite Behavioral Micro-Timing Module Behavioral Pattern Analysis should detect suspiciously consistent timing (bot pattern)" name="Advanced Evasion Techniques - Comprehensive Test Suite Behavioral Micro-Timing Module Behavioral Pattern Analysis should detect suspiciously consistent timing (bot pattern)" time="0">
      <failure>TypeError: Cannot read properties of undefined (reading &apos;length&apos;)
    at Object.length (/home/devel/basset-hound-browser/tests/evasion/advanced-evasion-comprehensive.test.js:323:35)
    at Promise.then.completed (/home/devel/basset-hound-browser/node_modules/jest-circus/build/utils.js:298:28)
    at new Promise (&lt;anonymous&gt;)
    at callAsyncCircusFn (/home/devel/basset-hound-browser/node_modules/jest-circus/build/utils.js:231:10)
    at _callCircusTest (/home/devel/basset-hound-browser/node_modules/jest-circus/build/run.js:316:40)
    at processTicksAndRejections (node:internal/process/task_queues:95:5)
    at _runTest (/home/devel/basset-hound-browser/node_modules/jest-circus/build/run.js:252:3)
    at _runTestsForDescribeBlock (/home/devel/basset-hound-browser/node_modules/jest-circus/build/run.js:126:9)
    at _runTestsForDescribeBlock (/home/devel/basset-hound-browser/node_modules/jest-circus/build/run.js:121:9)
    at _runTestsForDescribeBlock (/home/devel/basset-hound-browser/node_modules/jest-circus/build/run.js:121:9)
    at _runTestsForDescribeBlock (/home/devel/basset-hound-browser/node_modules/jest-circus/build/run.js:121:9)
    at run (/home/devel/basset-hound-browser/node_modules/jest-circus/build/run.js:71:3)
    at runAndTransformResultsToJestFormat (/home/devel/basset-hound-browser/node_modules/jest-circus/build/legacy-code-todo-rewrite/jestAdapterInit.js:122:21)
    at jestAdapter (/home/devel/basset-hound-browser/node_modules/jest-circus/build/legacy-code-todo-rewrite/jestAdapter.js:79:19)
    at runTestInternal (/home/devel/basset-hound-browser/node_modules/jest-runner/build/runTest.js:367:16)
    at runTest (/home/devel/basset-hound-browser/node_modules/jest-runner/build/runTest.js:444:34)
    at Object.worker (/home/devel/basset-hound-browser/node_modules/jest-runner/build/testWorker.js:106:12)</failure>
    </testcase>
    <testcase classname="Advanced Evasion Techniques - Comprehensive Test Suite Behavioral Micro-Timing Module Behavioral Pattern Analysis should generate behavioral report with recommendations" name="Advanced Evasion Techniques - Comprehensive Test Suite Behavioral Micro-Timing Module Behavioral Pattern Analysis should generate behavioral report with recommendations" time="0">
    </testcase>
    <testcase classname="Advanced Evasion Techniques - Comprehensive Test Suite Behavioral Micro-Timing Module Profile Support should support multiple user profiles" name="Advanced Evasion Techniques - Comprehensive Test Suite Behavioral Micro-Timing Module Profile Support should support multiple user profiles" time="0">
    </testcase>
    <testcase classname="Advanced Evasion Techniques - Comprehensive Test Suite Behavioral Micro-Timing Module Profile Support should switch profiles dynamically" name="Advanced Evasion Techniques - Comprehensive Test Suite Behavioral Micro-Timing Module Profile Support should switch profiles dynamically" time="0">
    </testcase>
    <testcase classname="Advanced Evasion Techniques - Comprehensive Test Suite Behavioral Micro-Timing Module Profile Support should reset history correctly" name="Advanced Evasion Techniques - Comprehensive Test Suite Behavioral Micro-Timing Module Profile Support should reset history correctly" time="0">
    </testcase>
    <testcase classname="Advanced Evasion Techniques - Comprehensive Test Suite Multi-Layer Evasion Coordinator Layer Initialization should initialize coordinator with valid session ID" name="Advanced Evasion Techniques - Comprehensive Test Suite Multi-Layer Evasion Coordinator Layer Initialization should initialize coordinator with valid session ID" time="0">
    </testcase>
    <testcase classname="Advanced Evasion Techniques - Comprehensive Test Suite Multi-Layer Evasion Coordinator Layer Initialization should initialize all strategy layers" name="Advanced Evasion Techniques - Comprehensive Test Suite Multi-Layer Evasion Coordinator Layer Initialization should initialize all strategy layers" time="0">
    </testcase>
    <testcase classname="Advanced Evasion Techniques - Comprehensive Test Suite Multi-Layer Evasion Coordinator Layer Initialization should assign appropriate weights to layers" name="Advanced Evasion Techniques - Comprehensive Test Suite Multi-Layer Evasion Coordinator Layer Initialization should assign appropriate weights to layers" time="0.001">
    </testcase>
    <testcase classname="Advanced Evasion Techniques - Comprehensive Test Suite Multi-Layer Evasion Coordinator Evasion Score Calculation should calculate overall evasion score" name="Advanced Evasion Techniques - Comprehensive Test Suite Multi-Layer Evasion Coordinator Evasion Score Calculation should calculate overall evasion score" time="0">
    </testcase>
    <testcase classname="Advanced Evasion Techniques - Comprehensive Test Suite Multi-Layer Evasion Coordinator Evasion Score Calculation should weight layers appropriately" name="Advanced Evasion Techniques - Comprehensive Test Suite Multi-Layer Evasion Coordinator Evasion Score Calculation should weight layers appropriately" time="0">
    </testcase>
    <testcase classname="Advanced Evasion Techniques - Comprehensive Test Suite Multi-Layer Evasion Coordinator Evasion Score Calculation should provide actionable recommendations" name="Advanced Evasion Techniques - Comprehensive Test Suite Multi-Layer Evasion Coordinator Evasion Score Calculation should provide actionable recommendations" time="0">
    </testcase>
    <testcase classname="Advanced Evasion Techniques - Comprehensive Test Suite Multi-Layer Evasion Coordinator Strategy Management should have fallback strategies defined" name="Advanced Evasion Techniques - Comprehensive Test Suite Multi-Layer Evasion Coordinator Strategy Management should have fallback strategies defined" time="0">
    </testcase>
    <testcase classname="Advanced Evasion Techniques - Comprehensive Test Suite Multi-Layer Evasion Coordinator Strategy Management should rotate strategies when current fails" name="Advanced Evasion Techniques - Comprehensive Test Suite Multi-Layer Evasion Coordinator Strategy Management should rotate strategies when current fails" time="0.004">
      <failure>TypeError: Cannot read properties of undefined (reading &apos;toBe&apos;)
    at Object.&lt;anonymous&gt; (/home/devel/basset-hound-browser/tests/evasion/advanced-evasion-comprehensive.test.js:440:32)
    at Promise.then.completed (/home/devel/basset-hound-browser/node_modules/jest-circus/build/utils.js:298:28)
    at new Promise (&lt;anonymous&gt;)
    at callAsyncCircusFn (/home/devel/basset-hound-browser/node_modules/jest-circus/build/utils.js:231:10)
    at _callCircusTest (/home/devel/basset-hound-browser/node_modules/jest-circus/build/run.js:316:40)
    at processTicksAndRejections (node:internal/process/task_queues:95:5)
    at _runTest (/home/devel/basset-hound-browser/node_modules/jest-circus/build/run.js:252:3)
    at _runTestsForDescribeBlock (/home/devel/basset-hound-browser/node_modules/jest-circus/build/run.js:126:9)
    at _runTestsForDescribeBlock (/home/devel/basset-hound-browser/node_modules/jest-circus/build/run.js:121:9)
    at _runTestsForDescribeBlock (/home/devel/basset-hound-browser/node_modules/jest-circus/build/run.js:121:9)
    at _runTestsForDescribeBlock (/home/devel/basset-hound-browser/node_modules/jest-circus/build/run.js:121:9)
    at run (/home/devel/basset-hound-browser/node_modules/jest-circus/build/run.js:71:3)
    at runAndTransformResultsToJestFormat (/home/devel/basset-hound-browser/node_modules/jest-circus/build/legacy-code-todo-rewrite/jestAdapterInit.js:122:21)
    at jestAdapter (/home/devel/basset-hound-browser/node_modules/jest-circus/build/legacy-code-todo-rewrite/jestAdapter.js:79:19)
    at runTestInternal (/home/devel/basset-hound-browser/node_modules/jest-runner/build/runTest.js:367:16)
    at runTest (/home/devel/basset-hound-browser/node_modules/jest-runner/build/runTest.js:444:34)
    at Object.worker (/home/devel/basset-hound-browser/node_modules/jest-runner/build/testWorker.js:106:12)</failure>
    </testcase>
    <testcase classname="Advanced Evasion Techniques - Comprehensive Test Suite Multi-Layer Evasion Coordinator Strategy Management should identify detected layer from detection vector" name="Advanced Evasion Techniques - Comprehensive Test Suite Multi-Layer Evasion Coordinator Strategy Management should identify detected layer from detection vector" time="0">
    </testcase>
    <testcase classname="Advanced Evasion Techniques - Comprehensive Test Suite Multi-Layer Evasion Coordinator Session Management should track detection attempts" name="Advanced Evasion Techniques - Comprehensive Test Suite Multi-Layer Evasion Coordinator Session Management should track detection attempts" time="0.003">
    </testcase>
    <testcase classname="Advanced Evasion Techniques - Comprehensive Test Suite Multi-Layer Evasion Coordinator Session Management should generate session summary" name="Advanced Evasion Techniques - Comprehensive Test Suite Multi-Layer Evasion Coordinator Session Management should generate session summary" time="0">
    </testcase>
    <testcase classname="Advanced Evasion Techniques - Comprehensive Test Suite Multi-Layer Evasion Coordinator Session Management should generate comprehensive report" name="Advanced Evasion Techniques - Comprehensive Test Suite Multi-Layer Evasion Coordinator Session Management should generate comprehensive report" time="0">
    </testcase>
    <testcase classname="Advanced Evasion Techniques - Comprehensive Test Suite Multi-Layer Evasion Coordinator Coherence Validation should validate cross-layer coherence" name="Advanced Evasion Techniques - Comprehensive Test Suite Multi-Layer Evasion Coordinator Coherence Validation should validate cross-layer coherence" time="0">
    </testcase>
    <testcase classname="Advanced Evasion Techniques - Comprehensive Test Suite Detection Service Simulation bot.sannysoft Detection Simulation should pass JA3/JA4 fingerprinting test" name="Advanced Evasion Techniques - Comprehensive Test Suite Detection Service Simulation bot.sannysoft Detection Simulation should pass JA3/JA4 fingerprinting test" time="0">
    </testcase>
    <testcase classname="Advanced Evasion Techniques - Comprehensive Test Suite Detection Service Simulation bot.sannysoft Detection Simulation should pass Canvas fingerprinting test (via evasion module)" name="Advanced Evasion Techniques - Comprehensive Test Suite Detection Service Simulation bot.sannysoft Detection Simulation should pass Canvas fingerprinting test (via evasion module)" time="0.001">
    </testcase>
    <testcase classname="Advanced Evasion Techniques - Comprehensive Test Suite Detection Service Simulation CreepJS Detection Simulation should maintain API consistency" name="Advanced Evasion Techniques - Comprehensive Test Suite Detection Service Simulation CreepJS Detection Simulation should maintain API consistency" time="0">
    </testcase>
    <testcase classname="Advanced Evasion Techniques - Comprehensive Test Suite Detection Service Simulation CreepJS Detection Simulation should pass WebGL fingerprinting test" name="Advanced Evasion Techniques - Comprehensive Test Suite Detection Service Simulation CreepJS Detection Simulation should pass WebGL fingerprinting test" time="0">
    </testcase>
    <testcase classname="Advanced Evasion Techniques - Comprehensive Test Suite Detection Service Simulation FingerprintJS Detection Simulation should maintain session consistency" name="Advanced Evasion Techniques - Comprehensive Test Suite Detection Service Simulation FingerprintJS Detection Simulation should maintain session consistency" time="0">
    </testcase>
    <testcase classname="Advanced Evasion Techniques - Comprehensive Test Suite Detection Service Simulation FingerprintJS Detection Simulation should provide consistent fingerprints" name="Advanced Evasion Techniques - Comprehensive Test Suite Detection Service Simulation FingerprintJS Detection Simulation should provide consistent fingerprints" time="0">
    </testcase>
    <testcase classname="Advanced Evasion Techniques - Comprehensive Test Suite Detection Service Simulation browserleaks Detection Simulation should handle font enumeration checks" name="Advanced Evasion Techniques - Comprehensive Test Suite Detection Service Simulation browserleaks Detection Simulation should handle font enumeration checks" time="0">
    </testcase>
    <testcase classname="Advanced Evasion Techniques - Comprehensive Test Suite Detection Service Simulation browserleaks Detection Simulation should maintain geographic coherence" name="Advanced Evasion Techniques - Comprehensive Test Suite Detection Service Simulation browserleaks Detection Simulation should maintain geographic coherence" time="0">
    </testcase>
    <testcase classname="Advanced Evasion Techniques - Comprehensive Test Suite Integration Tests should integrate TLS and Behavioral layers" name="Advanced Evasion Techniques - Comprehensive Test Suite Integration Tests should integrate TLS and Behavioral layers" time="0">
      <failure>TypeError: Cannot read properties of undefined (reading &apos;length&apos;)
    at BehavioralMicroTiming.length [as _generateRecommendations] (/home/devel/basset-hound-browser/src/evasion/behavioral-micro-timing.js:390:28)
    at BehavioralMicroTiming._generateRecommendations (/home/devel/basset-hound-browser/src/evasion/behavioral-micro-timing.js:369:29)
    at Object.generateBehavioralReport (/home/devel/basset-hound-browser/tests/evasion/advanced-evasion-comprehensive.test.js:582:43)
    at Promise.then.completed (/home/devel/basset-hound-browser/node_modules/jest-circus/build/utils.js:298:28)
    at new Promise (&lt;anonymous&gt;)
    at callAsyncCircusFn (/home/devel/basset-hound-browser/node_modules/jest-circus/build/utils.js:231:10)
    at _callCircusTest (/home/devel/basset-hound-browser/node_modules/jest-circus/build/run.js:316:40)
    at processTicksAndRejections (node:internal/process/task_queues:95:5)
    at _runTest (/home/devel/basset-hound-browser/node_modules/jest-circus/build/run.js:252:3)
    at _runTestsForDescribeBlock (/home/devel/basset-hound-browser/node_modules/jest-circus/build/run.js:126:9)
    at _runTestsForDescribeBlock (/home/devel/basset-hound-browser/node_modules/jest-circus/build/run.js:121:9)
    at _runTestsForDescribeBlock (/home/devel/basset-hound-browser/node_modules/jest-circus/build/run.js:121:9)
    at run (/home/devel/basset-hound-browser/node_modules/jest-circus/build/run.js:71:3)
    at runAndTransformResultsToJestFormat (/home/devel/basset-hound-browser/node_modules/jest-circus/build/legacy-code-todo-rewrite/jestAdapterInit.js:122:21)
    at jestAdapter (/home/devel/basset-hound-browser/node_modules/jest-circus/build/legacy-code-todo-rewrite/jestAdapter.js:79:19)
    at runTestInternal (/home/devel/basset-hound-browser/node_modules/jest-runner/build/runTest.js:367:16)
    at runTest (/home/devel/basset-hound-browser/node_modules/jest-runner/build/runTest.js:444:34)
    at Object.worker (/home/devel/basset-hound-browser/node_modules/jest-runner/build/testWorker.js:106:12)</failure>
    </testcase>
    <testcase classname="Advanced Evasion Techniques - Comprehensive Test Suite Integration Tests should handle 100+ request sessions" name="Advanced Evasion Techniques - Comprehensive Test Suite Integration Tests should handle 100+ request sessions" time="0.001">
    </testcase>
    <testcase classname="Advanced Evasion Techniques - Comprehensive Test Suite Integration Tests should maintain evasion score above 85% baseline" name="Advanced Evasion Techniques - Comprehensive Test Suite Integration Tests should maintain evasion score above 85% baseline" time="0">
    </testcase>
    <testcase classname="Advanced Evasion Techniques - Comprehensive Test Suite Improvement Measurement should show improvement from 85.5% baseline" name="Advanced Evasion Techniques - Comprehensive Test Suite Improvement Measurement should show improvement from 85.5% baseline" time="0">
    </testcase>
    <testcase classname="Advanced Evasion Techniques - Comprehensive Test Suite Improvement Measurement should track evasion effectiveness per vector" name="Advanced Evasion Techniques - Comprehensive Test Suite Improvement Measurement should track evasion effectiveness per vector" time="0">
    </testcase>
  </testsuite>
  <testsuite name="StreamingSessionRecorder" errors="0" failures="4" skipped="0" timestamp="2026-05-11T06:16:42" time="1.075" tests="35">
    <testcase classname="StreamingSessionRecorder Basic Functionality should create recorder with default settings" name="StreamingSessionRecorder Basic Functionality should create recorder with default settings" time="0.094">
    </testcase>
    <testcase classname="StreamingSessionRecorder Basic Functionality should record single frame" name="StreamingSessionRecorder Basic Functionality should record single frame" time="0.005">
    </testcase>
    <testcase classname="StreamingSessionRecorder Basic Functionality should record multiple frames" name="StreamingSessionRecorder Basic Functionality should record multiple frames" time="0.004">
    </testcase>
    <testcase classname="StreamingSessionRecorder Basic Functionality should record events" name="StreamingSessionRecorder Basic Functionality should record events" time="0.002">
    </testcase>
    <testcase classname="StreamingSessionRecorder Basic Functionality should create log file on disk" name="StreamingSessionRecorder Basic Functionality should create log file on disk" time="0.002">
    </testcase>
    <testcase classname="StreamingSessionRecorder Basic Functionality should close recorder gracefully" name="StreamingSessionRecorder Basic Functionality should close recorder gracefully" time="0.001">
    </testcase>
    <testcase classname="StreamingSessionRecorder Memory Buffer Management should limit memory buffer size" name="StreamingSessionRecorder Memory Buffer Management should limit memory buffer size" time="0.002">
    </testcase>
    <testcase classname="StreamingSessionRecorder Memory Buffer Management should keep recent frames in memory" name="StreamingSessionRecorder Memory Buffer Management should keep recent frames in memory" time="0.002">
    </testcase>
    <testcase classname="StreamingSessionRecorder Memory Buffer Management should calculate memory estimate" name="StreamingSessionRecorder Memory Buffer Management should calculate memory estimate" time="0.002">
    </testcase>
    <testcase classname="StreamingSessionRecorder Memory Buffer Management should minimize memory usage with streaming" name="StreamingSessionRecorder Memory Buffer Management should minimize memory usage with streaming" time="0.084">
    </testcase>
    <testcase classname="StreamingSessionRecorder Disk Writing should write frames to disk in JSONL format" name="StreamingSessionRecorder Disk Writing should write frames to disk in JSONL format" time="0.005">
    </testcase>
    <testcase classname="StreamingSessionRecorder Disk Writing should write events to disk" name="StreamingSessionRecorder Disk Writing should write events to disk" time="0.002">
    </testcase>
    <testcase classname="StreamingSessionRecorder Disk Writing should track disk usage" name="StreamingSessionRecorder Disk Writing should track disk usage" time="0.003">
    </testcase>
    <testcase classname="StreamingSessionRecorder Disk Writing should handle backpressure from disk writes" name="StreamingSessionRecorder Disk Writing should handle backpressure from disk writes" time="0.006">
    </testcase>
    <testcase classname="StreamingSessionRecorder Disk Writing should flush writes when chunk size reached" name="StreamingSessionRecorder Disk Writing should flush writes when chunk size reached" time="0.103">
    </testcase>
    <testcase classname="StreamingSessionRecorder Playback should playback frames in order" name="StreamingSessionRecorder Playback should playback frames in order" time="0.018">
      <failure>Error: expect(received).toBe(expected) // Object.is equality

Expected: 0
Received: 8
    at Object.toBe (/home/devel/basset-hound-browser/tests/opt-04-streaming-recorder.test.js:342:33)
    at processTicksAndRejections (node:internal/process/task_queues:95:5)</failure>
    </testcase>
    <testcase classname="StreamingSessionRecorder Playback should playback with frame range" name="StreamingSessionRecorder Playback should playback with frame range" time="0.004">
    </testcase>
    <testcase classname="StreamingSessionRecorder Playback should playback with filter" name="StreamingSessionRecorder Playback should playback with filter" time="0.003">
    </testcase>
    <testcase classname="StreamingSessionRecorder Playback should playback mixed frames and events" name="StreamingSessionRecorder Playback should playback mixed frames and events" time="0.002">
      <failure>Error: expect(received).toBe(expected) // Object.is equality

Expected: 4
Received: 2
    at Object.toBe (/home/devel/basset-hound-browser/tests/opt-04-streaming-recorder.test.js:406:28)
    at processTicksAndRejections (node:internal/process/task_queues:95:5)</failure>
    </testcase>
    <testcase classname="StreamingSessionRecorder Playback should handle empty recording" name="StreamingSessionRecorder Playback should handle empty recording" time="0.005">
    </testcase>
    <testcase classname="StreamingSessionRecorder Export should export to JSONL format" name="StreamingSessionRecorder Export should export to JSONL format" time="0.005">
    </testcase>
    <testcase classname="StreamingSessionRecorder Export should export to JSON format" name="StreamingSessionRecorder Export should export to JSON format" time="0.003">
    </testcase>
    <testcase classname="StreamingSessionRecorder Export should handle large exports" name="StreamingSessionRecorder Export should handle large exports" time="0.009">
    </testcase>
    <testcase classname="StreamingSessionRecorder Statistics should return recording statistics" name="StreamingSessionRecorder Statistics should return recording statistics" time="0.005">
    </testcase>
    <testcase classname="StreamingSessionRecorder Statistics should track memory and disk usage in stats" name="StreamingSessionRecorder Statistics should track memory and disk usage in stats" time="0.004">
    </testcase>
    <testcase classname="StreamingSessionRecorder Statistics should track write performance" name="StreamingSessionRecorder Statistics should track write performance" time="0.006">
    </testcase>
    <testcase classname="StreamingSessionRecorder Statistics should format recording duration" name="StreamingSessionRecorder Statistics should format recording duration" time="0.001">
    </testcase>
    <testcase classname="StreamingSessionRecorder Statistics should report status as closed after close" name="StreamingSessionRecorder Statistics should report status as closed after close" time="0.001">
    </testcase>
    <testcase classname="StreamingSessionRecorder Time Range Queries should retrieve frames in time range" name="StreamingSessionRecorder Time Range Queries should retrieve frames in time range" time="0.053">
    </testcase>
    <testcase classname="StreamingSessionRecorder Error Handling should reject recording after close" name="StreamingSessionRecorder Error Handling should reject recording after close" time="0.008">
    </testcase>
    <testcase classname="StreamingSessionRecorder Error Handling should handle invalid log directory" name="StreamingSessionRecorder Error Handling should handle invalid log directory" time="0.006">
    </testcase>
    <testcase classname="StreamingSessionRecorder Error Handling should track and report errors" name="StreamingSessionRecorder Error Handling should track and report errors" time="0.008">
    </testcase>
    <testcase classname="StreamingSessionRecorder Error Handling should delete recording files" name="StreamingSessionRecorder Error Handling should delete recording files" time="0.001">
    </testcase>
    <testcase classname="StreamingSessionRecorder Integration Tests should handle realistic session recording" name="StreamingSessionRecorder Integration Tests should handle realistic session recording" time="0.066">
      <failure>Error: expect(received).toBe(expected) // Object.is equality

Expected: 120
Received: 100
    at Object.toBe (/home/devel/basset-hound-browser/tests/opt-04-streaming-recorder.test.js:707:29)
    at processTicksAndRejections (node:internal/process/task_queues:95:5)</failure>
    </testcase>
    <testcase classname="StreamingSessionRecorder Integration Tests should achieve 80% memory reduction vs full buffering" name="StreamingSessionRecorder Integration Tests should achieve 80% memory reduction vs full buffering" time="0.017">
      <failure>Error: expect(received).toBeGreaterThan(expected)

Expected: &gt; 50
Received:   -3716.5625443702966
    at Object.toBeGreaterThan (/home/devel/basset-hound-browser/tests/opt-04-streaming-recorder.test.js:741:25)</failure>
    </testcase>
  </testsuite>
  <testsuite name="Session/Cookie Sharing Tests" errors="0" failures="0" skipped="1" timestamp="2026-05-11T06:16:43" time="0.338" tests="1">
    <testcase classname="Session/Cookie Sharing Tests These tests require browser infrastructure - run with: npm run test:integration:session-sharing" name="Session/Cookie Sharing Tests These tests require browser infrastructure - run with: npm run test:integration:session-sharing" time="0">
      <skipped/>
    </testcase>
  </testsuite>
  <testsuite name="PriorityQueue" errors="0" failures="7" skipped="0" timestamp="2026-05-11T06:16:42" time="1.218" tests="43">
    <testcase classname="PriorityQueue Basic Functionality should create queue with default settings" name="PriorityQueue Basic Functionality should create queue with default settings" time="0.004">
    </testcase>
    <testcase classname="PriorityQueue Basic Functionality should enqueue request with command" name="PriorityQueue Basic Functionality should enqueue request with command" time="0.001">
    </testcase>
    <testcase classname="PriorityQueue Basic Functionality should reject request without command" name="PriorityQueue Basic Functionality should reject request without command" time="0.042">
    </testcase>
    <testcase classname="PriorityQueue Basic Functionality should reject invalid request" name="PriorityQueue Basic Functionality should reject invalid request" time="0.001">
    </testcase>
    <testcase classname="PriorityQueue Basic Functionality should get next request in priority order" name="PriorityQueue Basic Functionality should get next request in priority order" time="0.001">
    </testcase>
    <testcase classname="PriorityQueue Priority Classification should classify critical commands" name="PriorityQueue Priority Classification should classify critical commands" time="0.001">
    </testcase>
    <testcase classname="PriorityQueue Priority Classification should classify high-priority commands" name="PriorityQueue Priority Classification should classify high-priority commands" time="0.001">
    </testcase>
    <testcase classname="PriorityQueue Priority Classification should classify low-priority commands" name="PriorityQueue Priority Classification should classify low-priority commands" time="0.001">
    </testcase>
    <testcase classname="PriorityQueue Priority Classification should classify unknown commands as normal" name="PriorityQueue Priority Classification should classify unknown commands as normal" time="0">
    </testcase>
    <testcase classname="PriorityQueue Priority Classification should auto-assign priority on enqueue" name="PriorityQueue Priority Classification should auto-assign priority on enqueue" time="0">
    </testcase>
    <testcase classname="PriorityQueue Queue Management should track queue size" name="PriorityQueue Queue Management should track queue size" time="0.001">
    </testcase>
    <testcase classname="PriorityQueue Queue Management should track peak queue size" name="PriorityQueue Queue Management should track peak queue size" time="0.001">
    </testcase>
    <testcase classname="PriorityQueue Queue Management should reject when queue is full" name="PriorityQueue Queue Management should reject when queue is full" time="0.001">
    </testcase>
    <testcase classname="PriorityQueue Queue Management should maintain FIFO within same priority" name="PriorityQueue Queue Management should maintain FIFO within same priority" time="0.002">
      <failure>Error: expect(received).toBe(expected) // Object.is equality

Expected: 1
Received: 0
    at Object.toBe (/home/devel/basset-hound-browser/tests/opt-10-priority-queue.test.js:173:24)
    at Promise.then.completed (/home/devel/basset-hound-browser/node_modules/jest-circus/build/utils.js:298:28)
    at new Promise (&lt;anonymous&gt;)
    at callAsyncCircusFn (/home/devel/basset-hound-browser/node_modules/jest-circus/build/utils.js:231:10)
    at _callCircusTest (/home/devel/basset-hound-browser/node_modules/jest-circus/build/run.js:316:40)
    at processTicksAndRejections (node:internal/process/task_queues:95:5)
    at _runTest (/home/devel/basset-hound-browser/node_modules/jest-circus/build/run.js:252:3)
    at _runTestsForDescribeBlock (/home/devel/basset-hound-browser/node_modules/jest-circus/build/run.js:126:9)
    at _runTestsForDescribeBlock (/home/devel/basset-hound-browser/node_modules/jest-circus/build/run.js:121:9)
    at _runTestsForDescribeBlock (/home/devel/basset-hound-browser/node_modules/jest-circus/build/run.js:121:9)
    at run (/home/devel/basset-hound-browser/node_modules/jest-circus/build/run.js:71:3)
    at runAndTransformResultsToJestFormat (/home/devel/basset-hound-browser/node_modules/jest-circus/build/legacy-code-todo-rewrite/jestAdapterInit.js:122:21)
    at jestAdapter (/home/devel/basset-hound-browser/node_modules/jest-circus/build/legacy-code-todo-rewrite/jestAdapter.js:79:19)
    at runTestInternal (/home/devel/basset-hound-browser/node_modules/jest-runner/build/runTest.js:367:16)
    at runTest (/home/devel/basset-hound-browser/node_modules/jest-runner/build/runTest.js:444:34)
    at Object.worker (/home/devel/basset-hound-browser/node_modules/jest-runner/build/testWorker.js:106:12)</failure>
    </testcase>
    <testcase classname="PriorityQueue Queue Management should clear queue" name="PriorityQueue Queue Management should clear queue" time="0">
    </testcase>
    <testcase classname="PriorityQueue Queue Management should drain all requests" name="PriorityQueue Queue Management should drain all requests" time="0.001">
    </testcase>
    <testcase classname="PriorityQueue Request Completion should complete request successfully" name="PriorityQueue Request Completion should complete request successfully" time="0">
    </testcase>
    <testcase classname="PriorityQueue Request Completion should fail request with error" name="PriorityQueue Request Completion should fail request with error" time="0.001">
    </testcase>
    <testcase classname="PriorityQueue Request Completion should retry failed requests" name="PriorityQueue Request Completion should retry failed requests" time="0">
    </testcase>
    <testcase classname="PriorityQueue Request Completion should track wait and processing time" name="PriorityQueue Request Completion should track wait and processing time" time="0.021">
      <failure>Error: expect(received).toBeGreaterThanOrEqual(expected)

Expected: &gt;= 10
Received:    0
    at Object.toBeGreaterThanOrEqual (/home/devel/basset-hound-browser/tests/opt-10-priority-queue.test.js:251:40)</failure>
    </testcase>
    <testcase classname="PriorityQueue Request Completion should track completion in statistics" name="PriorityQueue Request Completion should track completion in statistics" time="0.001">
    </testcase>
    <testcase classname="PriorityQueue Priority Ordering should process critical before normal" name="PriorityQueue Priority Ordering should process critical before normal" time="0">
      <failure>Error: expect(received).toBeLessThan(expected)

Expected: &lt; 0
Received:   2
    at Object.toBeLessThan (/home/devel/basset-hound-browser/tests/opt-10-priority-queue.test.js:284:32)
    at Promise.then.completed (/home/devel/basset-hound-browser/node_modules/jest-circus/build/utils.js:298:28)
    at new Promise (&lt;anonymous&gt;)
    at callAsyncCircusFn (/home/devel/basset-hound-browser/node_modules/jest-circus/build/utils.js:231:10)
    at _callCircusTest (/home/devel/basset-hound-browser/node_modules/jest-circus/build/run.js:316:40)
    at _runTest (/home/devel/basset-hound-browser/node_modules/jest-circus/build/run.js:252:3)
    at _runTestsForDescribeBlock (/home/devel/basset-hound-browser/node_modules/jest-circus/build/run.js:126:9)
    at _runTestsForDescribeBlock (/home/devel/basset-hound-browser/node_modules/jest-circus/build/run.js:121:9)
    at _runTestsForDescribeBlock (/home/devel/basset-hound-browser/node_modules/jest-circus/build/run.js:121:9)
    at run (/home/devel/basset-hound-browser/node_modules/jest-circus/build/run.js:71:3)
    at runAndTransformResultsToJestFormat (/home/devel/basset-hound-browser/node_modules/jest-circus/build/legacy-code-todo-rewrite/jestAdapterInit.js:122:21)
    at jestAdapter (/home/devel/basset-hound-browser/node_modules/jest-circus/build/legacy-code-todo-rewrite/jestAdapter.js:79:19)
    at runTestInternal (/home/devel/basset-hound-browser/node_modules/jest-runner/build/runTest.js:367:16)
    at runTest (/home/devel/basset-hound-browser/node_modules/jest-runner/build/runTest.js:444:34)
    at Object.worker (/home/devel/basset-hound-browser/node_modules/jest-runner/build/testWorker.js:106:12)</failure>
    </testcase>
    <testcase classname="PriorityQueue Priority Ordering should preserve fairness for low-priority" name="PriorityQueue Priority Ordering should preserve fairness for low-priority" time="0.001">
      <failure>Error: expect(received).toBeGreaterThan(expected)

Expected: &gt; 0
Received:   0
    at Object.toBeGreaterThan (/home/devel/basset-hound-browser/tests/opt-10-priority-queue.test.js:306:35)
    at Promise.then.completed (/home/devel/basset-hound-browser/node_modules/jest-circus/build/utils.js:298:28)
    at new Promise (&lt;anonymous&gt;)
    at callAsyncCircusFn (/home/devel/basset-hound-browser/node_modules/jest-circus/build/utils.js:231:10)
    at _callCircusTest (/home/devel/basset-hound-browser/node_modules/jest-circus/build/run.js:316:40)
    at _runTest (/home/devel/basset-hound-browser/node_modules/jest-circus/build/run.js:252:3)
    at _runTestsForDescribeBlock (/home/devel/basset-hound-browser/node_modules/jest-circus/build/run.js:126:9)
    at _runTestsForDescribeBlock (/home/devel/basset-hound-browser/node_modules/jest-circus/build/run.js:121:9)
    at _runTestsForDescribeBlock (/home/devel/basset-hound-browser/node_modules/jest-circus/build/run.js:121:9)
    at run (/home/devel/basset-hound-browser/node_modules/jest-circus/build/run.js:71:3)
    at runAndTransformResultsToJestFormat (/home/devel/basset-hound-browser/node_modules/jest-circus/build/legacy-code-todo-rewrite/jestAdapterInit.js:122:21)
    at jestAdapter (/home/devel/basset-hound-browser/node_modules/jest-circus/build/legacy-code-todo-rewrite/jestAdapter.js:79:19)
    at runTestInternal (/home/devel/basset-hound-browser/node_modules/jest-runner/build/runTest.js:367:16)
    at runTest (/home/devel/basset-hound-browser/node_modules/jest-runner/build/runTest.js:444:34)
    at Object.worker (/home/devel/basset-hound-browser/node_modules/jest-runner/build/testWorker.js:106:12)</failure>
    </testcase>
    <testcase classname="PriorityQueue Priority Ordering should handle mixed priority workload" name="PriorityQueue Priority Ordering should handle mixed priority workload" time="0.001">
      <failure>Error: expect(received).toBeGreaterThanOrEqual(expected)

Expected: &gt;= 3
Received:    0
    at Object.toBeGreaterThanOrEqual (/home/devel/basset-hound-browser/tests/opt-10-priority-queue.test.js:341:34)
    at Promise.then.completed (/home/devel/basset-hound-browser/node_modules/jest-circus/build/utils.js:298:28)
    at new Promise (&lt;anonymous&gt;)
    at callAsyncCircusFn (/home/devel/basset-hound-browser/node_modules/jest-circus/build/utils.js:231:10)
    at _callCircusTest (/home/devel/basset-hound-browser/node_modules/jest-circus/build/run.js:316:40)
    at _runTest (/home/devel/basset-hound-browser/node_modules/jest-circus/build/run.js:252:3)
    at _runTestsForDescribeBlock (/home/devel/basset-hound-browser/node_modules/jest-circus/build/run.js:126:9)
    at _runTestsForDescribeBlock (/home/devel/basset-hound-browser/node_modules/jest-circus/build/run.js:121:9)
    at _runTestsForDescribeBlock (/home/devel/basset-hound-browser/node_modules/jest-circus/build/run.js:121:9)
    at run (/home/devel/basset-hound-browser/node_modules/jest-circus/build/run.js:71:3)
    at runAndTransformResultsToJestFormat (/home/devel/basset-hound-browser/node_modules/jest-circus/build/legacy-code-todo-rewrite/jestAdapterInit.js:122:21)
    at jestAdapter (/home/devel/basset-hound-browser/node_modules/jest-circus/build/legacy-code-todo-rewrite/jestAdapter.js:79:19)
    at runTestInternal (/home/devel/basset-hound-browser/node_modules/jest-runner/build/runTest.js:367:16)
    at runTest (/home/devel/basset-hound-browser/node_modules/jest-runner/build/runTest.js:444:34)
    at Object.worker (/home/devel/basset-hound-browser/node_modules/jest-runner/build/testWorker.js:106:12)</failure>
    </testcase>
    <testcase classname="PriorityQueue Statistics should return complete statistics" name="PriorityQueue Statistics should return complete statistics" time="0">
    </testcase>
    <testcase classname="PriorityQueue Statistics should track total requests" name="PriorityQueue Statistics should track total requests" time="0.001">
    </testcase>
    <testcase classname="PriorityQueue Statistics should track priority distribution" name="PriorityQueue Statistics should track priority distribution" time="0">
    </testcase>
    <testcase classname="PriorityQueue Statistics should calculate average wait time" name="PriorityQueue Statistics should calculate average wait time" time="0.021">
      <failure>Error: expect(received).toBeGreaterThanOrEqual(expected)

Expected: &gt;= 20
Received:    0
    at Object.toBeGreaterThanOrEqual (/home/devel/basset-hound-browser/tests/opt-10-priority-queue.test.js:401:41)</failure>
    </testcase>
    <testcase classname="PriorityQueue Statistics should calculate latency percentiles" name="PriorityQueue Statistics should calculate latency percentiles" time="0.012">
    </testcase>
    <testcase classname="PriorityQueue Statistics should calculate throughput" name="PriorityQueue Statistics should calculate throughput" time="0">
    </testcase>
    <testcase classname="PriorityQueue Statistics should reset statistics" name="PriorityQueue Statistics should reset statistics" time="0.001">
    </testcase>
    <testcase classname="PriorityQueue Request Lookup should get request by ID" name="PriorityQueue Request Lookup should get request by ID" time="0">
    </testcase>
    <testcase classname="PriorityQueue Request Lookup should get oldest request" name="PriorityQueue Request Lookup should get oldest request" time="0.011">
    </testcase>
    <testcase classname="PriorityQueue Request Lookup should get requests by priority" name="PriorityQueue Request Lookup should get requests by priority" time="0.001">
    </testcase>
    <testcase classname="PriorityQueue Priority Boosting should boost request priority" name="PriorityQueue Priority Boosting should boost request priority" time="0">
    </testcase>
    <testcase classname="PriorityQueue Priority Boosting should not boost already critical requests" name="PriorityQueue Priority Boosting should not boost already critical requests" time="0">
    </testcase>
    <testcase classname="PriorityQueue Event Emission should emit request-queued event" name="PriorityQueue Event Emission should emit request-queued event" time="0">
    </testcase>
    <testcase classname="PriorityQueue Event Emission should emit request-completed event" name="PriorityQueue Event Emission should emit request-completed event" time="0.001">
    </testcase>
    <testcase classname="PriorityQueue Event Emission should emit request-failed event" name="PriorityQueue Event Emission should emit request-failed event" time="0">
    </testcase>
    <testcase classname="PriorityQueue Stress and Load Tests should handle 1000 concurrent requests" name="PriorityQueue Stress and Load Tests should handle 1000 concurrent requests" time="0.029">
    </testcase>
    <testcase classname="PriorityQueue Stress and Load Tests should maintain performance under high load" name="PriorityQueue Stress and Load Tests should maintain performance under high load" time="0.006">
    </testcase>
    <testcase classname="PriorityQueue Stress and Load Tests should handle rapid enqueue/dequeue cycles" name="PriorityQueue Stress and Load Tests should handle rapid enqueue/dequeue cycles" time="0.005">
    </testcase>
    <testcase classname="PriorityQueue Integration Tests should reduce P95 latency with priority scheduling" name="PriorityQueue Integration Tests should reduce P95 latency with priority scheduling" time="0.093">
      <failure>Error: Test error
    at Object.&lt;anonymous&gt; (/home/devel/basset-hound-browser/tests/opt-10-priority-queue.test.js:557:33)
    at Promise.then.completed (/home/devel/basset-hound-browser/node_modules/jest-circus/build/utils.js:290:26)
    at new Promise (&lt;anonymous&gt;)
    at callAsyncCircusFn (/home/devel/basset-hound-browser/node_modules/jest-circus/build/utils.js:231:10)
    at _callCircusTest (/home/devel/basset-hound-browser/node_modules/jest-circus/build/run.js:316:40)
    at _runTest (/home/devel/basset-hound-browser/node_modules/jest-circus/build/run.js:252:3)
    at _runTestsForDescribeBlock (/home/devel/basset-hound-browser/node_modules/jest-circus/build/run.js:126:9)
    at _runTestsForDescribeBlock (/home/devel/basset-hound-browser/node_modules/jest-circus/build/run.js:121:9)
    at _runTestsForDescribeBlock (/home/devel/basset-hound-browser/node_modules/jest-circus/build/run.js:121:9)
    at run (/home/devel/basset-hound-browser/node_modules/jest-circus/build/run.js:71:3)
    at runAndTransformResultsToJestFormat (/home/devel/basset-hound-browser/node_modules/jest-circus/build/legacy-code-todo-rewrite/jestAdapterInit.js:122:21)
    at jestAdapter (/home/devel/basset-hound-browser/node_modules/jest-circus/build/legacy-code-todo-rewrite/jestAdapter.js:79:19)
    at runTestInternal (/home/devel/basset-hound-browser/node_modules/jest-runner/build/runTest.js:367:16)
    at runTest (/home/devel/basset-hound-browser/node_modules/jest-runner/build/runTest.js:444:34)
    at Object.worker (/home/devel/basset-hound-browser/node_modules/jest-runner/build/testWorker.js:106:12)</failure>
    </testcase>
  </testsuite>
  <testsuite name="InteractionRecorder" errors="0" failures="3" skipped="0" timestamp="2026-05-11T06:16:42" time="1.286" tests="77">
    <testcase classname="InteractionRecorder Recording Lifecycle should start recording successfully" name="InteractionRecorder Recording Lifecycle should start recording successfully" time="0.009">
    </testcase>
    <testcase classname="InteractionRecorder Recording Lifecycle should not start recording if already recording" name="InteractionRecorder Recording Lifecycle should not start recording if already recording" time="0.07">
    </testcase>
    <testcase classname="InteractionRecorder Recording Lifecycle should stop recording successfully" name="InteractionRecorder Recording Lifecycle should stop recording successfully" time="0.001">
    </testcase>
    <testcase classname="InteractionRecorder Recording Lifecycle should not stop recording if not recording" name="InteractionRecorder Recording Lifecycle should not stop recording if not recording" time="0.001">
    </testcase>
    <testcase classname="InteractionRecorder Recording Lifecycle should pause recording successfully" name="InteractionRecorder Recording Lifecycle should pause recording successfully" time="0.001">
    </testcase>
    <testcase classname="InteractionRecorder Recording Lifecycle should resume recording successfully" name="InteractionRecorder Recording Lifecycle should resume recording successfully" time="0.001">
    </testcase>
    <testcase classname="InteractionRecorder Recording Lifecycle should not record events when paused" name="InteractionRecorder Recording Lifecycle should not record events when paused" time="0">
    </testcase>
    <testcase classname="InteractionRecorder Recording Lifecycle should track recording duration correctly" name="InteractionRecorder Recording Lifecycle should track recording duration correctly" time="0.105">
    </testcase>
    <testcase classname="InteractionRecorder Recording Lifecycle should exclude pause duration from total duration" name="InteractionRecorder Recording Lifecycle should exclude pause duration from total duration" time="0.154">
    </testcase>
    <testcase classname="InteractionRecorder Mouse Event Recording should record mouse click" name="InteractionRecorder Mouse Event Recording should record mouse click" time="0.001">
    </testcase>
    <testcase classname="InteractionRecorder Mouse Event Recording should record mouse down and up" name="InteractionRecorder Mouse Event Recording should record mouse down and up" time="0.001">
    </testcase>
    <testcase classname="InteractionRecorder Mouse Event Recording should throttle mouse movements" name="InteractionRecorder Mouse Event Recording should throttle mouse movements" time="0.101">
    </testcase>
    <testcase classname="InteractionRecorder Mouse Event Recording should record mouse wheel" name="InteractionRecorder Mouse Event Recording should record mouse wheel" time="0">
    </testcase>
    <testcase classname="InteractionRecorder Mouse Event Recording should record mouse click with modifiers" name="InteractionRecorder Mouse Event Recording should record mouse click with modifiers" time="0.001">
    </testcase>
    <testcase classname="InteractionRecorder Mouse Event Recording should not record mouse movements if disabled" name="InteractionRecorder Mouse Event Recording should not record mouse movements if disabled" time="0">
    </testcase>
    <testcase classname="InteractionRecorder Keyboard Event Recording should record key down" name="InteractionRecorder Keyboard Event Recording should record key down" time="0.001">
    </testcase>
    <testcase classname="InteractionRecorder Keyboard Event Recording should record key up" name="InteractionRecorder Keyboard Event Recording should record key up" time="0.001">
    </testcase>
    <testcase classname="InteractionRecorder Keyboard Event Recording should record input event" name="InteractionRecorder Keyboard Event Recording should record input event" time="0.002">
    </testcase>
    <testcase classname="InteractionRecorder Keyboard Event Recording should record key press with modifiers" name="InteractionRecorder Keyboard Event Recording should record key press with modifiers" time="0.001">
    </testcase>
    <testcase classname="InteractionRecorder Keyboard Event Recording should not record keyboard if disabled" name="InteractionRecorder Keyboard Event Recording should not record keyboard if disabled" time="0">
    </testcase>
    <testcase classname="InteractionRecorder Sensitive Data Masking should mask password input" name="InteractionRecorder Sensitive Data Masking should mask password input" time="0.001">
    </testcase>
    <testcase classname="InteractionRecorder Sensitive Data Masking should mask password field by name" name="InteractionRecorder Sensitive Data Masking should mask password field by name" time="0.001">
    </testcase>
    <testcase classname="InteractionRecorder Sensitive Data Masking should mask email field" name="InteractionRecorder Sensitive Data Masking should mask email field" time="0.001">
    </testcase>
    <testcase classname="InteractionRecorder Sensitive Data Masking should mask credit card field" name="InteractionRecorder Sensitive Data Masking should mask credit card field" time="0.001">
    </testcase>
    <testcase classname="InteractionRecorder Sensitive Data Masking should mask SSN field" name="InteractionRecorder Sensitive Data Masking should mask SSN field" time="0">
    </testcase>
    <testcase classname="InteractionRecorder Sensitive Data Masking should not mask non-sensitive input" name="InteractionRecorder Sensitive Data Masking should not mask non-sensitive input" time="0.001">
    </testcase>
    <testcase classname="InteractionRecorder Sensitive Data Masking should not mask if masking is disabled" name="InteractionRecorder Sensitive Data Masking should not mask if masking is disabled" time="0.001">
    </testcase>
    <testcase classname="InteractionRecorder Sensitive Data Masking should mask keyboard input for password fields" name="InteractionRecorder Sensitive Data Masking should mask keyboard input for password fields" time="0.001">
    </testcase>
    <testcase classname="InteractionRecorder Scroll Event Recording should record scroll event" name="InteractionRecorder Scroll Event Recording should record scroll event" time="0.103">
    </testcase>
    <testcase classname="InteractionRecorder Scroll Event Recording should throttle scroll events" name="InteractionRecorder Scroll Event Recording should throttle scroll events" time="0.101">
    </testcase>
    <testcase classname="InteractionRecorder Scroll Event Recording should not record scrolls if disabled" name="InteractionRecorder Scroll Event Recording should not record scrolls if disabled" time="0">
    </testcase>
    <testcase classname="InteractionRecorder Navigation and Page Events should record navigation" name="InteractionRecorder Navigation and Page Events should record navigation" time="0.001">
    </testcase>
    <testcase classname="InteractionRecorder Navigation and Page Events should update start URL on first navigation" name="InteractionRecorder Navigation and Page Events should update start URL on first navigation" time="0">
    </testcase>
    <testcase classname="InteractionRecorder Navigation and Page Events should record page load" name="InteractionRecorder Navigation and Page Events should record page load" time="0.001">
    </testcase>
    <testcase classname="InteractionRecorder Navigation and Page Events should record resize" name="InteractionRecorder Navigation and Page Events should record resize" time="0.005">
    </testcase>
    <testcase classname="InteractionRecorder Navigation and Page Events should record visibility change" name="InteractionRecorder Navigation and Page Events should record visibility change" time="0.001">
    </testcase>
    <testcase classname="InteractionRecorder Element Interactions should record focus event" name="InteractionRecorder Element Interactions should record focus event" time="0.001">
    </testcase>
    <testcase classname="InteractionRecorder Element Interactions should record blur event" name="InteractionRecorder Element Interactions should record blur event" time="0">
    </testcase>
    <testcase classname="InteractionRecorder Element Interactions should record hover event" name="InteractionRecorder Element Interactions should record hover event" time="0.001">
    </testcase>
    <testcase classname="InteractionRecorder Element Interactions should record select event" name="InteractionRecorder Element Interactions should record select event" time="0">
    </testcase>
    <testcase classname="InteractionRecorder Element Interactions should record change event" name="InteractionRecorder Element Interactions should record change event" time="0.001">
    </testcase>
    <testcase classname="InteractionRecorder Element Interactions should record element context" name="InteractionRecorder Element Interactions should record element context" time="0.001">
    </testcase>
    <testcase classname="InteractionRecorder Checkpoints should create checkpoint" name="InteractionRecorder Checkpoints should create checkpoint" time="0.001">
    </testcase>
    <testcase classname="InteractionRecorder Checkpoints should track event index in checkpoint" name="InteractionRecorder Checkpoints should track event index in checkpoint" time="0.001">
    </testcase>
    <testcase classname="InteractionRecorder Checkpoints should track relative time in checkpoint" name="InteractionRecorder Checkpoints should track relative time in checkpoint" time="0.101">
    </testcase>
    <testcase classname="InteractionRecorder Checkpoints should not create checkpoint if not recording" name="InteractionRecorder Checkpoints should not create checkpoint if not recording" time="0.001">
      <failure>Error: expect(received).toThrow(expected)

Expected substring: &quot;Cannot create checkpoint&quot;

Received function did not throw
    at Object.toThrow (/home/devel/basset-hound-browser/tests/unit/interaction-recorder.test.js:769:10)
    at Promise.then.completed (/home/devel/basset-hound-browser/node_modules/jest-circus/build/utils.js:298:28)
    at new Promise (&lt;anonymous&gt;)
    at callAsyncCircusFn (/home/devel/basset-hound-browser/node_modules/jest-circus/build/utils.js:231:10)
    at _callCircusTest (/home/devel/basset-hound-browser/node_modules/jest-circus/build/run.js:316:40)
    at _runTest (/home/devel/basset-hound-browser/node_modules/jest-circus/build/run.js:252:3)
    at _runTestsForDescribeBlock (/home/devel/basset-hound-browser/node_modules/jest-circus/build/run.js:126:9)
    at _runTestsForDescribeBlock (/home/devel/basset-hound-browser/node_modules/jest-circus/build/run.js:121:9)
    at _runTestsForDescribeBlock (/home/devel/basset-hound-browser/node_modules/jest-circus/build/run.js:121:9)
    at run (/home/devel/basset-hound-browser/node_modules/jest-circus/build/run.js:71:3)
    at runAndTransformResultsToJestFormat (/home/devel/basset-hound-browser/node_modules/jest-circus/build/legacy-code-todo-rewrite/jestAdapterInit.js:122:21)
    at jestAdapter (/home/devel/basset-hound-browser/node_modules/jest-circus/build/legacy-code-todo-rewrite/jestAdapter.js:79:19)
    at runTestInternal (/home/devel/basset-hound-browser/node_modules/jest-runner/build/runTest.js:367:16)
    at runTest (/home/devel/basset-hound-browser/node_modules/jest-runner/build/runTest.js:444:34)
    at Object.worker (/home/devel/basset-hound-browser/node_modules/jest-runner/build/testWorker.js:106:12)</failure>
    </testcase>
    <testcase classname="InteractionRecorder Checkpoints should support auto checkpoints" name="InteractionRecorder Checkpoints should support auto checkpoints" time="0">
      <failure>Error: Cannot start recording: current state is recording
    at InteractionRecorder.startRecording (/home/devel/basset-hound-browser/recording/interaction-recorder.js:394:13)
    at Object.startRecording (/home/devel/basset-hound-browser/tests/unit/interaction-recorder.test.js:774:16)
    at Promise.then.completed (/home/devel/basset-hound-browser/node_modules/jest-circus/build/utils.js:290:26)
    at new Promise (&lt;anonymous&gt;)
    at callAsyncCircusFn (/home/devel/basset-hound-browser/node_modules/jest-circus/build/utils.js:231:10)
    at _callCircusTest (/home/devel/basset-hound-browser/node_modules/jest-circus/build/run.js:316:40)
    at _runTest (/home/devel/basset-hound-browser/node_modules/jest-circus/build/run.js:252:3)
    at _runTestsForDescribeBlock (/home/devel/basset-hound-browser/node_modules/jest-circus/build/run.js:126:9)
    at _runTestsForDescribeBlock (/home/devel/basset-hound-browser/node_modules/jest-circus/build/run.js:121:9)
    at _runTestsForDescribeBlock (/home/devel/basset-hound-browser/node_modules/jest-circus/build/run.js:121:9)
    at run (/home/devel/basset-hound-browser/node_modules/jest-circus/build/run.js:71:3)
    at runAndTransformResultsToJestFormat (/home/devel/basset-hound-browser/node_modules/jest-circus/build/legacy-code-todo-rewrite/jestAdapterInit.js:122:21)
    at jestAdapter (/home/devel/basset-hound-browser/node_modules/jest-circus/build/legacy-code-todo-rewrite/jestAdapter.js:79:19)
    at runTestInternal (/home/devel/basset-hound-browser/node_modules/jest-runner/build/runTest.js:367:16)
    at runTest (/home/devel/basset-hound-browser/node_modules/jest-runner/build/runTest.js:444:34)
    at Object.worker (/home/devel/basset-hound-browser/node_modules/jest-runner/build/testWorker.js:106:12)</failure>
    </testcase>
    <testcase classname="InteractionRecorder Annotations should add annotation" name="InteractionRecorder Annotations should add annotation" time="0">
    </testcase>
    <testcase classname="InteractionRecorder Annotations should add annotation with category" name="InteractionRecorder Annotations should add annotation with category" time="0">
    </testcase>
    <testcase classname="InteractionRecorder Annotations should add annotation with metadata" name="InteractionRecorder Annotations should add annotation with metadata" time="0.001">
    </testcase>
    <testcase classname="InteractionRecorder Annotations should support retrospective annotations" name="InteractionRecorder Annotations should support retrospective annotations" time="0">
    </testcase>
    <testcase classname="InteractionRecorder Statistics should track total events" name="InteractionRecorder Statistics should track total events" time="0">
    </testcase>
    <testcase classname="InteractionRecorder Statistics should track events by type" name="InteractionRecorder Statistics should track events by type" time="0.001">
    </testcase>
    <testcase classname="InteractionRecorder Statistics should track click count" name="InteractionRecorder Statistics should track click count" time="0">
    </testcase>
    <testcase classname="InteractionRecorder Statistics should track key press count" name="InteractionRecorder Statistics should track key press count" time="0">
    </testcase>
    <testcase classname="InteractionRecorder Statistics should track masked events" name="InteractionRecorder Statistics should track masked events" time="0">
    </testcase>
    <testcase classname="InteractionRecorder Statistics should calculate events per second" name="InteractionRecorder Statistics should calculate events per second" time="0.001">
    </testcase>
    <testcase classname="InteractionRecorder Timeline should get full timeline" name="InteractionRecorder Timeline should get full timeline" time="0">
    </testcase>
    <testcase classname="InteractionRecorder Timeline should filter timeline by type" name="InteractionRecorder Timeline should filter timeline by type" time="0">
    </testcase>
    <testcase classname="InteractionRecorder Timeline should paginate timeline" name="InteractionRecorder Timeline should paginate timeline" time="0.001">
    </testcase>
    <testcase classname="InteractionRecorder Timeline should include checkpoints in timeline" name="InteractionRecorder Timeline should include checkpoints in timeline" time="0">
    </testcase>
    <testcase classname="InteractionRecorder Export Formats should export as JSON" name="InteractionRecorder Export Formats should export as JSON" time="0.001">
    </testcase>
    <testcase classname="InteractionRecorder Export Formats should export as Selenium script" name="InteractionRecorder Export Formats should export as Selenium script" time="0.002">
    </testcase>
    <testcase classname="InteractionRecorder Export Formats should export as Puppeteer script" name="InteractionRecorder Export Formats should export as Puppeteer script" time="0.001">
    </testcase>
    <testcase classname="InteractionRecorder Export Formats should export as Playwright script" name="InteractionRecorder Export Formats should export as Playwright script" time="0.001">
    </testcase>
    <testcase classname="InteractionRecorder Export Formats should include setup in exported scripts" name="InteractionRecorder Export Formats should include setup in exported scripts" time="0">
    </testcase>
    <testcase classname="InteractionRecorder Export Formats should exclude setup if requested" name="InteractionRecorder Export Formats should exclude setup if requested" time="0.001">
    </testcase>
    <testcase classname="InteractionRecorder Export Formats should include waits in exported scripts" name="InteractionRecorder Export Formats should include waits in exported scripts" time="0">
    </testcase>
    <testcase classname="InteractionRecorder Hash and Integrity should calculate hash on stop" name="InteractionRecorder Hash and Integrity should calculate hash on stop" time="0">
    </testcase>
    <testcase classname="InteractionRecorder Hash and Integrity should verify hash integrity" name="InteractionRecorder Hash and Integrity should verify hash integrity" time="0.001">
    </testcase>
    <testcase classname="InteractionRecorder Hash and Integrity should detect tampering" name="InteractionRecorder Hash and Integrity should detect tampering" time="0">
    </testcase>
    <testcase classname="InteractionRecorder Status and State should return idle status initially" name="InteractionRecorder Status and State should return idle status initially" time="0.001">
    </testcase>
    <testcase classname="InteractionRecorder Status and State should return recording status" name="InteractionRecorder Status and State should return recording status" time="0.001">
    </testcase>
    <testcase classname="InteractionRecorder Status and State should update event count in status" name="InteractionRecorder Status and State should update event count in status" time="0">
    </testcase>
    <testcase classname="InteractionRecorder Max Events Limit should respect max events limit" name="InteractionRecorder Max Events Limit should respect max events limit" time="0.001">
    </testcase>
    <testcase classname="InteractionRecorder Cleanup should cleanup resources" name="InteractionRecorder Cleanup should cleanup resources" time="0.001">
      <failure>Error: expect(received).toBeNull()

Received: {&quot;_destroyed&quot;: true, &quot;_idleNext&quot;: null, &quot;_idlePrev&quot;: null, &quot;_idleStart&quot;: 1482, &quot;_idleTimeout&quot;: -1, &quot;_onTimeout&quot;: null, &quot;_repeat&quot;: null, &quot;_timerArgs&quot;: undefined, Symbol(refed): true, Symbol(kHasPrimitive): false, Symbol(asyncId): 419, Symbol(triggerId): 0}
    at Object.toBeNull (/home/devel/basset-hound-browser/tests/unit/interaction-recorder.test.js:1162:39)
    at Promise.then.completed (/home/devel/basset-hound-browser/node_modules/jest-circus/build/utils.js:298:28)
    at new Promise (&lt;anonymous&gt;)
    at callAsyncCircusFn (/home/devel/basset-hound-browser/node_modules/jest-circus/build/utils.js:231:10)
    at _callCircusTest (/home/devel/basset-hound-browser/node_modules/jest-circus/build/run.js:316:40)
    at _runTest (/home/devel/basset-hound-browser/node_modules/jest-circus/build/run.js:252:3)
    at _runTestsForDescribeBlock (/home/devel/basset-hound-browser/node_modules/jest-circus/build/run.js:126:9)
    at _runTestsForDescribeBlock (/home/devel/basset-hound-browser/node_modules/jest-circus/build/run.js:121:9)
    at _runTestsForDescribeBlock (/home/devel/basset-hound-browser/node_modules/jest-circus/build/run.js:121:9)
    at run (/home/devel/basset-hound-browser/node_modules/jest-circus/build/run.js:71:3)
    at runAndTransformResultsToJestFormat (/home/devel/basset-hound-browser/node_modules/jest-circus/build/legacy-code-todo-rewrite/jestAdapterInit.js:122:21)
    at jestAdapter (/home/devel/basset-hound-browser/node_modules/jest-circus/build/legacy-code-todo-rewrite/jestAdapter.js:79:19)
    at runTestInternal (/home/devel/basset-hound-browser/node_modules/jest-runner/build/runTest.js:367:16)
    at runTest (/home/devel/basset-hound-browser/node_modules/jest-runner/build/runTest.js:444:34)
    at Object.worker (/home/devel/basset-hound-browser/node_modules/jest-runner/build/testWorker.js:106:12)</failure>
    </testcase>
    <testcase classname="InteractionRecorder Cleanup should clear element cache on cleanup" name="InteractionRecorder Cleanup should clear element cache on cleanup" time="0.001">
    </testcase>
  </testsuite>
  <testsuite name="Command Synchronization Tests" errors="0" failures="0" skipped="1" timestamp="2026-05-11T06:16:43" time="0.348" tests="1">
    <testcase classname="Command Synchronization Tests These tests require browser infrastructure - run with: npm run test:integration:command-sync" name="Command Synchronization Tests These tests require browser infrastructure - run with: npm run test:integration:command-sync" time="0">
      <skipped/>
    </testcase>
  </testsuite>
  <testsuite name="Screenshot Test Scenarios" errors="0" failures="20" skipped="0" timestamp="2026-05-11T06:16:43" time="0.366" tests="25">
    <testcase classname="Screenshot Test Scenarios Basic Viewport Screenshot should capture viewport screenshot" name="Screenshot Test Scenarios Basic Viewport Screenshot should capture viewport screenshot" time="0.002">
      <failure>TypeError: Cannot read properties of undefined (reading &apos;data&apos;)
    at Object.data (/home/devel/basset-hound-browser/tests/integration/scenarios/screenshot.test.js:254:30)
    at processTicksAndRejections (node:internal/process/task_queues:95:5)</failure>
    </testcase>
    <testcase classname="Screenshot Test Scenarios Screenshot Formats should capture PNG format" name="Screenshot Test Scenarios Screenshot Formats should capture PNG format" time="0.001">
      <failure>TypeError: Cannot read properties of undefined (reading &apos;data&apos;)
    at Object.data (/home/devel/basset-hound-browser/tests/integration/scenarios/screenshot.test.js:265:33)
    at processTicksAndRejections (node:internal/process/task_queues:95:5)</failure>
    </testcase>
    <testcase classname="Screenshot Test Scenarios Screenshot Formats should capture JPEG format" name="Screenshot Test Scenarios Screenshot Formats should capture JPEG format" time="0">
      <failure>TypeError: Cannot read properties of undefined (reading &apos;data&apos;)
    at Object.data (/home/devel/basset-hound-browser/tests/integration/scenarios/screenshot.test.js:272:34)
    at processTicksAndRejections (node:internal/process/task_queues:95:5)</failure>
    </testcase>
    <testcase classname="Screenshot Test Scenarios Screenshot Formats should capture WebP format" name="Screenshot Test Scenarios Screenshot Formats should capture WebP format" time="0.001">
    </testcase>
    <testcase classname="Screenshot Test Scenarios Screenshot Formats should reject invalid format" name="Screenshot Test Scenarios Screenshot Formats should reject invalid format" time="0.001">
    </testcase>
    <testcase classname="Screenshot Test Scenarios Screenshot Quality should capture high quality screenshot" name="Screenshot Test Scenarios Screenshot Quality should capture high quality screenshot" time="0">
      <failure>TypeError: Cannot read properties of undefined (reading &apos;quality&apos;)
    at Object.quality (/home/devel/basset-hound-browser/tests/integration/scenarios/screenshot.test.js:290:34)
    at processTicksAndRejections (node:internal/process/task_queues:95:5)</failure>
    </testcase>
    <testcase classname="Screenshot Test Scenarios Screenshot Quality should capture medium quality screenshot" name="Screenshot Test Scenarios Screenshot Quality should capture medium quality screenshot" time="0.001">
      <failure>TypeError: Cannot read properties of undefined (reading &apos;quality&apos;)
    at Object.quality (/home/devel/basset-hound-browser/tests/integration/scenarios/screenshot.test.js:296:33)
    at processTicksAndRejections (node:internal/process/task_queues:95:5)</failure>
    </testcase>
    <testcase classname="Screenshot Test Scenarios Screenshot Quality should capture low quality screenshot" name="Screenshot Test Scenarios Screenshot Quality should capture low quality screenshot" time="0">
      <failure>TypeError: Cannot read properties of undefined (reading &apos;quality&apos;)
    at Object.quality (/home/devel/basset-hound-browser/tests/integration/scenarios/screenshot.test.js:302:33)
    at processTicksAndRejections (node:internal/process/task_queues:95:5)</failure>
    </testcase>
    <testcase classname="Screenshot Test Scenarios Screenshot Quality should reject invalid quality" name="Screenshot Test Scenarios Screenshot Quality should reject invalid quality" time="0.001">
    </testcase>
    <testcase classname="Screenshot Test Scenarios Full Page Screenshot should capture full page screenshot" name="Screenshot Test Scenarios Full Page Screenshot should capture full page screenshot" time="0">
      <failure>TypeError: Cannot read properties of undefined (reading &apos;type&apos;)
    at Object.type (/home/devel/basset-hound-browser/tests/integration/scenarios/screenshot.test.js:316:30)
    at processTicksAndRejections (node:internal/process/task_queues:95:5)</failure>
    </testcase>
    <testcase classname="Screenshot Test Scenarios Full Page Screenshot should have correct full page dimensions" name="Screenshot Test Scenarios Full Page Screenshot should have correct full page dimensions" time="0.001">
      <failure>TypeError: Cannot read properties of undefined (reading &apos;width&apos;)
    at Object.width (/home/devel/basset-hound-browser/tests/integration/scenarios/screenshot.test.js:323:30)
    at processTicksAndRejections (node:internal/process/task_queues:95:5)</failure>
    </testcase>
    <testcase classname="Screenshot Test Scenarios Element Screenshot should capture element screenshot" name="Screenshot Test Scenarios Element Screenshot should capture element screenshot" time="0">
      <failure>TypeError: Cannot read properties of undefined (reading &apos;type&apos;)
    at Object.type (/home/devel/basset-hound-browser/tests/integration/scenarios/screenshot.test.js:335:30)
    at processTicksAndRejections (node:internal/process/task_queues:95:5)</failure>
    </testcase>
    <testcase classname="Screenshot Test Scenarios Element Screenshot should capture element screenshot with padding" name="Screenshot Test Scenarios Element Screenshot should capture element screenshot with padding" time="0.001">
      <failure>TypeError: Cannot read properties of undefined (reading &apos;padding&apos;)
    at Object.padding (/home/devel/basset-hound-browser/tests/integration/scenarios/screenshot.test.js:346:36)
    at processTicksAndRejections (node:internal/process/task_queues:95:5)</failure>
    </testcase>
    <testcase classname="Screenshot Test Scenarios Element Screenshot should fail for nonexistent element" name="Screenshot Test Scenarios Element Screenshot should fail for nonexistent element" time="0">
    </testcase>
    <testcase classname="Screenshot Test Scenarios Area Screenshot should capture area screenshot" name="Screenshot Test Scenarios Area Screenshot should capture area screenshot" time="0">
      <failure>TypeError: Cannot read properties of undefined (reading &apos;type&apos;)
    at Object.type (/home/devel/basset-hound-browser/tests/integration/scenarios/screenshot.test.js:367:30)
    at processTicksAndRejections (node:internal/process/task_queues:95:5)</failure>
    </testcase>
    <testcase classname="Screenshot Test Scenarios Area Screenshot should reject missing parameters" name="Screenshot Test Scenarios Area Screenshot should reject missing parameters" time="0.001">
    </testcase>
    <testcase classname="Screenshot Test Scenarios Screenshot with Scale should capture 2x scale screenshot" name="Screenshot Test Scenarios Screenshot with Scale should capture 2x scale screenshot" time="0">
      <failure>TypeError: Cannot read properties of undefined (reading &apos;width&apos;)
    at Object.width (/home/devel/basset-hound-browser/tests/integration/scenarios/screenshot.test.js:389:36)
    at processTicksAndRejections (node:internal/process/task_queues:95:5)</failure>
    </testcase>
    <testcase classname="Screenshot Test Scenarios Screenshot with Scale should capture 0.5x scale screenshot" name="Screenshot Test Scenarios Screenshot with Scale should capture 0.5x scale screenshot" time="0.001">
      <failure>TypeError: Cannot read properties of undefined (reading &apos;width&apos;)
    at Object.width (/home/devel/basset-hound-browser/tests/integration/scenarios/screenshot.test.js:398:34)
    at processTicksAndRejections (node:internal/process/task_queues:95:5)</failure>
    </testcase>
    <testcase classname="Screenshot Test Scenarios Screenshot Annotation should annotate screenshot" name="Screenshot Test Scenarios Screenshot Annotation should annotate screenshot" time="0">
      <failure>TypeError: Cannot read properties of undefined (reading &apos;data&apos;)
    at Object.data (/home/devel/basset-hound-browser/tests/integration/scenarios/screenshot.test.js:415:33)
    at processTicksAndRejections (node:internal/process/task_queues:95:5)</failure>
    </testcase>
    <testcase classname="Screenshot Test Scenarios Screenshot Annotation should assign IDs to annotations" name="Screenshot Test Scenarios Screenshot Annotation should assign IDs to annotations" time="0.001">
      <failure>TypeError: Cannot read properties of undefined (reading &apos;data&apos;)
    at Object.data (/home/devel/basset-hound-browser/tests/integration/scenarios/screenshot.test.js:427:33)
    at processTicksAndRejections (node:internal/process/task_queues:95:5)</failure>
    </testcase>
    <testcase classname="Screenshot Test Scenarios Screenshot Comparison should compare screenshots" name="Screenshot Test Scenarios Screenshot Comparison should compare screenshots" time="0">
      <failure>TypeError: Cannot read properties of undefined (reading &apos;data&apos;)
    at Object.data (/home/devel/basset-hound-browser/tests/integration/scenarios/screenshot.test.js:441:33)
    at processTicksAndRejections (node:internal/process/task_queues:95:5)</failure>
    </testcase>
    <testcase classname="Screenshot Test Scenarios Screenshot Comparison should compare with strict threshold" name="Screenshot Test Scenarios Screenshot Comparison should compare with strict threshold" time="0.001">
      <failure>TypeError: Cannot read properties of undefined (reading &apos;data&apos;)
    at Object.data (/home/devel/basset-hound-browser/tests/integration/scenarios/screenshot.test.js:456:33)
    at processTicksAndRejections (node:internal/process/task_queues:95:5)</failure>
    </testcase>
    <testcase classname="Screenshot Test Scenarios Screenshot Save should save screenshot with default path" name="Screenshot Test Scenarios Screenshot Save should save screenshot with default path" time="0">
      <failure>TypeError: Cannot read properties of undefined (reading &apos;data&apos;)
    at Object.data (/home/devel/basset-hound-browser/tests/integration/scenarios/screenshot.test.js:470:33)
    at processTicksAndRejections (node:internal/process/task_queues:95:5)</failure>
    </testcase>
    <testcase classname="Screenshot Test Scenarios Screenshot Save should save screenshot with custom path" name="Screenshot Test Scenarios Screenshot Save should save screenshot with custom path" time="0">
      <failure>TypeError: Cannot read properties of undefined (reading &apos;data&apos;)
    at Object.data (/home/devel/basset-hound-browser/tests/integration/scenarios/screenshot.test.js:482:33)
    at processTicksAndRejections (node:internal/process/task_queues:95:5)</failure>
    </testcase>
    <testcase classname="Screenshot Test Scenarios Complete Screenshot Flow should complete full screenshot workflow" name="Screenshot Test Scenarios Complete Screenshot Flow should complete full screenshot workflow" time="0.001">
      <failure>TypeError: Cannot read properties of undefined (reading &apos;data&apos;)
    at Object.data (/home/devel/basset-hound-browser/tests/integration/scenarios/screenshot.test.js:511:39)
    at processTicksAndRejections (node:internal/process/task_queues:95:5)</failure>
    </testcase>
  </testsuite>
  <testsuite name="SSL WebSocket Connection Tests" errors="0" failures="0" skipped="0" timestamp="2026-05-11T06:16:43" time="2.457" tests="24">
    <testcase classname="SSL WebSocket Connection Tests WSS Connection Establishment should establish wss:// connection with self-signed certificate" name="SSL WebSocket Connection Tests WSS Connection Establishment should establish wss:// connection with self-signed certificate" time="0.111">
    </testcase>
    <testcase classname="SSL WebSocket Connection Tests WSS Connection Establishment should establish wss:// connection with CA certificate" name="SSL WebSocket Connection Tests WSS Connection Establishment should establish wss:// connection with CA certificate" time="0.108">
    </testcase>
    <testcase classname="SSL WebSocket Connection Tests WSS Connection Establishment should fail connection with invalid SSL options" name="SSL WebSocket Connection Tests WSS Connection Establishment should fail connection with invalid SSL options" time="0.004">
    </testcase>
    <testcase classname="SSL WebSocket Connection Tests Commands Over SSL Connection should execute ping command over SSL" name="SSL WebSocket Connection Tests Commands Over SSL Connection should execute ping command over SSL" time="0.105">
    </testcase>
    <testcase classname="SSL WebSocket Connection Tests Commands Over SSL Connection should execute status command over SSL" name="SSL WebSocket Connection Tests Commands Over SSL Connection should execute status command over SSL" time="0.107">
    </testcase>
    <testcase classname="SSL WebSocket Connection Tests Commands Over SSL Connection should execute echo command over SSL" name="SSL WebSocket Connection Tests Commands Over SSL Connection should execute echo command over SSL" time="0.105">
    </testcase>
    <testcase classname="SSL WebSocket Connection Tests Commands Over SSL Connection should get SSL connection info" name="SSL WebSocket Connection Tests Commands Over SSL Connection should get SSL connection info" time="0.106">
    </testcase>
    <testcase classname="SSL WebSocket Connection Tests Commands Over SSL Connection should handle unknown command over SSL" name="SSL WebSocket Connection Tests Commands Over SSL Connection should handle unknown command over SSL" time="0.105">
    </testcase>
    <testcase classname="SSL WebSocket Connection Tests Commands Over SSL Connection should handle multiple concurrent commands over SSL" name="SSL WebSocket Connection Tests Commands Over SSL Connection should handle multiple concurrent commands over SSL" time="0.106">
    </testcase>
    <testcase classname="SSL WebSocket Connection Tests Certificate Validation Errors should detect DEPTH_ZERO_SELF_SIGNED_CERT error" name="SSL WebSocket Connection Tests Certificate Validation Errors should detect DEPTH_ZERO_SELF_SIGNED_CERT error" time="0.004">
    </testcase>
    <testcase classname="SSL WebSocket Connection Tests Certificate Validation Errors should handle connection to non-SSL server with wss://" name="SSL WebSocket Connection Tests Certificate Validation Errors should handle connection to non-SSL server with wss://" time="0.002">
    </testcase>
    <testcase classname="SSL WebSocket Connection Tests Fallback to WS When SSL Not Configured should connect via ws:// when SSL is not available" name="SSL WebSocket Connection Tests Fallback to WS When SSL Not Configured should connect via ws:// when SSL is not available" time="0.103">
    </testcase>
    <testcase classname="SSL WebSocket Connection Tests Fallback to WS When SSL Not Configured should fallback to ws:// after wss:// connection failure" name="SSL WebSocket Connection Tests Fallback to WS When SSL Not Configured should fallback to ws:// after wss:// connection failure" time="0.105">
    </testcase>
    <testcase classname="SSL WebSocket Connection Tests Fallback to WS When SSL Not Configured should detect protocol from connection" name="SSL WebSocket Connection Tests Fallback to WS When SSL Not Configured should detect protocol from connection" time="0.102">
    </testcase>
    <testcase classname="SSL WebSocket Connection Tests SSL Connection Stability should maintain connection over time" name="SSL WebSocket Connection Tests SSL Connection Stability should maintain connection over time" time="0.608">
    </testcase>
    <testcase classname="SSL WebSocket Connection Tests SSL Connection Stability should handle reconnection after disconnect" name="SSL WebSocket Connection Tests SSL Connection Stability should handle reconnection after disconnect" time="0.209">
    </testcase>
    <testcase classname="SSL WebSocket Connection Tests Multiple SSL Clients should handle multiple concurrent SSL connections" name="SSL WebSocket Connection Tests Multiple SSL Clients should handle multiple concurrent SSL connections" time="0.115">
    </testcase>
    <testcase classname="SSL Connection Tests (No Certificates Required) SSL URL Construction should construct correct WSS URL" name="SSL Connection Tests (No Certificates Required) SSL URL Construction should construct correct WSS URL" time="0">
    </testcase>
    <testcase classname="SSL Connection Tests (No Certificates Required) SSL URL Construction should construct correct WS URL" name="SSL Connection Tests (No Certificates Required) SSL URL Construction should construct correct WS URL" time="0.001">
    </testcase>
    <testcase classname="SSL Connection Tests (No Certificates Required) SSL URL Construction should parse SSL URL correctly" name="SSL Connection Tests (No Certificates Required) SSL URL Construction should parse SSL URL correctly" time="0">
    </testcase>
    <testcase classname="SSL Connection Tests (No Certificates Required) SSL Detection Logic should detect WSS protocol from URL" name="SSL Connection Tests (No Certificates Required) SSL Detection Logic should detect WSS protocol from URL" time="0">
    </testcase>
    <testcase classname="SSL Connection Tests (No Certificates Required) SSL Detection Logic should convert protocol correctly" name="SSL Connection Tests (No Certificates Required) SSL Detection Logic should convert protocol correctly" time="0.001">
    </testcase>
    <testcase classname="SSL Connection Tests (No Certificates Required) SSL Configuration Validation should validate SSL configuration object" name="SSL Connection Tests (No Certificates Required) SSL Configuration Validation should validate SSL configuration object" time="0">
    </testcase>
    <testcase classname="SSL Connection Tests (No Certificates Required) SSL Configuration Validation should check TLS version validity" name="SSL Connection Tests (No Certificates Required) SSL Configuration Validation should check TLS version validity" time="0">
    </testcase>
  </testsuite>
  <testsuite name="Protocol Integration Tests" errors="0" failures="1" skipped="0" timestamp="2026-05-11T06:16:43" time="2.446" tests="1">
    <testcase classname="Protocol Integration Tests protocol integration tests require running test server" name="Protocol Integration Tests protocol integration tests require running test server" time="2.096">
      <failure>Error: expect(received).toBe(expected) // Object.is equality

Expected: true
Received: false
    at Object.toBe (/home/devel/basset-hound-browser/tests/integration/protocol.test.js:749:21)
    at processTicksAndRejections (node:internal/process/task_queues:95:5)</failure>
    </testcase>
  </testsuite>
  <testsuite name="Bot Detection Evasion Tests" errors="0" failures="50" skipped="0" timestamp="2026-05-11T06:16:43" time="2.34" tests="50">
    <testcase classname="Bot Detection Evasion Tests WebDriver Detection navigator.webdriver should be undefined or false" name="Bot Detection Evasion Tests WebDriver Detection navigator.webdriver should be undefined or false" time="0.045">
      <failure>Error: Process failed to launch!
    at waitForLine (/home/devel/basset-hound-browser/node_modules/playwright-core/lib/server/electron/electron.js:252:21)
    at Electron.launch (/home/devel/basset-hound-browser/node_modules/playwright-core/lib/server/electron/electron.js:200:32)
    at ElectronDispatcher.launch (/home/devel/basset-hound-browser/node_modules/playwright-core/lib/server/dispatchers/electronDispatcher.js:38:33)
    at ProgressController.run (/home/devel/basset-hound-browser/node_modules/playwright-core/lib/server/progress.js:104:22)
    at ElectronDispatcher._runCommand (/home/devel/basset-hound-browser/node_modules/playwright-core/lib/server/dispatchers/dispatcher.js:91:14)
    at DispatcherConnection.dispatch (/home/devel/basset-hound-browser/node_modules/playwright-core/lib/server/dispatchers/dispatcher.js:325:22)</failure>
      <failure>Error: Process failed to launch!
    at waitForLine (/home/devel/basset-hound-browser/node_modules/playwright-core/lib/server/electron/electron.js:252:21)
    at Electron.launch (/home/devel/basset-hound-browser/node_modules/playwright-core/lib/server/electron/electron.js:201:39)
    at ElectronDispatcher.launch (/home/devel/basset-hound-browser/node_modules/playwright-core/lib/server/dispatchers/electronDispatcher.js:38:33)
    at ProgressController.run (/home/devel/basset-hound-browser/node_modules/playwright-core/lib/server/progress.js:104:22)
    at ElectronDispatcher._runCommand (/home/devel/basset-hound-browser/node_modules/playwright-core/lib/server/dispatchers/dispatcher.js:91:14)
    at DispatcherConnection.dispatch (/home/devel/basset-hound-browser/node_modules/playwright-core/lib/server/dispatchers/dispatcher.js:325:22)</failure>
      <failure>Error: Process failed to launch!
    at waitForLine (/home/devel/basset-hound-browser/node_modules/playwright-core/lib/server/electron/electron.js:252:21)
    at Electron.launch (/home/devel/basset-hound-browser/node_modules/playwright-core/lib/server/electron/electron.js:188:33)
    at ElectronDispatcher.launch (/home/devel/basset-hound-browser/node_modules/playwright-core/lib/server/dispatchers/electronDispatcher.js:38:33)
    at ProgressController.run (/home/devel/basset-hound-browser/node_modules/playwright-core/lib/server/progress.js:104:22)
    at ElectronDispatcher._runCommand (/home/devel/basset-hound-browser/node_modules/playwright-core/lib/server/dispatchers/dispatcher.js:91:14)
    at DispatcherConnection.dispatch (/home/devel/basset-hound-browser/node_modules/playwright-core/lib/server/dispatchers/dispatcher.js:325:22)</failure>
      <failure>electron.launch: Process failed to launch!
Call log:
  - &lt;launching&gt; /home/devel/basset-hound-browser/node_modules/electron/dist/electron -r /home/devel/basset-hound-browser/node_modules/playwright-core/lib/server/electron/loader.js --no-sandbox --inspect=0 --remote-debugging-port=0 /home/devel/basset-hound-browser
  - &lt;launched&gt; pid=499118
  - [pid=499118][err] /home/devel/basset-hound-browser/node_modules/electron/dist/electron: bad option: --no-sandbox
  - [pid=499118][err] /home/devel/basset-hound-browser/node_modules/electron/dist/electron: bad option: --remote-debugging-port=0
  - [pid=499118] &lt;kill&gt;
  - [pid=499118] &lt;will force kill&gt;
  - [pid=499118] &lt;process did exit: exitCode=9, signal=null&gt;
  - [pid=499118] starting temporary directories cleanup
  - [pid=499118] finished temporary directories cleanup

    at Object.&lt;anonymous&gt; (/home/devel/basset-hound-browser/tests/integration/evasion.test.js:95:19)</failure>
    </testcase>
    <testcase classname="Bot Detection Evasion Tests WebDriver Detection webdriver property should not exist on navigator" name="Bot Detection Evasion Tests WebDriver Detection webdriver property should not exist on navigator" time="0.036">
      <failure>Error: Process failed to launch!
    at waitForLine (/home/devel/basset-hound-browser/node_modules/playwright-core/lib/server/electron/electron.js:252:21)
    at Electron.launch (/home/devel/basset-hound-browser/node_modules/playwright-core/lib/server/electron/electron.js:200:32)
    at ElectronDispatcher.launch (/home/devel/basset-hound-browser/node_modules/playwright-core/lib/server/dispatchers/electronDispatcher.js:38:33)
    at ProgressController.run (/home/devel/basset-hound-browser/node_modules/playwright-core/lib/server/progress.js:104:22)
    at ElectronDispatcher._runCommand (/home/devel/basset-hound-browser/node_modules/playwright-core/lib/server/dispatchers/dispatcher.js:91:14)
    at DispatcherConnection.dispatch (/home/devel/basset-hound-browser/node_modules/playwright-core/lib/server/dispatchers/dispatcher.js:325:22)</failure>
      <failure>Error: Process failed to launch!
    at waitForLine (/home/devel/basset-hound-browser/node_modules/playwright-core/lib/server/electron/electron.js:252:21)
    at Electron.launch (/home/devel/basset-hound-browser/node_modules/playwright-core/lib/server/electron/electron.js:201:39)
    at ElectronDispatcher.launch (/home/devel/basset-hound-browser/node_modules/playwright-core/lib/server/dispatchers/electronDispatcher.js:38:33)
    at ProgressController.run (/home/devel/basset-hound-browser/node_modules/playwright-core/lib/server/progress.js:104:22)
    at ElectronDispatcher._runCommand (/home/devel/basset-hound-browser/node_modules/playwright-core/lib/server/dispatchers/dispatcher.js:91:14)
    at DispatcherConnection.dispatch (/home/devel/basset-hound-browser/node_modules/playwright-core/lib/server/dispatchers/dispatcher.js:325:22)</failure>
      <failure>Error: Process failed to launch!
    at waitForLine (/home/devel/basset-hound-browser/node_modules/playwright-core/lib/server/electron/electron.js:252:21)
    at Electron.launch (/home/devel/basset-hound-browser/node_modules/playwright-core/lib/server/electron/electron.js:188:33)
    at ElectronDispatcher.launch (/home/devel/basset-hound-browser/node_modules/playwright-core/lib/server/dispatchers/electronDispatcher.js:38:33)
    at ProgressController.run (/home/devel/basset-hound-browser/node_modules/playwright-core/lib/server/progress.js:104:22)
    at ElectronDispatcher._runCommand (/home/devel/basset-hound-browser/node_modules/playwright-core/lib/server/dispatchers/dispatcher.js:91:14)
    at DispatcherConnection.dispatch (/home/devel/basset-hound-browser/node_modules/playwright-core/lib/server/dispatchers/dispatcher.js:325:22)</failure>
      <failure>electron.launch: Process failed to launch!
Call log:
  - &lt;launching&gt; /home/devel/basset-hound-browser/node_modules/electron/dist/electron -r /home/devel/basset-hound-browser/node_modules/playwright-core/lib/server/electron/loader.js --no-sandbox --inspect=0 --remote-debugging-port=0 /home/devel/basset-hound-browser
  - &lt;launched&gt; pid=499124
  - [pid=499124][err] /home/devel/basset-hound-browser/node_modules/electron/dist/electron: bad option: --no-sandbox
  - [pid=499124][err] /home/devel/basset-hound-browser/node_modules/electron/dist/electron: bad option: --remote-debugging-port=0
  - [pid=499124] &lt;kill&gt;
  - [pid=499124] &lt;will force kill&gt;
  - [pid=499124] &lt;process did exit: exitCode=9, signal=null&gt;
  - [pid=499124] starting temporary directories cleanup
  - [pid=499124] finished temporary directories cleanup

    at Object.&lt;anonymous&gt; (/home/devel/basset-hound-browser/tests/integration/evasion.test.js:95:19)</failure>
    </testcase>
    <testcase classname="Bot Detection Evasion Tests Selenium Detection window._selenium should not exist" name="Bot Detection Evasion Tests Selenium Detection window._selenium should not exist" time="0.033">
      <failure>Error: Process failed to launch!
    at waitForLine (/home/devel/basset-hound-browser/node_modules/playwright-core/lib/server/electron/electron.js:252:21)
    at Electron.launch (/home/devel/basset-hound-browser/node_modules/playwright-core/lib/server/electron/electron.js:200:32)
    at ElectronDispatcher.launch (/home/devel/basset-hound-browser/node_modules/playwright-core/lib/server/dispatchers/electronDispatcher.js:38:33)
    at ProgressController.run (/home/devel/basset-hound-browser/node_modules/playwright-core/lib/server/progress.js:104:22)
    at ElectronDispatcher._runCommand (/home/devel/basset-hound-browser/node_modules/playwright-core/lib/server/dispatchers/dispatcher.js:91:14)
    at DispatcherConnection.dispatch (/home/devel/basset-hound-browser/node_modules/playwright-core/lib/server/dispatchers/dispatcher.js:325:22)</failure>
      <failure>Error: Process failed to launch!
    at waitForLine (/home/devel/basset-hound-browser/node_modules/playwright-core/lib/server/electron/electron.js:252:21)
    at Electron.launch (/home/devel/basset-hound-browser/node_modules/playwright-core/lib/server/electron/electron.js:201:39)
    at ElectronDispatcher.launch (/home/devel/basset-hound-browser/node_modules/playwright-core/lib/server/dispatchers/electronDispatcher.js:38:33)
    at ProgressController.run (/home/devel/basset-hound-browser/node_modules/playwright-core/lib/server/progress.js:104:22)
    at ElectronDispatcher._runCommand (/home/devel/basset-hound-browser/node_modules/playwright-core/lib/server/dispatchers/dispatcher.js:91:14)
    at DispatcherConnection.dispatch (/home/devel/basset-hound-browser/node_modules/playwright-core/lib/server/dispatchers/dispatcher.js:325:22)</failure>
      <failure>Error: Process failed to launch!
    at waitForLine (/home/devel/basset-hound-browser/node_modules/playwright-core/lib/server/electron/electron.js:252:21)
    at Electron.launch (/home/devel/basset-hound-browser/node_modules/playwright-core/lib/server/electron/electron.js:188:33)
    at ElectronDispatcher.launch (/home/devel/basset-hound-browser/node_modules/playwright-core/lib/server/dispatchers/electronDispatcher.js:38:33)
    at ProgressController.run (/home/devel/basset-hound-browser/node_modules/playwright-core/lib/server/progress.js:104:22)
    at ElectronDispatcher._runCommand (/home/devel/basset-hound-browser/node_modules/playwright-core/lib/server/dispatchers/dispatcher.js:91:14)
    at DispatcherConnection.dispatch (/home/devel/basset-hound-browser/node_modules/playwright-core/lib/server/dispatchers/dispatcher.js:325:22)</failure>
      <failure>electron.launch: Process failed to launch!
Call log:
  - &lt;launching&gt; /home/devel/basset-hound-browser/node_modules/electron/dist/electron -r /home/devel/basset-hound-browser/node_modules/playwright-core/lib/server/electron/loader.js --no-sandbox --inspect=0 --remote-debugging-port=0 /home/devel/basset-hound-browser
  - &lt;launched&gt; pid=499126
  - [pid=499126][err] /home/devel/basset-hound-browser/node_modules/electron/dist/electron: bad option: --no-sandbox
  - [pid=499126][err] /home/devel/basset-hound-browser/node_modules/electron/dist/electron: bad option: --remote-debugging-port=0
  - [pid=499126] &lt;kill&gt;
  - [pid=499126] &lt;will force kill&gt;
  - [pid=499126] &lt;process did exit: exitCode=9, signal=null&gt;
  - [pid=499126] starting temporary directories cleanup
  - [pid=499126] finished temporary directories cleanup

    at Object.&lt;anonymous&gt; (/home/devel/basset-hound-browser/tests/integration/evasion.test.js:95:19)</failure>
    </testcase>
    <testcase classname="Bot Detection Evasion Tests Selenium Detection window.callSelenium should not exist" name="Bot Detection Evasion Tests Selenium Detection window.callSelenium should not exist" time="0.033">
      <failure>Error: Process failed to launch!
    at waitForLine (/home/devel/basset-hound-browser/node_modules/playwright-core/lib/server/electron/electron.js:252:21)
    at Electron.launch (/home/devel/basset-hound-browser/node_modules/playwright-core/lib/server/electron/electron.js:200:32)
    at ElectronDispatcher.launch (/home/devel/basset-hound-browser/node_modules/playwright-core/lib/server/dispatchers/electronDispatcher.js:38:33)
    at ProgressController.run (/home/devel/basset-hound-browser/node_modules/playwright-core/lib/server/progress.js:104:22)
    at ElectronDispatcher._runCommand (/home/devel/basset-hound-browser/node_modules/playwright-core/lib/server/dispatchers/dispatcher.js:91:14)
    at DispatcherConnection.dispatch (/home/devel/basset-hound-browser/node_modules/playwright-core/lib/server/dispatchers/dispatcher.js:325:22)</failure>
      <failure>Error: Process failed to launch!
    at waitForLine (/home/devel/basset-hound-browser/node_modules/playwright-core/lib/server/electron/electron.js:252:21)
    at Electron.launch (/home/devel/basset-hound-browser/node_modules/playwright-core/lib/server/electron/electron.js:201:39)
    at ElectronDispatcher.launch (/home/devel/basset-hound-browser/node_modules/playwright-core/lib/server/dispatchers/electronDispatcher.js:38:33)
    at ProgressController.run (/home/devel/basset-hound-browser/node_modules/playwright-core/lib/server/progress.js:104:22)
    at ElectronDispatcher._runCommand (/home/devel/basset-hound-browser/node_modules/playwright-core/lib/server/dispatchers/dispatcher.js:91:14)
    at DispatcherConnection.dispatch (/home/devel/basset-hound-browser/node_modules/playwright-core/lib/server/dispatchers/dispatcher.js:325:22)</failure>
      <failure>Error: Process failed to launch!
    at waitForLine (/home/devel/basset-hound-browser/node_modules/playwright-core/lib/server/electron/electron.js:252:21)
    at Electron.launch (/home/devel/basset-hound-browser/node_modules/playwright-core/lib/server/electron/electron.js:188:33)
    at ElectronDispatcher.launch (/home/devel/basset-hound-browser/node_modules/playwright-core/lib/server/dispatchers/electronDispatcher.js:38:33)
    at ProgressController.run (/home/devel/basset-hound-browser/node_modules/playwright-core/lib/server/progress.js:104:22)
    at ElectronDispatcher._runCommand (/home/devel/basset-hound-browser/node_modules/playwright-core/lib/server/dispatchers/dispatcher.js:91:14)
    at DispatcherConnection.dispatch (/home/devel/basset-hound-browser/node_modules/playwright-core/lib/server/dispatchers/dispatcher.js:325:22)</failure>
      <failure>electron.launch: Process failed to launch!
Call log:
  - &lt;launching&gt; /home/devel/basset-hound-browser/node_modules/electron/dist/electron -r /home/devel/basset-hound-browser/node_modules/playwright-core/lib/server/electron/loader.js --no-sandbox --inspect=0 --remote-debugging-port=0 /home/devel/basset-hound-browser
  - &lt;launched&gt; pid=499128
  - [pid=499128][err] /home/devel/basset-hound-browser/node_modules/electron/dist/electron: bad option: --no-sandbox
  - [pid=499128][err] /home/devel/basset-hound-browser/node_modules/electron/dist/electron: bad option: --remote-debugging-port=0
  - [pid=499128] &lt;kill&gt;
  - [pid=499128] &lt;will force kill&gt;
  - [pid=499128] &lt;process did exit: exitCode=9, signal=null&gt;
  - [pid=499128] starting temporary directories cleanup
  - [pid=499128] finished temporary directories cleanup

    at Object.&lt;anonymous&gt; (/home/devel/basset-hound-browser/tests/integration/evasion.test.js:95:19)</failure>
    </testcase>
    <testcase classname="Bot Detection Evasion Tests Selenium Detection $cdc_ properties should not exist" name="Bot Detection Evasion Tests Selenium Detection $cdc_ properties should not exist" time="0.033">
      <failure>Error: Process failed to launch!
    at waitForLine (/home/devel/basset-hound-browser/node_modules/playwright-core/lib/server/electron/electron.js:252:21)
    at Electron.launch (/home/devel/basset-hound-browser/node_modules/playwright-core/lib/server/electron/electron.js:200:32)
    at ElectronDispatcher.launch (/home/devel/basset-hound-browser/node_modules/playwright-core/lib/server/dispatchers/electronDispatcher.js:38:33)
    at ProgressController.run (/home/devel/basset-hound-browser/node_modules/playwright-core/lib/server/progress.js:104:22)
    at ElectronDispatcher._runCommand (/home/devel/basset-hound-browser/node_modules/playwright-core/lib/server/dispatchers/dispatcher.js:91:14)
    at DispatcherConnection.dispatch (/home/devel/basset-hound-browser/node_modules/playwright-core/lib/server/dispatchers/dispatcher.js:325:22)</failure>
      <failure>Error: Process failed to launch!
    at waitForLine (/home/devel/basset-hound-browser/node_modules/playwright-core/lib/server/electron/electron.js:252:21)
    at Electron.launch (/home/devel/basset-hound-browser/node_modules/playwright-core/lib/server/electron/electron.js:201:39)
    at ElectronDispatcher.launch (/home/devel/basset-hound-browser/node_modules/playwright-core/lib/server/dispatchers/electronDispatcher.js:38:33)
    at ProgressController.run (/home/devel/basset-hound-browser/node_modules/playwright-core/lib/server/progress.js:104:22)
    at ElectronDispatcher._runCommand (/home/devel/basset-hound-browser/node_modules/playwright-core/lib/server/dispatchers/dispatcher.js:91:14)
    at DispatcherConnection.dispatch (/home/devel/basset-hound-browser/node_modules/playwright-core/lib/server/dispatchers/dispatcher.js:325:22)</failure>
      <failure>Error: Process failed to launch!
    at waitForLine (/home/devel/basset-hound-browser/node_modules/playwright-core/lib/server/electron/electron.js:252:21)
    at Electron.launch (/home/devel/basset-hound-browser/node_modules/playwright-core/lib/server/electron/electron.js:188:33)
    at ElectronDispatcher.launch (/home/devel/basset-hound-browser/node_modules/playwright-core/lib/server/dispatchers/electronDispatcher.js:38:33)
    at ProgressController.run (/home/devel/basset-hound-browser/node_modules/playwright-core/lib/server/progress.js:104:22)
    at ElectronDispatcher._runCommand (/home/devel/basset-hound-browser/node_modules/playwright-core/lib/server/dispatchers/dispatcher.js:91:14)
    at DispatcherConnection.dispatch (/home/devel/basset-hound-browser/node_modules/playwright-core/lib/server/dispatchers/dispatcher.js:325:22)</failure>
      <failure>electron.launch: Process failed to launch!
Call log:
  - &lt;launching&gt; /home/devel/basset-hound-browser/node_modules/electron/dist/electron -r /home/devel/basset-hound-browser/node_modules/playwright-core/lib/server/electron/loader.js --no-sandbox --inspect=0 --remote-debugging-port=0 /home/devel/basset-hound-browser
  - &lt;launched&gt; pid=499130
  - [pid=499130][err] /home/devel/basset-hound-browser/node_modules/electron/dist/electron: bad option: --no-sandbox
  - [pid=499130][err] /home/devel/basset-hound-browser/node_modules/electron/dist/electron: bad option: --remote-debugging-port=0
  - [pid=499130] &lt;kill&gt;
  - [pid=499130] &lt;will force kill&gt;
  - [pid=499130] &lt;process did exit: exitCode=9, signal=null&gt;
  - [pid=499130] starting temporary directories cleanup
  - [pid=499130] finished temporary directories cleanup

    at Object.&lt;anonymous&gt; (/home/devel/basset-hound-browser/tests/integration/evasion.test.js:95:19)</failure>
    </testcase>
    <testcase classname="Bot Detection Evasion Tests Selenium Detection window.domAutomation should not exist" name="Bot Detection Evasion Tests Selenium Detection window.domAutomation should not exist" time="0.035">
      <failure>Error: Process failed to launch!
    at waitForLine (/home/devel/basset-hound-browser/node_modules/playwright-core/lib/server/electron/electron.js:252:21)
    at Electron.launch (/home/devel/basset-hound-browser/node_modules/playwright-core/lib/server/electron/electron.js:200:32)
    at ElectronDispatcher.launch (/home/devel/basset-hound-browser/node_modules/playwright-core/lib/server/dispatchers/electronDispatcher.js:38:33)
    at ProgressController.run (/home/devel/basset-hound-browser/node_modules/playwright-core/lib/server/progress.js:104:22)
    at ElectronDispatcher._runCommand (/home/devel/basset-hound-browser/node_modules/playwright-core/lib/server/dispatchers/dispatcher.js:91:14)
    at DispatcherConnection.dispatch (/home/devel/basset-hound-browser/node_modules/playwright-core/lib/server/dispatchers/dispatcher.js:325:22)</failure>
      <failure>Error: Process failed to launch!
    at waitForLine (/home/devel/basset-hound-browser/node_modules/playwright-core/lib/server/electron/electron.js:252:21)
    at Electron.launch (/home/devel/basset-hound-browser/node_modules/playwright-core/lib/server/electron/electron.js:201:39)
    at ElectronDispatcher.launch (/home/devel/basset-hound-browser/node_modules/playwright-core/lib/server/dispatchers/electronDispatcher.js:38:33)
    at ProgressController.run (/home/devel/basset-hound-browser/node_modules/playwright-core/lib/server/progress.js:104:22)
    at ElectronDispatcher._runCommand (/home/devel/basset-hound-browser/node_modules/playwright-core/lib/server/dispatchers/dispatcher.js:91:14)
    at DispatcherConnection.dispatch (/home/devel/basset-hound-browser/node_modules/playwright-core/lib/server/dispatchers/dispatcher.js:325:22)</failure>
      <failure>Error: Process failed to launch!
    at waitForLine (/home/devel/basset-hound-browser/node_modules/playwright-core/lib/server/electron/electron.js:252:21)
    at Electron.launch (/home/devel/basset-hound-browser/node_modules/playwright-core/lib/server/electron/electron.js:188:33)
    at ElectronDispatcher.launch (/home/devel/basset-hound-browser/node_modules/playwright-core/lib/server/dispatchers/electronDispatcher.js:38:33)
    at ProgressController.run (/home/devel/basset-hound-browser/node_modules/playwright-core/lib/server/progress.js:104:22)
    at ElectronDispatcher._runCommand (/home/devel/basset-hound-browser/node_modules/playwright-core/lib/server/dispatchers/dispatcher.js:91:14)
    at DispatcherConnection.dispatch (/home/devel/basset-hound-browser/node_modules/playwright-core/lib/server/dispatchers/dispatcher.js:325:22)</failure>
      <failure>electron.launch: Process failed to launch!
Call log:
  - &lt;launching&gt; /home/devel/basset-hound-browser/node_modules/electron/dist/electron -r /home/devel/basset-hound-browser/node_modules/playwright-core/lib/server/electron/loader.js --no-sandbox --inspect=0 --remote-debugging-port=0 /home/devel/basset-hound-browser
  - &lt;launched&gt; pid=499132
  - [pid=499132][err] /home/devel/basset-hound-browser/node_modules/electron/dist/electron: bad option: --no-sandbox
  - [pid=499132][err] /home/devel/basset-hound-browser/node_modules/electron/dist/electron: bad option: --remote-debugging-port=0
  - [pid=499132] &lt;kill&gt;
  - [pid=499132] &lt;will force kill&gt;
  - [pid=499132] &lt;process did exit: exitCode=9, signal=null&gt;
  - [pid=499132] starting temporary directories cleanup
  - [pid=499132] finished temporary directories cleanup

    at Object.&lt;anonymous&gt; (/home/devel/basset-hound-browser/tests/integration/evasion.test.js:95:19)</failure>
    </testcase>
    <testcase classname="Bot Detection Evasion Tests Selenium Detection window.domAutomationController should not exist" name="Bot Detection Evasion Tests Selenium Detection window.domAutomationController should not exist" time="0.035">
      <failure>Error: Process failed to launch!
    at waitForLine (/home/devel/basset-hound-browser/node_modules/playwright-core/lib/server/electron/electron.js:252:21)
    at Electron.launch (/home/devel/basset-hound-browser/node_modules/playwright-core/lib/server/electron/electron.js:200:32)
    at ElectronDispatcher.launch (/home/devel/basset-hound-browser/node_modules/playwright-core/lib/server/dispatchers/electronDispatcher.js:38:33)
    at ProgressController.run (/home/devel/basset-hound-browser/node_modules/playwright-core/lib/server/progress.js:104:22)
    at ElectronDispatcher._runCommand (/home/devel/basset-hound-browser/node_modules/playwright-core/lib/server/dispatchers/dispatcher.js:91:14)
    at DispatcherConnection.dispatch (/home/devel/basset-hound-browser/node_modules/playwright-core/lib/server/dispatchers/dispatcher.js:325:22)</failure>
      <failure>Error: Process failed to launch!
    at waitForLine (/home/devel/basset-hound-browser/node_modules/playwright-core/lib/server/electron/electron.js:252:21)
    at Electron.launch (/home/devel/basset-hound-browser/node_modules/playwright-core/lib/server/electron/electron.js:201:39)
    at ElectronDispatcher.launch (/home/devel/basset-hound-browser/node_modules/playwright-core/lib/server/dispatchers/electronDispatcher.js:38:33)
    at ProgressController.run (/home/devel/basset-hound-browser/node_modules/playwright-core/lib/server/progress.js:104:22)
    at ElectronDispatcher._runCommand (/home/devel/basset-hound-browser/node_modules/playwright-core/lib/server/dispatchers/dispatcher.js:91:14)
    at DispatcherConnection.dispatch (/home/devel/basset-hound-browser/node_modules/playwright-core/lib/server/dispatchers/dispatcher.js:325:22)</failure>
      <failure>Error: Process failed to launch!
    at waitForLine (/home/devel/basset-hound-browser/node_modules/playwright-core/lib/server/electron/electron.js:252:21)
    at Electron.launch (/home/devel/basset-hound-browser/node_modules/playwright-core/lib/server/electron/electron.js:188:33)
    at ElectronDispatcher.launch (/home/devel/basset-hound-browser/node_modules/playwright-core/lib/server/dispatchers/electronDispatcher.js:38:33)
    at ProgressController.run (/home/devel/basset-hound-browser/node_modules/playwright-core/lib/server/progress.js:104:22)
    at ElectronDispatcher._runCommand (/home/devel/basset-hound-browser/node_modules/playwright-core/lib/server/dispatchers/dispatcher.js:91:14)
    at DispatcherConnection.dispatch (/home/devel/basset-hound-browser/node_modules/playwright-core/lib/server/dispatchers/dispatcher.js:325:22)</failure>
      <failure>electron.launch: Process failed to launch!
Call log:
  - &lt;launching&gt; /home/devel/basset-hound-browser/node_modules/electron/dist/electron -r /home/devel/basset-hound-browser/node_modules/playwright-core/lib/server/electron/loader.js --no-sandbox --inspect=0 --remote-debugging-port=0 /home/devel/basset-hound-browser
  - &lt;launched&gt; pid=499134
  - [pid=499134][err] /home/devel/basset-hound-browser/node_modules/electron/dist/electron: bad option: --no-sandbox
  - [pid=499134][err] /home/devel/basset-hound-browser/node_modules/electron/dist/electron: bad option: --remote-debugging-port=0
  - [pid=499134] &lt;kill&gt;
  - [pid=499134] &lt;will force kill&gt;
  - [pid=499134] &lt;process did exit: exitCode=9, signal=null&gt;
  - [pid=499134] starting temporary directories cleanup
  - [pid=499134] finished temporary directories cleanup

    at Object.&lt;anonymous&gt; (/home/devel/basset-hound-browser/tests/integration/evasion.test.js:95:19)</failure>
    </testcase>
    <testcase classname="Bot Detection Evasion Tests Phantom Detection window._phantom should not exist" name="Bot Detection Evasion Tests Phantom Detection window._phantom should not exist" time="0.033">
      <failure>Error: Process failed to launch!
    at waitForLine (/home/devel/basset-hound-browser/node_modules/playwright-core/lib/server/electron/electron.js:252:21)
    at Electron.launch (/home/devel/basset-hound-browser/node_modules/playwright-core/lib/server/electron/electron.js:200:32)
    at ElectronDispatcher.launch (/home/devel/basset-hound-browser/node_modules/playwright-core/lib/server/dispatchers/electronDispatcher.js:38:33)
    at ProgressController.run (/home/devel/basset-hound-browser/node_modules/playwright-core/lib/server/progress.js:104:22)
    at ElectronDispatcher._runCommand (/home/devel/basset-hound-browser/node_modules/playwright-core/lib/server/dispatchers/dispatcher.js:91:14)
    at DispatcherConnection.dispatch (/home/devel/basset-hound-browser/node_modules/playwright-core/lib/server/dispatchers/dispatcher.js:325:22)</failure>
      <failure>Error: Process failed to launch!
    at waitForLine (/home/devel/basset-hound-browser/node_modules/playwright-core/lib/server/electron/electron.js:252:21)
    at Electron.launch (/home/devel/basset-hound-browser/node_modules/playwright-core/lib/server/electron/electron.js:201:39)
    at ElectronDispatcher.launch (/home/devel/basset-hound-browser/node_modules/playwright-core/lib/server/dispatchers/electronDispatcher.js:38:33)
    at ProgressController.run (/home/devel/basset-hound-browser/node_modules/playwright-core/lib/server/progress.js:104:22)
    at ElectronDispatcher._runCommand (/home/devel/basset-hound-browser/node_modules/playwright-core/lib/server/dispatchers/dispatcher.js:91:14)
    at DispatcherConnection.dispatch (/home/devel/basset-hound-browser/node_modules/playwright-core/lib/server/dispatchers/dispatcher.js:325:22)</failure>
      <failure>Error: Process failed to launch!
    at waitForLine (/home/devel/basset-hound-browser/node_modules/playwright-core/lib/server/electron/electron.js:252:21)
    at Electron.launch (/home/devel/basset-hound-browser/node_modules/playwright-core/lib/server/electron/electron.js:188:33)
    at ElectronDispatcher.launch (/home/devel/basset-hound-browser/node_modules/playwright-core/lib/server/dispatchers/electronDispatcher.js:38:33)
    at ProgressController.run (/home/devel/basset-hound-browser/node_modules/playwright-core/lib/server/progress.js:104:22)
    at ElectronDispatcher._runCommand (/home/devel/basset-hound-browser/node_modules/playwright-core/lib/server/dispatchers/dispatcher.js:91:14)
    at DispatcherConnection.dispatch (/home/devel/basset-hound-browser/node_modules/playwright-core/lib/server/dispatchers/dispatcher.js:325:22)</failure>
      <failure>electron.launch: Process failed to launch!
Call log:
  - &lt;launching&gt; /home/devel/basset-hound-browser/node_modules/electron/dist/electron -r /home/devel/basset-hound-browser/node_modules/playwright-core/lib/server/electron/loader.js --no-sandbox --inspect=0 --remote-debugging-port=0 /home/devel/basset-hound-browser
  - &lt;launched&gt; pid=499136
  - [pid=499136][err] /home/devel/basset-hound-browser/node_modules/electron/dist/electron: bad option: --no-sandbox
  - [pid=499136][err] /home/devel/basset-hound-browser/node_modules/electron/dist/electron: bad option: --remote-debugging-port=0
  - [pid=499136] &lt;kill&gt;
  - [pid=499136] &lt;will force kill&gt;
  - [pid=499136] &lt;process did exit: exitCode=9, signal=null&gt;
  - [pid=499136] starting temporary directories cleanup
  - [pid=499136] finished temporary directories cleanup

    at Object.&lt;anonymous&gt; (/home/devel/basset-hound-browser/tests/integration/evasion.test.js:95:19)</failure>
    </testcase>
    <testcase classname="Bot Detection Evasion Tests Phantom Detection window.callPhantom should not exist" name="Bot Detection Evasion Tests Phantom Detection window.callPhantom should not exist" time="0.034">
      <failure>Error: Process failed to launch!
    at waitForLine (/home/devel/basset-hound-browser/node_modules/playwright-core/lib/server/electron/electron.js:252:21)
    at Electron.launch (/home/devel/basset-hound-browser/node_modules/playwright-core/lib/server/electron/electron.js:200:32)
    at ElectronDispatcher.launch (/home/devel/basset-hound-browser/node_modules/playwright-core/lib/server/dispatchers/electronDispatcher.js:38:33)
    at ProgressController.run (/home/devel/basset-hound-browser/node_modules/playwright-core/lib/server/progress.js:104:22)
    at ElectronDispatcher._runCommand (/home/devel/basset-hound-browser/node_modules/playwright-core/lib/server/dispatchers/dispatcher.js:91:14)
    at DispatcherConnection.dispatch (/home/devel/basset-hound-browser/node_modules/playwright-core/lib/server/dispatchers/dispatcher.js:325:22)</failure>
      <failure>Error: Process failed to launch!
    at waitForLine (/home/devel/basset-hound-browser/node_modules/playwright-core/lib/server/electron/electron.js:252:21)
    at Electron.launch (/home/devel/basset-hound-browser/node_modules/playwright-core/lib/server/electron/electron.js:201:39)
    at ElectronDispatcher.launch (/home/devel/basset-hound-browser/node_modules/playwright-core/lib/server/dispatchers/electronDispatcher.js:38:33)
    at ProgressController.run (/home/devel/basset-hound-browser/node_modules/playwright-core/lib/server/progress.js:104:22)
    at ElectronDispatcher._runCommand (/home/devel/basset-hound-browser/node_modules/playwright-core/lib/server/dispatchers/dispatcher.js:91:14)
    at DispatcherConnection.dispatch (/home/devel/basset-hound-browser/node_modules/playwright-core/lib/server/dispatchers/dispatcher.js:325:22)</failure>
      <failure>Error: Process failed to launch!
    at waitForLine (/home/devel/basset-hound-browser/node_modules/playwright-core/lib/server/electron/electron.js:252:21)
    at Electron.launch (/home/devel/basset-hound-browser/node_modules/playwright-core/lib/server/electron/electron.js:188:33)
    at ElectronDispatcher.launch (/home/devel/basset-hound-browser/node_modules/playwright-core/lib/server/dispatchers/electronDispatcher.js:38:33)
    at ProgressController.run (/home/devel/basset-hound-browser/node_modules/playwright-core/lib/server/progress.js:104:22)
    at ElectronDispatcher._runCommand (/home/devel/basset-hound-browser/node_modules/playwright-core/lib/server/dispatchers/dispatcher.js:91:14)
    at DispatcherConnection.dispatch (/home/devel/basset-hound-browser/node_modules/playwright-core/lib/server/dispatchers/dispatcher.js:325:22)</failure>
      <failure>electron.launch: Process failed to launch!
Call log:
  - &lt;launching&gt; /home/devel/basset-hound-browser/node_modules/electron/dist/electron -r /home/devel/basset-hound-browser/node_modules/playwright-core/lib/server/electron/loader.js --no-sandbox --inspect=0 --remote-debugging-port=0 /home/devel/basset-hound-browser
  - &lt;launched&gt; pid=499138
  - [pid=499138][err] /home/devel/basset-hound-browser/node_modules/electron/dist/electron: bad option: --no-sandbox
  - [pid=499138][err] /home/devel/basset-hound-browser/node_modules/electron/dist/electron: bad option: --remote-debugging-port=0
  - [pid=499138] &lt;kill&gt;
  - [pid=499138] &lt;will force kill&gt;
  - [pid=499138] &lt;process did exit: exitCode=9, signal=null&gt;
  - [pid=499138] starting temporary directories cleanup
  - [pid=499138] finished temporary directories cleanup

    at Object.&lt;anonymous&gt; (/home/devel/basset-hound-browser/tests/integration/evasion.test.js:95:19)</failure>
    </testcase>
    <testcase classname="Bot Detection Evasion Tests Phantom Detection window.__nightmare should not exist" name="Bot Detection Evasion Tests Phantom Detection window.__nightmare should not exist" time="0.034">
      <failure>Error: Process failed to launch!
    at waitForLine (/home/devel/basset-hound-browser/node_modules/playwright-core/lib/server/electron/electron.js:252:21)
    at Electron.launch (/home/devel/basset-hound-browser/node_modules/playwright-core/lib/server/electron/electron.js:200:32)
    at ElectronDispatcher.launch (/home/devel/basset-hound-browser/node_modules/playwright-core/lib/server/dispatchers/electronDispatcher.js:38:33)
    at ProgressController.run (/home/devel/basset-hound-browser/node_modules/playwright-core/lib/server/progress.js:104:22)
    at ElectronDispatcher._runCommand (/home/devel/basset-hound-browser/node_modules/playwright-core/lib/server/dispatchers/dispatcher.js:91:14)
    at DispatcherConnection.dispatch (/home/devel/basset-hound-browser/node_modules/playwright-core/lib/server/dispatchers/dispatcher.js:325:22)</failure>
      <failure>Error: Process failed to launch!
    at waitForLine (/home/devel/basset-hound-browser/node_modules/playwright-core/lib/server/electron/electron.js:252:21)
    at Electron.launch (/home/devel/basset-hound-browser/node_modules/playwright-core/lib/server/electron/electron.js:201:39)
    at ElectronDispatcher.launch (/home/devel/basset-hound-browser/node_modules/playwright-core/lib/server/dispatchers/electronDispatcher.js:38:33)
    at ProgressController.run (/home/devel/basset-hound-browser/node_modules/playwright-core/lib/server/progress.js:104:22)
    at ElectronDispatcher._runCommand (/home/devel/basset-hound-browser/node_modules/playwright-core/lib/server/dispatchers/dispatcher.js:91:14)
    at DispatcherConnection.dispatch (/home/devel/basset-hound-browser/node_modules/playwright-core/lib/server/dispatchers/dispatcher.js:325:22)</failure>
      <failure>Error: Process failed to launch!
    at waitForLine (/home/devel/basset-hound-browser/node_modules/playwright-core/lib/server/electron/electron.js:252:21)
    at Electron.launch (/home/devel/basset-hound-browser/node_modules/playwright-core/lib/server/electron/electron.js:188:33)
    at ElectronDispatcher.launch (/home/devel/basset-hound-browser/node_modules/playwright-core/lib/server/dispatchers/electronDispatcher.js:38:33)
    at ProgressController.run (/home/devel/basset-hound-browser/node_modules/playwright-core/lib/server/progress.js:104:22)
    at ElectronDispatcher._runCommand (/home/devel/basset-hound-browser/node_modules/playwright-core/lib/server/dispatchers/dispatcher.js:91:14)
    at DispatcherConnection.dispatch (/home/devel/basset-hound-browser/node_modules/playwright-core/lib/server/dispatchers/dispatcher.js:325:22)</failure>
      <failure>electron.launch: Process failed to launch!
Call log:
  - &lt;launching&gt; /home/devel/basset-hound-browser/node_modules/electron/dist/electron -r /home/devel/basset-hound-browser/node_modules/playwright-core/lib/server/electron/loader.js --no-sandbox --inspect=0 --remote-debugging-port=0 /home/devel/basset-hound-browser
  - &lt;launched&gt; pid=499140
  - [pid=499140][err] /home/devel/basset-hound-browser/node_modules/electron/dist/electron: bad option: --no-sandbox
  - [pid=499140][err] /home/devel/basset-hound-browser/node_modules/electron/dist/electron: bad option: --remote-debugging-port=0
  - [pid=499140] &lt;kill&gt;
  - [pid=499140] &lt;will force kill&gt;
  - [pid=499140] &lt;process did exit: exitCode=9, signal=null&gt;
  - [pid=499140] starting temporary directories cleanup
  - [pid=499140] finished temporary directories cleanup

    at Object.&lt;anonymous&gt; (/home/devel/basset-hound-browser/tests/integration/evasion.test.js:95:19)</failure>
    </testcase>
    <testcase classname="Bot Detection Evasion Tests WebDriver Script Functions document.__webdriver_script_fn should not exist" name="Bot Detection Evasion Tests WebDriver Script Functions document.__webdriver_script_fn should not exist" time="0.035">
      <failure>Error: Process failed to launch!
    at waitForLine (/home/devel/basset-hound-browser/node_modules/playwright-core/lib/server/electron/electron.js:252:21)
    at Electron.launch (/home/devel/basset-hound-browser/node_modules/playwright-core/lib/server/electron/electron.js:200:32)
    at ElectronDispatcher.launch (/home/devel/basset-hound-browser/node_modules/playwright-core/lib/server/dispatchers/electronDispatcher.js:38:33)
    at ProgressController.run (/home/devel/basset-hound-browser/node_modules/playwright-core/lib/server/progress.js:104:22)
    at ElectronDispatcher._runCommand (/home/devel/basset-hound-browser/node_modules/playwright-core/lib/server/dispatchers/dispatcher.js:91:14)
    at DispatcherConnection.dispatch (/home/devel/basset-hound-browser/node_modules/playwright-core/lib/server/dispatchers/dispatcher.js:325:22)</failure>
      <failure>Error: Process failed to launch!
    at waitForLine (/home/devel/basset-hound-browser/node_modules/playwright-core/lib/server/electron/electron.js:252:21)
    at Electron.launch (/home/devel/basset-hound-browser/node_modules/playwright-core/lib/server/electron/electron.js:201:39)
    at ElectronDispatcher.launch (/home/devel/basset-hound-browser/node_modules/playwright-core/lib/server/dispatchers/electronDispatcher.js:38:33)
    at ProgressController.run (/home/devel/basset-hound-browser/node_modules/playwright-core/lib/server/progress.js:104:22)
    at ElectronDispatcher._runCommand (/home/devel/basset-hound-browser/node_modules/playwright-core/lib/server/dispatchers/dispatcher.js:91:14)
    at DispatcherConnection.dispatch (/home/devel/basset-hound-browser/node_modules/playwright-core/lib/server/dispatchers/dispatcher.js:325:22)</failure>
      <failure>Error: Process failed to launch!
    at waitForLine (/home/devel/basset-hound-browser/node_modules/playwright-core/lib/server/electron/electron.js:252:21)
    at Electron.launch (/home/devel/basset-hound-browser/node_modules/playwright-core/lib/server/electron/electron.js:188:33)
    at ElectronDispatcher.launch (/home/devel/basset-hound-browser/node_modules/playwright-core/lib/server/dispatchers/electronDispatcher.js:38:33)
    at ProgressController.run (/home/devel/basset-hound-browser/node_modules/playwright-core/lib/server/progress.js:104:22)
    at ElectronDispatcher._runCommand (/home/devel/basset-hound-browser/node_modules/playwright-core/lib/server/dispatchers/dispatcher.js:91:14)
    at DispatcherConnection.dispatch (/home/devel/basset-hound-browser/node_modules/playwright-core/lib/server/dispatchers/dispatcher.js:325:22)</failure>
      <failure>electron.launch: Process failed to launch!
Call log:
  - &lt;launching&gt; /home/devel/basset-hound-browser/node_modules/electron/dist/electron -r /home/devel/basset-hound-browser/node_modules/playwright-core/lib/server/electron/loader.js --no-sandbox --inspect=0 --remote-debugging-port=0 /home/devel/basset-hound-browser
  - &lt;launched&gt; pid=499142
  - [pid=499142][err] /home/devel/basset-hound-browser/node_modules/electron/dist/electron: bad option: --no-sandbox
  - [pid=499142][err] /home/devel/basset-hound-browser/node_modules/electron/dist/electron: bad option: --remote-debugging-port=0
  - [pid=499142] &lt;kill&gt;
  - [pid=499142] &lt;will force kill&gt;
  - [pid=499142] &lt;process did exit: exitCode=9, signal=null&gt;
  - [pid=499142] starting temporary directories cleanup
  - [pid=499142] finished temporary directories cleanup

    at Object.&lt;anonymous&gt; (/home/devel/basset-hound-browser/tests/integration/evasion.test.js:95:19)</failure>
    </testcase>
    <testcase classname="Bot Detection Evasion Tests WebDriver Script Functions document.__webdriver_script_func should not exist" name="Bot Detection Evasion Tests WebDriver Script Functions document.__webdriver_script_func should not exist" time="0.032">
      <failure>Error: Process failed to launch!
    at waitForLine (/home/devel/basset-hound-browser/node_modules/playwright-core/lib/server/electron/electron.js:252:21)
    at Electron.launch (/home/devel/basset-hound-browser/node_modules/playwright-core/lib/server/electron/electron.js:200:32)
    at ElectronDispatcher.launch (/home/devel/basset-hound-browser/node_modules/playwright-core/lib/server/dispatchers/electronDispatcher.js:38:33)
    at ProgressController.run (/home/devel/basset-hound-browser/node_modules/playwright-core/lib/server/progress.js:104:22)
    at ElectronDispatcher._runCommand (/home/devel/basset-hound-browser/node_modules/playwright-core/lib/server/dispatchers/dispatcher.js:91:14)
    at DispatcherConnection.dispatch (/home/devel/basset-hound-browser/node_modules/playwright-core/lib/server/dispatchers/dispatcher.js:325:22)</failure>
      <failure>Error: Process failed to launch!
    at waitForLine (/home/devel/basset-hound-browser/node_modules/playwright-core/lib/server/electron/electron.js:252:21)
    at Electron.launch (/home/devel/basset-hound-browser/node_modules/playwright-core/lib/server/electron/electron.js:201:39)
    at ElectronDispatcher.launch (/home/devel/basset-hound-browser/node_modules/playwright-core/lib/server/dispatchers/electronDispatcher.js:38:33)
    at ProgressController.run (/home/devel/basset-hound-browser/node_modules/playwright-core/lib/server/progress.js:104:22)
    at ElectronDispatcher._runCommand (/home/devel/basset-hound-browser/node_modules/playwright-core/lib/server/dispatchers/dispatcher.js:91:14)
    at DispatcherConnection.dispatch (/home/devel/basset-hound-browser/node_modules/playwright-core/lib/server/dispatchers/dispatcher.js:325:22)</failure>
      <failure>Error: Process failed to launch!
    at waitForLine (/home/devel/basset-hound-browser/node_modules/playwright-core/lib/server/electron/electron.js:252:21)
    at Electron.launch (/home/devel/basset-hound-browser/node_modules/playwright-core/lib/server/electron/electron.js:188:33)
    at ElectronDispatcher.launch (/home/devel/basset-hound-browser/node_modules/playwright-core/lib/server/dispatchers/electronDispatcher.js:38:33)
    at ProgressController.run (/home/devel/basset-hound-browser/node_modules/playwright-core/lib/server/progress.js:104:22)
    at ElectronDispatcher._runCommand (/home/devel/basset-hound-browser/node_modules/playwright-core/lib/server/dispatchers/dispatcher.js:91:14)
    at DispatcherConnection.dispatch (/home/devel/basset-hound-browser/node_modules/playwright-core/lib/server/dispatchers/dispatcher.js:325:22)</failure>
      <failure>electron.launch: Process failed to launch!
Call log:
  - &lt;launching&gt; /home/devel/basset-hound-browser/node_modules/electron/dist/electron -r /home/devel/basset-hound-browser/node_modules/playwright-core/lib/server/electron/loader.js --no-sandbox --inspect=0 --remote-debugging-port=0 /home/devel/basset-hound-browser
  - &lt;launched&gt; pid=499144
  - [pid=499144][err] /home/devel/basset-hound-browser/node_modules/electron/dist/electron: bad option: --no-sandbox
  - [pid=499144][err] /home/devel/basset-hound-browser/node_modules/electron/dist/electron: bad option: --remote-debugging-port=0
  - [pid=499144] &lt;kill&gt;
  - [pid=499144] &lt;will force kill&gt;
  - [pid=499144] &lt;process did exit: exitCode=9, signal=null&gt;
  - [pid=499144] starting temporary directories cleanup
  - [pid=499144] finished temporary directories cleanup

    at Object.&lt;anonymous&gt; (/home/devel/basset-hound-browser/tests/integration/evasion.test.js:95:19)</failure>
    </testcase>
    <testcase classname="Bot Detection Evasion Tests WebDriver Script Functions document.__driver_evaluate should not exist" name="Bot Detection Evasion Tests WebDriver Script Functions document.__driver_evaluate should not exist" time="0.032">
      <failure>Error: Process failed to launch!
    at waitForLine (/home/devel/basset-hound-browser/node_modules/playwright-core/lib/server/electron/electron.js:252:21)
    at Electron.launch (/home/devel/basset-hound-browser/node_modules/playwright-core/lib/server/electron/electron.js:200:32)
    at ElectronDispatcher.launch (/home/devel/basset-hound-browser/node_modules/playwright-core/lib/server/dispatchers/electronDispatcher.js:38:33)
    at ProgressController.run (/home/devel/basset-hound-browser/node_modules/playwright-core/lib/server/progress.js:104:22)
    at ElectronDispatcher._runCommand (/home/devel/basset-hound-browser/node_modules/playwright-core/lib/server/dispatchers/dispatcher.js:91:14)
    at DispatcherConnection.dispatch (/home/devel/basset-hound-browser/node_modules/playwright-core/lib/server/dispatchers/dispatcher.js:325:22)</failure>
      <failure>Error: Process failed to launch!
    at waitForLine (/home/devel/basset-hound-browser/node_modules/playwright-core/lib/server/electron/electron.js:252:21)
    at Electron.launch (/home/devel/basset-hound-browser/node_modules/playwright-core/lib/server/electron/electron.js:201:39)
    at ElectronDispatcher.launch (/home/devel/basset-hound-browser/node_modules/playwright-core/lib/server/dispatchers/electronDispatcher.js:38:33)
    at ProgressController.run (/home/devel/basset-hound-browser/node_modules/playwright-core/lib/server/progress.js:104:22)
    at ElectronDispatcher._runCommand (/home/devel/basset-hound-browser/node_modules/playwright-core/lib/server/dispatchers/dispatcher.js:91:14)
    at DispatcherConnection.dispatch (/home/devel/basset-hound-browser/node_modules/playwright-core/lib/server/dispatchers/dispatcher.js:325:22)</failure>
      <failure>Error: Process failed to launch!
    at waitForLine (/home/devel/basset-hound-browser/node_modules/playwright-core/lib/server/electron/electron.js:252:21)
    at Electron.launch (/home/devel/basset-hound-browser/node_modules/playwright-core/lib/server/electron/electron.js:188:33)
    at ElectronDispatcher.launch (/home/devel/basset-hound-browser/node_modules/playwright-core/lib/server/dispatchers/electronDispatcher.js:38:33)
    at ProgressController.run (/home/devel/basset-hound-browser/node_modules/playwright-core/lib/server/progress.js:104:22)
    at ElectronDispatcher._runCommand (/home/devel/basset-hound-browser/node_modules/playwright-core/lib/server/dispatchers/dispatcher.js:91:14)
    at DispatcherConnection.dispatch (/home/devel/basset-hound-browser/node_modules/playwright-core/lib/server/dispatchers/dispatcher.js:325:22)</failure>
      <failure>electron.launch: Process failed to launch!
Call log:
  - &lt;launching&gt; /home/devel/basset-hound-browser/node_modules/electron/dist/electron -r /home/devel/basset-hound-browser/node_modules/playwright-core/lib/server/electron/loader.js --no-sandbox --inspect=0 --remote-debugging-port=0 /home/devel/basset-hound-browser
  - &lt;launched&gt; pid=499146
  - [pid=499146][err] /home/devel/basset-hound-browser/node_modules/electron/dist/electron: bad option: --no-sandbox
  - [pid=499146][err] /home/devel/basset-hound-browser/node_modules/electron/dist/electron: bad option: --remote-debugging-port=0
  - [pid=499146] &lt;kill&gt;
  - [pid=499146] &lt;will force kill&gt;
  - [pid=499146] &lt;process did exit: exitCode=9, signal=null&gt;
  - [pid=499146] starting temporary directories cleanup
  - [pid=499146] finished temporary directories cleanup

    at Object.&lt;anonymous&gt; (/home/devel/basset-hound-browser/tests/integration/evasion.test.js:95:19)</failure>
    </testcase>
    <testcase classname="Bot Detection Evasion Tests WebDriver Script Functions document.__webdriver_evaluate should not exist" name="Bot Detection Evasion Tests WebDriver Script Functions document.__webdriver_evaluate should not exist" time="0.032">
      <failure>Error: Process failed to launch!
    at waitForLine (/home/devel/basset-hound-browser/node_modules/playwright-core/lib/server/electron/electron.js:252:21)
    at Electron.launch (/home/devel/basset-hound-browser/node_modules/playwright-core/lib/server/electron/electron.js:200:32)
    at ElectronDispatcher.launch (/home/devel/basset-hound-browser/node_modules/playwright-core/lib/server/dispatchers/electronDispatcher.js:38:33)
    at ProgressController.run (/home/devel/basset-hound-browser/node_modules/playwright-core/lib/server/progress.js:104:22)
    at ElectronDispatcher._runCommand (/home/devel/basset-hound-browser/node_modules/playwright-core/lib/server/dispatchers/dispatcher.js:91:14)
    at DispatcherConnection.dispatch (/home/devel/basset-hound-browser/node_modules/playwright-core/lib/server/dispatchers/dispatcher.js:325:22)</failure>
      <failure>Error: Process failed to launch!
    at waitForLine (/home/devel/basset-hound-browser/node_modules/playwright-core/lib/server/electron/electron.js:252:21)
    at Electron.launch (/home/devel/basset-hound-browser/node_modules/playwright-core/lib/server/electron/electron.js:201:39)
    at ElectronDispatcher.launch (/home/devel/basset-hound-browser/node_modules/playwright-core/lib/server/dispatchers/electronDispatcher.js:38:33)
    at ProgressController.run (/home/devel/basset-hound-browser/node_modules/playwright-core/lib/server/progress.js:104:22)
    at ElectronDispatcher._runCommand (/home/devel/basset-hound-browser/node_modules/playwright-core/lib/server/dispatchers/dispatcher.js:91:14)
    at DispatcherConnection.dispatch (/home/devel/basset-hound-browser/node_modules/playwright-core/lib/server/dispatchers/dispatcher.js:325:22)</failure>
      <failure>Error: Process failed to launch!
    at waitForLine (/home/devel/basset-hound-browser/node_modules/playwright-core/lib/server/electron/electron.js:252:21)
    at Electron.launch (/home/devel/basset-hound-browser/node_modules/playwright-core/lib/server/electron/electron.js:188:33)
    at ElectronDispatcher.launch (/home/devel/basset-hound-browser/node_modules/playwright-core/lib/server/dispatchers/electronDispatcher.js:38:33)
    at ProgressController.run (/home/devel/basset-hound-browser/node_modules/playwright-core/lib/server/progress.js:104:22)
    at ElectronDispatcher._runCommand (/home/devel/basset-hound-browser/node_modules/playwright-core/lib/server/dispatchers/dispatcher.js:91:14)
    at DispatcherConnection.dispatch (/home/devel/basset-hound-browser/node_modules/playwright-core/lib/server/dispatchers/dispatcher.js:325:22)</failure>
      <failure>electron.launch: Process failed to launch!
Call log:
  - &lt;launching&gt; /home/devel/basset-hound-browser/node_modules/electron/dist/electron -r /home/devel/basset-hound-browser/node_modules/playwright-core/lib/server/electron/loader.js --no-sandbox --inspect=0 --remote-debugging-port=0 /home/devel/basset-hound-browser
  - &lt;launched&gt; pid=499148
  - [pid=499148][err] /home/devel/basset-hound-browser/node_modules/electron/dist/electron: bad option: --no-sandbox
  - [pid=499148][err] /home/devel/basset-hound-browser/node_modules/electron/dist/electron: bad option: --remote-debugging-port=0
  - [pid=499148] &lt;kill&gt;
  - [pid=499148] &lt;will force kill&gt;
  - [pid=499148] &lt;process did exit: exitCode=9, signal=null&gt;
  - [pid=499148] starting temporary directories cleanup
  - [pid=499148] finished temporary directories cleanup

    at Object.&lt;anonymous&gt; (/home/devel/basset-hound-browser/tests/integration/evasion.test.js:95:19)</failure>
    </testcase>
    <testcase classname="Bot Detection Evasion Tests WebDriver Script Functions document.__selenium_evaluate should not exist" name="Bot Detection Evasion Tests WebDriver Script Functions document.__selenium_evaluate should not exist" time="0.033">
      <failure>Error: Process failed to launch!
    at waitForLine (/home/devel/basset-hound-browser/node_modules/playwright-core/lib/server/electron/electron.js:252:21)
    at Electron.launch (/home/devel/basset-hound-browser/node_modules/playwright-core/lib/server/electron/electron.js:200:32)
    at ElectronDispatcher.launch (/home/devel/basset-hound-browser/node_modules/playwright-core/lib/server/dispatchers/electronDispatcher.js:38:33)
    at ProgressController.run (/home/devel/basset-hound-browser/node_modules/playwright-core/lib/server/progress.js:104:22)
    at ElectronDispatcher._runCommand (/home/devel/basset-hound-browser/node_modules/playwright-core/lib/server/dispatchers/dispatcher.js:91:14)
    at DispatcherConnection.dispatch (/home/devel/basset-hound-browser/node_modules/playwright-core/lib/server/dispatchers/dispatcher.js:325:22)</failure>
      <failure>Error: Process failed to launch!
    at waitForLine (/home/devel/basset-hound-browser/node_modules/playwright-core/lib/server/electron/electron.js:252:21)
    at Electron.launch (/home/devel/basset-hound-browser/node_modules/playwright-core/lib/server/electron/electron.js:201:39)
    at ElectronDispatcher.launch (/home/devel/basset-hound-browser/node_modules/playwright-core/lib/server/dispatchers/electronDispatcher.js:38:33)
    at ProgressController.run (/home/devel/basset-hound-browser/node_modules/playwright-core/lib/server/progress.js:104:22)
    at ElectronDispatcher._runCommand (/home/devel/basset-hound-browser/node_modules/playwright-core/lib/server/dispatchers/dispatcher.js:91:14)
    at DispatcherConnection.dispatch (/home/devel/basset-hound-browser/node_modules/playwright-core/lib/server/dispatchers/dispatcher.js:325:22)</failure>
      <failure>Error: Process failed to launch!
    at waitForLine (/home/devel/basset-hound-browser/node_modules/playwright-core/lib/server/electron/electron.js:252:21)
    at Electron.launch (/home/devel/basset-hound-browser/node_modules/playwright-core/lib/server/electron/electron.js:188:33)
    at ElectronDispatcher.launch (/home/devel/basset-hound-browser/node_modules/playwright-core/lib/server/dispatchers/electronDispatcher.js:38:33)
    at ProgressController.run (/home/devel/basset-hound-browser/node_modules/playwright-core/lib/server/progress.js:104:22)
    at ElectronDispatcher._runCommand (/home/devel/basset-hound-browser/node_modules/playwright-core/lib/server/dispatchers/dispatcher.js:91:14)
    at DispatcherConnection.dispatch (/home/devel/basset-hound-browser/node_modules/playwright-core/lib/server/dispatchers/dispatcher.js:325:22)</failure>
      <failure>electron.launch: Process failed to launch!
Call log:
  - &lt;launching&gt; /home/devel/basset-hound-browser/node_modules/electron/dist/electron -r /home/devel/basset-hound-browser/node_modules/playwright-core/lib/server/electron/loader.js --no-sandbox --inspect=0 --remote-debugging-port=0 /home/devel/basset-hound-browser
  - &lt;launched&gt; pid=499150
  - [pid=499150][err] /home/devel/basset-hound-browser/node_modules/electron/dist/electron: bad option: --no-sandbox
  - [pid=499150][err] /home/devel/basset-hound-browser/node_modules/electron/dist/electron: bad option: --remote-debugging-port=0
  - [pid=499150] &lt;kill&gt;
  - [pid=499150] &lt;will force kill&gt;
  - [pid=499150] &lt;process did exit: exitCode=9, signal=null&gt;
  - [pid=499150] starting temporary directories cleanup
  - [pid=499150] finished temporary directories cleanup

    at Object.&lt;anonymous&gt; (/home/devel/basset-hound-browser/tests/integration/evasion.test.js:95:19)</failure>
    </testcase>
    <testcase classname="Bot Detection Evasion Tests Navigator Properties navigator.plugins should exist and have items" name="Bot Detection Evasion Tests Navigator Properties navigator.plugins should exist and have items" time="0.033">
      <failure>Error: Process failed to launch!
    at waitForLine (/home/devel/basset-hound-browser/node_modules/playwright-core/lib/server/electron/electron.js:252:21)
    at Electron.launch (/home/devel/basset-hound-browser/node_modules/playwright-core/lib/server/electron/electron.js:200:32)
    at ElectronDispatcher.launch (/home/devel/basset-hound-browser/node_modules/playwright-core/lib/server/dispatchers/electronDispatcher.js:38:33)
    at ProgressController.run (/home/devel/basset-hound-browser/node_modules/playwright-core/lib/server/progress.js:104:22)
    at ElectronDispatcher._runCommand (/home/devel/basset-hound-browser/node_modules/playwright-core/lib/server/dispatchers/dispatcher.js:91:14)
    at DispatcherConnection.dispatch (/home/devel/basset-hound-browser/node_modules/playwright-core/lib/server/dispatchers/dispatcher.js:325:22)</failure>
      <failure>Error: Process failed to launch!
    at waitForLine (/home/devel/basset-hound-browser/node_modules/playwright-core/lib/server/electron/electron.js:252:21)
    at Electron.launch (/home/devel/basset-hound-browser/node_modules/playwright-core/lib/server/electron/electron.js:201:39)
    at ElectronDispatcher.launch (/home/devel/basset-hound-browser/node_modules/playwright-core/lib/server/dispatchers/electronDispatcher.js:38:33)
    at ProgressController.run (/home/devel/basset-hound-browser/node_modules/playwright-core/lib/server/progress.js:104:22)
    at ElectronDispatcher._runCommand (/home/devel/basset-hound-browser/node_modules/playwright-core/lib/server/dispatchers/dispatcher.js:91:14)
    at DispatcherConnection.dispatch (/home/devel/basset-hound-browser/node_modules/playwright-core/lib/server/dispatchers/dispatcher.js:325:22)</failure>
      <failure>Error: Process failed to launch!
    at waitForLine (/home/devel/basset-hound-browser/node_modules/playwright-core/lib/server/electron/electron.js:252:21)
    at Electron.launch (/home/devel/basset-hound-browser/node_modules/playwright-core/lib/server/electron/electron.js:188:33)
    at ElectronDispatcher.launch (/home/devel/basset-hound-browser/node_modules/playwright-core/lib/server/dispatchers/electronDispatcher.js:38:33)
    at ProgressController.run (/home/devel/basset-hound-browser/node_modules/playwright-core/lib/server/progress.js:104:22)
    at ElectronDispatcher._runCommand (/home/devel/basset-hound-browser/node_modules/playwright-core/lib/server/dispatchers/dispatcher.js:91:14)
    at DispatcherConnection.dispatch (/home/devel/basset-hound-browser/node_modules/playwright-core/lib/server/dispatchers/dispatcher.js:325:22)</failure>
      <failure>electron.launch: Process failed to launch!
Call log:
  - &lt;launching&gt; /home/devel/basset-hound-browser/node_modules/electron/dist/electron -r /home/devel/basset-hound-browser/node_modules/playwright-core/lib/server/electron/loader.js --no-sandbox --inspect=0 --remote-debugging-port=0 /home/devel/basset-hound-browser
  - &lt;launched&gt; pid=499152
  - [pid=499152][err] /home/devel/basset-hound-browser/node_modules/electron/dist/electron: bad option: --no-sandbox
  - [pid=499152][err] /home/devel/basset-hound-browser/node_modules/electron/dist/electron: bad option: --remote-debugging-port=0
  - [pid=499152] &lt;kill&gt;
  - [pid=499152] &lt;will force kill&gt;
  - [pid=499152] &lt;process did exit: exitCode=9, signal=null&gt;
  - [pid=499152] starting temporary directories cleanup
  - [pid=499152] finished temporary directories cleanup

    at Object.&lt;anonymous&gt; (/home/devel/basset-hound-browser/tests/integration/evasion.test.js:95:19)</failure>
    </testcase>
    <testcase classname="Bot Detection Evasion Tests Navigator Properties navigator.plugins should contain common plugins" name="Bot Detection Evasion Tests Navigator Properties navigator.plugins should contain common plugins" time="0.034">
      <failure>Error: Process failed to launch!
    at waitForLine (/home/devel/basset-hound-browser/node_modules/playwright-core/lib/server/electron/electron.js:252:21)
    at Electron.launch (/home/devel/basset-hound-browser/node_modules/playwright-core/lib/server/electron/electron.js:200:32)
    at ElectronDispatcher.launch (/home/devel/basset-hound-browser/node_modules/playwright-core/lib/server/dispatchers/electronDispatcher.js:38:33)
    at ProgressController.run (/home/devel/basset-hound-browser/node_modules/playwright-core/lib/server/progress.js:104:22)
    at ElectronDispatcher._runCommand (/home/devel/basset-hound-browser/node_modules/playwright-core/lib/server/dispatchers/dispatcher.js:91:14)
    at DispatcherConnection.dispatch (/home/devel/basset-hound-browser/node_modules/playwright-core/lib/server/dispatchers/dispatcher.js:325:22)</failure>
      <failure>Error: Process failed to launch!
    at waitForLine (/home/devel/basset-hound-browser/node_modules/playwright-core/lib/server/electron/electron.js:252:21)
    at Electron.launch (/home/devel/basset-hound-browser/node_modules/playwright-core/lib/server/electron/electron.js:201:39)
    at ElectronDispatcher.launch (/home/devel/basset-hound-browser/node_modules/playwright-core/lib/server/dispatchers/electronDispatcher.js:38:33)
    at ProgressController.run (/home/devel/basset-hound-browser/node_modules/playwright-core/lib/server/progress.js:104:22)
    at ElectronDispatcher._runCommand (/home/devel/basset-hound-browser/node_modules/playwright-core/lib/server/dispatchers/dispatcher.js:91:14)
    at DispatcherConnection.dispatch (/home/devel/basset-hound-browser/node_modules/playwright-core/lib/server/dispatchers/dispatcher.js:325:22)</failure>
      <failure>Error: Process failed to launch!
    at waitForLine (/home/devel/basset-hound-browser/node_modules/playwright-core/lib/server/electron/electron.js:252:21)
    at Electron.launch (/home/devel/basset-hound-browser/node_modules/playwright-core/lib/server/electron/electron.js:188:33)
    at ElectronDispatcher.launch (/home/devel/basset-hound-browser/node_modules/playwright-core/lib/server/dispatchers/electronDispatcher.js:38:33)
    at ProgressController.run (/home/devel/basset-hound-browser/node_modules/playwright-core/lib/server/progress.js:104:22)
    at ElectronDispatcher._runCommand (/home/devel/basset-hound-browser/node_modules/playwright-core/lib/server/dispatchers/dispatcher.js:91:14)
    at DispatcherConnection.dispatch (/home/devel/basset-hound-browser/node_modules/playwright-core/lib/server/dispatchers/dispatcher.js:325:22)</failure>
      <failure>electron.launch: Process failed to launch!
Call log:
  - &lt;launching&gt; /home/devel/basset-hound-browser/node_modules/electron/dist/electron -r /home/devel/basset-hound-browser/node_modules/playwright-core/lib/server/electron/loader.js --no-sandbox --inspect=0 --remote-debugging-port=0 /home/devel/basset-hound-browser
  - &lt;launched&gt; pid=499154
  - [pid=499154][err] /home/devel/basset-hound-browser/node_modules/electron/dist/electron: bad option: --no-sandbox
  - [pid=499154][err] /home/devel/basset-hound-browser/node_modules/electron/dist/electron: bad option: --remote-debugging-port=0
  - [pid=499154] &lt;kill&gt;
  - [pid=499154] &lt;will force kill&gt;
  - [pid=499154] &lt;process did exit: exitCode=9, signal=null&gt;
  - [pid=499154] starting temporary directories cleanup
  - [pid=499154] finished temporary directories cleanup

    at Object.&lt;anonymous&gt; (/home/devel/basset-hound-browser/tests/integration/evasion.test.js:95:19)</failure>
    </testcase>
    <testcase classname="Bot Detection Evasion Tests Navigator Properties navigator.mimeTypes should exist" name="Bot Detection Evasion Tests Navigator Properties navigator.mimeTypes should exist" time="0.031">
      <failure>Error: Process failed to launch!
    at waitForLine (/home/devel/basset-hound-browser/node_modules/playwright-core/lib/server/electron/electron.js:252:21)
    at Electron.launch (/home/devel/basset-hound-browser/node_modules/playwright-core/lib/server/electron/electron.js:200:32)
    at ElectronDispatcher.launch (/home/devel/basset-hound-browser/node_modules/playwright-core/lib/server/dispatchers/electronDispatcher.js:38:33)
    at ProgressController.run (/home/devel/basset-hound-browser/node_modules/playwright-core/lib/server/progress.js:104:22)
    at ElectronDispatcher._runCommand (/home/devel/basset-hound-browser/node_modules/playwright-core/lib/server/dispatchers/dispatcher.js:91:14)
    at DispatcherConnection.dispatch (/home/devel/basset-hound-browser/node_modules/playwright-core/lib/server/dispatchers/dispatcher.js:325:22)</failure>
      <failure>Error: Process failed to launch!
    at waitForLine (/home/devel/basset-hound-browser/node_modules/playwright-core/lib/server/electron/electron.js:252:21)
    at Electron.launch (/home/devel/basset-hound-browser/node_modules/playwright-core/lib/server/electron/electron.js:201:39)
    at ElectronDispatcher.launch (/home/devel/basset-hound-browser/node_modules/playwright-core/lib/server/dispatchers/electronDispatcher.js:38:33)
    at ProgressController.run (/home/devel/basset-hound-browser/node_modules/playwright-core/lib/server/progress.js:104:22)
    at ElectronDispatcher._runCommand (/home/devel/basset-hound-browser/node_modules/playwright-core/lib/server/dispatchers/dispatcher.js:91:14)
    at DispatcherConnection.dispatch (/home/devel/basset-hound-browser/node_modules/playwright-core/lib/server/dispatchers/dispatcher.js:325:22)</failure>
      <failure>Error: Process failed to launch!
    at waitForLine (/home/devel/basset-hound-browser/node_modules/playwright-core/lib/server/electron/electron.js:252:21)
    at Electron.launch (/home/devel/basset-hound-browser/node_modules/playwright-core/lib/server/electron/electron.js:188:33)
    at ElectronDispatcher.launch (/home/devel/basset-hound-browser/node_modules/playwright-core/lib/server/dispatchers/electronDispatcher.js:38:33)
    at ProgressController.run (/home/devel/basset-hound-browser/node_modules/playwright-core/lib/server/progress.js:104:22)
    at ElectronDispatcher._runCommand (/home/devel/basset-hound-browser/node_modules/playwright-core/lib/server/dispatchers/dispatcher.js:91:14)
    at DispatcherConnection.dispatch (/home/devel/basset-hound-browser/node_modules/playwright-core/lib/server/dispatchers/dispatcher.js:325:22)</failure>
      <failure>electron.launch: Process failed to launch!
Call log:
  - &lt;launching&gt; /home/devel/basset-hound-browser/node_modules/electron/dist/electron -r /home/devel/basset-hound-browser/node_modules/playwright-core/lib/server/electron/loader.js --no-sandbox --inspect=0 --remote-debugging-port=0 /home/devel/basset-hound-browser
  - &lt;launched&gt; pid=499156
  - [pid=499156][err] /home/devel/basset-hound-browser/node_modules/electron/dist/electron: bad option: --no-sandbox
  - [pid=499156][err] /home/devel/basset-hound-browser/node_modules/electron/dist/electron: bad option: --remote-debugging-port=0
  - [pid=499156] &lt;kill&gt;
  - [pid=499156] &lt;will force kill&gt;
  - [pid=499156] &lt;process did exit: exitCode=9, signal=null&gt;
  - [pid=499156] starting temporary directories cleanup
  - [pid=499156] finished temporary directories cleanup

    at Object.&lt;anonymous&gt; (/home/devel/basset-hound-browser/tests/integration/evasion.test.js:95:19)</failure>
    </testcase>
    <testcase classname="Bot Detection Evasion Tests Navigator Properties navigator.languages should exist and be non-empty" name="Bot Detection Evasion Tests Navigator Properties navigator.languages should exist and be non-empty" time="0.033">
      <failure>Error: Process failed to launch!
    at waitForLine (/home/devel/basset-hound-browser/node_modules/playwright-core/lib/server/electron/electron.js:252:21)
    at Electron.launch (/home/devel/basset-hound-browser/node_modules/playwright-core/lib/server/electron/electron.js:200:32)
    at ElectronDispatcher.launch (/home/devel/basset-hound-browser/node_modules/playwright-core/lib/server/dispatchers/electronDispatcher.js:38:33)
    at ProgressController.run (/home/devel/basset-hound-browser/node_modules/playwright-core/lib/server/progress.js:104:22)
    at ElectronDispatcher._runCommand (/home/devel/basset-hound-browser/node_modules/playwright-core/lib/server/dispatchers/dispatcher.js:91:14)
    at DispatcherConnection.dispatch (/home/devel/basset-hound-browser/node_modules/playwright-core/lib/server/dispatchers/dispatcher.js:325:22)</failure>
      <failure>Error: Process failed to launch!
    at waitForLine (/home/devel/basset-hound-browser/node_modules/playwright-core/lib/server/electron/electron.js:252:21)
    at Electron.launch (/home/devel/basset-hound-browser/node_modules/playwright-core/lib/server/electron/electron.js:201:39)
    at ElectronDispatcher.launch (/home/devel/basset-hound-browser/node_modules/playwright-core/lib/server/dispatchers/electronDispatcher.js:38:33)
    at ProgressController.run (/home/devel/basset-hound-browser/node_modules/playwright-core/lib/server/progress.js:104:22)
    at ElectronDispatcher._runCommand (/home/devel/basset-hound-browser/node_modules/playwright-core/lib/server/dispatchers/dispatcher.js:91:14)
    at DispatcherConnection.dispatch (/home/devel/basset-hound-browser/node_modules/playwright-core/lib/server/dispatchers/dispatcher.js:325:22)</failure>
      <failure>Error: Process failed to launch!
    at waitForLine (/home/devel/basset-hound-browser/node_modules/playwright-core/lib/server/electron/electron.js:252:21)
    at Electron.launch (/home/devel/basset-hound-browser/node_modules/playwright-core/lib/server/electron/electron.js:188:33)
    at ElectronDispatcher.launch (/home/devel/basset-hound-browser/node_modules/playwright-core/lib/server/dispatchers/electronDispatcher.js:38:33)
    at ProgressController.run (/home/devel/basset-hound-browser/node_modules/playwright-core/lib/server/progress.js:104:22)
    at ElectronDispatcher._runCommand (/home/devel/basset-hound-browser/node_modules/playwright-core/lib/server/dispatchers/dispatcher.js:91:14)
    at DispatcherConnection.dispatch (/home/devel/basset-hound-browser/node_modules/playwright-core/lib/server/dispatchers/dispatcher.js:325:22)</failure>
      <failure>electron.launch: Process failed to launch!
Call log:
  - &lt;launching&gt; /home/devel/basset-hound-browser/node_modules/electron/dist/electron -r /home/devel/basset-hound-browser/node_modules/playwright-core/lib/server/electron/loader.js --no-sandbox --inspect=0 --remote-debugging-port=0 /home/devel/basset-hound-browser
  - &lt;launched&gt; pid=499158
  - [pid=499158][err] /home/devel/basset-hound-browser/node_modules/electron/dist/electron: bad option: --no-sandbox
  - [pid=499158][err] /home/devel/basset-hound-browser/node_modules/electron/dist/electron: bad option: --remote-debugging-port=0
  - [pid=499158] &lt;kill&gt;
  - [pid=499158] &lt;will force kill&gt;
  - [pid=499158] &lt;process did exit: exitCode=9, signal=null&gt;
  - [pid=499158] starting temporary directories cleanup
  - [pid=499158] finished temporary directories cleanup

    at Object.&lt;anonymous&gt; (/home/devel/basset-hound-browser/tests/integration/evasion.test.js:95:19)</failure>
    </testcase>
    <testcase classname="Bot Detection Evasion Tests Navigator Properties navigator.language should be valid" name="Bot Detection Evasion Tests Navigator Properties navigator.language should be valid" time="0.033">
      <failure>Error: Process failed to launch!
    at waitForLine (/home/devel/basset-hound-browser/node_modules/playwright-core/lib/server/electron/electron.js:252:21)
    at Electron.launch (/home/devel/basset-hound-browser/node_modules/playwright-core/lib/server/electron/electron.js:200:32)
    at ElectronDispatcher.launch (/home/devel/basset-hound-browser/node_modules/playwright-core/lib/server/dispatchers/electronDispatcher.js:38:33)
    at ProgressController.run (/home/devel/basset-hound-browser/node_modules/playwright-core/lib/server/progress.js:104:22)
    at ElectronDispatcher._runCommand (/home/devel/basset-hound-browser/node_modules/playwright-core/lib/server/dispatchers/dispatcher.js:91:14)
    at DispatcherConnection.dispatch (/home/devel/basset-hound-browser/node_modules/playwright-core/lib/server/dispatchers/dispatcher.js:325:22)</failure>
      <failure>Error: Process failed to launch!
    at waitForLine (/home/devel/basset-hound-browser/node_modules/playwright-core/lib/server/electron/electron.js:252:21)
    at Electron.launch (/home/devel/basset-hound-browser/node_modules/playwright-core/lib/server/electron/electron.js:201:39)
    at ElectronDispatcher.launch (/home/devel/basset-hound-browser/node_modules/playwright-core/lib/server/dispatchers/electronDispatcher.js:38:33)
    at ProgressController.run (/home/devel/basset-hound-browser/node_modules/playwright-core/lib/server/progress.js:104:22)
    at ElectronDispatcher._runCommand (/home/devel/basset-hound-browser/node_modules/playwright-core/lib/server/dispatchers/dispatcher.js:91:14)
    at DispatcherConnection.dispatch (/home/devel/basset-hound-browser/node_modules/playwright-core/lib/server/dispatchers/dispatcher.js:325:22)</failure>
      <failure>Error: Process failed to launch!
    at waitForLine (/home/devel/basset-hound-browser/node_modules/playwright-core/lib/server/electron/electron.js:252:21)
    at Electron.launch (/home/devel/basset-hound-browser/node_modules/playwright-core/lib/server/electron/electron.js:188:33)
    at ElectronDispatcher.launch (/home/devel/basset-hound-browser/node_modules/playwright-core/lib/server/dispatchers/electronDispatcher.js:38:33)
    at ProgressController.run (/home/devel/basset-hound-browser/node_modules/playwright-core/lib/server/progress.js:104:22)
    at ElectronDispatcher._runCommand (/home/devel/basset-hound-browser/node_modules/playwright-core/lib/server/dispatchers/dispatcher.js:91:14)
    at DispatcherConnection.dispatch (/home/devel/basset-hound-browser/node_modules/playwright-core/lib/server/dispatchers/dispatcher.js:325:22)</failure>
      <failure>electron.launch: Process failed to launch!
Call log:
  - &lt;launching&gt; /home/devel/basset-hound-browser/node_modules/electron/dist/electron -r /home/devel/basset-hound-browser/node_modules/playwright-core/lib/server/electron/loader.js --no-sandbox --inspect=0 --remote-debugging-port=0 /home/devel/basset-hound-browser
  - &lt;launched&gt; pid=499160
  - [pid=499160][err] /home/devel/basset-hound-browser/node_modules/electron/dist/electron: bad option: --no-sandbox
  - [pid=499160][err] /home/devel/basset-hound-browser/node_modules/electron/dist/electron: bad option: --remote-debugging-port=0
  - [pid=499160] &lt;kill&gt;
  - [pid=499160] &lt;will force kill&gt;
  - [pid=499160] &lt;process did exit: exitCode=9, signal=null&gt;
  - [pid=499160] starting temporary directories cleanup
  - [pid=499160] finished temporary directories cleanup

    at Object.&lt;anonymous&gt; (/home/devel/basset-hound-browser/tests/integration/evasion.test.js:95:19)</failure>
    </testcase>
    <testcase classname="Bot Detection Evasion Tests Navigator Properties navigator.platform should be valid" name="Bot Detection Evasion Tests Navigator Properties navigator.platform should be valid" time="0.032">
      <failure>Error: Process failed to launch!
    at waitForLine (/home/devel/basset-hound-browser/node_modules/playwright-core/lib/server/electron/electron.js:252:21)
    at Electron.launch (/home/devel/basset-hound-browser/node_modules/playwright-core/lib/server/electron/electron.js:200:32)
    at ElectronDispatcher.launch (/home/devel/basset-hound-browser/node_modules/playwright-core/lib/server/dispatchers/electronDispatcher.js:38:33)
    at ProgressController.run (/home/devel/basset-hound-browser/node_modules/playwright-core/lib/server/progress.js:104:22)
    at ElectronDispatcher._runCommand (/home/devel/basset-hound-browser/node_modules/playwright-core/lib/server/dispatchers/dispatcher.js:91:14)
    at DispatcherConnection.dispatch (/home/devel/basset-hound-browser/node_modules/playwright-core/lib/server/dispatchers/dispatcher.js:325:22)</failure>
      <failure>Error: Process failed to launch!
    at waitForLine (/home/devel/basset-hound-browser/node_modules/playwright-core/lib/server/electron/electron.js:252:21)
    at Electron.launch (/home/devel/basset-hound-browser/node_modules/playwright-core/lib/server/electron/electron.js:201:39)
    at ElectronDispatcher.launch (/home/devel/basset-hound-browser/node_modules/playwright-core/lib/server/dispatchers/electronDispatcher.js:38:33)
    at ProgressController.run (/home/devel/basset-hound-browser/node_modules/playwright-core/lib/server/progress.js:104:22)
    at ElectronDispatcher._runCommand (/home/devel/basset-hound-browser/node_modules/playwright-core/lib/server/dispatchers/dispatcher.js:91:14)
    at DispatcherConnection.dispatch (/home/devel/basset-hound-browser/node_modules/playwright-core/lib/server/dispatchers/dispatcher.js:325:22)</failure>
      <failure>Error: Process failed to launch!
    at waitForLine (/home/devel/basset-hound-browser/node_modules/playwright-core/lib/server/electron/electron.js:252:21)
    at Electron.launch (/home/devel/basset-hound-browser/node_modules/playwright-core/lib/server/electron/electron.js:188:33)
    at ElectronDispatcher.launch (/home/devel/basset-hound-browser/node_modules/playwright-core/lib/server/dispatchers/electronDispatcher.js:38:33)
    at ProgressController.run (/home/devel/basset-hound-browser/node_modules/playwright-core/lib/server/progress.js:104:22)
    at ElectronDispatcher._runCommand (/home/devel/basset-hound-browser/node_modules/playwright-core/lib/server/dispatchers/dispatcher.js:91:14)
    at DispatcherConnection.dispatch (/home/devel/basset-hound-browser/node_modules/playwright-core/lib/server/dispatchers/dispatcher.js:325:22)</failure>
      <failure>electron.launch: Process failed to launch!
Call log:
  - &lt;launching&gt; /home/devel/basset-hound-browser/node_modules/electron/dist/electron -r /home/devel/basset-hound-browser/node_modules/playwright-core/lib/server/electron/loader.js --no-sandbox --inspect=0 --remote-debugging-port=0 /home/devel/basset-hound-browser
  - &lt;launched&gt; pid=499162
  - [pid=499162][err] /home/devel/basset-hound-browser/node_modules/electron/dist/electron: bad option: --no-sandbox
  - [pid=499162][err] /home/devel/basset-hound-browser/node_modules/electron/dist/electron: bad option: --remote-debugging-port=0
  - [pid=499162] &lt;kill&gt;
  - [pid=499162] &lt;will force kill&gt;
  - [pid=499162] &lt;process did exit: exitCode=9, signal=null&gt;
  - [pid=499162] starting temporary directories cleanup
  - [pid=499162] finished temporary directories cleanup

    at Object.&lt;anonymous&gt; (/home/devel/basset-hound-browser/tests/integration/evasion.test.js:95:19)</failure>
    </testcase>
    <testcase classname="Bot Detection Evasion Tests Navigator Properties navigator.deviceMemory should be defined" name="Bot Detection Evasion Tests Navigator Properties navigator.deviceMemory should be defined" time="0.033">
      <failure>Error: Process failed to launch!
    at waitForLine (/home/devel/basset-hound-browser/node_modules/playwright-core/lib/server/electron/electron.js:252:21)
    at Electron.launch (/home/devel/basset-hound-browser/node_modules/playwright-core/lib/server/electron/electron.js:200:32)
    at ElectronDispatcher.launch (/home/devel/basset-hound-browser/node_modules/playwright-core/lib/server/dispatchers/electronDispatcher.js:38:33)
    at ProgressController.run (/home/devel/basset-hound-browser/node_modules/playwright-core/lib/server/progress.js:104:22)
    at ElectronDispatcher._runCommand (/home/devel/basset-hound-browser/node_modules/playwright-core/lib/server/dispatchers/dispatcher.js:91:14)
    at DispatcherConnection.dispatch (/home/devel/basset-hound-browser/node_modules/playwright-core/lib/server/dispatchers/dispatcher.js:325:22)</failure>
      <failure>Error: Process failed to launch!
    at waitForLine (/home/devel/basset-hound-browser/node_modules/playwright-core/lib/server/electron/electron.js:252:21)
    at Electron.launch (/home/devel/basset-hound-browser/node_modules/playwright-core/lib/server/electron/electron.js:201:39)
    at ElectronDispatcher.launch (/home/devel/basset-hound-browser/node_modules/playwright-core/lib/server/dispatchers/electronDispatcher.js:38:33)
    at ProgressController.run (/home/devel/basset-hound-browser/node_modules/playwright-core/lib/server/progress.js:104:22)
    at ElectronDispatcher._runCommand (/home/devel/basset-hound-browser/node_modules/playwright-core/lib/server/dispatchers/dispatcher.js:91:14)
    at DispatcherConnection.dispatch (/home/devel/basset-hound-browser/node_modules/playwright-core/lib/server/dispatchers/dispatcher.js:325:22)</failure>
      <failure>Error: Process failed to launch!
    at waitForLine (/home/devel/basset-hound-browser/node_modules/playwright-core/lib/server/electron/electron.js:252:21)
    at Electron.launch (/home/devel/basset-hound-browser/node_modules/playwright-core/lib/server/electron/electron.js:188:33)
    at ElectronDispatcher.launch (/home/devel/basset-hound-browser/node_modules/playwright-core/lib/server/dispatchers/electronDispatcher.js:38:33)
    at ProgressController.run (/home/devel/basset-hound-browser/node_modules/playwright-core/lib/server/progress.js:104:22)
    at ElectronDispatcher._runCommand (/home/devel/basset-hound-browser/node_modules/playwright-core/lib/server/dispatchers/dispatcher.js:91:14)
    at DispatcherConnection.dispatch (/home/devel/basset-hound-browser/node_modules/playwright-core/lib/server/dispatchers/dispatcher.js:325:22)</failure>
      <failure>electron.launch: Process failed to launch!
Call log:
  - &lt;launching&gt; /home/devel/basset-hound-browser/node_modules/electron/dist/electron -r /home/devel/basset-hound-browser/node_modules/playwright-core/lib/server/electron/loader.js --no-sandbox --inspect=0 --remote-debugging-port=0 /home/devel/basset-hound-browser
  - &lt;launched&gt; pid=499164
  - [pid=499164][err] /home/devel/basset-hound-browser/node_modules/electron/dist/electron: bad option: --no-sandbox
  - [pid=499164][err] /home/devel/basset-hound-browser/node_modules/electron/dist/electron: bad option: --remote-debugging-port=0
  - [pid=499164] &lt;kill&gt;
  - [pid=499164] &lt;will force kill&gt;
  - [pid=499164] &lt;process did exit: exitCode=9, signal=null&gt;
  - [pid=499164] starting temporary directories cleanup
  - [pid=499164] finished temporary directories cleanup

    at Object.&lt;anonymous&gt; (/home/devel/basset-hound-browser/tests/integration/evasion.test.js:95:19)</failure>
    </testcase>
    <testcase classname="Bot Detection Evasion Tests Navigator Properties navigator.hardwareConcurrency should be valid" name="Bot Detection Evasion Tests Navigator Properties navigator.hardwareConcurrency should be valid" time="0.032">
      <failure>Error: Process failed to launch!
    at waitForLine (/home/devel/basset-hound-browser/node_modules/playwright-core/lib/server/electron/electron.js:252:21)
    at Electron.launch (/home/devel/basset-hound-browser/node_modules/playwright-core/lib/server/electron/electron.js:200:32)
    at ElectronDispatcher.launch (/home/devel/basset-hound-browser/node_modules/playwright-core/lib/server/dispatchers/electronDispatcher.js:38:33)
    at ProgressController.run (/home/devel/basset-hound-browser/node_modules/playwright-core/lib/server/progress.js:104:22)
    at ElectronDispatcher._runCommand (/home/devel/basset-hound-browser/node_modules/playwright-core/lib/server/dispatchers/dispatcher.js:91:14)
    at DispatcherConnection.dispatch (/home/devel/basset-hound-browser/node_modules/playwright-core/lib/server/dispatchers/dispatcher.js:325:22)</failure>
      <failure>Error: Process failed to launch!
    at waitForLine (/home/devel/basset-hound-browser/node_modules/playwright-core/lib/server/electron/electron.js:252:21)
    at Electron.launch (/home/devel/basset-hound-browser/node_modules/playwright-core/lib/server/electron/electron.js:201:39)
    at ElectronDispatcher.launch (/home/devel/basset-hound-browser/node_modules/playwright-core/lib/server/dispatchers/electronDispatcher.js:38:33)
    at ProgressController.run (/home/devel/basset-hound-browser/node_modules/playwright-core/lib/server/progress.js:104:22)
    at ElectronDispatcher._runCommand (/home/devel/basset-hound-browser/node_modules/playwright-core/lib/server/dispatchers/dispatcher.js:91:14)
    at DispatcherConnection.dispatch (/home/devel/basset-hound-browser/node_modules/playwright-core/lib/server/dispatchers/dispatcher.js:325:22)</failure>
      <failure>Error: Process failed to launch!
    at waitForLine (/home/devel/basset-hound-browser/node_modules/playwright-core/lib/server/electron/electron.js:252:21)
    at Electron.launch (/home/devel/basset-hound-browser/node_modules/playwright-core/lib/server/electron/electron.js:188:33)
    at ElectronDispatcher.launch (/home/devel/basset-hound-browser/node_modules/playwright-core/lib/server/dispatchers/electronDispatcher.js:38:33)
    at ProgressController.run (/home/devel/basset-hound-browser/node_modules/playwright-core/lib/server/progress.js:104:22)
    at ElectronDispatcher._runCommand (/home/devel/basset-hound-browser/node_modules/playwright-core/lib/server/dispatchers/dispatcher.js:91:14)
    at DispatcherConnection.dispatch (/home/devel/basset-hound-browser/node_modules/playwright-core/lib/server/dispatchers/dispatcher.js:325:22)</failure>
      <failure>electron.launch: Process failed to launch!
Call log:
  - &lt;launching&gt; /home/devel/basset-hound-browser/node_modules/electron/dist/electron -r /home/devel/basset-hound-browser/node_modules/playwright-core/lib/server/electron/loader.js --no-sandbox --inspect=0 --remote-debugging-port=0 /home/devel/basset-hound-browser
  - &lt;launched&gt; pid=499166
  - [pid=499166][err] /home/devel/basset-hound-browser/node_modules/electron/dist/electron: bad option: --no-sandbox
  - [pid=499166][err] /home/devel/basset-hound-browser/node_modules/electron/dist/electron: bad option: --remote-debugging-port=0
  - [pid=499166] &lt;kill&gt;
  - [pid=499166] &lt;will force kill&gt;
  - [pid=499166] &lt;process did exit: exitCode=9, signal=null&gt;
  - [pid=499166] starting temporary directories cleanup
  - [pid=499166] finished temporary directories cleanup

    at Object.&lt;anonymous&gt; (/home/devel/basset-hound-browser/tests/integration/evasion.test.js:95:19)</failure>
    </testcase>
    <testcase classname="Bot Detection Evasion Tests Window Chrome Object window.chrome should exist" name="Bot Detection Evasion Tests Window Chrome Object window.chrome should exist" time="0.032">
      <failure>Error: Process failed to launch!
    at waitForLine (/home/devel/basset-hound-browser/node_modules/playwright-core/lib/server/electron/electron.js:252:21)
    at Electron.launch (/home/devel/basset-hound-browser/node_modules/playwright-core/lib/server/electron/electron.js:200:32)
    at ElectronDispatcher.launch (/home/devel/basset-hound-browser/node_modules/playwright-core/lib/server/dispatchers/electronDispatcher.js:38:33)
    at ProgressController.run (/home/devel/basset-hound-browser/node_modules/playwright-core/lib/server/progress.js:104:22)
    at ElectronDispatcher._runCommand (/home/devel/basset-hound-browser/node_modules/playwright-core/lib/server/dispatchers/dispatcher.js:91:14)
    at DispatcherConnection.dispatch (/home/devel/basset-hound-browser/node_modules/playwright-core/lib/server/dispatchers/dispatcher.js:325:22)</failure>
      <failure>Error: Process failed to launch!
    at waitForLine (/home/devel/basset-hound-browser/node_modules/playwright-core/lib/server/electron/electron.js:252:21)
    at Electron.launch (/home/devel/basset-hound-browser/node_modules/playwright-core/lib/server/electron/electron.js:201:39)
    at ElectronDispatcher.launch (/home/devel/basset-hound-browser/node_modules/playwright-core/lib/server/dispatchers/electronDispatcher.js:38:33)
    at ProgressController.run (/home/devel/basset-hound-browser/node_modules/playwright-core/lib/server/progress.js:104:22)
    at ElectronDispatcher._runCommand (/home/devel/basset-hound-browser/node_modules/playwright-core/lib/server/dispatchers/dispatcher.js:91:14)
    at DispatcherConnection.dispatch (/home/devel/basset-hound-browser/node_modules/playwright-core/lib/server/dispatchers/dispatcher.js:325:22)</failure>
      <failure>Error: Process failed to launch!
    at waitForLine (/home/devel/basset-hound-browser/node_modules/playwright-core/lib/server/electron/electron.js:252:21)
    at Electron.launch (/home/devel/basset-hound-browser/node_modules/playwright-core/lib/server/electron/electron.js:188:33)
    at ElectronDispatcher.launch (/home/devel/basset-hound-browser/node_modules/playwright-core/lib/server/dispatchers/electronDispatcher.js:38:33)
    at ProgressController.run (/home/devel/basset-hound-browser/node_modules/playwright-core/lib/server/progress.js:104:22)
    at ElectronDispatcher._runCommand (/home/devel/basset-hound-browser/node_modules/playwright-core/lib/server/dispatchers/dispatcher.js:91:14)
    at DispatcherConnection.dispatch (/home/devel/basset-hound-browser/node_modules/playwright-core/lib/server/dispatchers/dispatcher.js:325:22)</failure>
      <failure>electron.launch: Process failed to launch!
Call log:
  - &lt;launching&gt; /home/devel/basset-hound-browser/node_modules/electron/dist/electron -r /home/devel/basset-hound-browser/node_modules/playwright-core/lib/server/electron/loader.js --no-sandbox --inspect=0 --remote-debugging-port=0 /home/devel/basset-hound-browser
  - &lt;launched&gt; pid=499168
  - [pid=499168][err] /home/devel/basset-hound-browser/node_modules/electron/dist/electron: bad option: --no-sandbox
  - [pid=499168][err] /home/devel/basset-hound-browser/node_modules/electron/dist/electron: bad option: --remote-debugging-port=0
  - [pid=499168] &lt;kill&gt;
  - [pid=499168] &lt;will force kill&gt;
  - [pid=499168] &lt;process did exit: exitCode=9, signal=null&gt;
  - [pid=499168] starting temporary directories cleanup
  - [pid=499168] finished temporary directories cleanup

    at Object.&lt;anonymous&gt; (/home/devel/basset-hound-browser/tests/integration/evasion.test.js:95:19)</failure>
    </testcase>
    <testcase classname="Bot Detection Evasion Tests Window Chrome Object window.chrome.runtime should exist" name="Bot Detection Evasion Tests Window Chrome Object window.chrome.runtime should exist" time="0.031">
      <failure>Error: Process failed to launch!
    at waitForLine (/home/devel/basset-hound-browser/node_modules/playwright-core/lib/server/electron/electron.js:252:21)
    at Electron.launch (/home/devel/basset-hound-browser/node_modules/playwright-core/lib/server/electron/electron.js:200:32)
    at ElectronDispatcher.launch (/home/devel/basset-hound-browser/node_modules/playwright-core/lib/server/dispatchers/electronDispatcher.js:38:33)
    at ProgressController.run (/home/devel/basset-hound-browser/node_modules/playwright-core/lib/server/progress.js:104:22)
    at ElectronDispatcher._runCommand (/home/devel/basset-hound-browser/node_modules/playwright-core/lib/server/dispatchers/dispatcher.js:91:14)
    at DispatcherConnection.dispatch (/home/devel/basset-hound-browser/node_modules/playwright-core/lib/server/dispatchers/dispatcher.js:325:22)</failure>
      <failure>Error: Process failed to launch!
    at waitForLine (/home/devel/basset-hound-browser/node_modules/playwright-core/lib/server/electron/electron.js:252:21)
    at Electron.launch (/home/devel/basset-hound-browser/node_modules/playwright-core/lib/server/electron/electron.js:201:39)
    at ElectronDispatcher.launch (/home/devel/basset-hound-browser/node_modules/playwright-core/lib/server/dispatchers/electronDispatcher.js:38:33)
    at ProgressController.run (/home/devel/basset-hound-browser/node_modules/playwright-core/lib/server/progress.js:104:22)
    at ElectronDispatcher._runCommand (/home/devel/basset-hound-browser/node_modules/playwright-core/lib/server/dispatchers/dispatcher.js:91:14)
    at DispatcherConnection.dispatch (/home/devel/basset-hound-browser/node_modules/playwright-core/lib/server/dispatchers/dispatcher.js:325:22)</failure>
      <failure>Error: Process failed to launch!
    at waitForLine (/home/devel/basset-hound-browser/node_modules/playwright-core/lib/server/electron/electron.js:252:21)
    at Electron.launch (/home/devel/basset-hound-browser/node_modules/playwright-core/lib/server/electron/electron.js:188:33)
    at ElectronDispatcher.launch (/home/devel/basset-hound-browser/node_modules/playwright-core/lib/server/dispatchers/electronDispatcher.js:38:33)
    at ProgressController.run (/home/devel/basset-hound-browser/node_modules/playwright-core/lib/server/progress.js:104:22)
    at ElectronDispatcher._runCommand (/home/devel/basset-hound-browser/node_modules/playwright-core/lib/server/dispatchers/dispatcher.js:91:14)
    at DispatcherConnection.dispatch (/home/devel/basset-hound-browser/node_modules/playwright-core/lib/server/dispatchers/dispatcher.js:325:22)</failure>
      <failure>electron.launch: Process failed to launch!
Call log:
  - &lt;launching&gt; /home/devel/basset-hound-browser/node_modules/electron/dist/electron -r /home/devel/basset-hound-browser/node_modules/playwright-core/lib/server/electron/loader.js --no-sandbox --inspect=0 --remote-debugging-port=0 /home/devel/basset-hound-browser
  - &lt;launched&gt; pid=499170
  - [pid=499170][err] /home/devel/basset-hound-browser/node_modules/electron/dist/electron: bad option: --no-sandbox
  - [pid=499170][err] /home/devel/basset-hound-browser/node_modules/electron/dist/electron: bad option: --remote-debugging-port=0
  - [pid=499170] &lt;kill&gt;
  - [pid=499170] &lt;will force kill&gt;
  - [pid=499170] &lt;process did exit: exitCode=9, signal=null&gt;
  - [pid=499170] starting temporary directories cleanup
  - [pid=499170] finished temporary directories cleanup

    at Object.&lt;anonymous&gt; (/home/devel/basset-hound-browser/tests/integration/evasion.test.js:95:19)</failure>
    </testcase>
    <testcase classname="Bot Detection Evasion Tests Permissions API Permissions API should work" name="Bot Detection Evasion Tests Permissions API Permissions API should work" time="0.032">
      <failure>Error: Process failed to launch!
    at waitForLine (/home/devel/basset-hound-browser/node_modules/playwright-core/lib/server/electron/electron.js:252:21)
    at Electron.launch (/home/devel/basset-hound-browser/node_modules/playwright-core/lib/server/electron/electron.js:200:32)
    at ElectronDispatcher.launch (/home/devel/basset-hound-browser/node_modules/playwright-core/lib/server/dispatchers/electronDispatcher.js:38:33)
    at ProgressController.run (/home/devel/basset-hound-browser/node_modules/playwright-core/lib/server/progress.js:104:22)
    at ElectronDispatcher._runCommand (/home/devel/basset-hound-browser/node_modules/playwright-core/lib/server/dispatchers/dispatcher.js:91:14)
    at DispatcherConnection.dispatch (/home/devel/basset-hound-browser/node_modules/playwright-core/lib/server/dispatchers/dispatcher.js:325:22)</failure>
      <failure>Error: Process failed to launch!
    at waitForLine (/home/devel/basset-hound-browser/node_modules/playwright-core/lib/server/electron/electron.js:252:21)
    at Electron.launch (/home/devel/basset-hound-browser/node_modules/playwright-core/lib/server/electron/electron.js:201:39)
    at ElectronDispatcher.launch (/home/devel/basset-hound-browser/node_modules/playwright-core/lib/server/dispatchers/electronDispatcher.js:38:33)
    at ProgressController.run (/home/devel/basset-hound-browser/node_modules/playwright-core/lib/server/progress.js:104:22)
    at ElectronDispatcher._runCommand (/home/devel/basset-hound-browser/node_modules/playwright-core/lib/server/dispatchers/dispatcher.js:91:14)
    at DispatcherConnection.dispatch (/home/devel/basset-hound-browser/node_modules/playwright-core/lib/server/dispatchers/dispatcher.js:325:22)</failure>
      <failure>Error: Process failed to launch!
    at waitForLine (/home/devel/basset-hound-browser/node_modules/playwright-core/lib/server/electron/electron.js:252:21)
    at Electron.launch (/home/devel/basset-hound-browser/node_modules/playwright-core/lib/server/electron/electron.js:188:33)
    at ElectronDispatcher.launch (/home/devel/basset-hound-browser/node_modules/playwright-core/lib/server/dispatchers/electronDispatcher.js:38:33)
    at ProgressController.run (/home/devel/basset-hound-browser/node_modules/playwright-core/lib/server/progress.js:104:22)
    at ElectronDispatcher._runCommand (/home/devel/basset-hound-browser/node_modules/playwright-core/lib/server/dispatchers/dispatcher.js:91:14)
    at DispatcherConnection.dispatch (/home/devel/basset-hound-browser/node_modules/playwright-core/lib/server/dispatchers/dispatcher.js:325:22)</failure>
      <failure>electron.launch: Process failed to launch!
Call log:
  - &lt;launching&gt; /home/devel/basset-hound-browser/node_modules/electron/dist/electron -r /home/devel/basset-hound-browser/node_modules/playwright-core/lib/server/electron/loader.js --no-sandbox --inspect=0 --remote-debugging-port=0 /home/devel/basset-hound-browser
  - &lt;launched&gt; pid=499172
  - [pid=499172][err] /home/devel/basset-hound-browser/node_modules/electron/dist/electron: bad option: --no-sandbox
  - [pid=499172][err] /home/devel/basset-hound-browser/node_modules/electron/dist/electron: bad option: --remote-debugging-port=0
  - [pid=499172] &lt;kill&gt;
  - [pid=499172] &lt;will force kill&gt;
  - [pid=499172] &lt;process did exit: exitCode=9, signal=null&gt;
  - [pid=499172] starting temporary directories cleanup
  - [pid=499172] finished temporary directories cleanup

    at Object.&lt;anonymous&gt; (/home/devel/basset-hound-browser/tests/integration/evasion.test.js:95:19)</failure>
    </testcase>
    <testcase classname="Bot Detection Evasion Tests Permissions API Permissions should not reveal automation" name="Bot Detection Evasion Tests Permissions API Permissions should not reveal automation" time="0.032">
      <failure>Error: Process failed to launch!
    at waitForLine (/home/devel/basset-hound-browser/node_modules/playwright-core/lib/server/electron/electron.js:252:21)
    at Electron.launch (/home/devel/basset-hound-browser/node_modules/playwright-core/lib/server/electron/electron.js:200:32)
    at ElectronDispatcher.launch (/home/devel/basset-hound-browser/node_modules/playwright-core/lib/server/dispatchers/electronDispatcher.js:38:33)
    at ProgressController.run (/home/devel/basset-hound-browser/node_modules/playwright-core/lib/server/progress.js:104:22)
    at ElectronDispatcher._runCommand (/home/devel/basset-hound-browser/node_modules/playwright-core/lib/server/dispatchers/dispatcher.js:91:14)
    at DispatcherConnection.dispatch (/home/devel/basset-hound-browser/node_modules/playwright-core/lib/server/dispatchers/dispatcher.js:325:22)</failure>
      <failure>Error: Process failed to launch!
    at waitForLine (/home/devel/basset-hound-browser/node_modules/playwright-core/lib/server/electron/electron.js:252:21)
    at Electron.launch (/home/devel/basset-hound-browser/node_modules/playwright-core/lib/server/electron/electron.js:201:39)
    at ElectronDispatcher.launch (/home/devel/basset-hound-browser/node_modules/playwright-core/lib/server/dispatchers/electronDispatcher.js:38:33)
    at ProgressController.run (/home/devel/basset-hound-browser/node_modules/playwright-core/lib/server/progress.js:104:22)
    at ElectronDispatcher._runCommand (/home/devel/basset-hound-browser/node_modules/playwright-core/lib/server/dispatchers/dispatcher.js:91:14)
    at DispatcherConnection.dispatch (/home/devel/basset-hound-browser/node_modules/playwright-core/lib/server/dispatchers/dispatcher.js:325:22)</failure>
      <failure>Error: Process failed to launch!
    at waitForLine (/home/devel/basset-hound-browser/node_modules/playwright-core/lib/server/electron/electron.js:252:21)
    at Electron.launch (/home/devel/basset-hound-browser/node_modules/playwright-core/lib/server/electron/electron.js:188:33)
    at ElectronDispatcher.launch (/home/devel/basset-hound-browser/node_modules/playwright-core/lib/server/dispatchers/electronDispatcher.js:38:33)
    at ProgressController.run (/home/devel/basset-hound-browser/node_modules/playwright-core/lib/server/progress.js:104:22)
    at ElectronDispatcher._runCommand (/home/devel/basset-hound-browser/node_modules/playwright-core/lib/server/dispatchers/dispatcher.js:91:14)
    at DispatcherConnection.dispatch (/home/devel/basset-hound-browser/node_modules/playwright-core/lib/server/dispatchers/dispatcher.js:325:22)</failure>
      <failure>electron.launch: Process failed to launch!
Call log:
  - &lt;launching&gt; /home/devel/basset-hound-browser/node_modules/electron/dist/electron -r /home/devel/basset-hound-browser/node_modules/playwright-core/lib/server/electron/loader.js --no-sandbox --inspect=0 --remote-debugging-port=0 /home/devel/basset-hound-browser
  - &lt;launched&gt; pid=499174
  - [pid=499174][err] /home/devel/basset-hound-browser/node_modules/electron/dist/electron: bad option: --no-sandbox
  - [pid=499174][err] /home/devel/basset-hound-browser/node_modules/electron/dist/electron: bad option: --remote-debugging-port=0
  - [pid=499174] &lt;kill&gt;
  - [pid=499174] &lt;will force kill&gt;
  - [pid=499174] &lt;process did exit: exitCode=9, signal=null&gt;
  - [pid=499174] starting temporary directories cleanup
  - [pid=499174] finished temporary directories cleanup

    at Object.&lt;anonymous&gt; (/home/devel/basset-hound-browser/tests/integration/evasion.test.js:95:19)</failure>
    </testcase>
    <testcase classname="Bot Detection Evasion Tests Screen Properties screen.width should be valid" name="Bot Detection Evasion Tests Screen Properties screen.width should be valid" time="0.032">
      <failure>Error: Process failed to launch!
    at waitForLine (/home/devel/basset-hound-browser/node_modules/playwright-core/lib/server/electron/electron.js:252:21)
    at Electron.launch (/home/devel/basset-hound-browser/node_modules/playwright-core/lib/server/electron/electron.js:200:32)
    at ElectronDispatcher.launch (/home/devel/basset-hound-browser/node_modules/playwright-core/lib/server/dispatchers/electronDispatcher.js:38:33)
    at ProgressController.run (/home/devel/basset-hound-browser/node_modules/playwright-core/lib/server/progress.js:104:22)
    at ElectronDispatcher._runCommand (/home/devel/basset-hound-browser/node_modules/playwright-core/lib/server/dispatchers/dispatcher.js:91:14)
    at DispatcherConnection.dispatch (/home/devel/basset-hound-browser/node_modules/playwright-core/lib/server/dispatchers/dispatcher.js:325:22)</failure>
      <failure>Error: Process failed to launch!
    at waitForLine (/home/devel/basset-hound-browser/node_modules/playwright-core/lib/server/electron/electron.js:252:21)
    at Electron.launch (/home/devel/basset-hound-browser/node_modules/playwright-core/lib/server/electron/electron.js:201:39)
    at ElectronDispatcher.launch (/home/devel/basset-hound-browser/node_modules/playwright-core/lib/server/dispatchers/electronDispatcher.js:38:33)
    at ProgressController.run (/home/devel/basset-hound-browser/node_modules/playwright-core/lib/server/progress.js:104:22)
    at ElectronDispatcher._runCommand (/home/devel/basset-hound-browser/node_modules/playwright-core/lib/server/dispatchers/dispatcher.js:91:14)
    at DispatcherConnection.dispatch (/home/devel/basset-hound-browser/node_modules/playwright-core/lib/server/dispatchers/dispatcher.js:325:22)</failure>
      <failure>Error: Process failed to launch!
    at waitForLine (/home/devel/basset-hound-browser/node_modules/playwright-core/lib/server/electron/electron.js:252:21)
    at Electron.launch (/home/devel/basset-hound-browser/node_modules/playwright-core/lib/server/electron/electron.js:188:33)
    at ElectronDispatcher.launch (/home/devel/basset-hound-browser/node_modules/playwright-core/lib/server/dispatchers/electronDispatcher.js:38:33)
    at ProgressController.run (/home/devel/basset-hound-browser/node_modules/playwright-core/lib/server/progress.js:104:22)
    at ElectronDispatcher._runCommand (/home/devel/basset-hound-browser/node_modules/playwright-core/lib/server/dispatchers/dispatcher.js:91:14)
    at DispatcherConnection.dispatch (/home/devel/basset-hound-browser/node_modules/playwright-core/lib/server/dispatchers/dispatcher.js:325:22)</failure>
      <failure>electron.launch: Process failed to launch!
Call log:
  - &lt;launching&gt; /home/devel/basset-hound-browser/node_modules/electron/dist/electron -r /home/devel/basset-hound-browser/node_modules/playwright-core/lib/server/electron/loader.js --no-sandbox --inspect=0 --remote-debugging-port=0 /home/devel/basset-hound-browser
  - &lt;launched&gt; pid=499176
  - [pid=499176][err] /home/devel/basset-hound-browser/node_modules/electron/dist/electron: bad option: --no-sandbox
  - [pid=499176][err] /home/devel/basset-hound-browser/node_modules/electron/dist/electron: bad option: --remote-debugging-port=0
  - [pid=499176] &lt;kill&gt;
  - [pid=499176] &lt;will force kill&gt;
  - [pid=499176] &lt;process did exit: exitCode=9, signal=null&gt;
  - [pid=499176] starting temporary directories cleanup
  - [pid=499176] finished temporary directories cleanup

    at Object.&lt;anonymous&gt; (/home/devel/basset-hound-browser/tests/integration/evasion.test.js:95:19)</failure>
    </testcase>
    <testcase classname="Bot Detection Evasion Tests Screen Properties screen.height should be valid" name="Bot Detection Evasion Tests Screen Properties screen.height should be valid" time="0.032">
      <failure>Error: Process failed to launch!
    at waitForLine (/home/devel/basset-hound-browser/node_modules/playwright-core/lib/server/electron/electron.js:252:21)
    at Electron.launch (/home/devel/basset-hound-browser/node_modules/playwright-core/lib/server/electron/electron.js:200:32)
    at ElectronDispatcher.launch (/home/devel/basset-hound-browser/node_modules/playwright-core/lib/server/dispatchers/electronDispatcher.js:38:33)
    at ProgressController.run (/home/devel/basset-hound-browser/node_modules/playwright-core/lib/server/progress.js:104:22)
    at ElectronDispatcher._runCommand (/home/devel/basset-hound-browser/node_modules/playwright-core/lib/server/dispatchers/dispatcher.js:91:14)
    at DispatcherConnection.dispatch (/home/devel/basset-hound-browser/node_modules/playwright-core/lib/server/dispatchers/dispatcher.js:325:22)</failure>
      <failure>Error: Process failed to launch!
    at waitForLine (/home/devel/basset-hound-browser/node_modules/playwright-core/lib/server/electron/electron.js:252:21)
    at Electron.launch (/home/devel/basset-hound-browser/node_modules/playwright-core/lib/server/electron/electron.js:201:39)
    at ElectronDispatcher.launch (/home/devel/basset-hound-browser/node_modules/playwright-core/lib/server/dispatchers/electronDispatcher.js:38:33)
    at ProgressController.run (/home/devel/basset-hound-browser/node_modules/playwright-core/lib/server/progress.js:104:22)
    at ElectronDispatcher._runCommand (/home/devel/basset-hound-browser/node_modules/playwright-core/lib/server/dispatchers/dispatcher.js:91:14)
    at DispatcherConnection.dispatch (/home/devel/basset-hound-browser/node_modules/playwright-core/lib/server/dispatchers/dispatcher.js:325:22)</failure>
      <failure>Error: Process failed to launch!
    at waitForLine (/home/devel/basset-hound-browser/node_modules/playwright-core/lib/server/electron/electron.js:252:21)
    at Electron.launch (/home/devel/basset-hound-browser/node_modules/playwright-core/lib/server/electron/electron.js:188:33)
    at ElectronDispatcher.launch (/home/devel/basset-hound-browser/node_modules/playwright-core/lib/server/dispatchers/electronDispatcher.js:38:33)
    at ProgressController.run (/home/devel/basset-hound-browser/node_modules/playwright-core/lib/server/progress.js:104:22)
    at ElectronDispatcher._runCommand (/home/devel/basset-hound-browser/node_modules/playwright-core/lib/server/dispatchers/dispatcher.js:91:14)
    at DispatcherConnection.dispatch (/home/devel/basset-hound-browser/node_modules/playwright-core/lib/server/dispatchers/dispatcher.js:325:22)</failure>
      <failure>electron.launch: Process failed to launch!
Call log:
  - &lt;launching&gt; /home/devel/basset-hound-browser/node_modules/electron/dist/electron -r /home/devel/basset-hound-browser/node_modules/playwright-core/lib/server/electron/loader.js --no-sandbox --inspect=0 --remote-debugging-port=0 /home/devel/basset-hound-browser
  - &lt;launched&gt; pid=499177
  - [pid=499177][err] /home/devel/basset-hound-browser/node_modules/electron/dist/electron: bad option: --no-sandbox
  - [pid=499177][err] /home/devel/basset-hound-browser/node_modules/electron/dist/electron: bad option: --remote-debugging-port=0
  - [pid=499177] &lt;kill&gt;
  - [pid=499177] &lt;will force kill&gt;
  - [pid=499177] &lt;process did exit: exitCode=9, signal=null&gt;
  - [pid=499177] starting temporary directories cleanup
  - [pid=499177] finished temporary directories cleanup

    at Object.&lt;anonymous&gt; (/home/devel/basset-hound-browser/tests/integration/evasion.test.js:95:19)</failure>
    </testcase>
    <testcase classname="Bot Detection Evasion Tests Screen Properties screen.availWidth should be valid" name="Bot Detection Evasion Tests Screen Properties screen.availWidth should be valid" time="0.031">
      <failure>Error: Process failed to launch!
    at waitForLine (/home/devel/basset-hound-browser/node_modules/playwright-core/lib/server/electron/electron.js:252:21)
    at Electron.launch (/home/devel/basset-hound-browser/node_modules/playwright-core/lib/server/electron/electron.js:200:32)
    at ElectronDispatcher.launch (/home/devel/basset-hound-browser/node_modules/playwright-core/lib/server/dispatchers/electronDispatcher.js:38:33)
    at ProgressController.run (/home/devel/basset-hound-browser/node_modules/playwright-core/lib/server/progress.js:104:22)
    at ElectronDispatcher._runCommand (/home/devel/basset-hound-browser/node_modules/playwright-core/lib/server/dispatchers/dispatcher.js:91:14)
    at DispatcherConnection.dispatch (/home/devel/basset-hound-browser/node_modules/playwright-core/lib/server/dispatchers/dispatcher.js:325:22)</failure>
      <failure>Error: Process failed to launch!
    at waitForLine (/home/devel/basset-hound-browser/node_modules/playwright-core/lib/server/electron/electron.js:252:21)
    at Electron.launch (/home/devel/basset-hound-browser/node_modules/playwright-core/lib/server/electron/electron.js:201:39)
    at ElectronDispatcher.launch (/home/devel/basset-hound-browser/node_modules/playwright-core/lib/server/dispatchers/electronDispatcher.js:38:33)
    at ProgressController.run (/home/devel/basset-hound-browser/node_modules/playwright-core/lib/server/progress.js:104:22)
    at ElectronDispatcher._runCommand (/home/devel/basset-hound-browser/node_modules/playwright-core/lib/server/dispatchers/dispatcher.js:91:14)
    at DispatcherConnection.dispatch (/home/devel/basset-hound-browser/node_modules/playwright-core/lib/server/dispatchers/dispatcher.js:325:22)</failure>
      <failure>Error: Process failed to launch!
    at waitForLine (/home/devel/basset-hound-browser/node_modules/playwright-core/lib/server/electron/electron.js:252:21)
    at Electron.launch (/home/devel/basset-hound-browser/node_modules/playwright-core/lib/server/electron/electron.js:188:33)
    at ElectronDispatcher.launch (/home/devel/basset-hound-browser/node_modules/playwright-core/lib/server/dispatchers/electronDispatcher.js:38:33)
    at ProgressController.run (/home/devel/basset-hound-browser/node_modules/playwright-core/lib/server/progress.js:104:22)
    at ElectronDispatcher._runCommand (/home/devel/basset-hound-browser/node_modules/playwright-core/lib/server/dispatchers/dispatcher.js:91:14)
    at DispatcherConnection.dispatch (/home/devel/basset-hound-browser/node_modules/playwright-core/lib/server/dispatchers/dispatcher.js:325:22)</failure>
      <failure>electron.launch: Process failed to launch!
Call log:
  - &lt;launching&gt; /home/devel/basset-hound-browser/node_modules/electron/dist/electron -r /home/devel/basset-hound-browser/node_modules/playwright-core/lib/server/electron/loader.js --no-sandbox --inspect=0 --remote-debugging-port=0 /home/devel/basset-hound-browser
  - &lt;launched&gt; pid=499179
  - [pid=499179][err] /home/devel/basset-hound-browser/node_modules/electron/dist/electron: bad option: --no-sandbox
  - [pid=499179][err] /home/devel/basset-hound-browser/node_modules/electron/dist/electron: bad option: --remote-debugging-port=0
  - [pid=499179] &lt;kill&gt;
  - [pid=499179] &lt;will force kill&gt;
  - [pid=499179] &lt;process did exit: exitCode=9, signal=null&gt;
  - [pid=499179] starting temporary directories cleanup
  - [pid=499179] finished temporary directories cleanup

    at Object.&lt;anonymous&gt; (/home/devel/basset-hound-browser/tests/integration/evasion.test.js:95:19)</failure>
    </testcase>
    <testcase classname="Bot Detection Evasion Tests Screen Properties screen.availHeight should be valid" name="Bot Detection Evasion Tests Screen Properties screen.availHeight should be valid" time="0.035">
      <failure>Error: Process failed to launch!
    at waitForLine (/home/devel/basset-hound-browser/node_modules/playwright-core/lib/server/electron/electron.js:252:21)
    at Electron.launch (/home/devel/basset-hound-browser/node_modules/playwright-core/lib/server/electron/electron.js:200:32)
    at ElectronDispatcher.launch (/home/devel/basset-hound-browser/node_modules/playwright-core/lib/server/dispatchers/electronDispatcher.js:38:33)
    at ProgressController.run (/home/devel/basset-hound-browser/node_modules/playwright-core/lib/server/progress.js:104:22)
    at ElectronDispatcher._runCommand (/home/devel/basset-hound-browser/node_modules/playwright-core/lib/server/dispatchers/dispatcher.js:91:14)
    at DispatcherConnection.dispatch (/home/devel/basset-hound-browser/node_modules/playwright-core/lib/server/dispatchers/dispatcher.js:325:22)</failure>
      <failure>Error: Process failed to launch!
    at waitForLine (/home/devel/basset-hound-browser/node_modules/playwright-core/lib/server/electron/electron.js:252:21)
    at Electron.launch (/home/devel/basset-hound-browser/node_modules/playwright-core/lib/server/electron/electron.js:201:39)
    at ElectronDispatcher.launch (/home/devel/basset-hound-browser/node_modules/playwright-core/lib/server/dispatchers/electronDispatcher.js:38:33)
    at ProgressController.run (/home/devel/basset-hound-browser/node_modules/playwright-core/lib/server/progress.js:104:22)
    at ElectronDispatcher._runCommand (/home/devel/basset-hound-browser/node_modules/playwright-core/lib/server/dispatchers/dispatcher.js:91:14)
    at DispatcherConnection.dispatch (/home/devel/basset-hound-browser/node_modules/playwright-core/lib/server/dispatchers/dispatcher.js:325:22)</failure>
      <failure>Error: Process failed to launch!
    at waitForLine (/home/devel/basset-hound-browser/node_modules/playwright-core/lib/server/electron/electron.js:252:21)
    at Electron.launch (/home/devel/basset-hound-browser/node_modules/playwright-core/lib/server/electron/electron.js:188:33)
    at ElectronDispatcher.launch (/home/devel/basset-hound-browser/node_modules/playwright-core/lib/server/dispatchers/electronDispatcher.js:38:33)
    at ProgressController.run (/home/devel/basset-hound-browser/node_modules/playwright-core/lib/server/progress.js:104:22)
    at ElectronDispatcher._runCommand (/home/devel/basset-hound-browser/node_modules/playwright-core/lib/server/dispatchers/dispatcher.js:91:14)
    at DispatcherConnection.dispatch (/home/devel/basset-hound-browser/node_modules/playwright-core/lib/server/dispatchers/dispatcher.js:325:22)</failure>
      <failure>electron.launch: Process failed to launch!
Call log:
  - &lt;launching&gt; /home/devel/basset-hound-browser/node_modules/electron/dist/electron -r /home/devel/basset-hound-browser/node_modules/playwright-core/lib/server/electron/loader.js --no-sandbox --inspect=0 --remote-debugging-port=0 /home/devel/basset-hound-browser
  - &lt;launched&gt; pid=499182
  - [pid=499182][err] /home/devel/basset-hound-browser/node_modules/electron/dist/electron: bad option: --no-sandbox
  - [pid=499182][err] /home/devel/basset-hound-browser/node_modules/electron/dist/electron: bad option: --remote-debugging-port=0
  - [pid=499182] &lt;kill&gt;
  - [pid=499182] &lt;will force kill&gt;
  - [pid=499182] &lt;process did exit: exitCode=9, signal=null&gt;
  - [pid=499182] starting temporary directories cleanup
  - [pid=499182] finished temporary directories cleanup

    at Object.&lt;anonymous&gt; (/home/devel/basset-hound-browser/tests/integration/evasion.test.js:95:19)</failure>
    </testcase>
    <testcase classname="Bot Detection Evasion Tests Screen Properties screen.colorDepth should be valid" name="Bot Detection Evasion Tests Screen Properties screen.colorDepth should be valid" time="0.032">
      <failure>Error: Process failed to launch!
    at waitForLine (/home/devel/basset-hound-browser/node_modules/playwright-core/lib/server/electron/electron.js:252:21)
    at Electron.launch (/home/devel/basset-hound-browser/node_modules/playwright-core/lib/server/electron/electron.js:200:32)
    at ElectronDispatcher.launch (/home/devel/basset-hound-browser/node_modules/playwright-core/lib/server/dispatchers/electronDispatcher.js:38:33)
    at ProgressController.run (/home/devel/basset-hound-browser/node_modules/playwright-core/lib/server/progress.js:104:22)
    at ElectronDispatcher._runCommand (/home/devel/basset-hound-browser/node_modules/playwright-core/lib/server/dispatchers/dispatcher.js:91:14)
    at DispatcherConnection.dispatch (/home/devel/basset-hound-browser/node_modules/playwright-core/lib/server/dispatchers/dispatcher.js:325:22)</failure>
      <failure>Error: Process failed to launch!
    at waitForLine (/home/devel/basset-hound-browser/node_modules/playwright-core/lib/server/electron/electron.js:252:21)
    at Electron.launch (/home/devel/basset-hound-browser/node_modules/playwright-core/lib/server/electron/electron.js:201:39)
    at ElectronDispatcher.launch (/home/devel/basset-hound-browser/node_modules/playwright-core/lib/server/dispatchers/electronDispatcher.js:38:33)
    at ProgressController.run (/home/devel/basset-hound-browser/node_modules/playwright-core/lib/server/progress.js:104:22)
    at ElectronDispatcher._runCommand (/home/devel/basset-hound-browser/node_modules/playwright-core/lib/server/dispatchers/dispatcher.js:91:14)
    at DispatcherConnection.dispatch (/home/devel/basset-hound-browser/node_modules/playwright-core/lib/server/dispatchers/dispatcher.js:325:22)</failure>
      <failure>Error: Process failed to launch!
    at waitForLine (/home/devel/basset-hound-browser/node_modules/playwright-core/lib/server/electron/electron.js:252:21)
    at Electron.launch (/home/devel/basset-hound-browser/node_modules/playwright-core/lib/server/electron/electron.js:188:33)
    at ElectronDispatcher.launch (/home/devel/basset-hound-browser/node_modules/playwright-core/lib/server/dispatchers/electronDispatcher.js:38:33)
    at ProgressController.run (/home/devel/basset-hound-browser/node_modules/playwright-core/lib/server/progress.js:104:22)
    at ElectronDispatcher._runCommand (/home/devel/basset-hound-browser/node_modules/playwright-core/lib/server/dispatchers/dispatcher.js:91:14)
    at DispatcherConnection.dispatch (/home/devel/basset-hound-browser/node_modules/playwright-core/lib/server/dispatchers/dispatcher.js:325:22)</failure>
      <failure>electron.launch: Process failed to launch!
Call log:
  - &lt;launching&gt; /home/devel/basset-hound-browser/node_modules/electron/dist/electron -r /home/devel/basset-hound-browser/node_modules/playwright-core/lib/server/electron/loader.js --no-sandbox --inspect=0 --remote-debugging-port=0 /home/devel/basset-hound-browser
  - &lt;launched&gt; pid=499184
  - [pid=499184][err] /home/devel/basset-hound-browser/node_modules/electron/dist/electron: bad option: --no-sandbox
  - [pid=499184][err] /home/devel/basset-hound-browser/node_modules/electron/dist/electron: bad option: --remote-debugging-port=0
  - [pid=499184] &lt;kill&gt;
  - [pid=499184] &lt;will force kill&gt;
  - [pid=499184] &lt;process did exit: exitCode=9, signal=null&gt;
  - [pid=499184] starting temporary directories cleanup
  - [pid=499184] finished temporary directories cleanup

    at Object.&lt;anonymous&gt; (/home/devel/basset-hound-browser/tests/integration/evasion.test.js:95:19)</failure>
    </testcase>
    <testcase classname="Bot Detection Evasion Tests Screen Properties screen.pixelDepth should match colorDepth" name="Bot Detection Evasion Tests Screen Properties screen.pixelDepth should match colorDepth" time="0.031">
      <failure>Error: Process failed to launch!
    at waitForLine (/home/devel/basset-hound-browser/node_modules/playwright-core/lib/server/electron/electron.js:252:21)
    at Electron.launch (/home/devel/basset-hound-browser/node_modules/playwright-core/lib/server/electron/electron.js:200:32)
    at ElectronDispatcher.launch (/home/devel/basset-hound-browser/node_modules/playwright-core/lib/server/dispatchers/electronDispatcher.js:38:33)
    at ProgressController.run (/home/devel/basset-hound-browser/node_modules/playwright-core/lib/server/progress.js:104:22)
    at ElectronDispatcher._runCommand (/home/devel/basset-hound-browser/node_modules/playwright-core/lib/server/dispatchers/dispatcher.js:91:14)
    at DispatcherConnection.dispatch (/home/devel/basset-hound-browser/node_modules/playwright-core/lib/server/dispatchers/dispatcher.js:325:22)</failure>
      <failure>Error: Process failed to launch!
    at waitForLine (/home/devel/basset-hound-browser/node_modules/playwright-core/lib/server/electron/electron.js:252:21)
    at Electron.launch (/home/devel/basset-hound-browser/node_modules/playwright-core/lib/server/electron/electron.js:201:39)
    at ElectronDispatcher.launch (/home/devel/basset-hound-browser/node_modules/playwright-core/lib/server/dispatchers/electronDispatcher.js:38:33)
    at ProgressController.run (/home/devel/basset-hound-browser/node_modules/playwright-core/lib/server/progress.js:104:22)
    at ElectronDispatcher._runCommand (/home/devel/basset-hound-browser/node_modules/playwright-core/lib/server/dispatchers/dispatcher.js:91:14)
    at DispatcherConnection.dispatch (/home/devel/basset-hound-browser/node_modules/playwright-core/lib/server/dispatchers/dispatcher.js:325:22)</failure>
      <failure>Error: Process failed to launch!
    at waitForLine (/home/devel/basset-hound-browser/node_modules/playwright-core/lib/server/electron/electron.js:252:21)
    at Electron.launch (/home/devel/basset-hound-browser/node_modules/playwright-core/lib/server/electron/electron.js:188:33)
    at ElectronDispatcher.launch (/home/devel/basset-hound-browser/node_modules/playwright-core/lib/server/dispatchers/electronDispatcher.js:38:33)
    at ProgressController.run (/home/devel/basset-hound-browser/node_modules/playwright-core/lib/server/progress.js:104:22)
    at ElectronDispatcher._runCommand (/home/devel/basset-hound-browser/node_modules/playwright-core/lib/server/dispatchers/dispatcher.js:91:14)
    at DispatcherConnection.dispatch (/home/devel/basset-hound-browser/node_modules/playwright-core/lib/server/dispatchers/dispatcher.js:325:22)</failure>
      <failure>electron.launch: Process failed to launch!
Call log:
  - &lt;launching&gt; /home/devel/basset-hound-browser/node_modules/electron/dist/electron -r /home/devel/basset-hound-browser/node_modules/playwright-core/lib/server/electron/loader.js --no-sandbox --inspect=0 --remote-debugging-port=0 /home/devel/basset-hound-browser
  - &lt;launched&gt; pid=499186
  - [pid=499186][err] /home/devel/basset-hound-browser/node_modules/electron/dist/electron: bad option: --no-sandbox
  - [pid=499186][err] /home/devel/basset-hound-browser/node_modules/electron/dist/electron: bad option: --remote-debugging-port=0
  - [pid=499186] &lt;kill&gt;
  - [pid=499186] &lt;will force kill&gt;
  - [pid=499186] &lt;process did exit: exitCode=9, signal=null&gt;
  - [pid=499186] starting temporary directories cleanup
  - [pid=499186] finished temporary directories cleanup

    at Object.&lt;anonymous&gt; (/home/devel/basset-hound-browser/tests/integration/evasion.test.js:95:19)</failure>
    </testcase>
    <testcase classname="Bot Detection Evasion Tests User Agent user agent should look realistic" name="Bot Detection Evasion Tests User Agent user agent should look realistic" time="0.032">
      <failure>Error: Process failed to launch!
    at waitForLine (/home/devel/basset-hound-browser/node_modules/playwright-core/lib/server/electron/electron.js:252:21)
    at Electron.launch (/home/devel/basset-hound-browser/node_modules/playwright-core/lib/server/electron/electron.js:200:32)
    at ElectronDispatcher.launch (/home/devel/basset-hound-browser/node_modules/playwright-core/lib/server/dispatchers/electronDispatcher.js:38:33)
    at ProgressController.run (/home/devel/basset-hound-browser/node_modules/playwright-core/lib/server/progress.js:104:22)
    at ElectronDispatcher._runCommand (/home/devel/basset-hound-browser/node_modules/playwright-core/lib/server/dispatchers/dispatcher.js:91:14)
    at DispatcherConnection.dispatch (/home/devel/basset-hound-browser/node_modules/playwright-core/lib/server/dispatchers/dispatcher.js:325:22)</failure>
      <failure>Error: Process failed to launch!
    at waitForLine (/home/devel/basset-hound-browser/node_modules/playwright-core/lib/server/electron/electron.js:252:21)
    at Electron.launch (/home/devel/basset-hound-browser/node_modules/playwright-core/lib/server/electron/electron.js:201:39)
    at ElectronDispatcher.launch (/home/devel/basset-hound-browser/node_modules/playwright-core/lib/server/dispatchers/electronDispatcher.js:38:33)
    at ProgressController.run (/home/devel/basset-hound-browser/node_modules/playwright-core/lib/server/progress.js:104:22)
    at ElectronDispatcher._runCommand (/home/devel/basset-hound-browser/node_modules/playwright-core/lib/server/dispatchers/dispatcher.js:91:14)
    at DispatcherConnection.dispatch (/home/devel/basset-hound-browser/node_modules/playwright-core/lib/server/dispatchers/dispatcher.js:325:22)</failure>
      <failure>Error: Process failed to launch!
    at waitForLine (/home/devel/basset-hound-browser/node_modules/playwright-core/lib/server/electron/electron.js:252:21)
    at Electron.launch (/home/devel/basset-hound-browser/node_modules/playwright-core/lib/server/electron/electron.js:188:33)
    at ElectronDispatcher.launch (/home/devel/basset-hound-browser/node_modules/playwright-core/lib/server/dispatchers/electronDispatcher.js:38:33)
    at ProgressController.run (/home/devel/basset-hound-browser/node_modules/playwright-core/lib/server/progress.js:104:22)
    at ElectronDispatcher._runCommand (/home/devel/basset-hound-browser/node_modules/playwright-core/lib/server/dispatchers/dispatcher.js:91:14)
    at DispatcherConnection.dispatch (/home/devel/basset-hound-browser/node_modules/playwright-core/lib/server/dispatchers/dispatcher.js:325:22)</failure>
      <failure>electron.launch: Process failed to launch!
Call log:
  - &lt;launching&gt; /home/devel/basset-hound-browser/node_modules/electron/dist/electron -r /home/devel/basset-hound-browser/node_modules/playwright-core/lib/server/electron/loader.js --no-sandbox --inspect=0 --remote-debugging-port=0 /home/devel/basset-hound-browser
  - &lt;launched&gt; pid=499188
  - [pid=499188][err] /home/devel/basset-hound-browser/node_modules/electron/dist/electron: bad option: --no-sandbox
  - [pid=499188][err] /home/devel/basset-hound-browser/node_modules/electron/dist/electron: bad option: --remote-debugging-port=0
  - [pid=499188] &lt;kill&gt;
  - [pid=499188] &lt;will force kill&gt;
  - [pid=499188] &lt;process did exit: exitCode=9, signal=null&gt;
  - [pid=499188] starting temporary directories cleanup
  - [pid=499188] finished temporary directories cleanup

    at Object.&lt;anonymous&gt; (/home/devel/basset-hound-browser/tests/integration/evasion.test.js:95:19)</failure>
    </testcase>
    <testcase classname="Bot Detection Evasion Tests User Agent user agent should include browser version" name="Bot Detection Evasion Tests User Agent user agent should include browser version" time="0.031">
      <failure>Error: Process failed to launch!
    at waitForLine (/home/devel/basset-hound-browser/node_modules/playwright-core/lib/server/electron/electron.js:252:21)
    at Electron.launch (/home/devel/basset-hound-browser/node_modules/playwright-core/lib/server/electron/electron.js:200:32)
    at ElectronDispatcher.launch (/home/devel/basset-hound-browser/node_modules/playwright-core/lib/server/dispatchers/electronDispatcher.js:38:33)
    at ProgressController.run (/home/devel/basset-hound-browser/node_modules/playwright-core/lib/server/progress.js:104:22)
    at ElectronDispatcher._runCommand (/home/devel/basset-hound-browser/node_modules/playwright-core/lib/server/dispatchers/dispatcher.js:91:14)
    at DispatcherConnection.dispatch (/home/devel/basset-hound-browser/node_modules/playwright-core/lib/server/dispatchers/dispatcher.js:325:22)</failure>
      <failure>Error: Process failed to launch!
    at waitForLine (/home/devel/basset-hound-browser/node_modules/playwright-core/lib/server/electron/electron.js:252:21)
    at Electron.launch (/home/devel/basset-hound-browser/node_modules/playwright-core/lib/server/electron/electron.js:201:39)
    at ElectronDispatcher.launch (/home/devel/basset-hound-browser/node_modules/playwright-core/lib/server/dispatchers/electronDispatcher.js:38:33)
    at ProgressController.run (/home/devel/basset-hound-browser/node_modules/playwright-core/lib/server/progress.js:104:22)
    at ElectronDispatcher._runCommand (/home/devel/basset-hound-browser/node_modules/playwright-core/lib/server/dispatchers/dispatcher.js:91:14)
    at DispatcherConnection.dispatch (/home/devel/basset-hound-browser/node_modules/playwright-core/lib/server/dispatchers/dispatcher.js:325:22)</failure>
      <failure>Error: Process failed to launch!
    at waitForLine (/home/devel/basset-hound-browser/node_modules/playwright-core/lib/server/electron/electron.js:252:21)
    at Electron.launch (/home/devel/basset-hound-browser/node_modules/playwright-core/lib/server/electron/electron.js:188:33)
    at ElectronDispatcher.launch (/home/devel/basset-hound-browser/node_modules/playwright-core/lib/server/dispatchers/electronDispatcher.js:38:33)
    at ProgressController.run (/home/devel/basset-hound-browser/node_modules/playwright-core/lib/server/progress.js:104:22)
    at ElectronDispatcher._runCommand (/home/devel/basset-hound-browser/node_modules/playwright-core/lib/server/dispatchers/dispatcher.js:91:14)
    at DispatcherConnection.dispatch (/home/devel/basset-hound-browser/node_modules/playwright-core/lib/server/dispatchers/dispatcher.js:325:22)</failure>
      <failure>electron.launch: Process failed to launch!
Call log:
  - &lt;launching&gt; /home/devel/basset-hound-browser/node_modules/electron/dist/electron -r /home/devel/basset-hound-browser/node_modules/playwright-core/lib/server/electron/loader.js --no-sandbox --inspect=0 --remote-debugging-port=0 /home/devel/basset-hound-browser
  - &lt;launched&gt; pid=499190
  - [pid=499190][err] /home/devel/basset-hound-browser/node_modules/electron/dist/electron: bad option: --no-sandbox
  - [pid=499190][err] /home/devel/basset-hound-browser/node_modules/electron/dist/electron: bad option: --remote-debugging-port=0
  - [pid=499190] &lt;kill&gt;
  - [pid=499190] &lt;will force kill&gt;
  - [pid=499190] &lt;process did exit: exitCode=9, signal=null&gt;
  - [pid=499190] starting temporary directories cleanup
  - [pid=499190] finished temporary directories cleanup

    at Object.&lt;anonymous&gt; (/home/devel/basset-hound-browser/tests/integration/evasion.test.js:95:19)</failure>
    </testcase>
    <testcase classname="Bot Detection Evasion Tests User Agent user agent should include OS" name="Bot Detection Evasion Tests User Agent user agent should include OS" time="0.036">
      <failure>Error: Process failed to launch!
    at waitForLine (/home/devel/basset-hound-browser/node_modules/playwright-core/lib/server/electron/electron.js:252:21)
    at Electron.launch (/home/devel/basset-hound-browser/node_modules/playwright-core/lib/server/electron/electron.js:200:32)
    at ElectronDispatcher.launch (/home/devel/basset-hound-browser/node_modules/playwright-core/lib/server/dispatchers/electronDispatcher.js:38:33)
    at ProgressController.run (/home/devel/basset-hound-browser/node_modules/playwright-core/lib/server/progress.js:104:22)
    at ElectronDispatcher._runCommand (/home/devel/basset-hound-browser/node_modules/playwright-core/lib/server/dispatchers/dispatcher.js:91:14)
    at DispatcherConnection.dispatch (/home/devel/basset-hound-browser/node_modules/playwright-core/lib/server/dispatchers/dispatcher.js:325:22)</failure>
      <failure>Error: Process failed to launch!
    at waitForLine (/home/devel/basset-hound-browser/node_modules/playwright-core/lib/server/electron/electron.js:252:21)
    at Electron.launch (/home/devel/basset-hound-browser/node_modules/playwright-core/lib/server/electron/electron.js:201:39)
    at ElectronDispatcher.launch (/home/devel/basset-hound-browser/node_modules/playwright-core/lib/server/dispatchers/electronDispatcher.js:38:33)
    at ProgressController.run (/home/devel/basset-hound-browser/node_modules/playwright-core/lib/server/progress.js:104:22)
    at ElectronDispatcher._runCommand (/home/devel/basset-hound-browser/node_modules/playwright-core/lib/server/dispatchers/dispatcher.js:91:14)
    at DispatcherConnection.dispatch (/home/devel/basset-hound-browser/node_modules/playwright-core/lib/server/dispatchers/dispatcher.js:325:22)</failure>
      <failure>Error: Process failed to launch!
    at waitForLine (/home/devel/basset-hound-browser/node_modules/playwright-core/lib/server/electron/electron.js:252:21)
    at Electron.launch (/home/devel/basset-hound-browser/node_modules/playwright-core/lib/server/electron/electron.js:188:33)
    at ElectronDispatcher.launch (/home/devel/basset-hound-browser/node_modules/playwright-core/lib/server/dispatchers/electronDispatcher.js:38:33)
    at ProgressController.run (/home/devel/basset-hound-browser/node_modules/playwright-core/lib/server/progress.js:104:22)
    at ElectronDispatcher._runCommand (/home/devel/basset-hound-browser/node_modules/playwright-core/lib/server/dispatchers/dispatcher.js:91:14)
    at DispatcherConnection.dispatch (/home/devel/basset-hound-browser/node_modules/playwright-core/lib/server/dispatchers/dispatcher.js:325:22)</failure>
      <failure>electron.launch: Process failed to launch!
Call log:
  - &lt;launching&gt; /home/devel/basset-hound-browser/node_modules/electron/dist/electron -r /home/devel/basset-hound-browser/node_modules/playwright-core/lib/server/electron/loader.js --no-sandbox --inspect=0 --remote-debugging-port=0 /home/devel/basset-hound-browser
  - &lt;launched&gt; pid=499195
  - [pid=499195][err] /home/devel/basset-hound-browser/node_modules/electron/dist/electron: bad option: --no-sandbox
  - [pid=499195][err] /home/devel/basset-hound-browser/node_modules/electron/dist/electron: bad option: --remote-debugging-port=0
  - [pid=499195] &lt;kill&gt;
  - [pid=499195] &lt;will force kill&gt;
  - [pid=499195] &lt;process did exit: exitCode=9, signal=null&gt;
  - [pid=499195] starting temporary directories cleanup
  - [pid=499195] finished temporary directories cleanup

    at Object.&lt;anonymous&gt; (/home/devel/basset-hound-browser/tests/integration/evasion.test.js:95:19)</failure>
    </testcase>
    <testcase classname="Bot Detection Evasion Tests User Agent user agent should not contain automation keywords" name="Bot Detection Evasion Tests User Agent user agent should not contain automation keywords" time="0.033">
      <failure>Error: Process failed to launch!
    at waitForLine (/home/devel/basset-hound-browser/node_modules/playwright-core/lib/server/electron/electron.js:252:21)
    at Electron.launch (/home/devel/basset-hound-browser/node_modules/playwright-core/lib/server/electron/electron.js:200:32)
    at ElectronDispatcher.launch (/home/devel/basset-hound-browser/node_modules/playwright-core/lib/server/dispatchers/electronDispatcher.js:38:33)
    at ProgressController.run (/home/devel/basset-hound-browser/node_modules/playwright-core/lib/server/progress.js:104:22)
    at ElectronDispatcher._runCommand (/home/devel/basset-hound-browser/node_modules/playwright-core/lib/server/dispatchers/dispatcher.js:91:14)
    at DispatcherConnection.dispatch (/home/devel/basset-hound-browser/node_modules/playwright-core/lib/server/dispatchers/dispatcher.js:325:22)</failure>
      <failure>Error: Process failed to launch!
    at waitForLine (/home/devel/basset-hound-browser/node_modules/playwright-core/lib/server/electron/electron.js:252:21)
    at Electron.launch (/home/devel/basset-hound-browser/node_modules/playwright-core/lib/server/electron/electron.js:201:39)
    at ElectronDispatcher.launch (/home/devel/basset-hound-browser/node_modules/playwright-core/lib/server/dispatchers/electronDispatcher.js:38:33)
    at ProgressController.run (/home/devel/basset-hound-browser/node_modules/playwright-core/lib/server/progress.js:104:22)
    at ElectronDispatcher._runCommand (/home/devel/basset-hound-browser/node_modules/playwright-core/lib/server/dispatchers/dispatcher.js:91:14)
    at DispatcherConnection.dispatch (/home/devel/basset-hound-browser/node_modules/playwright-core/lib/server/dispatchers/dispatcher.js:325:22)</failure>
      <failure>Error: Process failed to launch!
    at waitForLine (/home/devel/basset-hound-browser/node_modules/playwright-core/lib/server/electron/electron.js:252:21)
    at Electron.launch (/home/devel/basset-hound-browser/node_modules/playwright-core/lib/server/electron/electron.js:188:33)
    at ElectronDispatcher.launch (/home/devel/basset-hound-browser/node_modules/playwright-core/lib/server/dispatchers/electronDispatcher.js:38:33)
    at ProgressController.run (/home/devel/basset-hound-browser/node_modules/playwright-core/lib/server/progress.js:104:22)
    at ElectronDispatcher._runCommand (/home/devel/basset-hound-browser/node_modules/playwright-core/lib/server/dispatchers/dispatcher.js:91:14)
    at DispatcherConnection.dispatch (/home/devel/basset-hound-browser/node_modules/playwright-core/lib/server/dispatchers/dispatcher.js:325:22)</failure>
      <failure>electron.launch: Process failed to launch!
Call log:
  - &lt;launching&gt; /home/devel/basset-hound-browser/node_modules/electron/dist/electron -r /home/devel/basset-hound-browser/node_modules/playwright-core/lib/server/electron/loader.js --no-sandbox --inspect=0 --remote-debugging-port=0 /home/devel/basset-hound-browser
  - &lt;launched&gt; pid=499218
  - [pid=499218][err] /home/devel/basset-hound-browser/node_modules/electron/dist/electron: bad option: --no-sandbox
  - [pid=499218][err] /home/devel/basset-hound-browser/node_modules/electron/dist/electron: bad option: --remote-debugging-port=0
  - [pid=499218] &lt;kill&gt;
  - [pid=499218] &lt;will force kill&gt;
  - [pid=499218] &lt;process did exit: exitCode=9, signal=null&gt;
  - [pid=499218] starting temporary directories cleanup
  - [pid=499218] finished temporary directories cleanup

    at Object.&lt;anonymous&gt; (/home/devel/basset-hound-browser/tests/integration/evasion.test.js:95:19)</failure>
    </testcase>
    <testcase classname="Bot Detection Evasion Tests WebGL Fingerprinting WebGL vendor should return string" name="Bot Detection Evasion Tests WebGL Fingerprinting WebGL vendor should return string" time="0.031">
      <failure>Error: Process failed to launch!
    at waitForLine (/home/devel/basset-hound-browser/node_modules/playwright-core/lib/server/electron/electron.js:252:21)
    at Electron.launch (/home/devel/basset-hound-browser/node_modules/playwright-core/lib/server/electron/electron.js:200:32)
    at ElectronDispatcher.launch (/home/devel/basset-hound-browser/node_modules/playwright-core/lib/server/dispatchers/electronDispatcher.js:38:33)
    at ProgressController.run (/home/devel/basset-hound-browser/node_modules/playwright-core/lib/server/progress.js:104:22)
    at ElectronDispatcher._runCommand (/home/devel/basset-hound-browser/node_modules/playwright-core/lib/server/dispatchers/dispatcher.js:91:14)
    at DispatcherConnection.dispatch (/home/devel/basset-hound-browser/node_modules/playwright-core/lib/server/dispatchers/dispatcher.js:325:22)</failure>
      <failure>Error: Process failed to launch!
    at waitForLine (/home/devel/basset-hound-browser/node_modules/playwright-core/lib/server/electron/electron.js:252:21)
    at Electron.launch (/home/devel/basset-hound-browser/node_modules/playwright-core/lib/server/electron/electron.js:201:39)
    at ElectronDispatcher.launch (/home/devel/basset-hound-browser/node_modules/playwright-core/lib/server/dispatchers/electronDispatcher.js:38:33)
    at ProgressController.run (/home/devel/basset-hound-browser/node_modules/playwright-core/lib/server/progress.js:104:22)
    at ElectronDispatcher._runCommand (/home/devel/basset-hound-browser/node_modules/playwright-core/lib/server/dispatchers/dispatcher.js:91:14)
    at DispatcherConnection.dispatch (/home/devel/basset-hound-browser/node_modules/playwright-core/lib/server/dispatchers/dispatcher.js:325:22)</failure>
      <failure>Error: Process failed to launch!
    at waitForLine (/home/devel/basset-hound-browser/node_modules/playwright-core/lib/server/electron/electron.js:252:21)
    at Electron.launch (/home/devel/basset-hound-browser/node_modules/playwright-core/lib/server/electron/electron.js:188:33)
    at ElectronDispatcher.launch (/home/devel/basset-hound-browser/node_modules/playwright-core/lib/server/dispatchers/electronDispatcher.js:38:33)
    at ProgressController.run (/home/devel/basset-hound-browser/node_modules/playwright-core/lib/server/progress.js:104:22)
    at ElectronDispatcher._runCommand (/home/devel/basset-hound-browser/node_modules/playwright-core/lib/server/dispatchers/dispatcher.js:91:14)
    at DispatcherConnection.dispatch (/home/devel/basset-hound-browser/node_modules/playwright-core/lib/server/dispatchers/dispatcher.js:325:22)</failure>
      <failure>electron.launch: Process failed to launch!
Call log:
  - &lt;launching&gt; /home/devel/basset-hound-browser/node_modules/electron/dist/electron -r /home/devel/basset-hound-browser/node_modules/playwright-core/lib/server/electron/loader.js --no-sandbox --inspect=0 --remote-debugging-port=0 /home/devel/basset-hound-browser
  - &lt;launched&gt; pid=499220
  - [pid=499220][err] /home/devel/basset-hound-browser/node_modules/electron/dist/electron: bad option: --no-sandbox
  - [pid=499220][err] /home/devel/basset-hound-browser/node_modules/electron/dist/electron: bad option: --remote-debugging-port=0
  - [pid=499220] &lt;kill&gt;
  - [pid=499220] &lt;will force kill&gt;
  - [pid=499220] &lt;process did exit: exitCode=9, signal=null&gt;
  - [pid=499220] starting temporary directories cleanup
  - [pid=499220] finished temporary directories cleanup

    at Object.&lt;anonymous&gt; (/home/devel/basset-hound-browser/tests/integration/evasion.test.js:95:19)</failure>
    </testcase>
    <testcase classname="Bot Detection Evasion Tests WebGL Fingerprinting WebGL renderer should return string" name="Bot Detection Evasion Tests WebGL Fingerprinting WebGL renderer should return string" time="0.032">
      <failure>Error: Process failed to launch!
    at waitForLine (/home/devel/basset-hound-browser/node_modules/playwright-core/lib/server/electron/electron.js:252:21)
    at Electron.launch (/home/devel/basset-hound-browser/node_modules/playwright-core/lib/server/electron/electron.js:200:32)
    at ElectronDispatcher.launch (/home/devel/basset-hound-browser/node_modules/playwright-core/lib/server/dispatchers/electronDispatcher.js:38:33)
    at ProgressController.run (/home/devel/basset-hound-browser/node_modules/playwright-core/lib/server/progress.js:104:22)
    at ElectronDispatcher._runCommand (/home/devel/basset-hound-browser/node_modules/playwright-core/lib/server/dispatchers/dispatcher.js:91:14)
    at DispatcherConnection.dispatch (/home/devel/basset-hound-browser/node_modules/playwright-core/lib/server/dispatchers/dispatcher.js:325:22)</failure>
      <failure>Error: Process failed to launch!
    at waitForLine (/home/devel/basset-hound-browser/node_modules/playwright-core/lib/server/electron/electron.js:252:21)
    at Electron.launch (/home/devel/basset-hound-browser/node_modules/playwright-core/lib/server/electron/electron.js:201:39)
    at ElectronDispatcher.launch (/home/devel/basset-hound-browser/node_modules/playwright-core/lib/server/dispatchers/electronDispatcher.js:38:33)
    at ProgressController.run (/home/devel/basset-hound-browser/node_modules/playwright-core/lib/server/progress.js:104:22)
    at ElectronDispatcher._runCommand (/home/devel/basset-hound-browser/node_modules/playwright-core/lib/server/dispatchers/dispatcher.js:91:14)
    at DispatcherConnection.dispatch (/home/devel/basset-hound-browser/node_modules/playwright-core/lib/server/dispatchers/dispatcher.js:325:22)</failure>
      <failure>Error: Process failed to launch!
    at waitForLine (/home/devel/basset-hound-browser/node_modules/playwright-core/lib/server/electron/electron.js:252:21)
    at Electron.launch (/home/devel/basset-hound-browser/node_modules/playwright-core/lib/server/electron/electron.js:188:33)
    at ElectronDispatcher.launch (/home/devel/basset-hound-browser/node_modules/playwright-core/lib/server/dispatchers/electronDispatcher.js:38:33)
    at ProgressController.run (/home/devel/basset-hound-browser/node_modules/playwright-core/lib/server/progress.js:104:22)
    at ElectronDispatcher._runCommand (/home/devel/basset-hound-browser/node_modules/playwright-core/lib/server/dispatchers/dispatcher.js:91:14)
    at DispatcherConnection.dispatch (/home/devel/basset-hound-browser/node_modules/playwright-core/lib/server/dispatchers/dispatcher.js:325:22)</failure>
      <failure>electron.launch: Process failed to launch!
Call log:
  - &lt;launching&gt; /home/devel/basset-hound-browser/node_modules/electron/dist/electron -r /home/devel/basset-hound-browser/node_modules/playwright-core/lib/server/electron/loader.js --no-sandbox --inspect=0 --remote-debugging-port=0 /home/devel/basset-hound-browser
  - &lt;launched&gt; pid=499222
  - [pid=499222][err] /home/devel/basset-hound-browser/node_modules/electron/dist/electron: bad option: --no-sandbox
  - [pid=499222][err] /home/devel/basset-hound-browser/node_modules/electron/dist/electron: bad option: --remote-debugging-port=0
  - [pid=499222] &lt;kill&gt;
  - [pid=499222] &lt;will force kill&gt;
  - [pid=499222] &lt;process did exit: exitCode=9, signal=null&gt;
  - [pid=499222] starting temporary directories cleanup
  - [pid=499222] finished temporary directories cleanup

    at Object.&lt;anonymous&gt; (/home/devel/basset-hound-browser/tests/integration/evasion.test.js:95:19)</failure>
    </testcase>
    <testcase classname="Bot Detection Evasion Tests WebGL Fingerprinting WebGL vendor should not be empty or generic" name="Bot Detection Evasion Tests WebGL Fingerprinting WebGL vendor should not be empty or generic" time="0.031">
      <failure>Error: Process failed to launch!
    at waitForLine (/home/devel/basset-hound-browser/node_modules/playwright-core/lib/server/electron/electron.js:252:21)
    at Electron.launch (/home/devel/basset-hound-browser/node_modules/playwright-core/lib/server/electron/electron.js:200:32)
    at ElectronDispatcher.launch (/home/devel/basset-hound-browser/node_modules/playwright-core/lib/server/dispatchers/electronDispatcher.js:38:33)
    at ProgressController.run (/home/devel/basset-hound-browser/node_modules/playwright-core/lib/server/progress.js:104:22)
    at ElectronDispatcher._runCommand (/home/devel/basset-hound-browser/node_modules/playwright-core/lib/server/dispatchers/dispatcher.js:91:14)
    at DispatcherConnection.dispatch (/home/devel/basset-hound-browser/node_modules/playwright-core/lib/server/dispatchers/dispatcher.js:325:22)</failure>
      <failure>Error: Process failed to launch!
    at waitForLine (/home/devel/basset-hound-browser/node_modules/playwright-core/lib/server/electron/electron.js:252:21)
    at Electron.launch (/home/devel/basset-hound-browser/node_modules/playwright-core/lib/server/electron/electron.js:201:39)
    at ElectronDispatcher.launch (/home/devel/basset-hound-browser/node_modules/playwright-core/lib/server/dispatchers/electronDispatcher.js:38:33)
    at ProgressController.run (/home/devel/basset-hound-browser/node_modules/playwright-core/lib/server/progress.js:104:22)
    at ElectronDispatcher._runCommand (/home/devel/basset-hound-browser/node_modules/playwright-core/lib/server/dispatchers/dispatcher.js:91:14)
    at DispatcherConnection.dispatch (/home/devel/basset-hound-browser/node_modules/playwright-core/lib/server/dispatchers/dispatcher.js:325:22)</failure>
      <failure>Error: Process failed to launch!
    at waitForLine (/home/devel/basset-hound-browser/node_modules/playwright-core/lib/server/electron/electron.js:252:21)
    at Electron.launch (/home/devel/basset-hound-browser/node_modules/playwright-core/lib/server/electron/electron.js:188:33)
    at ElectronDispatcher.launch (/home/devel/basset-hound-browser/node_modules/playwright-core/lib/server/dispatchers/electronDispatcher.js:38:33)
    at ProgressController.run (/home/devel/basset-hound-browser/node_modules/playwright-core/lib/server/progress.js:104:22)
    at ElectronDispatcher._runCommand (/home/devel/basset-hound-browser/node_modules/playwright-core/lib/server/dispatchers/dispatcher.js:91:14)
    at DispatcherConnection.dispatch (/home/devel/basset-hound-browser/node_modules/playwright-core/lib/server/dispatchers/dispatcher.js:325:22)</failure>
      <failure>electron.launch: Process failed to launch!
Call log:
  - &lt;launching&gt; /home/devel/basset-hound-browser/node_modules/electron/dist/electron -r /home/devel/basset-hound-browser/node_modules/playwright-core/lib/server/electron/loader.js --no-sandbox --inspect=0 --remote-debugging-port=0 /home/devel/basset-hound-browser
  - &lt;launched&gt; pid=499224
  - [pid=499224][err] /home/devel/basset-hound-browser/node_modules/electron/dist/electron: bad option: --no-sandbox
  - [pid=499224][err] /home/devel/basset-hound-browser/node_modules/electron/dist/electron: bad option: --remote-debugging-port=0
  - [pid=499224] &lt;kill&gt;
  - [pid=499224] &lt;will force kill&gt;
  - [pid=499224] &lt;process did exit: exitCode=9, signal=null&gt;
  - [pid=499224] starting temporary directories cleanup
  - [pid=499224] finished temporary directories cleanup

    at Object.&lt;anonymous&gt; (/home/devel/basset-hound-browser/tests/integration/evasion.test.js:95:19)</failure>
    </testcase>
    <testcase classname="Bot Detection Evasion Tests Canvas Fingerprinting canvas should work and produce data" name="Bot Detection Evasion Tests Canvas Fingerprinting canvas should work and produce data" time="0.03">
      <failure>Error: Process failed to launch!
    at waitForLine (/home/devel/basset-hound-browser/node_modules/playwright-core/lib/server/electron/electron.js:252:21)
    at Electron.launch (/home/devel/basset-hound-browser/node_modules/playwright-core/lib/server/electron/electron.js:200:32)
    at ElectronDispatcher.launch (/home/devel/basset-hound-browser/node_modules/playwright-core/lib/server/dispatchers/electronDispatcher.js:38:33)
    at ProgressController.run (/home/devel/basset-hound-browser/node_modules/playwright-core/lib/server/progress.js:104:22)
    at ElectronDispatcher._runCommand (/home/devel/basset-hound-browser/node_modules/playwright-core/lib/server/dispatchers/dispatcher.js:91:14)
    at DispatcherConnection.dispatch (/home/devel/basset-hound-browser/node_modules/playwright-core/lib/server/dispatchers/dispatcher.js:325:22)</failure>
      <failure>Error: Process failed to launch!
    at waitForLine (/home/devel/basset-hound-browser/node_modules/playwright-core/lib/server/electron/electron.js:252:21)
    at Electron.launch (/home/devel/basset-hound-browser/node_modules/playwright-core/lib/server/electron/electron.js:201:39)
    at ElectronDispatcher.launch (/home/devel/basset-hound-browser/node_modules/playwright-core/lib/server/dispatchers/electronDispatcher.js:38:33)
    at ProgressController.run (/home/devel/basset-hound-browser/node_modules/playwright-core/lib/server/progress.js:104:22)
    at ElectronDispatcher._runCommand (/home/devel/basset-hound-browser/node_modules/playwright-core/lib/server/dispatchers/dispatcher.js:91:14)
    at DispatcherConnection.dispatch (/home/devel/basset-hound-browser/node_modules/playwright-core/lib/server/dispatchers/dispatcher.js:325:22)</failure>
      <failure>Error: Process failed to launch!
    at waitForLine (/home/devel/basset-hound-browser/node_modules/playwright-core/lib/server/electron/electron.js:252:21)
    at Electron.launch (/home/devel/basset-hound-browser/node_modules/playwright-core/lib/server/electron/electron.js:188:33)
    at ElectronDispatcher.launch (/home/devel/basset-hound-browser/node_modules/playwright-core/lib/server/dispatchers/electronDispatcher.js:38:33)
    at ProgressController.run (/home/devel/basset-hound-browser/node_modules/playwright-core/lib/server/progress.js:104:22)
    at ElectronDispatcher._runCommand (/home/devel/basset-hound-browser/node_modules/playwright-core/lib/server/dispatchers/dispatcher.js:91:14)
    at DispatcherConnection.dispatch (/home/devel/basset-hound-browser/node_modules/playwright-core/lib/server/dispatchers/dispatcher.js:325:22)</failure>
      <failure>electron.launch: Process failed to launch!
Call log:
  - &lt;launching&gt; /home/devel/basset-hound-browser/node_modules/electron/dist/electron -r /home/devel/basset-hound-browser/node_modules/playwright-core/lib/server/electron/loader.js --no-sandbox --inspect=0 --remote-debugging-port=0 /home/devel/basset-hound-browser
  - &lt;launched&gt; pid=499226
  - [pid=499226][err] /home/devel/basset-hound-browser/node_modules/electron/dist/electron: bad option: --no-sandbox
  - [pid=499226][err] /home/devel/basset-hound-browser/node_modules/electron/dist/electron: bad option: --remote-debugging-port=0
  - [pid=499226] &lt;kill&gt;
  - [pid=499226] &lt;will force kill&gt;
  - [pid=499226] &lt;process did exit: exitCode=9, signal=null&gt;
  - [pid=499226] starting temporary directories cleanup
  - [pid=499226] finished temporary directories cleanup

    at Object.&lt;anonymous&gt; (/home/devel/basset-hound-browser/tests/integration/evasion.test.js:95:19)</failure>
    </testcase>
    <testcase classname="Bot Detection Evasion Tests Canvas Fingerprinting canvas.toBlob should work" name="Bot Detection Evasion Tests Canvas Fingerprinting canvas.toBlob should work" time="0.033">
      <failure>Error: Process failed to launch!
    at waitForLine (/home/devel/basset-hound-browser/node_modules/playwright-core/lib/server/electron/electron.js:252:21)
    at Electron.launch (/home/devel/basset-hound-browser/node_modules/playwright-core/lib/server/electron/electron.js:200:32)
    at ElectronDispatcher.launch (/home/devel/basset-hound-browser/node_modules/playwright-core/lib/server/dispatchers/electronDispatcher.js:38:33)
    at ProgressController.run (/home/devel/basset-hound-browser/node_modules/playwright-core/lib/server/progress.js:104:22)
    at ElectronDispatcher._runCommand (/home/devel/basset-hound-browser/node_modules/playwright-core/lib/server/dispatchers/dispatcher.js:91:14)
    at DispatcherConnection.dispatch (/home/devel/basset-hound-browser/node_modules/playwright-core/lib/server/dispatchers/dispatcher.js:325:22)</failure>
      <failure>Error: Process failed to launch!
    at waitForLine (/home/devel/basset-hound-browser/node_modules/playwright-core/lib/server/electron/electron.js:252:21)
    at Electron.launch (/home/devel/basset-hound-browser/node_modules/playwright-core/lib/server/electron/electron.js:201:39)
    at ElectronDispatcher.launch (/home/devel/basset-hound-browser/node_modules/playwright-core/lib/server/dispatchers/electronDispatcher.js:38:33)
    at ProgressController.run (/home/devel/basset-hound-browser/node_modules/playwright-core/lib/server/progress.js:104:22)
    at ElectronDispatcher._runCommand (/home/devel/basset-hound-browser/node_modules/playwright-core/lib/server/dispatchers/dispatcher.js:91:14)
    at DispatcherConnection.dispatch (/home/devel/basset-hound-browser/node_modules/playwright-core/lib/server/dispatchers/dispatcher.js:325:22)</failure>
      <failure>Error: Process failed to launch!
    at waitForLine (/home/devel/basset-hound-browser/node_modules/playwright-core/lib/server/electron/electron.js:252:21)
    at Electron.launch (/home/devel/basset-hound-browser/node_modules/playwright-core/lib/server/electron/electron.js:188:33)
    at ElectronDispatcher.launch (/home/devel/basset-hound-browser/node_modules/playwright-core/lib/server/dispatchers/electronDispatcher.js:38:33)
    at ProgressController.run (/home/devel/basset-hound-browser/node_modules/playwright-core/lib/server/progress.js:104:22)
    at ElectronDispatcher._runCommand (/home/devel/basset-hound-browser/node_modules/playwright-core/lib/server/dispatchers/dispatcher.js:91:14)
    at DispatcherConnection.dispatch (/home/devel/basset-hound-browser/node_modules/playwright-core/lib/server/dispatchers/dispatcher.js:325:22)</failure>
      <failure>electron.launch: Process failed to launch!
Call log:
  - &lt;launching&gt; /home/devel/basset-hound-browser/node_modules/electron/dist/electron -r /home/devel/basset-hound-browser/node_modules/playwright-core/lib/server/electron/loader.js --no-sandbox --inspect=0 --remote-debugging-port=0 /home/devel/basset-hound-browser
  - &lt;launched&gt; pid=499228
  - [pid=499228][err] /home/devel/basset-hound-browser/node_modules/electron/dist/electron: bad option: --no-sandbox
  - [pid=499228][err] /home/devel/basset-hound-browser/node_modules/electron/dist/electron: bad option: --remote-debugging-port=0
  - [pid=499228] &lt;kill&gt;
  - [pid=499228] &lt;will force kill&gt;
  - [pid=499228] &lt;process did exit: exitCode=9, signal=null&gt;
  - [pid=499228] starting temporary directories cleanup
  - [pid=499228] finished temporary directories cleanup

    at Object.&lt;anonymous&gt; (/home/devel/basset-hound-browser/tests/integration/evasion.test.js:95:19)</failure>
    </testcase>
    <testcase classname="Bot Detection Evasion Tests Audio Fingerprinting AudioContext should be available" name="Bot Detection Evasion Tests Audio Fingerprinting AudioContext should be available" time="0.033">
      <failure>Error: Process failed to launch!
    at waitForLine (/home/devel/basset-hound-browser/node_modules/playwright-core/lib/server/electron/electron.js:252:21)
    at Electron.launch (/home/devel/basset-hound-browser/node_modules/playwright-core/lib/server/electron/electron.js:200:32)
    at ElectronDispatcher.launch (/home/devel/basset-hound-browser/node_modules/playwright-core/lib/server/dispatchers/electronDispatcher.js:38:33)
    at ProgressController.run (/home/devel/basset-hound-browser/node_modules/playwright-core/lib/server/progress.js:104:22)
    at ElectronDispatcher._runCommand (/home/devel/basset-hound-browser/node_modules/playwright-core/lib/server/dispatchers/dispatcher.js:91:14)
    at DispatcherConnection.dispatch (/home/devel/basset-hound-browser/node_modules/playwright-core/lib/server/dispatchers/dispatcher.js:325:22)</failure>
      <failure>Error: Process failed to launch!
    at waitForLine (/home/devel/basset-hound-browser/node_modules/playwright-core/lib/server/electron/electron.js:252:21)
    at Electron.launch (/home/devel/basset-hound-browser/node_modules/playwright-core/lib/server/electron/electron.js:201:39)
    at ElectronDispatcher.launch (/home/devel/basset-hound-browser/node_modules/playwright-core/lib/server/dispatchers/electronDispatcher.js:38:33)
    at ProgressController.run (/home/devel/basset-hound-browser/node_modules/playwright-core/lib/server/progress.js:104:22)
    at ElectronDispatcher._runCommand (/home/devel/basset-hound-browser/node_modules/playwright-core/lib/server/dispatchers/dispatcher.js:91:14)
    at DispatcherConnection.dispatch (/home/devel/basset-hound-browser/node_modules/playwright-core/lib/server/dispatchers/dispatcher.js:325:22)</failure>
      <failure>Error: Process failed to launch!
    at waitForLine (/home/devel/basset-hound-browser/node_modules/playwright-core/lib/server/electron/electron.js:252:21)
    at Electron.launch (/home/devel/basset-hound-browser/node_modules/playwright-core/lib/server/electron/electron.js:188:33)
    at ElectronDispatcher.launch (/home/devel/basset-hound-browser/node_modules/playwright-core/lib/server/dispatchers/electronDispatcher.js:38:33)
    at ProgressController.run (/home/devel/basset-hound-browser/node_modules/playwright-core/lib/server/progress.js:104:22)
    at ElectronDispatcher._runCommand (/home/devel/basset-hound-browser/node_modules/playwright-core/lib/server/dispatchers/dispatcher.js:91:14)
    at DispatcherConnection.dispatch (/home/devel/basset-hound-browser/node_modules/playwright-core/lib/server/dispatchers/dispatcher.js:325:22)</failure>
      <failure>electron.launch: Process failed to launch!
Call log:
  - &lt;launching&gt; /home/devel/basset-hound-browser/node_modules/electron/dist/electron -r /home/devel/basset-hound-browser/node_modules/playwright-core/lib/server/electron/loader.js --no-sandbox --inspect=0 --remote-debugging-port=0 /home/devel/basset-hound-browser
  - &lt;launched&gt; pid=499230
  - [pid=499230][err] /home/devel/basset-hound-browser/node_modules/electron/dist/electron: bad option: --no-sandbox
  - [pid=499230][err] /home/devel/basset-hound-browser/node_modules/electron/dist/electron: bad option: --remote-debugging-port=0
  - [pid=499230] &lt;kill&gt;
  - [pid=499230] &lt;will force kill&gt;
  - [pid=499230] &lt;process did exit: exitCode=9, signal=null&gt;
  - [pid=499230] starting temporary directories cleanup
  - [pid=499230] finished temporary directories cleanup

    at Object.&lt;anonymous&gt; (/home/devel/basset-hound-browser/tests/integration/evasion.test.js:95:19)</failure>
    </testcase>
    <testcase classname="Bot Detection Evasion Tests Audio Fingerprinting AudioContext should create oscillator" name="Bot Detection Evasion Tests Audio Fingerprinting AudioContext should create oscillator" time="0.034">
      <failure>Error: Process failed to launch!
    at waitForLine (/home/devel/basset-hound-browser/node_modules/playwright-core/lib/server/electron/electron.js:252:21)
    at Electron.launch (/home/devel/basset-hound-browser/node_modules/playwright-core/lib/server/electron/electron.js:200:32)
    at ElectronDispatcher.launch (/home/devel/basset-hound-browser/node_modules/playwright-core/lib/server/dispatchers/electronDispatcher.js:38:33)
    at ProgressController.run (/home/devel/basset-hound-browser/node_modules/playwright-core/lib/server/progress.js:104:22)
    at ElectronDispatcher._runCommand (/home/devel/basset-hound-browser/node_modules/playwright-core/lib/server/dispatchers/dispatcher.js:91:14)
    at DispatcherConnection.dispatch (/home/devel/basset-hound-browser/node_modules/playwright-core/lib/server/dispatchers/dispatcher.js:325:22)</failure>
      <failure>Error: Process failed to launch!
    at waitForLine (/home/devel/basset-hound-browser/node_modules/playwright-core/lib/server/electron/electron.js:252:21)
    at Electron.launch (/home/devel/basset-hound-browser/node_modules/playwright-core/lib/server/electron/electron.js:201:39)
    at ElectronDispatcher.launch (/home/devel/basset-hound-browser/node_modules/playwright-core/lib/server/dispatchers/electronDispatcher.js:38:33)
    at ProgressController.run (/home/devel/basset-hound-browser/node_modules/playwright-core/lib/server/progress.js:104:22)
    at ElectronDispatcher._runCommand (/home/devel/basset-hound-browser/node_modules/playwright-core/lib/server/dispatchers/dispatcher.js:91:14)
    at DispatcherConnection.dispatch (/home/devel/basset-hound-browser/node_modules/playwright-core/lib/server/dispatchers/dispatcher.js:325:22)</failure>
      <failure>Error: Process failed to launch!
    at waitForLine (/home/devel/basset-hound-browser/node_modules/playwright-core/lib/server/electron/electron.js:252:21)
    at Electron.launch (/home/devel/basset-hound-browser/node_modules/playwright-core/lib/server/electron/electron.js:188:33)
    at ElectronDispatcher.launch (/home/devel/basset-hound-browser/node_modules/playwright-core/lib/server/dispatchers/electronDispatcher.js:38:33)
    at ProgressController.run (/home/devel/basset-hound-browser/node_modules/playwright-core/lib/server/progress.js:104:22)
    at ElectronDispatcher._runCommand (/home/devel/basset-hound-browser/node_modules/playwright-core/lib/server/dispatchers/dispatcher.js:91:14)
    at DispatcherConnection.dispatch (/home/devel/basset-hound-browser/node_modules/playwright-core/lib/server/dispatchers/dispatcher.js:325:22)</failure>
      <failure>electron.launch: Process failed to launch!
Call log:
  - &lt;launching&gt; /home/devel/basset-hound-browser/node_modules/electron/dist/electron -r /home/devel/basset-hound-browser/node_modules/playwright-core/lib/server/electron/loader.js --no-sandbox --inspect=0 --remote-debugging-port=0 /home/devel/basset-hound-browser
  - &lt;launched&gt; pid=499232
  - [pid=499232][err] /home/devel/basset-hound-browser/node_modules/electron/dist/electron: bad option: --no-sandbox
  - [pid=499232][err] /home/devel/basset-hound-browser/node_modules/electron/dist/electron: bad option: --remote-debugging-port=0
  - [pid=499232] &lt;kill&gt;
  - [pid=499232] &lt;will force kill&gt;
  - [pid=499232] &lt;process did exit: exitCode=9, signal=null&gt;
  - [pid=499232] starting temporary directories cleanup
  - [pid=499232] finished temporary directories cleanup

    at Object.&lt;anonymous&gt; (/home/devel/basset-hound-browser/tests/integration/evasion.test.js:95:19)</failure>
    </testcase>
    <testcase classname="Bot Detection Evasion Tests Timezone timezone offset should be valid" name="Bot Detection Evasion Tests Timezone timezone offset should be valid" time="0.031">
      <failure>Error: Process failed to launch!
    at waitForLine (/home/devel/basset-hound-browser/node_modules/playwright-core/lib/server/electron/electron.js:252:21)
    at Electron.launch (/home/devel/basset-hound-browser/node_modules/playwright-core/lib/server/electron/electron.js:200:32)
    at ElectronDispatcher.launch (/home/devel/basset-hound-browser/node_modules/playwright-core/lib/server/dispatchers/electronDispatcher.js:38:33)
    at ProgressController.run (/home/devel/basset-hound-browser/node_modules/playwright-core/lib/server/progress.js:104:22)
    at ElectronDispatcher._runCommand (/home/devel/basset-hound-browser/node_modules/playwright-core/lib/server/dispatchers/dispatcher.js:91:14)
    at DispatcherConnection.dispatch (/home/devel/basset-hound-browser/node_modules/playwright-core/lib/server/dispatchers/dispatcher.js:325:22)</failure>
      <failure>Error: Process failed to launch!
    at waitForLine (/home/devel/basset-hound-browser/node_modules/playwright-core/lib/server/electron/electron.js:252:21)
    at Electron.launch (/home/devel/basset-hound-browser/node_modules/playwright-core/lib/server/electron/electron.js:201:39)
    at ElectronDispatcher.launch (/home/devel/basset-hound-browser/node_modules/playwright-core/lib/server/dispatchers/electronDispatcher.js:38:33)
    at ProgressController.run (/home/devel/basset-hound-browser/node_modules/playwright-core/lib/server/progress.js:104:22)
    at ElectronDispatcher._runCommand (/home/devel/basset-hound-browser/node_modules/playwright-core/lib/server/dispatchers/dispatcher.js:91:14)
    at DispatcherConnection.dispatch (/home/devel/basset-hound-browser/node_modules/playwright-core/lib/server/dispatchers/dispatcher.js:325:22)</failure>
      <failure>Error: Process failed to launch!
    at waitForLine (/home/devel/basset-hound-browser/node_modules/playwright-core/lib/server/electron/electron.js:252:21)
    at Electron.launch (/home/devel/basset-hound-browser/node_modules/playwright-core/lib/server/electron/electron.js:188:33)
    at ElectronDispatcher.launch (/home/devel/basset-hound-browser/node_modules/playwright-core/lib/server/dispatchers/electronDispatcher.js:38:33)
    at ProgressController.run (/home/devel/basset-hound-browser/node_modules/playwright-core/lib/server/progress.js:104:22)
    at ElectronDispatcher._runCommand (/home/devel/basset-hound-browser/node_modules/playwright-core/lib/server/dispatchers/dispatcher.js:91:14)
    at DispatcherConnection.dispatch (/home/devel/basset-hound-browser/node_modules/playwright-core/lib/server/dispatchers/dispatcher.js:325:22)</failure>
      <failure>electron.launch: Process failed to launch!
Call log:
  - &lt;launching&gt; /home/devel/basset-hound-browser/node_modules/electron/dist/electron -r /home/devel/basset-hound-browser/node_modules/playwright-core/lib/server/electron/loader.js --no-sandbox --inspect=0 --remote-debugging-port=0 /home/devel/basset-hound-browser
  - &lt;launched&gt; pid=499234
  - [pid=499234][err] /home/devel/basset-hound-browser/node_modules/electron/dist/electron: bad option: --no-sandbox
  - [pid=499234][err] /home/devel/basset-hound-browser/node_modules/electron/dist/electron: bad option: --remote-debugging-port=0
  - [pid=499234] &lt;kill&gt;
  - [pid=499234] &lt;will force kill&gt;
  - [pid=499234] &lt;process did exit: exitCode=9, signal=null&gt;
  - [pid=499234] starting temporary directories cleanup
  - [pid=499234] finished temporary directories cleanup

    at Object.&lt;anonymous&gt; (/home/devel/basset-hound-browser/tests/integration/evasion.test.js:95:19)</failure>
    </testcase>
    <testcase classname="Bot Detection Evasion Tests Timezone Intl.DateTimeFormat should return valid timezone" name="Bot Detection Evasion Tests Timezone Intl.DateTimeFormat should return valid timezone" time="0.034">
      <failure>Error: Process failed to launch!
    at waitForLine (/home/devel/basset-hound-browser/node_modules/playwright-core/lib/server/electron/electron.js:252:21)
    at Electron.launch (/home/devel/basset-hound-browser/node_modules/playwright-core/lib/server/electron/electron.js:200:32)
    at ElectronDispatcher.launch (/home/devel/basset-hound-browser/node_modules/playwright-core/lib/server/dispatchers/electronDispatcher.js:38:33)
    at ProgressController.run (/home/devel/basset-hound-browser/node_modules/playwright-core/lib/server/progress.js:104:22)
    at ElectronDispatcher._runCommand (/home/devel/basset-hound-browser/node_modules/playwright-core/lib/server/dispatchers/dispatcher.js:91:14)
    at DispatcherConnection.dispatch (/home/devel/basset-hound-browser/node_modules/playwright-core/lib/server/dispatchers/dispatcher.js:325:22)</failure>
      <failure>Error: Process failed to launch!
    at waitForLine (/home/devel/basset-hound-browser/node_modules/playwright-core/lib/server/electron/electron.js:252:21)
    at Electron.launch (/home/devel/basset-hound-browser/node_modules/playwright-core/lib/server/electron/electron.js:201:39)
    at ElectronDispatcher.launch (/home/devel/basset-hound-browser/node_modules/playwright-core/lib/server/dispatchers/electronDispatcher.js:38:33)
    at ProgressController.run (/home/devel/basset-hound-browser/node_modules/playwright-core/lib/server/progress.js:104:22)
    at ElectronDispatcher._runCommand (/home/devel/basset-hound-browser/node_modules/playwright-core/lib/server/dispatchers/dispatcher.js:91:14)
    at DispatcherConnection.dispatch (/home/devel/basset-hound-browser/node_modules/playwright-core/lib/server/dispatchers/dispatcher.js:325:22)</failure>
      <failure>Error: Process failed to launch!
    at waitForLine (/home/devel/basset-hound-browser/node_modules/playwright-core/lib/server/electron/electron.js:252:21)
    at Electron.launch (/home/devel/basset-hound-browser/node_modules/playwright-core/lib/server/electron/electron.js:188:33)
    at ElectronDispatcher.launch (/home/devel/basset-hound-browser/node_modules/playwright-core/lib/server/dispatchers/electronDispatcher.js:38:33)
    at ProgressController.run (/home/devel/basset-hound-browser/node_modules/playwright-core/lib/server/progress.js:104:22)
    at ElectronDispatcher._runCommand (/home/devel/basset-hound-browser/node_modules/playwright-core/lib/server/dispatchers/dispatcher.js:91:14)
    at DispatcherConnection.dispatch (/home/devel/basset-hound-browser/node_modules/playwright-core/lib/server/dispatchers/dispatcher.js:325:22)</failure>
      <failure>electron.launch: Process failed to launch!
Call log:
  - &lt;launching&gt; /home/devel/basset-hound-browser/node_modules/electron/dist/electron -r /home/devel/basset-hound-browser/node_modules/playwright-core/lib/server/electron/loader.js --no-sandbox --inspect=0 --remote-debugging-port=0 /home/devel/basset-hound-browser
  - &lt;launched&gt; pid=499236
  - [pid=499236][err] /home/devel/basset-hound-browser/node_modules/electron/dist/electron: bad option: --no-sandbox
  - [pid=499236][err] /home/devel/basset-hound-browser/node_modules/electron/dist/electron: bad option: --remote-debugging-port=0
  - [pid=499236] &lt;kill&gt;
  - [pid=499236] &lt;will force kill&gt;
  - [pid=499236] &lt;process did exit: exitCode=9, signal=null&gt;
  - [pid=499236] starting temporary directories cleanup
  - [pid=499236] finished temporary directories cleanup

    at Object.&lt;anonymous&gt; (/home/devel/basset-hound-browser/tests/integration/evasion.test.js:95:19)</failure>
    </testcase>
    <testcase classname="Bot Detection Evasion Tests Iframe Detection iframe contentWindow should have consistent navigator" name="Bot Detection Evasion Tests Iframe Detection iframe contentWindow should have consistent navigator" time="0.031">
      <failure>Error: Process failed to launch!
    at waitForLine (/home/devel/basset-hound-browser/node_modules/playwright-core/lib/server/electron/electron.js:252:21)
    at Electron.launch (/home/devel/basset-hound-browser/node_modules/playwright-core/lib/server/electron/electron.js:200:32)
    at ElectronDispatcher.launch (/home/devel/basset-hound-browser/node_modules/playwright-core/lib/server/dispatchers/electronDispatcher.js:38:33)
    at ProgressController.run (/home/devel/basset-hound-browser/node_modules/playwright-core/lib/server/progress.js:104:22)
    at ElectronDispatcher._runCommand (/home/devel/basset-hound-browser/node_modules/playwright-core/lib/server/dispatchers/dispatcher.js:91:14)
    at DispatcherConnection.dispatch (/home/devel/basset-hound-browser/node_modules/playwright-core/lib/server/dispatchers/dispatcher.js:325:22)</failure>
      <failure>Error: Process failed to launch!
    at waitForLine (/home/devel/basset-hound-browser/node_modules/playwright-core/lib/server/electron/electron.js:252:21)
    at Electron.launch (/home/devel/basset-hound-browser/node_modules/playwright-core/lib/server/electron/electron.js:201:39)
    at ElectronDispatcher.launch (/home/devel/basset-hound-browser/node_modules/playwright-core/lib/server/dispatchers/electronDispatcher.js:38:33)
    at ProgressController.run (/home/devel/basset-hound-browser/node_modules/playwright-core/lib/server/progress.js:104:22)
    at ElectronDispatcher._runCommand (/home/devel/basset-hound-browser/node_modules/playwright-core/lib/server/dispatchers/dispatcher.js:91:14)
    at DispatcherConnection.dispatch (/home/devel/basset-hound-browser/node_modules/playwright-core/lib/server/dispatchers/dispatcher.js:325:22)</failure>
      <failure>Error: Process failed to launch!
    at waitForLine (/home/devel/basset-hound-browser/node_modules/playwright-core/lib/server/electron/electron.js:252:21)
    at Electron.launch (/home/devel/basset-hound-browser/node_modules/playwright-core/lib/server/electron/electron.js:188:33)
    at ElectronDispatcher.launch (/home/devel/basset-hound-browser/node_modules/playwright-core/lib/server/dispatchers/electronDispatcher.js:38:33)
    at ProgressController.run (/home/devel/basset-hound-browser/node_modules/playwright-core/lib/server/progress.js:104:22)
    at ElectronDispatcher._runCommand (/home/devel/basset-hound-browser/node_modules/playwright-core/lib/server/dispatchers/dispatcher.js:91:14)
    at DispatcherConnection.dispatch (/home/devel/basset-hound-browser/node_modules/playwright-core/lib/server/dispatchers/dispatcher.js:325:22)</failure>
      <failure>electron.launch: Process failed to launch!
Call log:
  - &lt;launching&gt; /home/devel/basset-hound-browser/node_modules/electron/dist/electron -r /home/devel/basset-hound-browser/node_modules/playwright-core/lib/server/electron/loader.js --no-sandbox --inspect=0 --remote-debugging-port=0 /home/devel/basset-hound-browser
  - &lt;launched&gt; pid=499238
  - [pid=499238][err] /home/devel/basset-hound-browser/node_modules/electron/dist/electron: bad option: --no-sandbox
  - [pid=499238][err] /home/devel/basset-hound-browser/node_modules/electron/dist/electron: bad option: --remote-debugging-port=0
  - [pid=499238] &lt;kill&gt;
  - [pid=499238] &lt;will force kill&gt;
  - [pid=499238] &lt;process did exit: exitCode=9, signal=null&gt;
  - [pid=499238] starting temporary directories cleanup
  - [pid=499238] finished temporary directories cleanup

    at Object.&lt;anonymous&gt; (/home/devel/basset-hound-browser/tests/integration/evasion.test.js:95:19)</failure>
    </testcase>
    <testcase classname="Bot Detection Evasion Tests toString Checks navigator.plugins.toString should be native" name="Bot Detection Evasion Tests toString Checks navigator.plugins.toString should be native" time="0.032">
      <failure>Error: Process failed to launch!
    at waitForLine (/home/devel/basset-hound-browser/node_modules/playwright-core/lib/server/electron/electron.js:252:21)
    at Electron.launch (/home/devel/basset-hound-browser/node_modules/playwright-core/lib/server/electron/electron.js:200:32)
    at ElectronDispatcher.launch (/home/devel/basset-hound-browser/node_modules/playwright-core/lib/server/dispatchers/electronDispatcher.js:38:33)
    at ProgressController.run (/home/devel/basset-hound-browser/node_modules/playwright-core/lib/server/progress.js:104:22)
    at ElectronDispatcher._runCommand (/home/devel/basset-hound-browser/node_modules/playwright-core/lib/server/dispatchers/dispatcher.js:91:14)
    at DispatcherConnection.dispatch (/home/devel/basset-hound-browser/node_modules/playwright-core/lib/server/dispatchers/dispatcher.js:325:22)</failure>
      <failure>Error: Process failed to launch!
    at waitForLine (/home/devel/basset-hound-browser/node_modules/playwright-core/lib/server/electron/electron.js:252:21)
    at Electron.launch (/home/devel/basset-hound-browser/node_modules/playwright-core/lib/server/electron/electron.js:201:39)
    at ElectronDispatcher.launch (/home/devel/basset-hound-browser/node_modules/playwright-core/lib/server/dispatchers/electronDispatcher.js:38:33)
    at ProgressController.run (/home/devel/basset-hound-browser/node_modules/playwright-core/lib/server/progress.js:104:22)
    at ElectronDispatcher._runCommand (/home/devel/basset-hound-browser/node_modules/playwright-core/lib/server/dispatchers/dispatcher.js:91:14)
    at DispatcherConnection.dispatch (/home/devel/basset-hound-browser/node_modules/playwright-core/lib/server/dispatchers/dispatcher.js:325:22)</failure>
      <failure>Error: Process failed to launch!
    at waitForLine (/home/devel/basset-hound-browser/node_modules/playwright-core/lib/server/electron/electron.js:252:21)
    at Electron.launch (/home/devel/basset-hound-browser/node_modules/playwright-core/lib/server/electron/electron.js:188:33)
    at ElectronDispatcher.launch (/home/devel/basset-hound-browser/node_modules/playwright-core/lib/server/dispatchers/electronDispatcher.js:38:33)
    at ProgressController.run (/home/devel/basset-hound-browser/node_modules/playwright-core/lib/server/progress.js:104:22)
    at ElectronDispatcher._runCommand (/home/devel/basset-hound-browser/node_modules/playwright-core/lib/server/dispatchers/dispatcher.js:91:14)
    at DispatcherConnection.dispatch (/home/devel/basset-hound-browser/node_modules/playwright-core/lib/server/dispatchers/dispatcher.js:325:22)</failure>
      <failure>electron.launch: Process failed to launch!
Call log:
  - &lt;launching&gt; /home/devel/basset-hound-browser/node_modules/electron/dist/electron -r /home/devel/basset-hound-browser/node_modules/playwright-core/lib/server/electron/loader.js --no-sandbox --inspect=0 --remote-debugging-port=0 /home/devel/basset-hound-browser
  - &lt;launched&gt; pid=499240
  - [pid=499240][err] /home/devel/basset-hound-browser/node_modules/electron/dist/electron: bad option: --no-sandbox
  - [pid=499240][err] /home/devel/basset-hound-browser/node_modules/electron/dist/electron: bad option: --remote-debugging-port=0
  - [pid=499240] &lt;kill&gt;
  - [pid=499240] &lt;will force kill&gt;
  - [pid=499240] &lt;process did exit: exitCode=9, signal=null&gt;
  - [pid=499240] starting temporary directories cleanup
  - [pid=499240] finished temporary directories cleanup

    at Object.&lt;anonymous&gt; (/home/devel/basset-hound-browser/tests/integration/evasion.test.js:95:19)</failure>
    </testcase>
    <testcase classname="Bot Detection Evasion Tests toString Checks Function.prototype.toString should not be modified" name="Bot Detection Evasion Tests toString Checks Function.prototype.toString should not be modified" time="0.031">
      <failure>Error: Process failed to launch!
    at waitForLine (/home/devel/basset-hound-browser/node_modules/playwright-core/lib/server/electron/electron.js:252:21)
    at Electron.launch (/home/devel/basset-hound-browser/node_modules/playwright-core/lib/server/electron/electron.js:200:32)
    at ElectronDispatcher.launch (/home/devel/basset-hound-browser/node_modules/playwright-core/lib/server/dispatchers/electronDispatcher.js:38:33)
    at ProgressController.run (/home/devel/basset-hound-browser/node_modules/playwright-core/lib/server/progress.js:104:22)
    at ElectronDispatcher._runCommand (/home/devel/basset-hound-browser/node_modules/playwright-core/lib/server/dispatchers/dispatcher.js:91:14)
    at DispatcherConnection.dispatch (/home/devel/basset-hound-browser/node_modules/playwright-core/lib/server/dispatchers/dispatcher.js:325:22)</failure>
      <failure>Error: Process failed to launch!
    at waitForLine (/home/devel/basset-hound-browser/node_modules/playwright-core/lib/server/electron/electron.js:252:21)
    at Electron.launch (/home/devel/basset-hound-browser/node_modules/playwright-core/lib/server/electron/electron.js:201:39)
    at ElectronDispatcher.launch (/home/devel/basset-hound-browser/node_modules/playwright-core/lib/server/dispatchers/electronDispatcher.js:38:33)
    at ProgressController.run (/home/devel/basset-hound-browser/node_modules/playwright-core/lib/server/progress.js:104:22)
    at ElectronDispatcher._runCommand (/home/devel/basset-hound-browser/node_modules/playwright-core/lib/server/dispatchers/dispatcher.js:91:14)
    at DispatcherConnection.dispatch (/home/devel/basset-hound-browser/node_modules/playwright-core/lib/server/dispatchers/dispatcher.js:325:22)</failure>
      <failure>Error: Process failed to launch!
    at waitForLine (/home/devel/basset-hound-browser/node_modules/playwright-core/lib/server/electron/electron.js:252:21)
    at Electron.launch (/home/devel/basset-hound-browser/node_modules/playwright-core/lib/server/electron/electron.js:188:33)
    at ElectronDispatcher.launch (/home/devel/basset-hound-browser/node_modules/playwright-core/lib/server/dispatchers/electronDispatcher.js:38:33)
    at ProgressController.run (/home/devel/basset-hound-browser/node_modules/playwright-core/lib/server/progress.js:104:22)
    at ElectronDispatcher._runCommand (/home/devel/basset-hound-browser/node_modules/playwright-core/lib/server/dispatchers/dispatcher.js:91:14)
    at DispatcherConnection.dispatch (/home/devel/basset-hound-browser/node_modules/playwright-core/lib/server/dispatchers/dispatcher.js:325:22)</failure>
      <failure>electron.launch: Process failed to launch!
Call log:
  - &lt;launching&gt; /home/devel/basset-hound-browser/node_modules/electron/dist/electron -r /home/devel/basset-hound-browser/node_modules/playwright-core/lib/server/electron/loader.js --no-sandbox --inspect=0 --remote-debugging-port=0 /home/devel/basset-hound-browser
  - &lt;launched&gt; pid=499242
  - [pid=499242][err] /home/devel/basset-hound-browser/node_modules/electron/dist/electron: bad option: --no-sandbox
  - [pid=499242][err] /home/devel/basset-hound-browser/node_modules/electron/dist/electron: bad option: --remote-debugging-port=0
  - [pid=499242] &lt;kill&gt;
  - [pid=499242] &lt;will force kill&gt;
  - [pid=499242] &lt;process did exit: exitCode=9, signal=null&gt;
  - [pid=499242] starting temporary directories cleanup
  - [pid=499242] finished temporary directories cleanup

    at Object.&lt;anonymous&gt; (/home/devel/basset-hound-browser/tests/integration/evasion.test.js:95:19)</failure>
    </testcase>
    <testcase classname="Bot Detection Evasion Tests Consistency Checks all checks should pass consistently" name="Bot Detection Evasion Tests Consistency Checks all checks should pass consistently" time="0.031">
      <failure>Error: Process failed to launch!
    at waitForLine (/home/devel/basset-hound-browser/node_modules/playwright-core/lib/server/electron/electron.js:252:21)
    at Electron.launch (/home/devel/basset-hound-browser/node_modules/playwright-core/lib/server/electron/electron.js:200:32)
    at ElectronDispatcher.launch (/home/devel/basset-hound-browser/node_modules/playwright-core/lib/server/dispatchers/electronDispatcher.js:38:33)
    at ProgressController.run (/home/devel/basset-hound-browser/node_modules/playwright-core/lib/server/progress.js:104:22)
    at ElectronDispatcher._runCommand (/home/devel/basset-hound-browser/node_modules/playwright-core/lib/server/dispatchers/dispatcher.js:91:14)
    at DispatcherConnection.dispatch (/home/devel/basset-hound-browser/node_modules/playwright-core/lib/server/dispatchers/dispatcher.js:325:22)</failure>
      <failure>Error: Process failed to launch!
    at waitForLine (/home/devel/basset-hound-browser/node_modules/playwright-core/lib/server/electron/electron.js:252:21)
    at Electron.launch (/home/devel/basset-hound-browser/node_modules/playwright-core/lib/server/electron/electron.js:201:39)
    at ElectronDispatcher.launch (/home/devel/basset-hound-browser/node_modules/playwright-core/lib/server/dispatchers/electronDispatcher.js:38:33)
    at ProgressController.run (/home/devel/basset-hound-browser/node_modules/playwright-core/lib/server/progress.js:104:22)
    at ElectronDispatcher._runCommand (/home/devel/basset-hound-browser/node_modules/playwright-core/lib/server/dispatchers/dispatcher.js:91:14)
    at DispatcherConnection.dispatch (/home/devel/basset-hound-browser/node_modules/playwright-core/lib/server/dispatchers/dispatcher.js:325:22)</failure>
      <failure>Error: Process failed to launch!
    at waitForLine (/home/devel/basset-hound-browser/node_modules/playwright-core/lib/server/electron/electron.js:252:21)
    at Electron.launch (/home/devel/basset-hound-browser/node_modules/playwright-core/lib/server/electron/electron.js:188:33)
    at ElectronDispatcher.launch (/home/devel/basset-hound-browser/node_modules/playwright-core/lib/server/dispatchers/electronDispatcher.js:38:33)
    at ProgressController.run (/home/devel/basset-hound-browser/node_modules/playwright-core/lib/server/progress.js:104:22)
    at ElectronDispatcher._runCommand (/home/devel/basset-hound-browser/node_modules/playwright-core/lib/server/dispatchers/dispatcher.js:91:14)
    at DispatcherConnection.dispatch (/home/devel/basset-hound-browser/node_modules/playwright-core/lib/server/dispatchers/dispatcher.js:325:22)</failure>
      <failure>electron.launch: Process failed to launch!
Call log:
  - &lt;launching&gt; /home/devel/basset-hound-browser/node_modules/electron/dist/electron -r /home/devel/basset-hound-browser/node_modules/playwright-core/lib/server/electron/loader.js --no-sandbox --inspect=0 --remote-debugging-port=0 /home/devel/basset-hound-browser
  - &lt;launched&gt; pid=499244
  - [pid=499244][err] /home/devel/basset-hound-browser/node_modules/electron/dist/electron: bad option: --no-sandbox
  - [pid=499244][err] /home/devel/basset-hound-browser/node_modules/electron/dist/electron: bad option: --remote-debugging-port=0
  - [pid=499244] &lt;kill&gt;
  - [pid=499244] &lt;will force kill&gt;
  - [pid=499244] &lt;process did exit: exitCode=9, signal=null&gt;
  - [pid=499244] starting temporary directories cleanup
  - [pid=499244] finished temporary directories cleanup

    at Object.&lt;anonymous&gt; (/home/devel/basset-hound-browser/tests/integration/evasion.test.js:95:19)</failure>
    </testcase>
  </testsuite>
  <testsuite name="Residential Proxy Manager" errors="0" failures="0" skipped="0" timestamp="2026-05-11T06:16:44" time="1.733" tests="43">
    <testcase classname="Residential Proxy Manager Initialization should initialize with default options" name="Residential Proxy Manager Initialization should initialize with default options" time="0.001">
    </testcase>
    <testcase classname="Residential Proxy Manager Initialization should initialize with custom options" name="Residential Proxy Manager Initialization should initialize with custom options" time="0">
    </testcase>
    <testcase classname="Residential Proxy Manager Adding Proxies should add single proxy to pool" name="Residential Proxy Manager Adding Proxies should add single proxy to pool" time="0.001">
    </testcase>
    <testcase classname="Residential Proxy Manager Adding Proxies should reject proxy with invalid config" name="Residential Proxy Manager Adding Proxies should reject proxy with invalid config" time="0">
    </testcase>
    <testcase classname="Residential Proxy Manager Adding Proxies should reject proxy with invalid port" name="Residential Proxy Manager Adding Proxies should reject proxy with invalid port" time="0.001">
    </testcase>
    <testcase classname="Residential Proxy Manager Adding Proxies should add multiple proxies" name="Residential Proxy Manager Adding Proxies should add multiple proxies" time="0">
    </testcase>
    <testcase classname="Residential Proxy Manager Adding Proxies should track invalid proxies when adding multiple" name="Residential Proxy Manager Adding Proxies should track invalid proxies when adding multiple" time="0">
    </testcase>
    <testcase classname="Residential Proxy Manager Adding Proxies should generate unique proxy IDs" name="Residential Proxy Manager Adding Proxies should generate unique proxy IDs" time="0">
    </testcase>
    <testcase classname="Residential Proxy Manager Adding Proxies should add proxy with authentication" name="Residential Proxy Manager Adding Proxies should add proxy with authentication" time="0.001">
    </testcase>
    <testcase classname="Residential Proxy Manager Adding Proxies should add proxy with type specification" name="Residential Proxy Manager Adding Proxies should add proxy with type specification" time="0">
    </testcase>
    <testcase classname="Residential Proxy Manager Removing Proxies should remove proxy by ID" name="Residential Proxy Manager Removing Proxies should remove proxy by ID" time="0">
    </testcase>
    <testcase classname="Residential Proxy Manager Removing Proxies should fail when removing non-existent proxy" name="Residential Proxy Manager Removing Proxies should fail when removing non-existent proxy" time="0.001">
    </testcase>
    <testcase classname="Residential Proxy Manager Removing Proxies should clean up stats when removing proxy" name="Residential Proxy Manager Removing Proxies should clean up stats when removing proxy" time="0">
    </testcase>
    <testcase classname="Residential Proxy Manager Removing Proxies should adjust rotation index when removing" name="Residential Proxy Manager Removing Proxies should adjust rotation index when removing" time="0">
    </testcase>
    <testcase classname="Residential Proxy Manager Proxy Rotation - Round Robin should rotate through proxies sequentially" name="Residential Proxy Manager Proxy Rotation - Round Robin should rotate through proxies sequentially" time="0">
    </testcase>
    <testcase classname="Residential Proxy Manager Proxy Rotation - Round Robin should wrap around correctly" name="Residential Proxy Manager Proxy Rotation - Round Robin should wrap around correctly" time="0">
    </testcase>
    <testcase classname="Residential Proxy Manager Proxy Rotation - Random should return random proxies" name="Residential Proxy Manager Proxy Rotation - Random should return random proxies" time="0.001">
    </testcase>
    <testcase classname="Residential Proxy Manager Proxy Rotation - Random should handle single proxy" name="Residential Proxy Manager Proxy Rotation - Random should handle single proxy" time="0">
    </testcase>
    <testcase classname="Residential Proxy Manager Proxy Rotation - Performance should select best performing proxy" name="Residential Proxy Manager Proxy Rotation - Performance should select best performing proxy" time="0">
    </testcase>
    <testcase classname="Residential Proxy Manager Proxy Rotation - Performance should consider success rate in performance" name="Residential Proxy Manager Proxy Rotation - Performance should consider success rate in performance" time="0">
    </testcase>
    <testcase classname="Residential Proxy Manager Recording Results should record successful request" name="Residential Proxy Manager Recording Results should record successful request" time="0.001">
    </testcase>
    <testcase classname="Residential Proxy Manager Recording Results should record failed request" name="Residential Proxy Manager Recording Results should record failed request" time="0">
    </testcase>
    <testcase classname="Residential Proxy Manager Recording Results should calculate average latency" name="Residential Proxy Manager Recording Results should calculate average latency" time="0.001">
    </testcase>
    <testcase classname="Residential Proxy Manager Recording Results should accumulate statistics" name="Residential Proxy Manager Recording Results should accumulate statistics" time="0">
    </testcase>
    <testcase classname="Residential Proxy Manager Health Checking should check proxy health" name="Residential Proxy Manager Health Checking should check proxy health" time="0.627">
    </testcase>
    <testcase classname="Residential Proxy Manager Health Checking should return error for non-existent proxy" name="Residential Proxy Manager Health Checking should return error for non-existent proxy" time="0">
    </testcase>
    <testcase classname="Residential Proxy Manager Health Checking should update health stats on check" name="Residential Proxy Manager Health Checking should update health stats on check" time="0.975">
    </testcase>
    <testcase classname="Residential Proxy Manager Health Checking should start periodic health checking" name="Residential Proxy Manager Health Checking should start periodic health checking" time="0.001">
    </testcase>
    <testcase classname="Residential Proxy Manager Health Checking should stop health checking" name="Residential Proxy Manager Health Checking should stop health checking" time="0">
    </testcase>
    <testcase classname="Residential Proxy Manager Pool Status and Reporting should return pool status" name="Residential Proxy Manager Pool Status and Reporting should return pool status" time="0.001">
    </testcase>
    <testcase classname="Residential Proxy Manager Pool Status and Reporting should return performance report" name="Residential Proxy Manager Pool Status and Reporting should return performance report" time="0">
    </testcase>
    <testcase classname="Residential Proxy Manager Pool Status and Reporting should include healthy proxy count in status" name="Residential Proxy Manager Pool Status and Reporting should include healthy proxy count in status" time="0.001">
    </testcase>
    <testcase classname="Residential Proxy Manager Statistics Management should reset stats for single proxy" name="Residential Proxy Manager Statistics Management should reset stats for single proxy" time="0">
    </testcase>
    <testcase classname="Residential Proxy Manager Statistics Management should reset all stats" name="Residential Proxy Manager Statistics Management should reset all stats" time="0.001">
    </testcase>
    <testcase classname="Residential Proxy Manager Pool Management should get proxy count" name="Residential Proxy Manager Pool Management should get proxy count" time="0">
    </testcase>
    <testcase classname="Residential Proxy Manager Pool Management should clear entire pool" name="Residential Proxy Manager Pool Management should clear entire pool" time="0">
    </testcase>
    <testcase classname="Residential Proxy Manager Pool Management should reset index when clearing pool" name="Residential Proxy Manager Pool Management should reset index when clearing pool" time="0.001">
    </testcase>
    <testcase classname="Residential Proxy Manager Pool Management should handle empty pool gracefully" name="Residential Proxy Manager Pool Management should handle empty pool gracefully" time="0">
    </testcase>
    <testcase classname="Residential Proxy Manager Proxy Configuration Validation should validate required host" name="Residential Proxy Manager Proxy Configuration Validation should validate required host" time="0">
    </testcase>
    <testcase classname="Residential Proxy Manager Proxy Configuration Validation should validate required port" name="Residential Proxy Manager Proxy Configuration Validation should validate required port" time="0.001">
    </testcase>
    <testcase classname="Residential Proxy Manager Proxy Configuration Validation should validate proxy type" name="Residential Proxy Manager Proxy Configuration Validation should validate proxy type" time="0">
    </testcase>
    <testcase classname="Residential Proxy Manager Proxy Configuration Validation should validate authentication" name="Residential Proxy Manager Proxy Configuration Validation should validate authentication" time="0.001">
    </testcase>
    <testcase classname="Residential Proxy Manager Proxy Configuration Validation should accept valid configuration" name="Residential Proxy Manager Proxy Configuration Validation should accept valid configuration" time="0">
    </testcase>
  </testsuite>
  <testsuite name="Data Extraction Test Scenarios" errors="0" failures="21" skipped="0" timestamp="2026-05-11T06:16:45" time="0.128" tests="23">
    <testcase classname="Data Extraction Test Scenarios Full Page HTML Extraction should extract full HTML content" name="Data Extraction Test Scenarios Full Page HTML Extraction should extract full HTML content" time="0.001">
      <failure>TypeError: Cannot read properties of undefined (reading &apos;content&apos;)
    at Object.content (/home/devel/basset-hound-browser/tests/integration/scenarios/data-extraction.test.js:302:30)
    at processTicksAndRejections (node:internal/process/task_queues:95:5)</failure>
    </testcase>
    <testcase classname="Data Extraction Test Scenarios Text Content Extraction should extract text content" name="Data Extraction Test Scenarios Text Content Extraction should extract text content" time="0.001">
      <failure>TypeError: Cannot read properties of undefined (reading &apos;text&apos;)
    at Object.text (/home/devel/basset-hound-browser/tests/integration/scenarios/data-extraction.test.js:312:30)
    at processTicksAndRejections (node:internal/process/task_queues:95:5)</failure>
    </testcase>
    <testcase classname="Data Extraction Test Scenarios Selector-Based Extraction should extract by ID selector" name="Data Extraction Test Scenarios Selector-Based Extraction should extract by ID selector" time="0.001">
      <failure>TypeError: Cannot read properties of undefined (reading &apos;content&apos;)
    at Object.content (/home/devel/basset-hound-browser/tests/integration/scenarios/data-extraction.test.js:321:32)
    at processTicksAndRejections (node:internal/process/task_queues:95:5)</failure>
    </testcase>
    <testcase classname="Data Extraction Test Scenarios Selector-Based Extraction should extract by class selector" name="Data Extraction Test Scenarios Selector-Based Extraction should extract by class selector" time="0">
    </testcase>
    <testcase classname="Data Extraction Test Scenarios Selector-Based Extraction should extract nested content" name="Data Extraction Test Scenarios Selector-Based Extraction should extract nested content" time="0">
      <failure>TypeError: Cannot read properties of undefined (reading &apos;content&apos;)
    at Object.content (/home/devel/basset-hound-browser/tests/integration/scenarios/data-extraction.test.js:332:36)
    at processTicksAndRejections (node:internal/process/task_queues:95:5)</failure>
    </testcase>
    <testcase classname="Data Extraction Test Scenarios Element Attribute Extraction should extract ID attribute" name="Data Extraction Test Scenarios Element Attribute Extraction should extract ID attribute" time="0">
      <failure>TypeError: Cannot read properties of undefined (reading &apos;value&apos;)
    at Object.value (/home/devel/basset-hound-browser/tests/integration/scenarios/data-extraction.test.js:343:32)
    at processTicksAndRejections (node:internal/process/task_queues:95:5)</failure>
    </testcase>
    <testcase classname="Data Extraction Test Scenarios Element Attribute Extraction should extract class attribute" name="Data Extraction Test Scenarios Element Attribute Extraction should extract class attribute" time="0">
      <failure>TypeError: Cannot read properties of undefined (reading &apos;value&apos;)
    at Object.value (/home/devel/basset-hound-browser/tests/integration/scenarios/data-extraction.test.js:352:35)
    at processTicksAndRejections (node:internal/process/task_queues:95:5)</failure>
    </testcase>
    <testcase classname="Data Extraction Test Scenarios Element Attribute Extraction should extract data attribute" name="Data Extraction Test Scenarios Element Attribute Extraction should extract data attribute" time="0.003">
      <failure>TypeError: Cannot read properties of undefined (reading &apos;value&apos;)
    at Object.value (/home/devel/basset-hound-browser/tests/integration/scenarios/data-extraction.test.js:361:34)
    at processTicksAndRejections (node:internal/process/task_queues:95:5)</failure>
    </testcase>
    <testcase classname="Data Extraction Test Scenarios Multiple Elements Extraction should extract list items" name="Data Extraction Test Scenarios Multiple Elements Extraction should extract list items" time="0">
      <failure>TypeError: Cannot read properties of undefined (reading &apos;count&apos;)
    at Object.count (/home/devel/basset-hound-browser/tests/integration/scenarios/data-extraction.test.js:371:34)
    at processTicksAndRejections (node:internal/process/task_queues:95:5)</failure>
    </testcase>
    <testcase classname="Data Extraction Test Scenarios Multiple Elements Extraction should extract links" name="Data Extraction Test Scenarios Multiple Elements Extraction should extract links" time="0">
      <failure>TypeError: Cannot read properties of undefined (reading &apos;count&apos;)
    at Object.count (/home/devel/basset-hound-browser/tests/integration/scenarios/data-extraction.test.js:379:35)
    at processTicksAndRejections (node:internal/process/task_queues:95:5)</failure>
    </testcase>
    <testcase classname="Data Extraction Test Scenarios Table Data Extraction should extract table structure" name="Data Extraction Test Scenarios Table Data Extraction should extract table structure" time="0.001">
      <failure>TypeError: Cannot read properties of undefined (reading &apos;headers&apos;)
    at Object.headers (/home/devel/basset-hound-browser/tests/integration/scenarios/data-extraction.test.js:390:30)
    at processTicksAndRejections (node:internal/process/task_queues:95:5)</failure>
    </testcase>
    <testcase classname="Data Extraction Test Scenarios Table Data Extraction should format table data correctly" name="Data Extraction Test Scenarios Table Data Extraction should format table data correctly" time="0">
      <failure>TypeError: Cannot read properties of undefined (reading &apos;data&apos;)
    at Object.data (/home/devel/basset-hound-browser/tests/integration/scenarios/data-extraction.test.js:399:30)
    at processTicksAndRejections (node:internal/process/task_queues:95:5)</failure>
    </testcase>
    <testcase classname="Data Extraction Test Scenarios Link Extraction should extract absolute URLs" name="Data Extraction Test Scenarios Link Extraction should extract absolute URLs" time="0">
      <failure>TypeError: Cannot read properties of undefined (reading &apos;count&apos;)
    at Object.count (/home/devel/basset-hound-browser/tests/integration/scenarios/data-extraction.test.js:410:38)
    at processTicksAndRejections (node:internal/process/task_queues:95:5)</failure>
    </testcase>
    <testcase classname="Data Extraction Test Scenarios Link Extraction should extract relative URLs" name="Data Extraction Test Scenarios Link Extraction should extract relative URLs" time="0">
      <failure>TypeError: Cannot read properties of undefined (reading &apos;links&apos;)
    at Object.links (/home/devel/basset-hound-browser/tests/integration/scenarios/data-extraction.test.js:419:38)
    at processTicksAndRejections (node:internal/process/task_queues:95:5)</failure>
    </testcase>
    <testcase classname="Data Extraction Test Scenarios Script-Based Extraction should extract title via script" name="Data Extraction Test Scenarios Script-Based Extraction should extract title via script" time="0.001">
      <failure>Error: expect(received).toBe(expected) // Object.is equality

Expected: &quot;Test Page&quot;
Received: undefined
    at Object.toBe (/home/devel/basset-hound-browser/tests/integration/scenarios/data-extraction.test.js:429:43)
    at processTicksAndRejections (node:internal/process/task_queues:95:5)</failure>
    </testcase>
    <testcase classname="Data Extraction Test Scenarios Script-Based Extraction should extract multiple items via script" name="Data Extraction Test Scenarios Script-Based Extraction should extract multiple items via script" time="0.001">
      <failure>Error: expect(received).toBe(expected) // Object.is equality

Expected: true
Received: false
    at Object.toBe (/home/devel/basset-hound-browser/tests/integration/scenarios/data-extraction.test.js:437:58)
    at processTicksAndRejections (node:internal/process/task_queues:95:5)</failure>
    </testcase>
    <testcase classname="Data Extraction Test Scenarios Structured Data Extraction should extract JSON-LD and Open Graph data" name="Data Extraction Test Scenarios Structured Data Extraction should extract JSON-LD and Open Graph data" time="0">
      <failure>TypeError: Cannot read properties of undefined (reading &apos;jsonLd&apos;)
    at Object.jsonLd (/home/devel/basset-hound-browser/tests/integration/scenarios/data-extraction.test.js:446:30)
    at processTicksAndRejections (node:internal/process/task_queues:95:5)</failure>
    </testcase>
    <testcase classname="Data Extraction Test Scenarios Structured Data Extraction should format JSON-LD data correctly" name="Data Extraction Test Scenarios Structured Data Extraction should format JSON-LD data correctly" time="0">
      <failure>TypeError: Cannot read properties of undefined (reading &apos;jsonLd&apos;)
    at Object.jsonLd (/home/devel/basset-hound-browser/tests/integration/scenarios/data-extraction.test.js:453:30)
    at processTicksAndRejections (node:internal/process/task_queues:95:5)</failure>
    </testcase>
    <testcase classname="Data Extraction Test Scenarios Structured Data Extraction should format Open Graph data correctly" name="Data Extraction Test Scenarios Structured Data Extraction should format Open Graph data correctly" time="0">
      <failure>TypeError: Cannot read properties of undefined (reading &apos;openGraph&apos;)
    at Object.openGraph (/home/devel/basset-hound-browser/tests/integration/scenarios/data-extraction.test.js:459:30)
    at processTicksAndRejections (node:internal/process/task_queues:95:5)</failure>
    </testcase>
    <testcase classname="Data Extraction Test Scenarios Page State Extraction should extract page state" name="Data Extraction Test Scenarios Page State Extraction should extract page state" time="0">
      <failure>TypeError: Cannot read properties of undefined (reading &apos;url&apos;)
    at Object.url (/home/devel/basset-hound-browser/tests/integration/scenarios/data-extraction.test.js:468:30)
    at processTicksAndRejections (node:internal/process/task_queues:95:5)</failure>
    </testcase>
    <testcase classname="Data Extraction Test Scenarios Page State Extraction should include link data in page state" name="Data Extraction Test Scenarios Page State Extraction should include link data in page state" time="0.001">
      <failure>TypeError: Cannot read properties of undefined (reading &apos;links&apos;)
    at Object.links (/home/devel/basset-hound-browser/tests/integration/scenarios/data-extraction.test.js:476:30)
    at processTicksAndRejections (node:internal/process/task_queues:95:5)</failure>
    </testcase>
    <testcase classname="Data Extraction Test Scenarios JSON Data Extraction should extract and parse JSON data" name="Data Extraction Test Scenarios JSON Data Extraction should extract and parse JSON data" time="0.002">
      <failure>Error: expect(received).toBe(expected) // Object.is equality

Expected: &quot;object&quot;
Received: &quot;undefined&quot;
    at Object.toBe (/home/devel/basset-hound-browser/tests/integration/scenarios/data-extraction.test.js:487:45)
    at processTicksAndRejections (node:internal/process/task_queues:95:5)</failure>
    </testcase>
    <testcase classname="Data Extraction Test Scenarios Complete Extraction Flow should complete full extraction workflow" name="Data Extraction Test Scenarios Complete Extraction Flow should complete full extraction workflow" time="0.001">
    </testcase>
  </testsuite>
  <testsuite name="Form Filling Test Scenarios" errors="0" failures="15" skipped="0" timestamp="2026-05-11T06:16:45" time="0.176" tests="24">
    <testcase classname="Form Filling Test Scenarios Form Detection should detect forms on page" name="Form Filling Test Scenarios Form Detection should detect forms on page" time="0.002">
      <failure>TypeError: Cannot read properties of undefined (reading &apos;forms&apos;)
    at Object.forms (/home/devel/basset-hound-browser/tests/integration/scenarios/form-filling.test.js:256:30)
    at processTicksAndRejections (node:internal/process/task_queues:95:5)</failure>
    </testcase>
    <testcase classname="Form Filling Test Scenarios Form Detection should find login form with fields" name="Form Filling Test Scenarios Form Detection should find login form with fields" time="0">
      <failure>TypeError: Cannot read properties of undefined (reading &apos;forms&apos;)
    at Object.forms (/home/devel/basset-hound-browser/tests/integration/scenarios/form-filling.test.js:262:41)
    at processTicksAndRejections (node:internal/process/task_queues:95:5)</failure>
    </testcase>
    <testcase classname="Form Filling Test Scenarios Form Detection should find contact form" name="Form Filling Test Scenarios Form Detection should find contact form" time="0">
      <failure>TypeError: Cannot read properties of undefined (reading &apos;forms&apos;)
    at Object.forms (/home/devel/basset-hound-browser/tests/integration/scenarios/form-filling.test.js:270:43)
    at processTicksAndRejections (node:internal/process/task_queues:95:5)</failure>
    </testcase>
    <testcase classname="Form Filling Test Scenarios Basic Form Filling should fill form fields" name="Form Filling Test Scenarios Basic Form Filling should fill form fields" time="0.001">
      <failure>TypeError: Cannot read properties of undefined (reading &apos;filled&apos;)
    at Object.filled (/home/devel/basset-hound-browser/tests/integration/scenarios/form-filling.test.js:286:30)
    at processTicksAndRejections (node:internal/process/task_queues:95:5)</failure>
    </testcase>
    <testcase classname="Form Filling Test Scenarios Basic Form Filling should track filled fields in state" name="Form Filling Test Scenarios Basic Form Filling should track filled fields in state" time="0.001">
    </testcase>
    <testcase classname="Form Filling Test Scenarios Form Fill with Submit should fill and submit form" name="Form Filling Test Scenarios Form Fill with Submit should fill and submit form" time="0.001">
      <failure>TypeError: Cannot read properties of undefined (reading &apos;submitted&apos;)
    at Object.submitted (/home/devel/basset-hound-browser/tests/integration/scenarios/form-filling.test.js:314:30)
    at processTicksAndRejections (node:internal/process/task_queues:95:5)</failure>
    </testcase>
    <testcase classname="Form Filling Test Scenarios Form Fill with Submit should record submission in state" name="Form Filling Test Scenarios Form Fill with Submit should record submission in state" time="0.001">
    </testcase>
    <testcase classname="Form Filling Test Scenarios Auto-Fill with Template Data should auto-fill form with template data" name="Form Filling Test Scenarios Auto-Fill with Template Data should auto-fill form with template data" time="0.001">
      <failure>TypeError: Cannot read properties of undefined (reading &apos;filledCount&apos;)
    at Object.filledCount (/home/devel/basset-hound-browser/tests/integration/scenarios/form-filling.test.js:350:30)
    at processTicksAndRejections (node:internal/process/task_queues:95:5)</failure>
    </testcase>
    <testcase classname="Form Filling Test Scenarios Select Dropdown Filling should fill select by value" name="Form Filling Test Scenarios Select Dropdown Filling should fill select by value" time="0.001">
      <failure>TypeError: Cannot read properties of undefined (reading &apos;selectedValue&apos;)
    at Object.selectedValue (/home/devel/basset-hound-browser/tests/integration/scenarios/form-filling.test.js:361:29)
    at processTicksAndRejections (node:internal/process/task_queues:95:5)</failure>
    </testcase>
    <testcase classname="Form Filling Test Scenarios Select Dropdown Filling should fill select by text" name="Form Filling Test Scenarios Select Dropdown Filling should fill select by text" time="0.001">
    </testcase>
    <testcase classname="Form Filling Test Scenarios Checkbox and Radio Filling should check a checkbox" name="Form Filling Test Scenarios Checkbox and Radio Filling should check a checkbox" time="0.001">
      <failure>TypeError: Cannot read properties of undefined (reading &apos;checked&apos;)
    at Object.checked (/home/devel/basset-hound-browser/tests/integration/scenarios/form-filling.test.js:381:35)
    at processTicksAndRejections (node:internal/process/task_queues:95:5)</failure>
    </testcase>
    <testcase classname="Form Filling Test Scenarios Checkbox and Radio Filling should uncheck a checkbox" name="Form Filling Test Scenarios Checkbox and Radio Filling should uncheck a checkbox" time="0.001">
    </testcase>
    <testcase classname="Form Filling Test Scenarios Checkbox and Radio Filling should select a radio option" name="Form Filling Test Scenarios Checkbox and Radio Filling should select a radio option" time="0.001">
      <failure>TypeError: Cannot read properties of undefined (reading &apos;selectedValue&apos;)
    at Object.selectedValue (/home/devel/basset-hound-browser/tests/integration/scenarios/form-filling.test.js:398:35)
    at processTicksAndRejections (node:internal/process/task_queues:95:5)</failure>
    </testcase>
    <testcase classname="Form Filling Test Scenarios Date Input Filling should fill date input" name="Form Filling Test Scenarios Date Input Filling should fill date input" time="0.001">
      <failure>TypeError: Cannot read properties of undefined (reading &apos;date&apos;)
    at Object.date (/home/devel/basset-hound-browser/tests/integration/scenarios/form-filling.test.js:411:30)
    at processTicksAndRejections (node:internal/process/task_queues:95:5)</failure>
    </testcase>
    <testcase classname="Form Filling Test Scenarios Date Input Filling should track date field in state" name="Form Filling Test Scenarios Date Input Filling should track date field in state" time="0.001">
    </testcase>
    <testcase classname="Form Filling Test Scenarios Form Submission should submit by clicking button" name="Form Filling Test Scenarios Form Submission should submit by clicking button" time="0.001">
      <failure>TypeError: Cannot read properties of undefined (reading &apos;submitted&apos;)
    at Object.submitted (/home/devel/basset-hound-browser/tests/integration/scenarios/form-filling.test.js:436:33)
    at processTicksAndRejections (node:internal/process/task_queues:95:5)</failure>
    </testcase>
    <testcase classname="Form Filling Test Scenarios Form Submission should submit programmatically" name="Form Filling Test Scenarios Form Submission should submit programmatically" time="0">
    </testcase>
    <testcase classname="Form Filling Test Scenarios Form Submission should track both submissions" name="Form Filling Test Scenarios Form Submission should track both submissions" time="0.001">
    </testcase>
    <testcase classname="Form Filling Test Scenarios Form Validation should report valid form" name="Form Filling Test Scenarios Form Validation should report valid form" time="0.001">
      <failure>TypeError: Cannot read properties of undefined (reading &apos;isValid&apos;)
    at Object.isValid (/home/devel/basset-hound-browser/tests/integration/scenarios/form-filling.test.js:469:35)
    at processTicksAndRejections (node:internal/process/task_queues:95:5)</failure>
    </testcase>
    <testcase classname="Form Filling Test Scenarios Form Validation should detect validation errors" name="Form Filling Test Scenarios Form Validation should detect validation errors" time="0">
      <failure>TypeError: Cannot read properties of undefined (reading &apos;isValid&apos;)
    at Object.isValid (/home/devel/basset-hound-browser/tests/integration/scenarios/form-filling.test.js:483:37)
    at processTicksAndRejections (node:internal/process/task_queues:95:5)</failure>
    </testcase>
    <testcase classname="Form Filling Test Scenarios Multi-Step Form Navigation should detect multi-step form" name="Form Filling Test Scenarios Multi-Step Form Navigation should detect multi-step form" time="0">
      <failure>TypeError: Cannot read properties of undefined (reading &apos;isMultiStep&apos;)
    at Object.isMultiStep (/home/devel/basset-hound-browser/tests/integration/scenarios/form-filling.test.js:494:34)
    at processTicksAndRejections (node:internal/process/task_queues:95:5)</failure>
    </testcase>
    <testcase classname="Form Filling Test Scenarios Multi-Step Form Navigation should navigate to next step" name="Form Filling Test Scenarios Multi-Step Form Navigation should navigate to next step" time="0.001">
      <failure>TypeError: Cannot read properties of undefined (reading &apos;currentStep&apos;)
    at Object.currentStep (/home/devel/basset-hound-browser/tests/integration/scenarios/form-filling.test.js:504:34)
    at processTicksAndRejections (node:internal/process/task_queues:95:5)</failure>
    </testcase>
    <testcase classname="Form Filling Test Scenarios Multi-Step Form Navigation should navigate to previous step" name="Form Filling Test Scenarios Multi-Step Form Navigation should navigate to previous step" time="0">
    </testcase>
    <testcase classname="Form Filling Test Scenarios Complete Form Flow should complete full form workflow" name="Form Filling Test Scenarios Complete Form Flow should complete full form workflow" time="0.004">
    </testcase>
  </testsuite>
  <testsuite name="Automation Integration Tests" errors="0" failures="55" skipped="0" timestamp="2026-05-11T06:16:43" time="2.559" tests="55">
    <testcase classname="Automation Integration Tests Click Commands should click element by selector" name="Automation Integration Tests Click Commands should click element by selector" time="0.043">
      <failure>Error: Process failed to launch!
    at waitForLine (/home/devel/basset-hound-browser/node_modules/playwright-core/lib/server/electron/electron.js:252:21)
    at Electron.launch (/home/devel/basset-hound-browser/node_modules/playwright-core/lib/server/electron/electron.js:200:32)
    at ElectronDispatcher.launch (/home/devel/basset-hound-browser/node_modules/playwright-core/lib/server/dispatchers/electronDispatcher.js:38:33)
    at ProgressController.run (/home/devel/basset-hound-browser/node_modules/playwright-core/lib/server/progress.js:104:22)
    at ElectronDispatcher._runCommand (/home/devel/basset-hound-browser/node_modules/playwright-core/lib/server/dispatchers/dispatcher.js:91:14)
    at DispatcherConnection.dispatch (/home/devel/basset-hound-browser/node_modules/playwright-core/lib/server/dispatchers/dispatcher.js:325:22)</failure>
      <failure>Error: Process failed to launch!
    at waitForLine (/home/devel/basset-hound-browser/node_modules/playwright-core/lib/server/electron/electron.js:252:21)
    at Electron.launch (/home/devel/basset-hound-browser/node_modules/playwright-core/lib/server/electron/electron.js:201:39)
    at ElectronDispatcher.launch (/home/devel/basset-hound-browser/node_modules/playwright-core/lib/server/dispatchers/electronDispatcher.js:38:33)
    at ProgressController.run (/home/devel/basset-hound-browser/node_modules/playwright-core/lib/server/progress.js:104:22)
    at ElectronDispatcher._runCommand (/home/devel/basset-hound-browser/node_modules/playwright-core/lib/server/dispatchers/dispatcher.js:91:14)
    at DispatcherConnection.dispatch (/home/devel/basset-hound-browser/node_modules/playwright-core/lib/server/dispatchers/dispatcher.js:325:22)</failure>
      <failure>Error: Process failed to launch!
    at waitForLine (/home/devel/basset-hound-browser/node_modules/playwright-core/lib/server/electron/electron.js:252:21)
    at Electron.launch (/home/devel/basset-hound-browser/node_modules/playwright-core/lib/server/electron/electron.js:188:33)
    at ElectronDispatcher.launch (/home/devel/basset-hound-browser/node_modules/playwright-core/lib/server/dispatchers/electronDispatcher.js:38:33)
    at ProgressController.run (/home/devel/basset-hound-browser/node_modules/playwright-core/lib/server/progress.js:104:22)
    at ElectronDispatcher._runCommand (/home/devel/basset-hound-browser/node_modules/playwright-core/lib/server/dispatchers/dispatcher.js:91:14)
    at DispatcherConnection.dispatch (/home/devel/basset-hound-browser/node_modules/playwright-core/lib/server/dispatchers/dispatcher.js:325:22)</failure>
      <failure>electron.launch: Process failed to launch!
Call log:
  - &lt;launching&gt; /home/devel/basset-hound-browser/node_modules/electron/dist/electron -r /home/devel/basset-hound-browser/node_modules/playwright-core/lib/server/electron/loader.js --no-sandbox --inspect=0 --remote-debugging-port=0 /home/devel/basset-hound-browser
  - &lt;launched&gt; pid=499123
  - [pid=499123][err] /home/devel/basset-hound-browser/node_modules/electron/dist/electron: bad option: --no-sandbox
  - [pid=499123][err] /home/devel/basset-hound-browser/node_modules/electron/dist/electron: bad option: --remote-debugging-port=0
  - [pid=499123] &lt;kill&gt;
  - [pid=499123] &lt;will force kill&gt;
  - [pid=499123] &lt;process did exit: exitCode=9, signal=null&gt;
  - [pid=499123] starting temporary directories cleanup
  - [pid=499123] finished temporary directories cleanup

    at Object.&lt;anonymous&gt; (/home/devel/basset-hound-browser/tests/integration/automation.test.js:86:19)</failure>
    </testcase>
    <testcase classname="Automation Integration Tests Click Commands should click with humanize option" name="Automation Integration Tests Click Commands should click with humanize option" time="0.037">
      <failure>Error: Process failed to launch!
    at waitForLine (/home/devel/basset-hound-browser/node_modules/playwright-core/lib/server/electron/electron.js:252:21)
    at Electron.launch (/home/devel/basset-hound-browser/node_modules/playwright-core/lib/server/electron/electron.js:200:32)
    at ElectronDispatcher.launch (/home/devel/basset-hound-browser/node_modules/playwright-core/lib/server/dispatchers/electronDispatcher.js:38:33)
    at ProgressController.run (/home/devel/basset-hound-browser/node_modules/playwright-core/lib/server/progress.js:104:22)
    at ElectronDispatcher._runCommand (/home/devel/basset-hound-browser/node_modules/playwright-core/lib/server/dispatchers/dispatcher.js:91:14)
    at DispatcherConnection.dispatch (/home/devel/basset-hound-browser/node_modules/playwright-core/lib/server/dispatchers/dispatcher.js:325:22)</failure>
      <failure>Error: Process failed to launch!
    at waitForLine (/home/devel/basset-hound-browser/node_modules/playwright-core/lib/server/electron/electron.js:252:21)
    at Electron.launch (/home/devel/basset-hound-browser/node_modules/playwright-core/lib/server/electron/electron.js:201:39)
    at ElectronDispatcher.launch (/home/devel/basset-hound-browser/node_modules/playwright-core/lib/server/dispatchers/electronDispatcher.js:38:33)
    at ProgressController.run (/home/devel/basset-hound-browser/node_modules/playwright-core/lib/server/progress.js:104:22)
    at ElectronDispatcher._runCommand (/home/devel/basset-hound-browser/node_modules/playwright-core/lib/server/dispatchers/dispatcher.js:91:14)
    at DispatcherConnection.dispatch (/home/devel/basset-hound-browser/node_modules/playwright-core/lib/server/dispatchers/dispatcher.js:325:22)</failure>
      <failure>Error: Process failed to launch!
    at waitForLine (/home/devel/basset-hound-browser/node_modules/playwright-core/lib/server/electron/electron.js:252:21)
    at Electron.launch (/home/devel/basset-hound-browser/node_modules/playwright-core/lib/server/electron/electron.js:188:33)
    at ElectronDispatcher.launch (/home/devel/basset-hound-browser/node_modules/playwright-core/lib/server/dispatchers/electronDispatcher.js:38:33)
    at ProgressController.run (/home/devel/basset-hound-browser/node_modules/playwright-core/lib/server/progress.js:104:22)
    at ElectronDispatcher._runCommand (/home/devel/basset-hound-browser/node_modules/playwright-core/lib/server/dispatchers/dispatcher.js:91:14)
    at DispatcherConnection.dispatch (/home/devel/basset-hound-browser/node_modules/playwright-core/lib/server/dispatchers/dispatcher.js:325:22)</failure>
      <failure>electron.launch: Process failed to launch!
Call log:
  - &lt;launching&gt; /home/devel/basset-hound-browser/node_modules/electron/dist/electron -r /home/devel/basset-hound-browser/node_modules/playwright-core/lib/server/electron/loader.js --no-sandbox --inspect=0 --remote-debugging-port=0 /home/devel/basset-hound-browser
  - &lt;launched&gt; pid=499125
  - [pid=499125][err] /home/devel/basset-hound-browser/node_modules/electron/dist/electron: bad option: --no-sandbox
  - [pid=499125][err] /home/devel/basset-hound-browser/node_modules/electron/dist/electron: bad option: --remote-debugging-port=0
  - [pid=499125] &lt;kill&gt;
  - [pid=499125] &lt;will force kill&gt;
  - [pid=499125] &lt;process did exit: exitCode=9, signal=null&gt;
  - [pid=499125] starting temporary directories cleanup
  - [pid=499125] finished temporary directories cleanup

    at Object.&lt;anonymous&gt; (/home/devel/basset-hound-browser/tests/integration/automation.test.js:86:19)</failure>
    </testcase>
    <testcase classname="Automation Integration Tests Click Commands should fail for non-existent element" name="Automation Integration Tests Click Commands should fail for non-existent element" time="0.034">
      <failure>Error: Process failed to launch!
    at waitForLine (/home/devel/basset-hound-browser/node_modules/playwright-core/lib/server/electron/electron.js:252:21)
    at Electron.launch (/home/devel/basset-hound-browser/node_modules/playwright-core/lib/server/electron/electron.js:200:32)
    at ElectronDispatcher.launch (/home/devel/basset-hound-browser/node_modules/playwright-core/lib/server/dispatchers/electronDispatcher.js:38:33)
    at ProgressController.run (/home/devel/basset-hound-browser/node_modules/playwright-core/lib/server/progress.js:104:22)
    at ElectronDispatcher._runCommand (/home/devel/basset-hound-browser/node_modules/playwright-core/lib/server/dispatchers/dispatcher.js:91:14)
    at DispatcherConnection.dispatch (/home/devel/basset-hound-browser/node_modules/playwright-core/lib/server/dispatchers/dispatcher.js:325:22)</failure>
      <failure>Error: Process failed to launch!
    at waitForLine (/home/devel/basset-hound-browser/node_modules/playwright-core/lib/server/electron/electron.js:252:21)
    at Electron.launch (/home/devel/basset-hound-browser/node_modules/playwright-core/lib/server/electron/electron.js:201:39)
    at ElectronDispatcher.launch (/home/devel/basset-hound-browser/node_modules/playwright-core/lib/server/dispatchers/electronDispatcher.js:38:33)
    at ProgressController.run (/home/devel/basset-hound-browser/node_modules/playwright-core/lib/server/progress.js:104:22)
    at ElectronDispatcher._runCommand (/home/devel/basset-hound-browser/node_modules/playwright-core/lib/server/dispatchers/dispatcher.js:91:14)
    at DispatcherConnection.dispatch (/home/devel/basset-hound-browser/node_modules/playwright-core/lib/server/dispatchers/dispatcher.js:325:22)</failure>
      <failure>Error: Process failed to launch!
    at waitForLine (/home/devel/basset-hound-browser/node_modules/playwright-core/lib/server/electron/electron.js:252:21)
    at Electron.launch (/home/devel/basset-hound-browser/node_modules/playwright-core/lib/server/electron/electron.js:188:33)
    at ElectronDispatcher.launch (/home/devel/basset-hound-browser/node_modules/playwright-core/lib/server/dispatchers/electronDispatcher.js:38:33)
    at ProgressController.run (/home/devel/basset-hound-browser/node_modules/playwright-core/lib/server/progress.js:104:22)
    at ElectronDispatcher._runCommand (/home/devel/basset-hound-browser/node_modules/playwright-core/lib/server/dispatchers/dispatcher.js:91:14)
    at DispatcherConnection.dispatch (/home/devel/basset-hound-browser/node_modules/playwright-core/lib/server/dispatchers/dispatcher.js:325:22)</failure>
      <failure>electron.launch: Process failed to launch!
Call log:
  - &lt;launching&gt; /home/devel/basset-hound-browser/node_modules/electron/dist/electron -r /home/devel/basset-hound-browser/node_modules/playwright-core/lib/server/electron/loader.js --no-sandbox --inspect=0 --remote-debugging-port=0 /home/devel/basset-hound-browser
  - &lt;launched&gt; pid=499127
  - [pid=499127][err] /home/devel/basset-hound-browser/node_modules/electron/dist/electron: bad option: --no-sandbox
  - [pid=499127][err] /home/devel/basset-hound-browser/node_modules/electron/dist/electron: bad option: --remote-debugging-port=0
  - [pid=499127] &lt;kill&gt;
  - [pid=499127] &lt;will force kill&gt;
  - [pid=499127] &lt;process did exit: exitCode=9, signal=null&gt;
  - [pid=499127] starting temporary directories cleanup
  - [pid=499127] finished temporary directories cleanup

    at Object.&lt;anonymous&gt; (/home/devel/basset-hound-browser/tests/integration/automation.test.js:86:19)</failure>
    </testcase>
    <testcase classname="Automation Integration Tests Click Commands should click and update element state" name="Automation Integration Tests Click Commands should click and update element state" time="0.035">
      <failure>Error: Process failed to launch!
    at waitForLine (/home/devel/basset-hound-browser/node_modules/playwright-core/lib/server/electron/electron.js:252:21)
    at Electron.launch (/home/devel/basset-hound-browser/node_modules/playwright-core/lib/server/electron/electron.js:200:32)
    at ElectronDispatcher.launch (/home/devel/basset-hound-browser/node_modules/playwright-core/lib/server/dispatchers/electronDispatcher.js:38:33)
    at ProgressController.run (/home/devel/basset-hound-browser/node_modules/playwright-core/lib/server/progress.js:104:22)
    at ElectronDispatcher._runCommand (/home/devel/basset-hound-browser/node_modules/playwright-core/lib/server/dispatchers/dispatcher.js:91:14)
    at DispatcherConnection.dispatch (/home/devel/basset-hound-browser/node_modules/playwright-core/lib/server/dispatchers/dispatcher.js:325:22)</failure>
      <failure>Error: Process failed to launch!
    at waitForLine (/home/devel/basset-hound-browser/node_modules/playwright-core/lib/server/electron/electron.js:252:21)
    at Electron.launch (/home/devel/basset-hound-browser/node_modules/playwright-core/lib/server/electron/electron.js:201:39)
    at ElectronDispatcher.launch (/home/devel/basset-hound-browser/node_modules/playwright-core/lib/server/dispatchers/electronDispatcher.js:38:33)
    at ProgressController.run (/home/devel/basset-hound-browser/node_modules/playwright-core/lib/server/progress.js:104:22)
    at ElectronDispatcher._runCommand (/home/devel/basset-hound-browser/node_modules/playwright-core/lib/server/dispatchers/dispatcher.js:91:14)
    at DispatcherConnection.dispatch (/home/devel/basset-hound-browser/node_modules/playwright-core/lib/server/dispatchers/dispatcher.js:325:22)</failure>
      <failure>Error: Process failed to launch!
    at waitForLine (/home/devel/basset-hound-browser/node_modules/playwright-core/lib/server/electron/electron.js:252:21)
    at Electron.launch (/home/devel/basset-hound-browser/node_modules/playwright-core/lib/server/electron/electron.js:188:33)
    at ElectronDispatcher.launch (/home/devel/basset-hound-browser/node_modules/playwright-core/lib/server/dispatchers/electronDispatcher.js:38:33)
    at ProgressController.run (/home/devel/basset-hound-browser/node_modules/playwright-core/lib/server/progress.js:104:22)
    at ElectronDispatcher._runCommand (/home/devel/basset-hound-browser/node_modules/playwright-core/lib/server/dispatchers/dispatcher.js:91:14)
    at DispatcherConnection.dispatch (/home/devel/basset-hound-browser/node_modules/playwright-core/lib/server/dispatchers/dispatcher.js:325:22)</failure>
      <failure>electron.launch: Process failed to launch!
Call log:
  - &lt;launching&gt; /home/devel/basset-hound-browser/node_modules/electron/dist/electron -r /home/devel/basset-hound-browser/node_modules/playwright-core/lib/server/electron/loader.js --no-sandbox --inspect=0 --remote-debugging-port=0 /home/devel/basset-hound-browser
  - &lt;launched&gt; pid=499129
  - [pid=499129][err] /home/devel/basset-hound-browser/node_modules/electron/dist/electron: bad option: --no-sandbox
  - [pid=499129][err] /home/devel/basset-hound-browser/node_modules/electron/dist/electron: bad option: --remote-debugging-port=0
  - [pid=499129] &lt;kill&gt;
  - [pid=499129] &lt;will force kill&gt;
  - [pid=499129] &lt;process did exit: exitCode=9, signal=null&gt;
  - [pid=499129] starting temporary directories cleanup
  - [pid=499129] finished temporary directories cleanup

    at Object.&lt;anonymous&gt; (/home/devel/basset-hound-browser/tests/integration/automation.test.js:86:19)</failure>
    </testcase>
    <testcase classname="Automation Integration Tests Click Commands should require selector parameter" name="Automation Integration Tests Click Commands should require selector parameter" time="0.033">
      <failure>Error: Process failed to launch!
    at waitForLine (/home/devel/basset-hound-browser/node_modules/playwright-core/lib/server/electron/electron.js:252:21)
    at Electron.launch (/home/devel/basset-hound-browser/node_modules/playwright-core/lib/server/electron/electron.js:200:32)
    at ElectronDispatcher.launch (/home/devel/basset-hound-browser/node_modules/playwright-core/lib/server/dispatchers/electronDispatcher.js:38:33)
    at ProgressController.run (/home/devel/basset-hound-browser/node_modules/playwright-core/lib/server/progress.js:104:22)
    at ElectronDispatcher._runCommand (/home/devel/basset-hound-browser/node_modules/playwright-core/lib/server/dispatchers/dispatcher.js:91:14)
    at DispatcherConnection.dispatch (/home/devel/basset-hound-browser/node_modules/playwright-core/lib/server/dispatchers/dispatcher.js:325:22)</failure>
      <failure>Error: Process failed to launch!
    at waitForLine (/home/devel/basset-hound-browser/node_modules/playwright-core/lib/server/electron/electron.js:252:21)
    at Electron.launch (/home/devel/basset-hound-browser/node_modules/playwright-core/lib/server/electron/electron.js:201:39)
    at ElectronDispatcher.launch (/home/devel/basset-hound-browser/node_modules/playwright-core/lib/server/dispatchers/electronDispatcher.js:38:33)
    at ProgressController.run (/home/devel/basset-hound-browser/node_modules/playwright-core/lib/server/progress.js:104:22)
    at ElectronDispatcher._runCommand (/home/devel/basset-hound-browser/node_modules/playwright-core/lib/server/dispatchers/dispatcher.js:91:14)
    at DispatcherConnection.dispatch (/home/devel/basset-hound-browser/node_modules/playwright-core/lib/server/dispatchers/dispatcher.js:325:22)</failure>
      <failure>Error: Process failed to launch!
    at waitForLine (/home/devel/basset-hound-browser/node_modules/playwright-core/lib/server/electron/electron.js:252:21)
    at Electron.launch (/home/devel/basset-hound-browser/node_modules/playwright-core/lib/server/electron/electron.js:188:33)
    at ElectronDispatcher.launch (/home/devel/basset-hound-browser/node_modules/playwright-core/lib/server/dispatchers/electronDispatcher.js:38:33)
    at ProgressController.run (/home/devel/basset-hound-browser/node_modules/playwright-core/lib/server/progress.js:104:22)
    at ElectronDispatcher._runCommand (/home/devel/basset-hound-browser/node_modules/playwright-core/lib/server/dispatchers/dispatcher.js:91:14)
    at DispatcherConnection.dispatch (/home/devel/basset-hound-browser/node_modules/playwright-core/lib/server/dispatchers/dispatcher.js:325:22)</failure>
      <failure>electron.launch: Process failed to launch!
Call log:
  - &lt;launching&gt; /home/devel/basset-hound-browser/node_modules/electron/dist/electron -r /home/devel/basset-hound-browser/node_modules/playwright-core/lib/server/electron/loader.js --no-sandbox --inspect=0 --remote-debugging-port=0 /home/devel/basset-hound-browser
  - &lt;launched&gt; pid=499131
  - [pid=499131][err] /home/devel/basset-hound-browser/node_modules/electron/dist/electron: bad option: --no-sandbox
  - [pid=499131][err] /home/devel/basset-hound-browser/node_modules/electron/dist/electron: bad option: --remote-debugging-port=0
  - [pid=499131] &lt;kill&gt;
  - [pid=499131] &lt;will force kill&gt;
  - [pid=499131] &lt;process did exit: exitCode=9, signal=null&gt;
  - [pid=499131] starting temporary directories cleanup
  - [pid=499131] finished temporary directories cleanup

    at Object.&lt;anonymous&gt; (/home/devel/basset-hound-browser/tests/integration/automation.test.js:86:19)</failure>
    </testcase>
    <testcase classname="Automation Integration Tests Fill Commands should fill text input" name="Automation Integration Tests Fill Commands should fill text input" time="0.035">
      <failure>Error: Process failed to launch!
    at waitForLine (/home/devel/basset-hound-browser/node_modules/playwright-core/lib/server/electron/electron.js:252:21)
    at Electron.launch (/home/devel/basset-hound-browser/node_modules/playwright-core/lib/server/electron/electron.js:200:32)
    at ElectronDispatcher.launch (/home/devel/basset-hound-browser/node_modules/playwright-core/lib/server/dispatchers/electronDispatcher.js:38:33)
    at ProgressController.run (/home/devel/basset-hound-browser/node_modules/playwright-core/lib/server/progress.js:104:22)
    at ElectronDispatcher._runCommand (/home/devel/basset-hound-browser/node_modules/playwright-core/lib/server/dispatchers/dispatcher.js:91:14)
    at DispatcherConnection.dispatch (/home/devel/basset-hound-browser/node_modules/playwright-core/lib/server/dispatchers/dispatcher.js:325:22)</failure>
      <failure>Error: Process failed to launch!
    at waitForLine (/home/devel/basset-hound-browser/node_modules/playwright-core/lib/server/electron/electron.js:252:21)
    at Electron.launch (/home/devel/basset-hound-browser/node_modules/playwright-core/lib/server/electron/electron.js:201:39)
    at ElectronDispatcher.launch (/home/devel/basset-hound-browser/node_modules/playwright-core/lib/server/dispatchers/electronDispatcher.js:38:33)
    at ProgressController.run (/home/devel/basset-hound-browser/node_modules/playwright-core/lib/server/progress.js:104:22)
    at ElectronDispatcher._runCommand (/home/devel/basset-hound-browser/node_modules/playwright-core/lib/server/dispatchers/dispatcher.js:91:14)
    at DispatcherConnection.dispatch (/home/devel/basset-hound-browser/node_modules/playwright-core/lib/server/dispatchers/dispatcher.js:325:22)</failure>
      <failure>Error: Process failed to launch!
    at waitForLine (/home/devel/basset-hound-browser/node_modules/playwright-core/lib/server/electron/electron.js:252:21)
    at Electron.launch (/home/devel/basset-hound-browser/node_modules/playwright-core/lib/server/electron/electron.js:188:33)
    at ElectronDispatcher.launch (/home/devel/basset-hound-browser/node_modules/playwright-core/lib/server/dispatchers/electronDispatcher.js:38:33)
    at ProgressController.run (/home/devel/basset-hound-browser/node_modules/playwright-core/lib/server/progress.js:104:22)
    at ElectronDispatcher._runCommand (/home/devel/basset-hound-browser/node_modules/playwright-core/lib/server/dispatchers/dispatcher.js:91:14)
    at DispatcherConnection.dispatch (/home/devel/basset-hound-browser/node_modules/playwright-core/lib/server/dispatchers/dispatcher.js:325:22)</failure>
      <failure>electron.launch: Process failed to launch!
Call log:
  - &lt;launching&gt; /home/devel/basset-hound-browser/node_modules/electron/dist/electron -r /home/devel/basset-hound-browser/node_modules/playwright-core/lib/server/electron/loader.js --no-sandbox --inspect=0 --remote-debugging-port=0 /home/devel/basset-hound-browser
  - &lt;launched&gt; pid=499133
  - [pid=499133][err] /home/devel/basset-hound-browser/node_modules/electron/dist/electron: bad option: --no-sandbox
  - [pid=499133][err] /home/devel/basset-hound-browser/node_modules/electron/dist/electron: bad option: --remote-debugging-port=0
  - [pid=499133] &lt;kill&gt;
  - [pid=499133] &lt;will force kill&gt;
  - [pid=499133] &lt;process did exit: exitCode=9, signal=null&gt;
  - [pid=499133] starting temporary directories cleanup
  - [pid=499133] finished temporary directories cleanup

    at Object.&lt;anonymous&gt; (/home/devel/basset-hound-browser/tests/integration/automation.test.js:86:19)</failure>
    </testcase>
    <testcase classname="Automation Integration Tests Fill Commands should fill with humanize option" name="Automation Integration Tests Fill Commands should fill with humanize option" time="0.033">
      <failure>Error: Process failed to launch!
    at waitForLine (/home/devel/basset-hound-browser/node_modules/playwright-core/lib/server/electron/electron.js:252:21)
    at Electron.launch (/home/devel/basset-hound-browser/node_modules/playwright-core/lib/server/electron/electron.js:200:32)
    at ElectronDispatcher.launch (/home/devel/basset-hound-browser/node_modules/playwright-core/lib/server/dispatchers/electronDispatcher.js:38:33)
    at ProgressController.run (/home/devel/basset-hound-browser/node_modules/playwright-core/lib/server/progress.js:104:22)
    at ElectronDispatcher._runCommand (/home/devel/basset-hound-browser/node_modules/playwright-core/lib/server/dispatchers/dispatcher.js:91:14)
    at DispatcherConnection.dispatch (/home/devel/basset-hound-browser/node_modules/playwright-core/lib/server/dispatchers/dispatcher.js:325:22)</failure>
      <failure>Error: Process failed to launch!
    at waitForLine (/home/devel/basset-hound-browser/node_modules/playwright-core/lib/server/electron/electron.js:252:21)
    at Electron.launch (/home/devel/basset-hound-browser/node_modules/playwright-core/lib/server/electron/electron.js:201:39)
    at ElectronDispatcher.launch (/home/devel/basset-hound-browser/node_modules/playwright-core/lib/server/dispatchers/electronDispatcher.js:38:33)
    at ProgressController.run (/home/devel/basset-hound-browser/node_modules/playwright-core/lib/server/progress.js:104:22)
    at ElectronDispatcher._runCommand (/home/devel/basset-hound-browser/node_modules/playwright-core/lib/server/dispatchers/dispatcher.js:91:14)
    at DispatcherConnection.dispatch (/home/devel/basset-hound-browser/node_modules/playwright-core/lib/server/dispatchers/dispatcher.js:325:22)</failure>
      <failure>Error: Process failed to launch!
    at waitForLine (/home/devel/basset-hound-browser/node_modules/playwright-core/lib/server/electron/electron.js:252:21)
    at Electron.launch (/home/devel/basset-hound-browser/node_modules/playwright-core/lib/server/electron/electron.js:188:33)
    at ElectronDispatcher.launch (/home/devel/basset-hound-browser/node_modules/playwright-core/lib/server/dispatchers/electronDispatcher.js:38:33)
    at ProgressController.run (/home/devel/basset-hound-browser/node_modules/playwright-core/lib/server/progress.js:104:22)
    at ElectronDispatcher._runCommand (/home/devel/basset-hound-browser/node_modules/playwright-core/lib/server/dispatchers/dispatcher.js:91:14)
    at DispatcherConnection.dispatch (/home/devel/basset-hound-browser/node_modules/playwright-core/lib/server/dispatchers/dispatcher.js:325:22)</failure>
      <failure>electron.launch: Process failed to launch!
Call log:
  - &lt;launching&gt; /home/devel/basset-hound-browser/node_modules/electron/dist/electron -r /home/devel/basset-hound-browser/node_modules/playwright-core/lib/server/electron/loader.js --no-sandbox --inspect=0 --remote-debugging-port=0 /home/devel/basset-hound-browser
  - &lt;launched&gt; pid=499135
  - [pid=499135][err] /home/devel/basset-hound-browser/node_modules/electron/dist/electron: bad option: --no-sandbox
  - [pid=499135][err] /home/devel/basset-hound-browser/node_modules/electron/dist/electron: bad option: --remote-debugging-port=0
  - [pid=499135] &lt;kill&gt;
  - [pid=499135] &lt;will force kill&gt;
  - [pid=499135] &lt;process did exit: exitCode=9, signal=null&gt;
  - [pid=499135] starting temporary directories cleanup
  - [pid=499135] finished temporary directories cleanup

    at Object.&lt;anonymous&gt; (/home/devel/basset-hound-browser/tests/integration/automation.test.js:86:19)</failure>
    </testcase>
    <testcase classname="Automation Integration Tests Fill Commands should fill email input" name="Automation Integration Tests Fill Commands should fill email input" time="0.032">
      <failure>Error: Process failed to launch!
    at waitForLine (/home/devel/basset-hound-browser/node_modules/playwright-core/lib/server/electron/electron.js:252:21)
    at Electron.launch (/home/devel/basset-hound-browser/node_modules/playwright-core/lib/server/electron/electron.js:200:32)
    at ElectronDispatcher.launch (/home/devel/basset-hound-browser/node_modules/playwright-core/lib/server/dispatchers/electronDispatcher.js:38:33)
    at ProgressController.run (/home/devel/basset-hound-browser/node_modules/playwright-core/lib/server/progress.js:104:22)
    at ElectronDispatcher._runCommand (/home/devel/basset-hound-browser/node_modules/playwright-core/lib/server/dispatchers/dispatcher.js:91:14)
    at DispatcherConnection.dispatch (/home/devel/basset-hound-browser/node_modules/playwright-core/lib/server/dispatchers/dispatcher.js:325:22)</failure>
      <failure>Error: Process failed to launch!
    at waitForLine (/home/devel/basset-hound-browser/node_modules/playwright-core/lib/server/electron/electron.js:252:21)
    at Electron.launch (/home/devel/basset-hound-browser/node_modules/playwright-core/lib/server/electron/electron.js:201:39)
    at ElectronDispatcher.launch (/home/devel/basset-hound-browser/node_modules/playwright-core/lib/server/dispatchers/electronDispatcher.js:38:33)
    at ProgressController.run (/home/devel/basset-hound-browser/node_modules/playwright-core/lib/server/progress.js:104:22)
    at ElectronDispatcher._runCommand (/home/devel/basset-hound-browser/node_modules/playwright-core/lib/server/dispatchers/dispatcher.js:91:14)
    at DispatcherConnection.dispatch (/home/devel/basset-hound-browser/node_modules/playwright-core/lib/server/dispatchers/dispatcher.js:325:22)</failure>
      <failure>Error: Process failed to launch!
    at waitForLine (/home/devel/basset-hound-browser/node_modules/playwright-core/lib/server/electron/electron.js:252:21)
    at Electron.launch (/home/devel/basset-hound-browser/node_modules/playwright-core/lib/server/electron/electron.js:188:33)
    at ElectronDispatcher.launch (/home/devel/basset-hound-browser/node_modules/playwright-core/lib/server/dispatchers/electronDispatcher.js:38:33)
    at ProgressController.run (/home/devel/basset-hound-browser/node_modules/playwright-core/lib/server/progress.js:104:22)
    at ElectronDispatcher._runCommand (/home/devel/basset-hound-browser/node_modules/playwright-core/lib/server/dispatchers/dispatcher.js:91:14)
    at DispatcherConnection.dispatch (/home/devel/basset-hound-browser/node_modules/playwright-core/lib/server/dispatchers/dispatcher.js:325:22)</failure>
      <failure>electron.launch: Process failed to launch!
Call log:
  - &lt;launching&gt; /home/devel/basset-hound-browser/node_modules/electron/dist/electron -r /home/devel/basset-hound-browser/node_modules/playwright-core/lib/server/electron/loader.js --no-sandbox --inspect=0 --remote-debugging-port=0 /home/devel/basset-hound-browser
  - &lt;launched&gt; pid=499137
  - [pid=499137][err] /home/devel/basset-hound-browser/node_modules/electron/dist/electron: bad option: --no-sandbox
  - [pid=499137][err] /home/devel/basset-hound-browser/node_modules/electron/dist/electron: bad option: --remote-debugging-port=0
  - [pid=499137] &lt;kill&gt;
  - [pid=499137] &lt;will force kill&gt;
  - [pid=499137] &lt;process did exit: exitCode=9, signal=null&gt;
  - [pid=499137] starting temporary directories cleanup
  - [pid=499137] finished temporary directories cleanup

    at Object.&lt;anonymous&gt; (/home/devel/basset-hound-browser/tests/integration/automation.test.js:86:19)</failure>
    </testcase>
    <testcase classname="Automation Integration Tests Fill Commands should fill password input" name="Automation Integration Tests Fill Commands should fill password input" time="0.036">
      <failure>Error: Process failed to launch!
    at waitForLine (/home/devel/basset-hound-browser/node_modules/playwright-core/lib/server/electron/electron.js:252:21)
    at Electron.launch (/home/devel/basset-hound-browser/node_modules/playwright-core/lib/server/electron/electron.js:200:32)
    at ElectronDispatcher.launch (/home/devel/basset-hound-browser/node_modules/playwright-core/lib/server/dispatchers/electronDispatcher.js:38:33)
    at ProgressController.run (/home/devel/basset-hound-browser/node_modules/playwright-core/lib/server/progress.js:104:22)
    at ElectronDispatcher._runCommand (/home/devel/basset-hound-browser/node_modules/playwright-core/lib/server/dispatchers/dispatcher.js:91:14)
    at DispatcherConnection.dispatch (/home/devel/basset-hound-browser/node_modules/playwright-core/lib/server/dispatchers/dispatcher.js:325:22)</failure>
      <failure>Error: Process failed to launch!
    at waitForLine (/home/devel/basset-hound-browser/node_modules/playwright-core/lib/server/electron/electron.js:252:21)
    at Electron.launch (/home/devel/basset-hound-browser/node_modules/playwright-core/lib/server/electron/electron.js:201:39)
    at ElectronDispatcher.launch (/home/devel/basset-hound-browser/node_modules/playwright-core/lib/server/dispatchers/electronDispatcher.js:38:33)
    at ProgressController.run (/home/devel/basset-hound-browser/node_modules/playwright-core/lib/server/progress.js:104:22)
    at ElectronDispatcher._runCommand (/home/devel/basset-hound-browser/node_modules/playwright-core/lib/server/dispatchers/dispatcher.js:91:14)
    at DispatcherConnection.dispatch (/home/devel/basset-hound-browser/node_modules/playwright-core/lib/server/dispatchers/dispatcher.js:325:22)</failure>
      <failure>Error: Process failed to launch!
    at waitForLine (/home/devel/basset-hound-browser/node_modules/playwright-core/lib/server/electron/electron.js:252:21)
    at Electron.launch (/home/devel/basset-hound-browser/node_modules/playwright-core/lib/server/electron/electron.js:188:33)
    at ElectronDispatcher.launch (/home/devel/basset-hound-browser/node_modules/playwright-core/lib/server/dispatchers/electronDispatcher.js:38:33)
    at ProgressController.run (/home/devel/basset-hound-browser/node_modules/playwright-core/lib/server/progress.js:104:22)
    at ElectronDispatcher._runCommand (/home/devel/basset-hound-browser/node_modules/playwright-core/lib/server/dispatchers/dispatcher.js:91:14)
    at DispatcherConnection.dispatch (/home/devel/basset-hound-browser/node_modules/playwright-core/lib/server/dispatchers/dispatcher.js:325:22)</failure>
      <failure>electron.launch: Process failed to launch!
Call log:
  - &lt;launching&gt; /home/devel/basset-hound-browser/node_modules/electron/dist/electron -r /home/devel/basset-hound-browser/node_modules/playwright-core/lib/server/electron/loader.js --no-sandbox --inspect=0 --remote-debugging-port=0 /home/devel/basset-hound-browser
  - &lt;launched&gt; pid=499139
  - [pid=499139][err] /home/devel/basset-hound-browser/node_modules/electron/dist/electron: bad option: --no-sandbox
  - [pid=499139][err] /home/devel/basset-hound-browser/node_modules/electron/dist/electron: bad option: --remote-debugging-port=0
  - [pid=499139] &lt;kill&gt;
  - [pid=499139] &lt;will force kill&gt;
  - [pid=499139] &lt;process did exit: exitCode=9, signal=null&gt;
  - [pid=499139] starting temporary directories cleanup
  - [pid=499139] finished temporary directories cleanup

    at Object.&lt;anonymous&gt; (/home/devel/basset-hound-browser/tests/integration/automation.test.js:86:19)</failure>
    </testcase>
    <testcase classname="Automation Integration Tests Fill Commands should fill textarea" name="Automation Integration Tests Fill Commands should fill textarea" time="0.034">
      <failure>Error: Process failed to launch!
    at waitForLine (/home/devel/basset-hound-browser/node_modules/playwright-core/lib/server/electron/electron.js:252:21)
    at Electron.launch (/home/devel/basset-hound-browser/node_modules/playwright-core/lib/server/electron/electron.js:200:32)
    at ElectronDispatcher.launch (/home/devel/basset-hound-browser/node_modules/playwright-core/lib/server/dispatchers/electronDispatcher.js:38:33)
    at ProgressController.run (/home/devel/basset-hound-browser/node_modules/playwright-core/lib/server/progress.js:104:22)
    at ElectronDispatcher._runCommand (/home/devel/basset-hound-browser/node_modules/playwright-core/lib/server/dispatchers/dispatcher.js:91:14)
    at DispatcherConnection.dispatch (/home/devel/basset-hound-browser/node_modules/playwright-core/lib/server/dispatchers/dispatcher.js:325:22)</failure>
      <failure>Error: Process failed to launch!
    at waitForLine (/home/devel/basset-hound-browser/node_modules/playwright-core/lib/server/electron/electron.js:252:21)
    at Electron.launch (/home/devel/basset-hound-browser/node_modules/playwright-core/lib/server/electron/electron.js:201:39)
    at ElectronDispatcher.launch (/home/devel/basset-hound-browser/node_modules/playwright-core/lib/server/dispatchers/electronDispatcher.js:38:33)
    at ProgressController.run (/home/devel/basset-hound-browser/node_modules/playwright-core/lib/server/progress.js:104:22)
    at ElectronDispatcher._runCommand (/home/devel/basset-hound-browser/node_modules/playwright-core/lib/server/dispatchers/dispatcher.js:91:14)
    at DispatcherConnection.dispatch (/home/devel/basset-hound-browser/node_modules/playwright-core/lib/server/dispatchers/dispatcher.js:325:22)</failure>
      <failure>Error: Process failed to launch!
    at waitForLine (/home/devel/basset-hound-browser/node_modules/playwright-core/lib/server/electron/electron.js:252:21)
    at Electron.launch (/home/devel/basset-hound-browser/node_modules/playwright-core/lib/server/electron/electron.js:188:33)
    at ElectronDispatcher.launch (/home/devel/basset-hound-browser/node_modules/playwright-core/lib/server/dispatchers/electronDispatcher.js:38:33)
    at ProgressController.run (/home/devel/basset-hound-browser/node_modules/playwright-core/lib/server/progress.js:104:22)
    at ElectronDispatcher._runCommand (/home/devel/basset-hound-browser/node_modules/playwright-core/lib/server/dispatchers/dispatcher.js:91:14)
    at DispatcherConnection.dispatch (/home/devel/basset-hound-browser/node_modules/playwright-core/lib/server/dispatchers/dispatcher.js:325:22)</failure>
      <failure>electron.launch: Process failed to launch!
Call log:
  - &lt;launching&gt; /home/devel/basset-hound-browser/node_modules/electron/dist/electron -r /home/devel/basset-hound-browser/node_modules/playwright-core/lib/server/electron/loader.js --no-sandbox --inspect=0 --remote-debugging-port=0 /home/devel/basset-hound-browser
  - &lt;launched&gt; pid=499141
  - [pid=499141][err] /home/devel/basset-hound-browser/node_modules/electron/dist/electron: bad option: --no-sandbox
  - [pid=499141][err] /home/devel/basset-hound-browser/node_modules/electron/dist/electron: bad option: --remote-debugging-port=0
  - [pid=499141] &lt;kill&gt;
  - [pid=499141] &lt;will force kill&gt;
  - [pid=499141] &lt;process did exit: exitCode=9, signal=null&gt;
  - [pid=499141] starting temporary directories cleanup
  - [pid=499141] finished temporary directories cleanup

    at Object.&lt;anonymous&gt; (/home/devel/basset-hound-browser/tests/integration/automation.test.js:86:19)</failure>
    </testcase>
    <testcase classname="Automation Integration Tests Fill Commands should clear existing value before filling" name="Automation Integration Tests Fill Commands should clear existing value before filling" time="0.033">
      <failure>Error: Process failed to launch!
    at waitForLine (/home/devel/basset-hound-browser/node_modules/playwright-core/lib/server/electron/electron.js:252:21)
    at Electron.launch (/home/devel/basset-hound-browser/node_modules/playwright-core/lib/server/electron/electron.js:200:32)
    at ElectronDispatcher.launch (/home/devel/basset-hound-browser/node_modules/playwright-core/lib/server/dispatchers/electronDispatcher.js:38:33)
    at ProgressController.run (/home/devel/basset-hound-browser/node_modules/playwright-core/lib/server/progress.js:104:22)
    at ElectronDispatcher._runCommand (/home/devel/basset-hound-browser/node_modules/playwright-core/lib/server/dispatchers/dispatcher.js:91:14)
    at DispatcherConnection.dispatch (/home/devel/basset-hound-browser/node_modules/playwright-core/lib/server/dispatchers/dispatcher.js:325:22)</failure>
      <failure>Error: Process failed to launch!
    at waitForLine (/home/devel/basset-hound-browser/node_modules/playwright-core/lib/server/electron/electron.js:252:21)
    at Electron.launch (/home/devel/basset-hound-browser/node_modules/playwright-core/lib/server/electron/electron.js:201:39)
    at ElectronDispatcher.launch (/home/devel/basset-hound-browser/node_modules/playwright-core/lib/server/dispatchers/electronDispatcher.js:38:33)
    at ProgressController.run (/home/devel/basset-hound-browser/node_modules/playwright-core/lib/server/progress.js:104:22)
    at ElectronDispatcher._runCommand (/home/devel/basset-hound-browser/node_modules/playwright-core/lib/server/dispatchers/dispatcher.js:91:14)
    at DispatcherConnection.dispatch (/home/devel/basset-hound-browser/node_modules/playwright-core/lib/server/dispatchers/dispatcher.js:325:22)</failure>
      <failure>Error: Process failed to launch!
    at waitForLine (/home/devel/basset-hound-browser/node_modules/playwright-core/lib/server/electron/electron.js:252:21)
    at Electron.launch (/home/devel/basset-hound-browser/node_modules/playwright-core/lib/server/electron/electron.js:188:33)
    at ElectronDispatcher.launch (/home/devel/basset-hound-browser/node_modules/playwright-core/lib/server/dispatchers/electronDispatcher.js:38:33)
    at ProgressController.run (/home/devel/basset-hound-browser/node_modules/playwright-core/lib/server/progress.js:104:22)
    at ElectronDispatcher._runCommand (/home/devel/basset-hound-browser/node_modules/playwright-core/lib/server/dispatchers/dispatcher.js:91:14)
    at DispatcherConnection.dispatch (/home/devel/basset-hound-browser/node_modules/playwright-core/lib/server/dispatchers/dispatcher.js:325:22)</failure>
      <failure>electron.launch: Process failed to launch!
Call log:
  - &lt;launching&gt; /home/devel/basset-hound-browser/node_modules/electron/dist/electron -r /home/devel/basset-hound-browser/node_modules/playwright-core/lib/server/electron/loader.js --no-sandbox --inspect=0 --remote-debugging-port=0 /home/devel/basset-hound-browser
  - &lt;launched&gt; pid=499143
  - [pid=499143][err] /home/devel/basset-hound-browser/node_modules/electron/dist/electron: bad option: --no-sandbox
  - [pid=499143][err] /home/devel/basset-hound-browser/node_modules/electron/dist/electron: bad option: --remote-debugging-port=0
  - [pid=499143] &lt;kill&gt;
  - [pid=499143] &lt;will force kill&gt;
  - [pid=499143] &lt;process did exit: exitCode=9, signal=null&gt;
  - [pid=499143] starting temporary directories cleanup
  - [pid=499143] finished temporary directories cleanup

    at Object.&lt;anonymous&gt; (/home/devel/basset-hound-browser/tests/integration/automation.test.js:86:19)</failure>
    </testcase>
    <testcase classname="Automation Integration Tests Fill Commands should require selector and value" name="Automation Integration Tests Fill Commands should require selector and value" time="0.034">
      <failure>Error: Process failed to launch!
    at waitForLine (/home/devel/basset-hound-browser/node_modules/playwright-core/lib/server/electron/electron.js:252:21)
    at Electron.launch (/home/devel/basset-hound-browser/node_modules/playwright-core/lib/server/electron/electron.js:200:32)
    at ElectronDispatcher.launch (/home/devel/basset-hound-browser/node_modules/playwright-core/lib/server/dispatchers/electronDispatcher.js:38:33)
    at ProgressController.run (/home/devel/basset-hound-browser/node_modules/playwright-core/lib/server/progress.js:104:22)
    at ElectronDispatcher._runCommand (/home/devel/basset-hound-browser/node_modules/playwright-core/lib/server/dispatchers/dispatcher.js:91:14)
    at DispatcherConnection.dispatch (/home/devel/basset-hound-browser/node_modules/playwright-core/lib/server/dispatchers/dispatcher.js:325:22)</failure>
      <failure>Error: Process failed to launch!
    at waitForLine (/home/devel/basset-hound-browser/node_modules/playwright-core/lib/server/electron/electron.js:252:21)
    at Electron.launch (/home/devel/basset-hound-browser/node_modules/playwright-core/lib/server/electron/electron.js:201:39)
    at ElectronDispatcher.launch (/home/devel/basset-hound-browser/node_modules/playwright-core/lib/server/dispatchers/electronDispatcher.js:38:33)
    at ProgressController.run (/home/devel/basset-hound-browser/node_modules/playwright-core/lib/server/progress.js:104:22)
    at ElectronDispatcher._runCommand (/home/devel/basset-hound-browser/node_modules/playwright-core/lib/server/dispatchers/dispatcher.js:91:14)
    at DispatcherConnection.dispatch (/home/devel/basset-hound-browser/node_modules/playwright-core/lib/server/dispatchers/dispatcher.js:325:22)</failure>
      <failure>Error: Process failed to launch!
    at waitForLine (/home/devel/basset-hound-browser/node_modules/playwright-core/lib/server/electron/electron.js:252:21)
    at Electron.launch (/home/devel/basset-hound-browser/node_modules/playwright-core/lib/server/electron/electron.js:188:33)
    at ElectronDispatcher.launch (/home/devel/basset-hound-browser/node_modules/playwright-core/lib/server/dispatchers/electronDispatcher.js:38:33)
    at ProgressController.run (/home/devel/basset-hound-browser/node_modules/playwright-core/lib/server/progress.js:104:22)
    at ElectronDispatcher._runCommand (/home/devel/basset-hound-browser/node_modules/playwright-core/lib/server/dispatchers/dispatcher.js:91:14)
    at DispatcherConnection.dispatch (/home/devel/basset-hound-browser/node_modules/playwright-core/lib/server/dispatchers/dispatcher.js:325:22)</failure>
      <failure>electron.launch: Process failed to launch!
Call log:
  - &lt;launching&gt; /home/devel/basset-hound-browser/node_modules/electron/dist/electron -r /home/devel/basset-hound-browser/node_modules/playwright-core/lib/server/electron/loader.js --no-sandbox --inspect=0 --remote-debugging-port=0 /home/devel/basset-hound-browser
  - &lt;launched&gt; pid=499145
  - [pid=499145][err] /home/devel/basset-hound-browser/node_modules/electron/dist/electron: bad option: --no-sandbox
  - [pid=499145][err] /home/devel/basset-hound-browser/node_modules/electron/dist/electron: bad option: --remote-debugging-port=0
  - [pid=499145] &lt;kill&gt;
  - [pid=499145] &lt;will force kill&gt;
  - [pid=499145] &lt;process did exit: exitCode=9, signal=null&gt;
  - [pid=499145] starting temporary directories cleanup
  - [pid=499145] finished temporary directories cleanup

    at Object.&lt;anonymous&gt; (/home/devel/basset-hound-browser/tests/integration/automation.test.js:86:19)</failure>
    </testcase>
    <testcase classname="Automation Integration Tests Script Execution should execute simple script" name="Automation Integration Tests Script Execution should execute simple script" time="0.032">
      <failure>Error: Process failed to launch!
    at waitForLine (/home/devel/basset-hound-browser/node_modules/playwright-core/lib/server/electron/electron.js:252:21)
    at Electron.launch (/home/devel/basset-hound-browser/node_modules/playwright-core/lib/server/electron/electron.js:200:32)
    at ElectronDispatcher.launch (/home/devel/basset-hound-browser/node_modules/playwright-core/lib/server/dispatchers/electronDispatcher.js:38:33)
    at ProgressController.run (/home/devel/basset-hound-browser/node_modules/playwright-core/lib/server/progress.js:104:22)
    at ElectronDispatcher._runCommand (/home/devel/basset-hound-browser/node_modules/playwright-core/lib/server/dispatchers/dispatcher.js:91:14)
    at DispatcherConnection.dispatch (/home/devel/basset-hound-browser/node_modules/playwright-core/lib/server/dispatchers/dispatcher.js:325:22)</failure>
      <failure>Error: Process failed to launch!
    at waitForLine (/home/devel/basset-hound-browser/node_modules/playwright-core/lib/server/electron/electron.js:252:21)
    at Electron.launch (/home/devel/basset-hound-browser/node_modules/playwright-core/lib/server/electron/electron.js:201:39)
    at ElectronDispatcher.launch (/home/devel/basset-hound-browser/node_modules/playwright-core/lib/server/dispatchers/electronDispatcher.js:38:33)
    at ProgressController.run (/home/devel/basset-hound-browser/node_modules/playwright-core/lib/server/progress.js:104:22)
    at ElectronDispatcher._runCommand (/home/devel/basset-hound-browser/node_modules/playwright-core/lib/server/dispatchers/dispatcher.js:91:14)
    at DispatcherConnection.dispatch (/home/devel/basset-hound-browser/node_modules/playwright-core/lib/server/dispatchers/dispatcher.js:325:22)</failure>
      <failure>Error: Process failed to launch!
    at waitForLine (/home/devel/basset-hound-browser/node_modules/playwright-core/lib/server/electron/electron.js:252:21)
    at Electron.launch (/home/devel/basset-hound-browser/node_modules/playwright-core/lib/server/electron/electron.js:188:33)
    at ElectronDispatcher.launch (/home/devel/basset-hound-browser/node_modules/playwright-core/lib/server/dispatchers/electronDispatcher.js:38:33)
    at ProgressController.run (/home/devel/basset-hound-browser/node_modules/playwright-core/lib/server/progress.js:104:22)
    at ElectronDispatcher._runCommand (/home/devel/basset-hound-browser/node_modules/playwright-core/lib/server/dispatchers/dispatcher.js:91:14)
    at DispatcherConnection.dispatch (/home/devel/basset-hound-browser/node_modules/playwright-core/lib/server/dispatchers/dispatcher.js:325:22)</failure>
      <failure>electron.launch: Process failed to launch!
Call log:
  - &lt;launching&gt; /home/devel/basset-hound-browser/node_modules/electron/dist/electron -r /home/devel/basset-hound-browser/node_modules/playwright-core/lib/server/electron/loader.js --no-sandbox --inspect=0 --remote-debugging-port=0 /home/devel/basset-hound-browser
  - &lt;launched&gt; pid=499147
  - [pid=499147][err] /home/devel/basset-hound-browser/node_modules/electron/dist/electron: bad option: --no-sandbox
  - [pid=499147][err] /home/devel/basset-hound-browser/node_modules/electron/dist/electron: bad option: --remote-debugging-port=0
  - [pid=499147] &lt;kill&gt;
  - [pid=499147] &lt;will force kill&gt;
  - [pid=499147] &lt;process did exit: exitCode=9, signal=null&gt;
  - [pid=499147] starting temporary directories cleanup
  - [pid=499147] finished temporary directories cleanup

    at Object.&lt;anonymous&gt; (/home/devel/basset-hound-browser/tests/integration/automation.test.js:86:19)</failure>
    </testcase>
    <testcase classname="Automation Integration Tests Script Execution should access DOM" name="Automation Integration Tests Script Execution should access DOM" time="0.032">
      <failure>Error: Process failed to launch!
    at waitForLine (/home/devel/basset-hound-browser/node_modules/playwright-core/lib/server/electron/electron.js:252:21)
    at Electron.launch (/home/devel/basset-hound-browser/node_modules/playwright-core/lib/server/electron/electron.js:200:32)
    at ElectronDispatcher.launch (/home/devel/basset-hound-browser/node_modules/playwright-core/lib/server/dispatchers/electronDispatcher.js:38:33)
    at ProgressController.run (/home/devel/basset-hound-browser/node_modules/playwright-core/lib/server/progress.js:104:22)
    at ElectronDispatcher._runCommand (/home/devel/basset-hound-browser/node_modules/playwright-core/lib/server/dispatchers/dispatcher.js:91:14)
    at DispatcherConnection.dispatch (/home/devel/basset-hound-browser/node_modules/playwright-core/lib/server/dispatchers/dispatcher.js:325:22)</failure>
      <failure>Error: Process failed to launch!
    at waitForLine (/home/devel/basset-hound-browser/node_modules/playwright-core/lib/server/electron/electron.js:252:21)
    at Electron.launch (/home/devel/basset-hound-browser/node_modules/playwright-core/lib/server/electron/electron.js:201:39)
    at ElectronDispatcher.launch (/home/devel/basset-hound-browser/node_modules/playwright-core/lib/server/dispatchers/electronDispatcher.js:38:33)
    at ProgressController.run (/home/devel/basset-hound-browser/node_modules/playwright-core/lib/server/progress.js:104:22)
    at ElectronDispatcher._runCommand (/home/devel/basset-hound-browser/node_modules/playwright-core/lib/server/dispatchers/dispatcher.js:91:14)
    at DispatcherConnection.dispatch (/home/devel/basset-hound-browser/node_modules/playwright-core/lib/server/dispatchers/dispatcher.js:325:22)</failure>
      <failure>Error: Process failed to launch!
    at waitForLine (/home/devel/basset-hound-browser/node_modules/playwright-core/lib/server/electron/electron.js:252:21)
    at Electron.launch (/home/devel/basset-hound-browser/node_modules/playwright-core/lib/server/electron/electron.js:188:33)
    at ElectronDispatcher.launch (/home/devel/basset-hound-browser/node_modules/playwright-core/lib/server/dispatchers/electronDispatcher.js:38:33)
    at ProgressController.run (/home/devel/basset-hound-browser/node_modules/playwright-core/lib/server/progress.js:104:22)
    at ElectronDispatcher._runCommand (/home/devel/basset-hound-browser/node_modules/playwright-core/lib/server/dispatchers/dispatcher.js:91:14)
    at DispatcherConnection.dispatch (/home/devel/basset-hound-browser/node_modules/playwright-core/lib/server/dispatchers/dispatcher.js:325:22)</failure>
      <failure>electron.launch: Process failed to launch!
Call log:
  - &lt;launching&gt; /home/devel/basset-hound-browser/node_modules/electron/dist/electron -r /home/devel/basset-hound-browser/node_modules/playwright-core/lib/server/electron/loader.js --no-sandbox --inspect=0 --remote-debugging-port=0 /home/devel/basset-hound-browser
  - &lt;launched&gt; pid=499149
  - [pid=499149][err] /home/devel/basset-hound-browser/node_modules/electron/dist/electron: bad option: --no-sandbox
  - [pid=499149][err] /home/devel/basset-hound-browser/node_modules/electron/dist/electron: bad option: --remote-debugging-port=0
  - [pid=499149] &lt;kill&gt;
  - [pid=499149] &lt;will force kill&gt;
  - [pid=499149] &lt;process did exit: exitCode=9, signal=null&gt;
  - [pid=499149] starting temporary directories cleanup
  - [pid=499149] finished temporary directories cleanup

    at Object.&lt;anonymous&gt; (/home/devel/basset-hound-browser/tests/integration/automation.test.js:86:19)</failure>
    </testcase>
    <testcase classname="Automation Integration Tests Script Execution should return objects" name="Automation Integration Tests Script Execution should return objects" time="0.032">
      <failure>Error: Process failed to launch!
    at waitForLine (/home/devel/basset-hound-browser/node_modules/playwright-core/lib/server/electron/electron.js:252:21)
    at Electron.launch (/home/devel/basset-hound-browser/node_modules/playwright-core/lib/server/electron/electron.js:200:32)
    at ElectronDispatcher.launch (/home/devel/basset-hound-browser/node_modules/playwright-core/lib/server/dispatchers/electronDispatcher.js:38:33)
    at ProgressController.run (/home/devel/basset-hound-browser/node_modules/playwright-core/lib/server/progress.js:104:22)
    at ElectronDispatcher._runCommand (/home/devel/basset-hound-browser/node_modules/playwright-core/lib/server/dispatchers/dispatcher.js:91:14)
    at DispatcherConnection.dispatch (/home/devel/basset-hound-browser/node_modules/playwright-core/lib/server/dispatchers/dispatcher.js:325:22)</failure>
      <failure>Error: Process failed to launch!
    at waitForLine (/home/devel/basset-hound-browser/node_modules/playwright-core/lib/server/electron/electron.js:252:21)
    at Electron.launch (/home/devel/basset-hound-browser/node_modules/playwright-core/lib/server/electron/electron.js:201:39)
    at ElectronDispatcher.launch (/home/devel/basset-hound-browser/node_modules/playwright-core/lib/server/dispatchers/electronDispatcher.js:38:33)
    at ProgressController.run (/home/devel/basset-hound-browser/node_modules/playwright-core/lib/server/progress.js:104:22)
    at ElectronDispatcher._runCommand (/home/devel/basset-hound-browser/node_modules/playwright-core/lib/server/dispatchers/dispatcher.js:91:14)
    at DispatcherConnection.dispatch (/home/devel/basset-hound-browser/node_modules/playwright-core/lib/server/dispatchers/dispatcher.js:325:22)</failure>
      <failure>Error: Process failed to launch!
    at waitForLine (/home/devel/basset-hound-browser/node_modules/playwright-core/lib/server/electron/electron.js:252:21)
    at Electron.launch (/home/devel/basset-hound-browser/node_modules/playwright-core/lib/server/electron/electron.js:188:33)
    at ElectronDispatcher.launch (/home/devel/basset-hound-browser/node_modules/playwright-core/lib/server/dispatchers/electronDispatcher.js:38:33)
    at ProgressController.run (/home/devel/basset-hound-browser/node_modules/playwright-core/lib/server/progress.js:104:22)
    at ElectronDispatcher._runCommand (/home/devel/basset-hound-browser/node_modules/playwright-core/lib/server/dispatchers/dispatcher.js:91:14)
    at DispatcherConnection.dispatch (/home/devel/basset-hound-browser/node_modules/playwright-core/lib/server/dispatchers/dispatcher.js:325:22)</failure>
      <failure>electron.launch: Process failed to launch!
Call log:
  - &lt;launching&gt; /home/devel/basset-hound-browser/node_modules/electron/dist/electron -r /home/devel/basset-hound-browser/node_modules/playwright-core/lib/server/electron/loader.js --no-sandbox --inspect=0 --remote-debugging-port=0 /home/devel/basset-hound-browser
  - &lt;launched&gt; pid=499151
  - [pid=499151][err] /home/devel/basset-hound-browser/node_modules/electron/dist/electron: bad option: --no-sandbox
  - [pid=499151][err] /home/devel/basset-hound-browser/node_modules/electron/dist/electron: bad option: --remote-debugging-port=0
  - [pid=499151] &lt;kill&gt;
  - [pid=499151] &lt;will force kill&gt;
  - [pid=499151] &lt;process did exit: exitCode=9, signal=null&gt;
  - [pid=499151] starting temporary directories cleanup
  - [pid=499151] finished temporary directories cleanup

    at Object.&lt;anonymous&gt; (/home/devel/basset-hound-browser/tests/integration/automation.test.js:86:19)</failure>
    </testcase>
    <testcase classname="Automation Integration Tests Script Execution should return arrays" name="Automation Integration Tests Script Execution should return arrays" time="0.032">
      <failure>Error: Process failed to launch!
    at waitForLine (/home/devel/basset-hound-browser/node_modules/playwright-core/lib/server/electron/electron.js:252:21)
    at Electron.launch (/home/devel/basset-hound-browser/node_modules/playwright-core/lib/server/electron/electron.js:200:32)
    at ElectronDispatcher.launch (/home/devel/basset-hound-browser/node_modules/playwright-core/lib/server/dispatchers/electronDispatcher.js:38:33)
    at ProgressController.run (/home/devel/basset-hound-browser/node_modules/playwright-core/lib/server/progress.js:104:22)
    at ElectronDispatcher._runCommand (/home/devel/basset-hound-browser/node_modules/playwright-core/lib/server/dispatchers/dispatcher.js:91:14)
    at DispatcherConnection.dispatch (/home/devel/basset-hound-browser/node_modules/playwright-core/lib/server/dispatchers/dispatcher.js:325:22)</failure>
      <failure>Error: Process failed to launch!
    at waitForLine (/home/devel/basset-hound-browser/node_modules/playwright-core/lib/server/electron/electron.js:252:21)
    at Electron.launch (/home/devel/basset-hound-browser/node_modules/playwright-core/lib/server/electron/electron.js:201:39)
    at ElectronDispatcher.launch (/home/devel/basset-hound-browser/node_modules/playwright-core/lib/server/dispatchers/electronDispatcher.js:38:33)
    at ProgressController.run (/home/devel/basset-hound-browser/node_modules/playwright-core/lib/server/progress.js:104:22)
    at ElectronDispatcher._runCommand (/home/devel/basset-hound-browser/node_modules/playwright-core/lib/server/dispatchers/dispatcher.js:91:14)
    at DispatcherConnection.dispatch (/home/devel/basset-hound-browser/node_modules/playwright-core/lib/server/dispatchers/dispatcher.js:325:22)</failure>
      <failure>Error: Process failed to launch!
    at waitForLine (/home/devel/basset-hound-browser/node_modules/playwright-core/lib/server/electron/electron.js:252:21)
    at Electron.launch (/home/devel/basset-hound-browser/node_modules/playwright-core/lib/server/electron/electron.js:188:33)
    at ElectronDispatcher.launch (/home/devel/basset-hound-browser/node_modules/playwright-core/lib/server/dispatchers/electronDispatcher.js:38:33)
    at ProgressController.run (/home/devel/basset-hound-browser/node_modules/playwright-core/lib/server/progress.js:104:22)
    at ElectronDispatcher._runCommand (/home/devel/basset-hound-browser/node_modules/playwright-core/lib/server/dispatchers/dispatcher.js:91:14)
    at DispatcherConnection.dispatch (/home/devel/basset-hound-browser/node_modules/playwright-core/lib/server/dispatchers/dispatcher.js:325:22)</failure>
      <failure>electron.launch: Process failed to launch!
Call log:
  - &lt;launching&gt; /home/devel/basset-hound-browser/node_modules/electron/dist/electron -r /home/devel/basset-hound-browser/node_modules/playwright-core/lib/server/electron/loader.js --no-sandbox --inspect=0 --remote-debugging-port=0 /home/devel/basset-hound-browser
  - &lt;launched&gt; pid=499153
  - [pid=499153][err] /home/devel/basset-hound-browser/node_modules/electron/dist/electron: bad option: --no-sandbox
  - [pid=499153][err] /home/devel/basset-hound-browser/node_modules/electron/dist/electron: bad option: --remote-debugging-port=0
  - [pid=499153] &lt;kill&gt;
  - [pid=499153] &lt;will force kill&gt;
  - [pid=499153] &lt;process did exit: exitCode=9, signal=null&gt;
  - [pid=499153] starting temporary directories cleanup
  - [pid=499153] finished temporary directories cleanup

    at Object.&lt;anonymous&gt; (/home/devel/basset-hound-browser/tests/integration/automation.test.js:86:19)</failure>
    </testcase>
    <testcase classname="Automation Integration Tests Script Execution should handle async scripts" name="Automation Integration Tests Script Execution should handle async scripts" time="0.033">
      <failure>Error: Process failed to launch!
    at waitForLine (/home/devel/basset-hound-browser/node_modules/playwright-core/lib/server/electron/electron.js:252:21)
    at Electron.launch (/home/devel/basset-hound-browser/node_modules/playwright-core/lib/server/electron/electron.js:200:32)
    at ElectronDispatcher.launch (/home/devel/basset-hound-browser/node_modules/playwright-core/lib/server/dispatchers/electronDispatcher.js:38:33)
    at ProgressController.run (/home/devel/basset-hound-browser/node_modules/playwright-core/lib/server/progress.js:104:22)
    at ElectronDispatcher._runCommand (/home/devel/basset-hound-browser/node_modules/playwright-core/lib/server/dispatchers/dispatcher.js:91:14)
    at DispatcherConnection.dispatch (/home/devel/basset-hound-browser/node_modules/playwright-core/lib/server/dispatchers/dispatcher.js:325:22)</failure>
      <failure>Error: Process failed to launch!
    at waitForLine (/home/devel/basset-hound-browser/node_modules/playwright-core/lib/server/electron/electron.js:252:21)
    at Electron.launch (/home/devel/basset-hound-browser/node_modules/playwright-core/lib/server/electron/electron.js:201:39)
    at ElectronDispatcher.launch (/home/devel/basset-hound-browser/node_modules/playwright-core/lib/server/dispatchers/electronDispatcher.js:38:33)
    at ProgressController.run (/home/devel/basset-hound-browser/node_modules/playwright-core/lib/server/progress.js:104:22)
    at ElectronDispatcher._runCommand (/home/devel/basset-hound-browser/node_modules/playwright-core/lib/server/dispatchers/dispatcher.js:91:14)
    at DispatcherConnection.dispatch (/home/devel/basset-hound-browser/node_modules/playwright-core/lib/server/dispatchers/dispatcher.js:325:22)</failure>
      <failure>Error: Process failed to launch!
    at waitForLine (/home/devel/basset-hound-browser/node_modules/playwright-core/lib/server/electron/electron.js:252:21)
    at Electron.launch (/home/devel/basset-hound-browser/node_modules/playwright-core/lib/server/electron/electron.js:188:33)
    at ElectronDispatcher.launch (/home/devel/basset-hound-browser/node_modules/playwright-core/lib/server/dispatchers/electronDispatcher.js:38:33)
    at ProgressController.run (/home/devel/basset-hound-browser/node_modules/playwright-core/lib/server/progress.js:104:22)
    at ElectronDispatcher._runCommand (/home/devel/basset-hound-browser/node_modules/playwright-core/lib/server/dispatchers/dispatcher.js:91:14)
    at DispatcherConnection.dispatch (/home/devel/basset-hound-browser/node_modules/playwright-core/lib/server/dispatchers/dispatcher.js:325:22)</failure>
      <failure>electron.launch: Process failed to launch!
Call log:
  - &lt;launching&gt; /home/devel/basset-hound-browser/node_modules/electron/dist/electron -r /home/devel/basset-hound-browser/node_modules/playwright-core/lib/server/electron/loader.js --no-sandbox --inspect=0 --remote-debugging-port=0 /home/devel/basset-hound-browser
  - &lt;launched&gt; pid=499155
  - [pid=499155][err] /home/devel/basset-hound-browser/node_modules/electron/dist/electron: bad option: --no-sandbox
  - [pid=499155][err] /home/devel/basset-hound-browser/node_modules/electron/dist/electron: bad option: --remote-debugging-port=0
  - [pid=499155] &lt;kill&gt;
  - [pid=499155] &lt;will force kill&gt;
  - [pid=499155] &lt;process did exit: exitCode=9, signal=null&gt;
  - [pid=499155] starting temporary directories cleanup
  - [pid=499155] finished temporary directories cleanup

    at Object.&lt;anonymous&gt; (/home/devel/basset-hound-browser/tests/integration/automation.test.js:86:19)</failure>
    </testcase>
    <testcase classname="Automation Integration Tests Script Execution should handle script errors" name="Automation Integration Tests Script Execution should handle script errors" time="0.032">
      <failure>Error: Process failed to launch!
    at waitForLine (/home/devel/basset-hound-browser/node_modules/playwright-core/lib/server/electron/electron.js:252:21)
    at Electron.launch (/home/devel/basset-hound-browser/node_modules/playwright-core/lib/server/electron/electron.js:200:32)
    at ElectronDispatcher.launch (/home/devel/basset-hound-browser/node_modules/playwright-core/lib/server/dispatchers/electronDispatcher.js:38:33)
    at ProgressController.run (/home/devel/basset-hound-browser/node_modules/playwright-core/lib/server/progress.js:104:22)
    at ElectronDispatcher._runCommand (/home/devel/basset-hound-browser/node_modules/playwright-core/lib/server/dispatchers/dispatcher.js:91:14)
    at DispatcherConnection.dispatch (/home/devel/basset-hound-browser/node_modules/playwright-core/lib/server/dispatchers/dispatcher.js:325:22)</failure>
      <failure>Error: Process failed to launch!
    at waitForLine (/home/devel/basset-hound-browser/node_modules/playwright-core/lib/server/electron/electron.js:252:21)
    at Electron.launch (/home/devel/basset-hound-browser/node_modules/playwright-core/lib/server/electron/electron.js:201:39)
    at ElectronDispatcher.launch (/home/devel/basset-hound-browser/node_modules/playwright-core/lib/server/dispatchers/electronDispatcher.js:38:33)
    at ProgressController.run (/home/devel/basset-hound-browser/node_modules/playwright-core/lib/server/progress.js:104:22)
    at ElectronDispatcher._runCommand (/home/devel/basset-hound-browser/node_modules/playwright-core/lib/server/dispatchers/dispatcher.js:91:14)
    at DispatcherConnection.dispatch (/home/devel/basset-hound-browser/node_modules/playwright-core/lib/server/dispatchers/dispatcher.js:325:22)</failure>
      <failure>Error: Process failed to launch!
    at waitForLine (/home/devel/basset-hound-browser/node_modules/playwright-core/lib/server/electron/electron.js:252:21)
    at Electron.launch (/home/devel/basset-hound-browser/node_modules/playwright-core/lib/server/electron/electron.js:188:33)
    at ElectronDispatcher.launch (/home/devel/basset-hound-browser/node_modules/playwright-core/lib/server/dispatchers/electronDispatcher.js:38:33)
    at ProgressController.run (/home/devel/basset-hound-browser/node_modules/playwright-core/lib/server/progress.js:104:22)
    at ElectronDispatcher._runCommand (/home/devel/basset-hound-browser/node_modules/playwright-core/lib/server/dispatchers/dispatcher.js:91:14)
    at DispatcherConnection.dispatch (/home/devel/basset-hound-browser/node_modules/playwright-core/lib/server/dispatchers/dispatcher.js:325:22)</failure>
      <failure>electron.launch: Process failed to launch!
Call log:
  - &lt;launching&gt; /home/devel/basset-hound-browser/node_modules/electron/dist/electron -r /home/devel/basset-hound-browser/node_modules/playwright-core/lib/server/electron/loader.js --no-sandbox --inspect=0 --remote-debugging-port=0 /home/devel/basset-hound-browser
  - &lt;launched&gt; pid=499157
  - [pid=499157][err] /home/devel/basset-hound-browser/node_modules/electron/dist/electron: bad option: --no-sandbox
  - [pid=499157][err] /home/devel/basset-hound-browser/node_modules/electron/dist/electron: bad option: --remote-debugging-port=0
  - [pid=499157] &lt;kill&gt;
  - [pid=499157] &lt;will force kill&gt;
  - [pid=499157] &lt;process did exit: exitCode=9, signal=null&gt;
  - [pid=499157] starting temporary directories cleanup
  - [pid=499157] finished temporary directories cleanup

    at Object.&lt;anonymous&gt; (/home/devel/basset-hound-browser/tests/integration/automation.test.js:86:19)</failure>
    </testcase>
    <testcase classname="Automation Integration Tests Script Execution should modify DOM" name="Automation Integration Tests Script Execution should modify DOM" time="0.032">
      <failure>Error: Process failed to launch!
    at waitForLine (/home/devel/basset-hound-browser/node_modules/playwright-core/lib/server/electron/electron.js:252:21)
    at Electron.launch (/home/devel/basset-hound-browser/node_modules/playwright-core/lib/server/electron/electron.js:200:32)
    at ElectronDispatcher.launch (/home/devel/basset-hound-browser/node_modules/playwright-core/lib/server/dispatchers/electronDispatcher.js:38:33)
    at ProgressController.run (/home/devel/basset-hound-browser/node_modules/playwright-core/lib/server/progress.js:104:22)
    at ElectronDispatcher._runCommand (/home/devel/basset-hound-browser/node_modules/playwright-core/lib/server/dispatchers/dispatcher.js:91:14)
    at DispatcherConnection.dispatch (/home/devel/basset-hound-browser/node_modules/playwright-core/lib/server/dispatchers/dispatcher.js:325:22)</failure>
      <failure>Error: Process failed to launch!
    at waitForLine (/home/devel/basset-hound-browser/node_modules/playwright-core/lib/server/electron/electron.js:252:21)
    at Electron.launch (/home/devel/basset-hound-browser/node_modules/playwright-core/lib/server/electron/electron.js:201:39)
    at ElectronDispatcher.launch (/home/devel/basset-hound-browser/node_modules/playwright-core/lib/server/dispatchers/electronDispatcher.js:38:33)
    at ProgressController.run (/home/devel/basset-hound-browser/node_modules/playwright-core/lib/server/progress.js:104:22)
    at ElectronDispatcher._runCommand (/home/devel/basset-hound-browser/node_modules/playwright-core/lib/server/dispatchers/dispatcher.js:91:14)
    at DispatcherConnection.dispatch (/home/devel/basset-hound-browser/node_modules/playwright-core/lib/server/dispatchers/dispatcher.js:325:22)</failure>
      <failure>Error: Process failed to launch!
    at waitForLine (/home/devel/basset-hound-browser/node_modules/playwright-core/lib/server/electron/electron.js:252:21)
    at Electron.launch (/home/devel/basset-hound-browser/node_modules/playwright-core/lib/server/electron/electron.js:188:33)
    at ElectronDispatcher.launch (/home/devel/basset-hound-browser/node_modules/playwright-core/lib/server/dispatchers/electronDispatcher.js:38:33)
    at ProgressController.run (/home/devel/basset-hound-browser/node_modules/playwright-core/lib/server/progress.js:104:22)
    at ElectronDispatcher._runCommand (/home/devel/basset-hound-browser/node_modules/playwright-core/lib/server/dispatchers/dispatcher.js:91:14)
    at DispatcherConnection.dispatch (/home/devel/basset-hound-browser/node_modules/playwright-core/lib/server/dispatchers/dispatcher.js:325:22)</failure>
      <failure>electron.launch: Process failed to launch!
Call log:
  - &lt;launching&gt; /home/devel/basset-hound-browser/node_modules/electron/dist/electron -r /home/devel/basset-hound-browser/node_modules/playwright-core/lib/server/electron/loader.js --no-sandbox --inspect=0 --remote-debugging-port=0 /home/devel/basset-hound-browser
  - &lt;launched&gt; pid=499159
  - [pid=499159][err] /home/devel/basset-hound-browser/node_modules/electron/dist/electron: bad option: --no-sandbox
  - [pid=499159][err] /home/devel/basset-hound-browser/node_modules/electron/dist/electron: bad option: --remote-debugging-port=0
  - [pid=499159] &lt;kill&gt;
  - [pid=499159] &lt;will force kill&gt;
  - [pid=499159] &lt;process did exit: exitCode=9, signal=null&gt;
  - [pid=499159] starting temporary directories cleanup
  - [pid=499159] finished temporary directories cleanup

    at Object.&lt;anonymous&gt; (/home/devel/basset-hound-browser/tests/integration/automation.test.js:86:19)</failure>
    </testcase>
    <testcase classname="Automation Integration Tests Script Execution should require script parameter" name="Automation Integration Tests Script Execution should require script parameter" time="0.032">
      <failure>Error: Process failed to launch!
    at waitForLine (/home/devel/basset-hound-browser/node_modules/playwright-core/lib/server/electron/electron.js:252:21)
    at Electron.launch (/home/devel/basset-hound-browser/node_modules/playwright-core/lib/server/electron/electron.js:200:32)
    at ElectronDispatcher.launch (/home/devel/basset-hound-browser/node_modules/playwright-core/lib/server/dispatchers/electronDispatcher.js:38:33)
    at ProgressController.run (/home/devel/basset-hound-browser/node_modules/playwright-core/lib/server/progress.js:104:22)
    at ElectronDispatcher._runCommand (/home/devel/basset-hound-browser/node_modules/playwright-core/lib/server/dispatchers/dispatcher.js:91:14)
    at DispatcherConnection.dispatch (/home/devel/basset-hound-browser/node_modules/playwright-core/lib/server/dispatchers/dispatcher.js:325:22)</failure>
      <failure>Error: Process failed to launch!
    at waitForLine (/home/devel/basset-hound-browser/node_modules/playwright-core/lib/server/electron/electron.js:252:21)
    at Electron.launch (/home/devel/basset-hound-browser/node_modules/playwright-core/lib/server/electron/electron.js:201:39)
    at ElectronDispatcher.launch (/home/devel/basset-hound-browser/node_modules/playwright-core/lib/server/dispatchers/electronDispatcher.js:38:33)
    at ProgressController.run (/home/devel/basset-hound-browser/node_modules/playwright-core/lib/server/progress.js:104:22)
    at ElectronDispatcher._runCommand (/home/devel/basset-hound-browser/node_modules/playwright-core/lib/server/dispatchers/dispatcher.js:91:14)
    at DispatcherConnection.dispatch (/home/devel/basset-hound-browser/node_modules/playwright-core/lib/server/dispatchers/dispatcher.js:325:22)</failure>
      <failure>Error: Process failed to launch!
    at waitForLine (/home/devel/basset-hound-browser/node_modules/playwright-core/lib/server/electron/electron.js:252:21)
    at Electron.launch (/home/devel/basset-hound-browser/node_modules/playwright-core/lib/server/electron/electron.js:188:33)
    at ElectronDispatcher.launch (/home/devel/basset-hound-browser/node_modules/playwright-core/lib/server/dispatchers/electronDispatcher.js:38:33)
    at ProgressController.run (/home/devel/basset-hound-browser/node_modules/playwright-core/lib/server/progress.js:104:22)
    at ElectronDispatcher._runCommand (/home/devel/basset-hound-browser/node_modules/playwright-core/lib/server/dispatchers/dispatcher.js:91:14)
    at DispatcherConnection.dispatch (/home/devel/basset-hound-browser/node_modules/playwright-core/lib/server/dispatchers/dispatcher.js:325:22)</failure>
      <failure>electron.launch: Process failed to launch!
Call log:
  - &lt;launching&gt; /home/devel/basset-hound-browser/node_modules/electron/dist/electron -r /home/devel/basset-hound-browser/node_modules/playwright-core/lib/server/electron/loader.js --no-sandbox --inspect=0 --remote-debugging-port=0 /home/devel/basset-hound-browser
  - &lt;launched&gt; pid=499161
  - [pid=499161][err] /home/devel/basset-hound-browser/node_modules/electron/dist/electron: bad option: --no-sandbox
  - [pid=499161][err] /home/devel/basset-hound-browser/node_modules/electron/dist/electron: bad option: --remote-debugging-port=0
  - [pid=499161] &lt;kill&gt;
  - [pid=499161] &lt;will force kill&gt;
  - [pid=499161] &lt;process did exit: exitCode=9, signal=null&gt;
  - [pid=499161] starting temporary directories cleanup
  - [pid=499161] finished temporary directories cleanup

    at Object.&lt;anonymous&gt; (/home/devel/basset-hound-browser/tests/integration/automation.test.js:86:19)</failure>
    </testcase>
    <testcase classname="Automation Integration Tests Scroll Commands should scroll to position" name="Automation Integration Tests Scroll Commands should scroll to position" time="0.033">
      <failure>Error: Process failed to launch!
    at waitForLine (/home/devel/basset-hound-browser/node_modules/playwright-core/lib/server/electron/electron.js:252:21)
    at Electron.launch (/home/devel/basset-hound-browser/node_modules/playwright-core/lib/server/electron/electron.js:200:32)
    at ElectronDispatcher.launch (/home/devel/basset-hound-browser/node_modules/playwright-core/lib/server/dispatchers/electronDispatcher.js:38:33)
    at ProgressController.run (/home/devel/basset-hound-browser/node_modules/playwright-core/lib/server/progress.js:104:22)
    at ElectronDispatcher._runCommand (/home/devel/basset-hound-browser/node_modules/playwright-core/lib/server/dispatchers/dispatcher.js:91:14)
    at DispatcherConnection.dispatch (/home/devel/basset-hound-browser/node_modules/playwright-core/lib/server/dispatchers/dispatcher.js:325:22)</failure>
      <failure>Error: Process failed to launch!
    at waitForLine (/home/devel/basset-hound-browser/node_modules/playwright-core/lib/server/electron/electron.js:252:21)
    at Electron.launch (/home/devel/basset-hound-browser/node_modules/playwright-core/lib/server/electron/electron.js:201:39)
    at ElectronDispatcher.launch (/home/devel/basset-hound-browser/node_modules/playwright-core/lib/server/dispatchers/electronDispatcher.js:38:33)
    at ProgressController.run (/home/devel/basset-hound-browser/node_modules/playwright-core/lib/server/progress.js:104:22)
    at ElectronDispatcher._runCommand (/home/devel/basset-hound-browser/node_modules/playwright-core/lib/server/dispatchers/dispatcher.js:91:14)
    at DispatcherConnection.dispatch (/home/devel/basset-hound-browser/node_modules/playwright-core/lib/server/dispatchers/dispatcher.js:325:22)</failure>
      <failure>Error: Process failed to launch!
    at waitForLine (/home/devel/basset-hound-browser/node_modules/playwright-core/lib/server/electron/electron.js:252:21)
    at Electron.launch (/home/devel/basset-hound-browser/node_modules/playwright-core/lib/server/electron/electron.js:188:33)
    at ElectronDispatcher.launch (/home/devel/basset-hound-browser/node_modules/playwright-core/lib/server/dispatchers/electronDispatcher.js:38:33)
    at ProgressController.run (/home/devel/basset-hound-browser/node_modules/playwright-core/lib/server/progress.js:104:22)
    at ElectronDispatcher._runCommand (/home/devel/basset-hound-browser/node_modules/playwright-core/lib/server/dispatchers/dispatcher.js:91:14)
    at DispatcherConnection.dispatch (/home/devel/basset-hound-browser/node_modules/playwright-core/lib/server/dispatchers/dispatcher.js:325:22)</failure>
      <failure>electron.launch: Process failed to launch!
Call log:
  - &lt;launching&gt; /home/devel/basset-hound-browser/node_modules/electron/dist/electron -r /home/devel/basset-hound-browser/node_modules/playwright-core/lib/server/electron/loader.js --no-sandbox --inspect=0 --remote-debugging-port=0 /home/devel/basset-hound-browser
  - &lt;launched&gt; pid=499163
  - [pid=499163][err] /home/devel/basset-hound-browser/node_modules/electron/dist/electron: bad option: --no-sandbox
  - [pid=499163][err] /home/devel/basset-hound-browser/node_modules/electron/dist/electron: bad option: --remote-debugging-port=0
  - [pid=499163] &lt;kill&gt;
  - [pid=499163] &lt;will force kill&gt;
  - [pid=499163] &lt;process did exit: exitCode=9, signal=null&gt;
  - [pid=499163] starting temporary directories cleanup
  - [pid=499163] finished temporary directories cleanup

    at Object.&lt;anonymous&gt; (/home/devel/basset-hound-browser/tests/integration/automation.test.js:86:19)</failure>
    </testcase>
    <testcase classname="Automation Integration Tests Scroll Commands should scroll to element" name="Automation Integration Tests Scroll Commands should scroll to element" time="0.035">
      <failure>Error: Process failed to launch!
    at waitForLine (/home/devel/basset-hound-browser/node_modules/playwright-core/lib/server/electron/electron.js:252:21)
    at Electron.launch (/home/devel/basset-hound-browser/node_modules/playwright-core/lib/server/electron/electron.js:200:32)
    at ElectronDispatcher.launch (/home/devel/basset-hound-browser/node_modules/playwright-core/lib/server/dispatchers/electronDispatcher.js:38:33)
    at ProgressController.run (/home/devel/basset-hound-browser/node_modules/playwright-core/lib/server/progress.js:104:22)
    at ElectronDispatcher._runCommand (/home/devel/basset-hound-browser/node_modules/playwright-core/lib/server/dispatchers/dispatcher.js:91:14)
    at DispatcherConnection.dispatch (/home/devel/basset-hound-browser/node_modules/playwright-core/lib/server/dispatchers/dispatcher.js:325:22)</failure>
      <failure>Error: Process failed to launch!
    at waitForLine (/home/devel/basset-hound-browser/node_modules/playwright-core/lib/server/electron/electron.js:252:21)
    at Electron.launch (/home/devel/basset-hound-browser/node_modules/playwright-core/lib/server/electron/electron.js:201:39)
    at ElectronDispatcher.launch (/home/devel/basset-hound-browser/node_modules/playwright-core/lib/server/dispatchers/electronDispatcher.js:38:33)
    at ProgressController.run (/home/devel/basset-hound-browser/node_modules/playwright-core/lib/server/progress.js:104:22)
    at ElectronDispatcher._runCommand (/home/devel/basset-hound-browser/node_modules/playwright-core/lib/server/dispatchers/dispatcher.js:91:14)
    at DispatcherConnection.dispatch (/home/devel/basset-hound-browser/node_modules/playwright-core/lib/server/dispatchers/dispatcher.js:325:22)</failure>
      <failure>Error: Process failed to launch!
    at waitForLine (/home/devel/basset-hound-browser/node_modules/playwright-core/lib/server/electron/electron.js:252:21)
    at Electron.launch (/home/devel/basset-hound-browser/node_modules/playwright-core/lib/server/electron/electron.js:188:33)
    at ElectronDispatcher.launch (/home/devel/basset-hound-browser/node_modules/playwright-core/lib/server/dispatchers/electronDispatcher.js:38:33)
    at ProgressController.run (/home/devel/basset-hound-browser/node_modules/playwright-core/lib/server/progress.js:104:22)
    at ElectronDispatcher._runCommand (/home/devel/basset-hound-browser/node_modules/playwright-core/lib/server/dispatchers/dispatcher.js:91:14)
    at DispatcherConnection.dispatch (/home/devel/basset-hound-browser/node_modules/playwright-core/lib/server/dispatchers/dispatcher.js:325:22)</failure>
      <failure>electron.launch: Process failed to launch!
Call log:
  - &lt;launching&gt; /home/devel/basset-hound-browser/node_modules/electron/dist/electron -r /home/devel/basset-hound-browser/node_modules/playwright-core/lib/server/electron/loader.js --no-sandbox --inspect=0 --remote-debugging-port=0 /home/devel/basset-hound-browser
  - &lt;launched&gt; pid=499165
  - [pid=499165][err] /home/devel/basset-hound-browser/node_modules/electron/dist/electron: bad option: --no-sandbox
  - [pid=499165][err] /home/devel/basset-hound-browser/node_modules/electron/dist/electron: bad option: --remote-debugging-port=0
  - [pid=499165] &lt;kill&gt;
  - [pid=499165] &lt;will force kill&gt;
  - [pid=499165] &lt;process did exit: exitCode=9, signal=null&gt;
  - [pid=499165] starting temporary directories cleanup
  - [pid=499165] finished temporary directories cleanup

    at Object.&lt;anonymous&gt; (/home/devel/basset-hound-browser/tests/integration/automation.test.js:86:19)</failure>
    </testcase>
    <testcase classname="Automation Integration Tests Scroll Commands should scroll with humanize option" name="Automation Integration Tests Scroll Commands should scroll with humanize option" time="0.037">
      <failure>Error: Process failed to launch!
    at waitForLine (/home/devel/basset-hound-browser/node_modules/playwright-core/lib/server/electron/electron.js:252:21)
    at Electron.launch (/home/devel/basset-hound-browser/node_modules/playwright-core/lib/server/electron/electron.js:200:32)
    at ElectronDispatcher.launch (/home/devel/basset-hound-browser/node_modules/playwright-core/lib/server/dispatchers/electronDispatcher.js:38:33)
    at ProgressController.run (/home/devel/basset-hound-browser/node_modules/playwright-core/lib/server/progress.js:104:22)
    at ElectronDispatcher._runCommand (/home/devel/basset-hound-browser/node_modules/playwright-core/lib/server/dispatchers/dispatcher.js:91:14)
    at DispatcherConnection.dispatch (/home/devel/basset-hound-browser/node_modules/playwright-core/lib/server/dispatchers/dispatcher.js:325:22)</failure>
      <failure>Error: Process failed to launch!
    at waitForLine (/home/devel/basset-hound-browser/node_modules/playwright-core/lib/server/electron/electron.js:252:21)
    at Electron.launch (/home/devel/basset-hound-browser/node_modules/playwright-core/lib/server/electron/electron.js:201:39)
    at ElectronDispatcher.launch (/home/devel/basset-hound-browser/node_modules/playwright-core/lib/server/dispatchers/electronDispatcher.js:38:33)
    at ProgressController.run (/home/devel/basset-hound-browser/node_modules/playwright-core/lib/server/progress.js:104:22)
    at ElectronDispatcher._runCommand (/home/devel/basset-hound-browser/node_modules/playwright-core/lib/server/dispatchers/dispatcher.js:91:14)
    at DispatcherConnection.dispatch (/home/devel/basset-hound-browser/node_modules/playwright-core/lib/server/dispatchers/dispatcher.js:325:22)</failure>
      <failure>Error: Process failed to launch!
    at waitForLine (/home/devel/basset-hound-browser/node_modules/playwright-core/lib/server/electron/electron.js:252:21)
    at Electron.launch (/home/devel/basset-hound-browser/node_modules/playwright-core/lib/server/electron/electron.js:188:33)
    at ElectronDispatcher.launch (/home/devel/basset-hound-browser/node_modules/playwright-core/lib/server/dispatchers/electronDispatcher.js:38:33)
    at ProgressController.run (/home/devel/basset-hound-browser/node_modules/playwright-core/lib/server/progress.js:104:22)
    at ElectronDispatcher._runCommand (/home/devel/basset-hound-browser/node_modules/playwright-core/lib/server/dispatchers/dispatcher.js:91:14)
    at DispatcherConnection.dispatch (/home/devel/basset-hound-browser/node_modules/playwright-core/lib/server/dispatchers/dispatcher.js:325:22)</failure>
      <failure>electron.launch: Process failed to launch!
Call log:
  - &lt;launching&gt; /home/devel/basset-hound-browser/node_modules/electron/dist/electron -r /home/devel/basset-hound-browser/node_modules/playwright-core/lib/server/electron/loader.js --no-sandbox --inspect=0 --remote-debugging-port=0 /home/devel/basset-hound-browser
  - &lt;launched&gt; pid=499167
  - [pid=499167][err] /home/devel/basset-hound-browser/node_modules/electron/dist/electron: bad option: --no-sandbox
  - [pid=499167][err] /home/devel/basset-hound-browser/node_modules/electron/dist/electron: bad option: --remote-debugging-port=0
  - [pid=499167] &lt;kill&gt;
  - [pid=499167] &lt;will force kill&gt;
  - [pid=499167] &lt;process did exit: exitCode=9, signal=null&gt;
  - [pid=499167] starting temporary directories cleanup
  - [pid=499167] finished temporary directories cleanup

    at Object.&lt;anonymous&gt; (/home/devel/basset-hound-browser/tests/integration/automation.test.js:86:19)</failure>
    </testcase>
    <testcase classname="Automation Integration Tests Scroll Commands should scroll horizontally" name="Automation Integration Tests Scroll Commands should scroll horizontally" time="0.032">
      <failure>Error: Process failed to launch!
    at waitForLine (/home/devel/basset-hound-browser/node_modules/playwright-core/lib/server/electron/electron.js:252:21)
    at Electron.launch (/home/devel/basset-hound-browser/node_modules/playwright-core/lib/server/electron/electron.js:200:32)
    at ElectronDispatcher.launch (/home/devel/basset-hound-browser/node_modules/playwright-core/lib/server/dispatchers/electronDispatcher.js:38:33)
    at ProgressController.run (/home/devel/basset-hound-browser/node_modules/playwright-core/lib/server/progress.js:104:22)
    at ElectronDispatcher._runCommand (/home/devel/basset-hound-browser/node_modules/playwright-core/lib/server/dispatchers/dispatcher.js:91:14)
    at DispatcherConnection.dispatch (/home/devel/basset-hound-browser/node_modules/playwright-core/lib/server/dispatchers/dispatcher.js:325:22)</failure>
      <failure>Error: Process failed to launch!
    at waitForLine (/home/devel/basset-hound-browser/node_modules/playwright-core/lib/server/electron/electron.js:252:21)
    at Electron.launch (/home/devel/basset-hound-browser/node_modules/playwright-core/lib/server/electron/electron.js:201:39)
    at ElectronDispatcher.launch (/home/devel/basset-hound-browser/node_modules/playwright-core/lib/server/dispatchers/electronDispatcher.js:38:33)
    at ProgressController.run (/home/devel/basset-hound-browser/node_modules/playwright-core/lib/server/progress.js:104:22)
    at ElectronDispatcher._runCommand (/home/devel/basset-hound-browser/node_modules/playwright-core/lib/server/dispatchers/dispatcher.js:91:14)
    at DispatcherConnection.dispatch (/home/devel/basset-hound-browser/node_modules/playwright-core/lib/server/dispatchers/dispatcher.js:325:22)</failure>
      <failure>Error: Process failed to launch!
    at waitForLine (/home/devel/basset-hound-browser/node_modules/playwright-core/lib/server/electron/electron.js:252:21)
    at Electron.launch (/home/devel/basset-hound-browser/node_modules/playwright-core/lib/server/electron/electron.js:188:33)
    at ElectronDispatcher.launch (/home/devel/basset-hound-browser/node_modules/playwright-core/lib/server/dispatchers/electronDispatcher.js:38:33)
    at ProgressController.run (/home/devel/basset-hound-browser/node_modules/playwright-core/lib/server/progress.js:104:22)
    at ElectronDispatcher._runCommand (/home/devel/basset-hound-browser/node_modules/playwright-core/lib/server/dispatchers/dispatcher.js:91:14)
    at DispatcherConnection.dispatch (/home/devel/basset-hound-browser/node_modules/playwright-core/lib/server/dispatchers/dispatcher.js:325:22)</failure>
      <failure>electron.launch: Process failed to launch!
Call log:
  - &lt;launching&gt; /home/devel/basset-hound-browser/node_modules/electron/dist/electron -r /home/devel/basset-hound-browser/node_modules/playwright-core/lib/server/electron/loader.js --no-sandbox --inspect=0 --remote-debugging-port=0 /home/devel/basset-hound-browser
  - &lt;launched&gt; pid=499169
  - [pid=499169][err] /home/devel/basset-hound-browser/node_modules/electron/dist/electron: bad option: --no-sandbox
  - [pid=499169][err] /home/devel/basset-hound-browser/node_modules/electron/dist/electron: bad option: --remote-debugging-port=0
  - [pid=499169] &lt;kill&gt;
  - [pid=499169] &lt;will force kill&gt;
  - [pid=499169] &lt;process did exit: exitCode=9, signal=null&gt;
  - [pid=499169] starting temporary directories cleanup
  - [pid=499169] finished temporary directories cleanup

    at Object.&lt;anonymous&gt; (/home/devel/basset-hound-browser/tests/integration/automation.test.js:86:19)</failure>
    </testcase>
    <testcase classname="Automation Integration Tests Wait Commands should wait for element" name="Automation Integration Tests Wait Commands should wait for element" time="0.032">
      <failure>Error: Process failed to launch!
    at waitForLine (/home/devel/basset-hound-browser/node_modules/playwright-core/lib/server/electron/electron.js:252:21)
    at Electron.launch (/home/devel/basset-hound-browser/node_modules/playwright-core/lib/server/electron/electron.js:200:32)
    at ElectronDispatcher.launch (/home/devel/basset-hound-browser/node_modules/playwright-core/lib/server/dispatchers/electronDispatcher.js:38:33)
    at ProgressController.run (/home/devel/basset-hound-browser/node_modules/playwright-core/lib/server/progress.js:104:22)
    at ElectronDispatcher._runCommand (/home/devel/basset-hound-browser/node_modules/playwright-core/lib/server/dispatchers/dispatcher.js:91:14)
    at DispatcherConnection.dispatch (/home/devel/basset-hound-browser/node_modules/playwright-core/lib/server/dispatchers/dispatcher.js:325:22)</failure>
      <failure>Error: Process failed to launch!
    at waitForLine (/home/devel/basset-hound-browser/node_modules/playwright-core/lib/server/electron/electron.js:252:21)
    at Electron.launch (/home/devel/basset-hound-browser/node_modules/playwright-core/lib/server/electron/electron.js:201:39)
    at ElectronDispatcher.launch (/home/devel/basset-hound-browser/node_modules/playwright-core/lib/server/dispatchers/electronDispatcher.js:38:33)
    at ProgressController.run (/home/devel/basset-hound-browser/node_modules/playwright-core/lib/server/progress.js:104:22)
    at ElectronDispatcher._runCommand (/home/devel/basset-hound-browser/node_modules/playwright-core/lib/server/dispatchers/dispatcher.js:91:14)
    at DispatcherConnection.dispatch (/home/devel/basset-hound-browser/node_modules/playwright-core/lib/server/dispatchers/dispatcher.js:325:22)</failure>
      <failure>Error: Process failed to launch!
    at waitForLine (/home/devel/basset-hound-browser/node_modules/playwright-core/lib/server/electron/electron.js:252:21)
    at Electron.launch (/home/devel/basset-hound-browser/node_modules/playwright-core/lib/server/electron/electron.js:188:33)
    at ElectronDispatcher.launch (/home/devel/basset-hound-browser/node_modules/playwright-core/lib/server/dispatchers/electronDispatcher.js:38:33)
    at ProgressController.run (/home/devel/basset-hound-browser/node_modules/playwright-core/lib/server/progress.js:104:22)
    at ElectronDispatcher._runCommand (/home/devel/basset-hound-browser/node_modules/playwright-core/lib/server/dispatchers/dispatcher.js:91:14)
    at DispatcherConnection.dispatch (/home/devel/basset-hound-browser/node_modules/playwright-core/lib/server/dispatchers/dispatcher.js:325:22)</failure>
      <failure>electron.launch: Process failed to launch!
Call log:
  - &lt;launching&gt; /home/devel/basset-hound-browser/node_modules/electron/dist/electron -r /home/devel/basset-hound-browser/node_modules/playwright-core/lib/server/electron/loader.js --no-sandbox --inspect=0 --remote-debugging-port=0 /home/devel/basset-hound-browser
  - &lt;launched&gt; pid=499171
  - [pid=499171][err] /home/devel/basset-hound-browser/node_modules/electron/dist/electron: bad option: --no-sandbox
  - [pid=499171][err] /home/devel/basset-hound-browser/node_modules/electron/dist/electron: bad option: --remote-debugging-port=0
  - [pid=499171] &lt;kill&gt;
  - [pid=499171] &lt;will force kill&gt;
  - [pid=499171] &lt;process did exit: exitCode=9, signal=null&gt;
  - [pid=499171] starting temporary directories cleanup
  - [pid=499171] finished temporary directories cleanup

    at Object.&lt;anonymous&gt; (/home/devel/basset-hound-browser/tests/integration/automation.test.js:86:19)</failure>
    </testcase>
    <testcase classname="Automation Integration Tests Wait Commands should timeout for non-existent element" name="Automation Integration Tests Wait Commands should timeout for non-existent element" time="0.032">
      <failure>Error: Process failed to launch!
    at waitForLine (/home/devel/basset-hound-browser/node_modules/playwright-core/lib/server/electron/electron.js:252:21)
    at Electron.launch (/home/devel/basset-hound-browser/node_modules/playwright-core/lib/server/electron/electron.js:200:32)
    at ElectronDispatcher.launch (/home/devel/basset-hound-browser/node_modules/playwright-core/lib/server/dispatchers/electronDispatcher.js:38:33)
    at ProgressController.run (/home/devel/basset-hound-browser/node_modules/playwright-core/lib/server/progress.js:104:22)
    at ElectronDispatcher._runCommand (/home/devel/basset-hound-browser/node_modules/playwright-core/lib/server/dispatchers/dispatcher.js:91:14)
    at DispatcherConnection.dispatch (/home/devel/basset-hound-browser/node_modules/playwright-core/lib/server/dispatchers/dispatcher.js:325:22)</failure>
      <failure>Error: Process failed to launch!
    at waitForLine (/home/devel/basset-hound-browser/node_modules/playwright-core/lib/server/electron/electron.js:252:21)
    at Electron.launch (/home/devel/basset-hound-browser/node_modules/playwright-core/lib/server/electron/electron.js:201:39)
    at ElectronDispatcher.launch (/home/devel/basset-hound-browser/node_modules/playwright-core/lib/server/dispatchers/electronDispatcher.js:38:33)
    at ProgressController.run (/home/devel/basset-hound-browser/node_modules/playwright-core/lib/server/progress.js:104:22)
    at ElectronDispatcher._runCommand (/home/devel/basset-hound-browser/node_modules/playwright-core/lib/server/dispatchers/dispatcher.js:91:14)
    at DispatcherConnection.dispatch (/home/devel/basset-hound-browser/node_modules/playwright-core/lib/server/dispatchers/dispatcher.js:325:22)</failure>
      <failure>Error: Process failed to launch!
    at waitForLine (/home/devel/basset-hound-browser/node_modules/playwright-core/lib/server/electron/electron.js:252:21)
    at Electron.launch (/home/devel/basset-hound-browser/node_modules/playwright-core/lib/server/electron/electron.js:188:33)
    at ElectronDispatcher.launch (/home/devel/basset-hound-browser/node_modules/playwright-core/lib/server/dispatchers/electronDispatcher.js:38:33)
    at ProgressController.run (/home/devel/basset-hound-browser/node_modules/playwright-core/lib/server/progress.js:104:22)
    at ElectronDispatcher._runCommand (/home/devel/basset-hound-browser/node_modules/playwright-core/lib/server/dispatchers/dispatcher.js:91:14)
    at DispatcherConnection.dispatch (/home/devel/basset-hound-browser/node_modules/playwright-core/lib/server/dispatchers/dispatcher.js:325:22)</failure>
      <failure>electron.launch: Process failed to launch!
Call log:
  - &lt;launching&gt; /home/devel/basset-hound-browser/node_modules/electron/dist/electron -r /home/devel/basset-hound-browser/node_modules/playwright-core/lib/server/electron/loader.js --no-sandbox --inspect=0 --remote-debugging-port=0 /home/devel/basset-hound-browser
  - &lt;launched&gt; pid=499173
  - [pid=499173][err] /home/devel/basset-hound-browser/node_modules/electron/dist/electron: bad option: --no-sandbox
  - [pid=499173][err] /home/devel/basset-hound-browser/node_modules/electron/dist/electron: bad option: --remote-debugging-port=0
  - [pid=499173] &lt;kill&gt;
  - [pid=499173] &lt;will force kill&gt;
  - [pid=499173] &lt;process did exit: exitCode=9, signal=null&gt;
  - [pid=499173] starting temporary directories cleanup
  - [pid=499173] finished temporary directories cleanup

    at Object.&lt;anonymous&gt; (/home/devel/basset-hound-browser/tests/integration/automation.test.js:86:19)</failure>
    </testcase>
    <testcase classname="Automation Integration Tests Wait Commands should require selector parameter" name="Automation Integration Tests Wait Commands should require selector parameter" time="0.032">
      <failure>Error: Process failed to launch!
    at waitForLine (/home/devel/basset-hound-browser/node_modules/playwright-core/lib/server/electron/electron.js:252:21)
    at Electron.launch (/home/devel/basset-hound-browser/node_modules/playwright-core/lib/server/electron/electron.js:200:32)
    at ElectronDispatcher.launch (/home/devel/basset-hound-browser/node_modules/playwright-core/lib/server/dispatchers/electronDispatcher.js:38:33)
    at ProgressController.run (/home/devel/basset-hound-browser/node_modules/playwright-core/lib/server/progress.js:104:22)
    at ElectronDispatcher._runCommand (/home/devel/basset-hound-browser/node_modules/playwright-core/lib/server/dispatchers/dispatcher.js:91:14)
    at DispatcherConnection.dispatch (/home/devel/basset-hound-browser/node_modules/playwright-core/lib/server/dispatchers/dispatcher.js:325:22)</failure>
      <failure>Error: Process failed to launch!
    at waitForLine (/home/devel/basset-hound-browser/node_modules/playwright-core/lib/server/electron/electron.js:252:21)
    at Electron.launch (/home/devel/basset-hound-browser/node_modules/playwright-core/lib/server/electron/electron.js:201:39)
    at ElectronDispatcher.launch (/home/devel/basset-hound-browser/node_modules/playwright-core/lib/server/dispatchers/electronDispatcher.js:38:33)
    at ProgressController.run (/home/devel/basset-hound-browser/node_modules/playwright-core/lib/server/progress.js:104:22)
    at ElectronDispatcher._runCommand (/home/devel/basset-hound-browser/node_modules/playwright-core/lib/server/dispatchers/dispatcher.js:91:14)
    at DispatcherConnection.dispatch (/home/devel/basset-hound-browser/node_modules/playwright-core/lib/server/dispatchers/dispatcher.js:325:22)</failure>
      <failure>Error: Process failed to launch!
    at waitForLine (/home/devel/basset-hound-browser/node_modules/playwright-core/lib/server/electron/electron.js:252:21)
    at Electron.launch (/home/devel/basset-hound-browser/node_modules/playwright-core/lib/server/electron/electron.js:188:33)
    at ElectronDispatcher.launch (/home/devel/basset-hound-browser/node_modules/playwright-core/lib/server/dispatchers/electronDispatcher.js:38:33)
    at ProgressController.run (/home/devel/basset-hound-browser/node_modules/playwright-core/lib/server/progress.js:104:22)
    at ElectronDispatcher._runCommand (/home/devel/basset-hound-browser/node_modules/playwright-core/lib/server/dispatchers/dispatcher.js:91:14)
    at DispatcherConnection.dispatch (/home/devel/basset-hound-browser/node_modules/playwright-core/lib/server/dispatchers/dispatcher.js:325:22)</failure>
      <failure>electron.launch: Process failed to launch!
Call log:
  - &lt;launching&gt; /home/devel/basset-hound-browser/node_modules/electron/dist/electron -r /home/devel/basset-hound-browser/node_modules/playwright-core/lib/server/electron/loader.js --no-sandbox --inspect=0 --remote-debugging-port=0 /home/devel/basset-hound-browser
  - &lt;launched&gt; pid=499175
  - [pid=499175][err] /home/devel/basset-hound-browser/node_modules/electron/dist/electron: bad option: --no-sandbox
  - [pid=499175][err] /home/devel/basset-hound-browser/node_modules/electron/dist/electron: bad option: --remote-debugging-port=0
  - [pid=499175] &lt;kill&gt;
  - [pid=499175] &lt;will force kill&gt;
  - [pid=499175] &lt;process did exit: exitCode=9, signal=null&gt;
  - [pid=499175] starting temporary directories cleanup
  - [pid=499175] finished temporary directories cleanup

    at Object.&lt;anonymous&gt; (/home/devel/basset-hound-browser/tests/integration/automation.test.js:86:19)</failure>
    </testcase>
    <testcase classname="Automation Integration Tests Wait Commands should use default timeout if not specified" name="Automation Integration Tests Wait Commands should use default timeout if not specified" time="0.032">
      <failure>Error: Process failed to launch!
    at waitForLine (/home/devel/basset-hound-browser/node_modules/playwright-core/lib/server/electron/electron.js:252:21)
    at Electron.launch (/home/devel/basset-hound-browser/node_modules/playwright-core/lib/server/electron/electron.js:200:32)
    at ElectronDispatcher.launch (/home/devel/basset-hound-browser/node_modules/playwright-core/lib/server/dispatchers/electronDispatcher.js:38:33)
    at ProgressController.run (/home/devel/basset-hound-browser/node_modules/playwright-core/lib/server/progress.js:104:22)
    at ElectronDispatcher._runCommand (/home/devel/basset-hound-browser/node_modules/playwright-core/lib/server/dispatchers/dispatcher.js:91:14)
    at DispatcherConnection.dispatch (/home/devel/basset-hound-browser/node_modules/playwright-core/lib/server/dispatchers/dispatcher.js:325:22)</failure>
      <failure>Error: Process failed to launch!
    at waitForLine (/home/devel/basset-hound-browser/node_modules/playwright-core/lib/server/electron/electron.js:252:21)
    at Electron.launch (/home/devel/basset-hound-browser/node_modules/playwright-core/lib/server/electron/electron.js:201:39)
    at ElectronDispatcher.launch (/home/devel/basset-hound-browser/node_modules/playwright-core/lib/server/dispatchers/electronDispatcher.js:38:33)
    at ProgressController.run (/home/devel/basset-hound-browser/node_modules/playwright-core/lib/server/progress.js:104:22)
    at ElectronDispatcher._runCommand (/home/devel/basset-hound-browser/node_modules/playwright-core/lib/server/dispatchers/dispatcher.js:91:14)
    at DispatcherConnection.dispatch (/home/devel/basset-hound-browser/node_modules/playwright-core/lib/server/dispatchers/dispatcher.js:325:22)</failure>
      <failure>Error: Process failed to launch!
    at waitForLine (/home/devel/basset-hound-browser/node_modules/playwright-core/lib/server/electron/electron.js:252:21)
    at Electron.launch (/home/devel/basset-hound-browser/node_modules/playwright-core/lib/server/electron/electron.js:188:33)
    at ElectronDispatcher.launch (/home/devel/basset-hound-browser/node_modules/playwright-core/lib/server/dispatchers/electronDispatcher.js:38:33)
    at ProgressController.run (/home/devel/basset-hound-browser/node_modules/playwright-core/lib/server/progress.js:104:22)
    at ElectronDispatcher._runCommand (/home/devel/basset-hound-browser/node_modules/playwright-core/lib/server/dispatchers/dispatcher.js:91:14)
    at DispatcherConnection.dispatch (/home/devel/basset-hound-browser/node_modules/playwright-core/lib/server/dispatchers/dispatcher.js:325:22)</failure>
      <failure>electron.launch: Process failed to launch!
Call log:
  - &lt;launching&gt; /home/devel/basset-hound-browser/node_modules/electron/dist/electron -r /home/devel/basset-hound-browser/node_modules/playwright-core/lib/server/electron/loader.js --no-sandbox --inspect=0 --remote-debugging-port=0 /home/devel/basset-hound-browser
  - &lt;launched&gt; pid=499178
  - [pid=499178][err] /home/devel/basset-hound-browser/node_modules/electron/dist/electron: bad option: --no-sandbox
  - [pid=499178][err] /home/devel/basset-hound-browser/node_modules/electron/dist/electron: bad option: --remote-debugging-port=0
  - [pid=499178] &lt;kill&gt;
  - [pid=499178] &lt;will force kill&gt;
  - [pid=499178] &lt;process did exit: exitCode=9, signal=null&gt;
  - [pid=499178] starting temporary directories cleanup
  - [pid=499178] finished temporary directories cleanup

    at Object.&lt;anonymous&gt; (/home/devel/basset-hound-browser/tests/integration/automation.test.js:86:19)</failure>
    </testcase>
    <testcase classname="Automation Integration Tests Cookie Commands should get cookies" name="Automation Integration Tests Cookie Commands should get cookies" time="0.03">
      <failure>Error: Process failed to launch!
    at waitForLine (/home/devel/basset-hound-browser/node_modules/playwright-core/lib/server/electron/electron.js:252:21)
    at Electron.launch (/home/devel/basset-hound-browser/node_modules/playwright-core/lib/server/electron/electron.js:200:32)
    at ElectronDispatcher.launch (/home/devel/basset-hound-browser/node_modules/playwright-core/lib/server/dispatchers/electronDispatcher.js:38:33)
    at ProgressController.run (/home/devel/basset-hound-browser/node_modules/playwright-core/lib/server/progress.js:104:22)
    at ElectronDispatcher._runCommand (/home/devel/basset-hound-browser/node_modules/playwright-core/lib/server/dispatchers/dispatcher.js:91:14)
    at DispatcherConnection.dispatch (/home/devel/basset-hound-browser/node_modules/playwright-core/lib/server/dispatchers/dispatcher.js:325:22)</failure>
      <failure>Error: Process failed to launch!
    at waitForLine (/home/devel/basset-hound-browser/node_modules/playwright-core/lib/server/electron/electron.js:252:21)
    at Electron.launch (/home/devel/basset-hound-browser/node_modules/playwright-core/lib/server/electron/electron.js:201:39)
    at ElectronDispatcher.launch (/home/devel/basset-hound-browser/node_modules/playwright-core/lib/server/dispatchers/electronDispatcher.js:38:33)
    at ProgressController.run (/home/devel/basset-hound-browser/node_modules/playwright-core/lib/server/progress.js:104:22)
    at ElectronDispatcher._runCommand (/home/devel/basset-hound-browser/node_modules/playwright-core/lib/server/dispatchers/dispatcher.js:91:14)
    at DispatcherConnection.dispatch (/home/devel/basset-hound-browser/node_modules/playwright-core/lib/server/dispatchers/dispatcher.js:325:22)</failure>
      <failure>Error: Process failed to launch!
    at waitForLine (/home/devel/basset-hound-browser/node_modules/playwright-core/lib/server/electron/electron.js:252:21)
    at Electron.launch (/home/devel/basset-hound-browser/node_modules/playwright-core/lib/server/electron/electron.js:188:33)
    at ElectronDispatcher.launch (/home/devel/basset-hound-browser/node_modules/playwright-core/lib/server/dispatchers/electronDispatcher.js:38:33)
    at ProgressController.run (/home/devel/basset-hound-browser/node_modules/playwright-core/lib/server/progress.js:104:22)
    at ElectronDispatcher._runCommand (/home/devel/basset-hound-browser/node_modules/playwright-core/lib/server/dispatchers/dispatcher.js:91:14)
    at DispatcherConnection.dispatch (/home/devel/basset-hound-browser/node_modules/playwright-core/lib/server/dispatchers/dispatcher.js:325:22)</failure>
      <failure>electron.launch: Process failed to launch!
Call log:
  - &lt;launching&gt; /home/devel/basset-hound-browser/node_modules/electron/dist/electron -r /home/devel/basset-hound-browser/node_modules/playwright-core/lib/server/electron/loader.js --no-sandbox --inspect=0 --remote-debugging-port=0 /home/devel/basset-hound-browser
  - &lt;launched&gt; pid=499180
  - [pid=499180][err] /home/devel/basset-hound-browser/node_modules/electron/dist/electron: bad option: --no-sandbox
  - [pid=499180][err] /home/devel/basset-hound-browser/node_modules/electron/dist/electron: bad option: --remote-debugging-port=0
  - [pid=499180] &lt;kill&gt;
  - [pid=499180] &lt;will force kill&gt;
  - [pid=499180] &lt;process did exit: exitCode=9, signal=null&gt;
  - [pid=499180] starting temporary directories cleanup
  - [pid=499180] finished temporary directories cleanup

    at Object.&lt;anonymous&gt; (/home/devel/basset-hound-browser/tests/integration/automation.test.js:86:19)</failure>
    </testcase>
    <testcase classname="Automation Integration Tests Cookie Commands should set cookies" name="Automation Integration Tests Cookie Commands should set cookies" time="0.034">
      <failure>Error: Process failed to launch!
    at waitForLine (/home/devel/basset-hound-browser/node_modules/playwright-core/lib/server/electron/electron.js:252:21)
    at Electron.launch (/home/devel/basset-hound-browser/node_modules/playwright-core/lib/server/electron/electron.js:200:32)
    at ElectronDispatcher.launch (/home/devel/basset-hound-browser/node_modules/playwright-core/lib/server/dispatchers/electronDispatcher.js:38:33)
    at ProgressController.run (/home/devel/basset-hound-browser/node_modules/playwright-core/lib/server/progress.js:104:22)
    at ElectronDispatcher._runCommand (/home/devel/basset-hound-browser/node_modules/playwright-core/lib/server/dispatchers/dispatcher.js:91:14)
    at DispatcherConnection.dispatch (/home/devel/basset-hound-browser/node_modules/playwright-core/lib/server/dispatchers/dispatcher.js:325:22)</failure>
      <failure>Error: Process failed to launch!
    at waitForLine (/home/devel/basset-hound-browser/node_modules/playwright-core/lib/server/electron/electron.js:252:21)
    at Electron.launch (/home/devel/basset-hound-browser/node_modules/playwright-core/lib/server/electron/electron.js:201:39)
    at ElectronDispatcher.launch (/home/devel/basset-hound-browser/node_modules/playwright-core/lib/server/dispatchers/electronDispatcher.js:38:33)
    at ProgressController.run (/home/devel/basset-hound-browser/node_modules/playwright-core/lib/server/progress.js:104:22)
    at ElectronDispatcher._runCommand (/home/devel/basset-hound-browser/node_modules/playwright-core/lib/server/dispatchers/dispatcher.js:91:14)
    at DispatcherConnection.dispatch (/home/devel/basset-hound-browser/node_modules/playwright-core/lib/server/dispatchers/dispatcher.js:325:22)</failure>
      <failure>Error: Process failed to launch!
    at waitForLine (/home/devel/basset-hound-browser/node_modules/playwright-core/lib/server/electron/electron.js:252:21)
    at Electron.launch (/home/devel/basset-hound-browser/node_modules/playwright-core/lib/server/electron/electron.js:188:33)
    at ElectronDispatcher.launch (/home/devel/basset-hound-browser/node_modules/playwright-core/lib/server/dispatchers/electronDispatcher.js:38:33)
    at ProgressController.run (/home/devel/basset-hound-browser/node_modules/playwright-core/lib/server/progress.js:104:22)
    at ElectronDispatcher._runCommand (/home/devel/basset-hound-browser/node_modules/playwright-core/lib/server/dispatchers/dispatcher.js:91:14)
    at DispatcherConnection.dispatch (/home/devel/basset-hound-browser/node_modules/playwright-core/lib/server/dispatchers/dispatcher.js:325:22)</failure>
      <failure>electron.launch: Process failed to launch!
Call log:
  - &lt;launching&gt; /home/devel/basset-hound-browser/node_modules/electron/dist/electron -r /home/devel/basset-hound-browser/node_modules/playwright-core/lib/server/electron/loader.js --no-sandbox --inspect=0 --remote-debugging-port=0 /home/devel/basset-hound-browser
  - &lt;launched&gt; pid=499181
  - [pid=499181][err] /home/devel/basset-hound-browser/node_modules/electron/dist/electron: bad option: --no-sandbox
  - [pid=499181][err] /home/devel/basset-hound-browser/node_modules/electron/dist/electron: bad option: --remote-debugging-port=0
  - [pid=499181] &lt;kill&gt;
  - [pid=499181] &lt;will force kill&gt;
  - [pid=499181] &lt;process did exit: exitCode=9, signal=null&gt;
  - [pid=499181] starting temporary directories cleanup
  - [pid=499181] finished temporary directories cleanup

    at Object.&lt;anonymous&gt; (/home/devel/basset-hound-browser/tests/integration/automation.test.js:86:19)</failure>
    </testcase>
    <testcase classname="Automation Integration Tests Cookie Commands should require URL for get_cookies" name="Automation Integration Tests Cookie Commands should require URL for get_cookies" time="0.032">
      <failure>Error: Process failed to launch!
    at waitForLine (/home/devel/basset-hound-browser/node_modules/playwright-core/lib/server/electron/electron.js:252:21)
    at Electron.launch (/home/devel/basset-hound-browser/node_modules/playwright-core/lib/server/electron/electron.js:200:32)
    at ElectronDispatcher.launch (/home/devel/basset-hound-browser/node_modules/playwright-core/lib/server/dispatchers/electronDispatcher.js:38:33)
    at ProgressController.run (/home/devel/basset-hound-browser/node_modules/playwright-core/lib/server/progress.js:104:22)
    at ElectronDispatcher._runCommand (/home/devel/basset-hound-browser/node_modules/playwright-core/lib/server/dispatchers/dispatcher.js:91:14)
    at DispatcherConnection.dispatch (/home/devel/basset-hound-browser/node_modules/playwright-core/lib/server/dispatchers/dispatcher.js:325:22)</failure>
      <failure>Error: Process failed to launch!
    at waitForLine (/home/devel/basset-hound-browser/node_modules/playwright-core/lib/server/electron/electron.js:252:21)
    at Electron.launch (/home/devel/basset-hound-browser/node_modules/playwright-core/lib/server/electron/electron.js:201:39)
    at ElectronDispatcher.launch (/home/devel/basset-hound-browser/node_modules/playwright-core/lib/server/dispatchers/electronDispatcher.js:38:33)
    at ProgressController.run (/home/devel/basset-hound-browser/node_modules/playwright-core/lib/server/progress.js:104:22)
    at ElectronDispatcher._runCommand (/home/devel/basset-hound-browser/node_modules/playwright-core/lib/server/dispatchers/dispatcher.js:91:14)
    at DispatcherConnection.dispatch (/home/devel/basset-hound-browser/node_modules/playwright-core/lib/server/dispatchers/dispatcher.js:325:22)</failure>
      <failure>Error: Process failed to launch!
    at waitForLine (/home/devel/basset-hound-browser/node_modules/playwright-core/lib/server/electron/electron.js:252:21)
    at Electron.launch (/home/devel/basset-hound-browser/node_modules/playwright-core/lib/server/electron/electron.js:188:33)
    at ElectronDispatcher.launch (/home/devel/basset-hound-browser/node_modules/playwright-core/lib/server/dispatchers/electronDispatcher.js:38:33)
    at ProgressController.run (/home/devel/basset-hound-browser/node_modules/playwright-core/lib/server/progress.js:104:22)
    at ElectronDispatcher._runCommand (/home/devel/basset-hound-browser/node_modules/playwright-core/lib/server/dispatchers/dispatcher.js:91:14)
    at DispatcherConnection.dispatch (/home/devel/basset-hound-browser/node_modules/playwright-core/lib/server/dispatchers/dispatcher.js:325:22)</failure>
      <failure>electron.launch: Process failed to launch!
Call log:
  - &lt;launching&gt; /home/devel/basset-hound-browser/node_modules/electron/dist/electron -r /home/devel/basset-hound-browser/node_modules/playwright-core/lib/server/electron/loader.js --no-sandbox --inspect=0 --remote-debugging-port=0 /home/devel/basset-hound-browser
  - &lt;launched&gt; pid=499183
  - [pid=499183][err] /home/devel/basset-hound-browser/node_modules/electron/dist/electron: bad option: --no-sandbox
  - [pid=499183][err] /home/devel/basset-hound-browser/node_modules/electron/dist/electron: bad option: --remote-debugging-port=0
  - [pid=499183] &lt;kill&gt;
  - [pid=499183] &lt;will force kill&gt;
  - [pid=499183] &lt;process did exit: exitCode=9, signal=null&gt;
  - [pid=499183] starting temporary directories cleanup
  - [pid=499183] finished temporary directories cleanup

    at Object.&lt;anonymous&gt; (/home/devel/basset-hound-browser/tests/integration/automation.test.js:86:19)</failure>
    </testcase>
    <testcase classname="Automation Integration Tests Cookie Commands should require cookies array for set_cookies" name="Automation Integration Tests Cookie Commands should require cookies array for set_cookies" time="0.032">
      <failure>Error: Process failed to launch!
    at waitForLine (/home/devel/basset-hound-browser/node_modules/playwright-core/lib/server/electron/electron.js:252:21)
    at Electron.launch (/home/devel/basset-hound-browser/node_modules/playwright-core/lib/server/electron/electron.js:200:32)
    at ElectronDispatcher.launch (/home/devel/basset-hound-browser/node_modules/playwright-core/lib/server/dispatchers/electronDispatcher.js:38:33)
    at ProgressController.run (/home/devel/basset-hound-browser/node_modules/playwright-core/lib/server/progress.js:104:22)
    at ElectronDispatcher._runCommand (/home/devel/basset-hound-browser/node_modules/playwright-core/lib/server/dispatchers/dispatcher.js:91:14)
    at DispatcherConnection.dispatch (/home/devel/basset-hound-browser/node_modules/playwright-core/lib/server/dispatchers/dispatcher.js:325:22)</failure>
      <failure>Error: Process failed to launch!
    at waitForLine (/home/devel/basset-hound-browser/node_modules/playwright-core/lib/server/electron/electron.js:252:21)
    at Electron.launch (/home/devel/basset-hound-browser/node_modules/playwright-core/lib/server/electron/electron.js:201:39)
    at ElectronDispatcher.launch (/home/devel/basset-hound-browser/node_modules/playwright-core/lib/server/dispatchers/electronDispatcher.js:38:33)
    at ProgressController.run (/home/devel/basset-hound-browser/node_modules/playwright-core/lib/server/progress.js:104:22)
    at ElectronDispatcher._runCommand (/home/devel/basset-hound-browser/node_modules/playwright-core/lib/server/dispatchers/dispatcher.js:91:14)
    at DispatcherConnection.dispatch (/home/devel/basset-hound-browser/node_modules/playwright-core/lib/server/dispatchers/dispatcher.js:325:22)</failure>
      <failure>Error: Process failed to launch!
    at waitForLine (/home/devel/basset-hound-browser/node_modules/playwright-core/lib/server/electron/electron.js:252:21)
    at Electron.launch (/home/devel/basset-hound-browser/node_modules/playwright-core/lib/server/electron/electron.js:188:33)
    at ElectronDispatcher.launch (/home/devel/basset-hound-browser/node_modules/playwright-core/lib/server/dispatchers/electronDispatcher.js:38:33)
    at ProgressController.run (/home/devel/basset-hound-browser/node_modules/playwright-core/lib/server/progress.js:104:22)
    at ElectronDispatcher._runCommand (/home/devel/basset-hound-browser/node_modules/playwright-core/lib/server/dispatchers/dispatcher.js:91:14)
    at DispatcherConnection.dispatch (/home/devel/basset-hound-browser/node_modules/playwright-core/lib/server/dispatchers/dispatcher.js:325:22)</failure>
      <failure>electron.launch: Process failed to launch!
Call log:
  - &lt;launching&gt; /home/devel/basset-hound-browser/node_modules/electron/dist/electron -r /home/devel/basset-hound-browser/node_modules/playwright-core/lib/server/electron/loader.js --no-sandbox --inspect=0 --remote-debugging-port=0 /home/devel/basset-hound-browser
  - &lt;launched&gt; pid=499185
  - [pid=499185][err] /home/devel/basset-hound-browser/node_modules/electron/dist/electron: bad option: --no-sandbox
  - [pid=499185][err] /home/devel/basset-hound-browser/node_modules/electron/dist/electron: bad option: --remote-debugging-port=0
  - [pid=499185] &lt;kill&gt;
  - [pid=499185] &lt;will force kill&gt;
  - [pid=499185] &lt;process did exit: exitCode=9, signal=null&gt;
  - [pid=499185] starting temporary directories cleanup
  - [pid=499185] finished temporary directories cleanup

    at Object.&lt;anonymous&gt; (/home/devel/basset-hound-browser/tests/integration/automation.test.js:86:19)</failure>
    </testcase>
    <testcase classname="Automation Integration Tests Screenshot Commands should capture screenshot" name="Automation Integration Tests Screenshot Commands should capture screenshot" time="0.031">
      <failure>Error: Process failed to launch!
    at waitForLine (/home/devel/basset-hound-browser/node_modules/playwright-core/lib/server/electron/electron.js:252:21)
    at Electron.launch (/home/devel/basset-hound-browser/node_modules/playwright-core/lib/server/electron/electron.js:200:32)
    at ElectronDispatcher.launch (/home/devel/basset-hound-browser/node_modules/playwright-core/lib/server/dispatchers/electronDispatcher.js:38:33)
    at ProgressController.run (/home/devel/basset-hound-browser/node_modules/playwright-core/lib/server/progress.js:104:22)
    at ElectronDispatcher._runCommand (/home/devel/basset-hound-browser/node_modules/playwright-core/lib/server/dispatchers/dispatcher.js:91:14)
    at DispatcherConnection.dispatch (/home/devel/basset-hound-browser/node_modules/playwright-core/lib/server/dispatchers/dispatcher.js:325:22)</failure>
      <failure>Error: Process failed to launch!
    at waitForLine (/home/devel/basset-hound-browser/node_modules/playwright-core/lib/server/electron/electron.js:252:21)
    at Electron.launch (/home/devel/basset-hound-browser/node_modules/playwright-core/lib/server/electron/electron.js:201:39)
    at ElectronDispatcher.launch (/home/devel/basset-hound-browser/node_modules/playwright-core/lib/server/dispatchers/electronDispatcher.js:38:33)
    at ProgressController.run (/home/devel/basset-hound-browser/node_modules/playwright-core/lib/server/progress.js:104:22)
    at ElectronDispatcher._runCommand (/home/devel/basset-hound-browser/node_modules/playwright-core/lib/server/dispatchers/dispatcher.js:91:14)
    at DispatcherConnection.dispatch (/home/devel/basset-hound-browser/node_modules/playwright-core/lib/server/dispatchers/dispatcher.js:325:22)</failure>
      <failure>Error: Process failed to launch!
    at waitForLine (/home/devel/basset-hound-browser/node_modules/playwright-core/lib/server/electron/electron.js:252:21)
    at Electron.launch (/home/devel/basset-hound-browser/node_modules/playwright-core/lib/server/electron/electron.js:188:33)
    at ElectronDispatcher.launch (/home/devel/basset-hound-browser/node_modules/playwright-core/lib/server/dispatchers/electronDispatcher.js:38:33)
    at ProgressController.run (/home/devel/basset-hound-browser/node_modules/playwright-core/lib/server/progress.js:104:22)
    at ElectronDispatcher._runCommand (/home/devel/basset-hound-browser/node_modules/playwright-core/lib/server/dispatchers/dispatcher.js:91:14)
    at DispatcherConnection.dispatch (/home/devel/basset-hound-browser/node_modules/playwright-core/lib/server/dispatchers/dispatcher.js:325:22)</failure>
      <failure>electron.launch: Process failed to launch!
Call log:
  - &lt;launching&gt; /home/devel/basset-hound-browser/node_modules/electron/dist/electron -r /home/devel/basset-hound-browser/node_modules/playwright-core/lib/server/electron/loader.js --no-sandbox --inspect=0 --remote-debugging-port=0 /home/devel/basset-hound-browser
  - &lt;launched&gt; pid=499187
  - [pid=499187][err] /home/devel/basset-hound-browser/node_modules/electron/dist/electron: bad option: --no-sandbox
  - [pid=499187][err] /home/devel/basset-hound-browser/node_modules/electron/dist/electron: bad option: --remote-debugging-port=0
  - [pid=499187] &lt;kill&gt;
  - [pid=499187] &lt;will force kill&gt;
  - [pid=499187] &lt;process did exit: exitCode=9, signal=null&gt;
  - [pid=499187] starting temporary directories cleanup
  - [pid=499187] finished temporary directories cleanup

    at Object.&lt;anonymous&gt; (/home/devel/basset-hound-browser/tests/integration/automation.test.js:86:19)</failure>
    </testcase>
    <testcase classname="Automation Integration Tests Screenshot Commands should support PNG format" name="Automation Integration Tests Screenshot Commands should support PNG format" time="0.032">
      <failure>Error: Process failed to launch!
    at waitForLine (/home/devel/basset-hound-browser/node_modules/playwright-core/lib/server/electron/electron.js:252:21)
    at Electron.launch (/home/devel/basset-hound-browser/node_modules/playwright-core/lib/server/electron/electron.js:200:32)
    at ElectronDispatcher.launch (/home/devel/basset-hound-browser/node_modules/playwright-core/lib/server/dispatchers/electronDispatcher.js:38:33)
    at ProgressController.run (/home/devel/basset-hound-browser/node_modules/playwright-core/lib/server/progress.js:104:22)
    at ElectronDispatcher._runCommand (/home/devel/basset-hound-browser/node_modules/playwright-core/lib/server/dispatchers/dispatcher.js:91:14)
    at DispatcherConnection.dispatch (/home/devel/basset-hound-browser/node_modules/playwright-core/lib/server/dispatchers/dispatcher.js:325:22)</failure>
      <failure>Error: Process failed to launch!
    at waitForLine (/home/devel/basset-hound-browser/node_modules/playwright-core/lib/server/electron/electron.js:252:21)
    at Electron.launch (/home/devel/basset-hound-browser/node_modules/playwright-core/lib/server/electron/electron.js:201:39)
    at ElectronDispatcher.launch (/home/devel/basset-hound-browser/node_modules/playwright-core/lib/server/dispatchers/electronDispatcher.js:38:33)
    at ProgressController.run (/home/devel/basset-hound-browser/node_modules/playwright-core/lib/server/progress.js:104:22)
    at ElectronDispatcher._runCommand (/home/devel/basset-hound-browser/node_modules/playwright-core/lib/server/dispatchers/dispatcher.js:91:14)
    at DispatcherConnection.dispatch (/home/devel/basset-hound-browser/node_modules/playwright-core/lib/server/dispatchers/dispatcher.js:325:22)</failure>
      <failure>Error: Process failed to launch!
    at waitForLine (/home/devel/basset-hound-browser/node_modules/playwright-core/lib/server/electron/electron.js:252:21)
    at Electron.launch (/home/devel/basset-hound-browser/node_modules/playwright-core/lib/server/electron/electron.js:188:33)
    at ElectronDispatcher.launch (/home/devel/basset-hound-browser/node_modules/playwright-core/lib/server/dispatchers/electronDispatcher.js:38:33)
    at ProgressController.run (/home/devel/basset-hound-browser/node_modules/playwright-core/lib/server/progress.js:104:22)
    at ElectronDispatcher._runCommand (/home/devel/basset-hound-browser/node_modules/playwright-core/lib/server/dispatchers/dispatcher.js:91:14)
    at DispatcherConnection.dispatch (/home/devel/basset-hound-browser/node_modules/playwright-core/lib/server/dispatchers/dispatcher.js:325:22)</failure>
      <failure>electron.launch: Process failed to launch!
Call log:
  - &lt;launching&gt; /home/devel/basset-hound-browser/node_modules/electron/dist/electron -r /home/devel/basset-hound-browser/node_modules/playwright-core/lib/server/electron/loader.js --no-sandbox --inspect=0 --remote-debugging-port=0 /home/devel/basset-hound-browser
  - &lt;launched&gt; pid=499189
  - [pid=499189][err] /home/devel/basset-hound-browser/node_modules/electron/dist/electron: bad option: --no-sandbox
  - [pid=499189][err] /home/devel/basset-hound-browser/node_modules/electron/dist/electron: bad option: --remote-debugging-port=0
  - [pid=499189] &lt;kill&gt;
  - [pid=499189] &lt;will force kill&gt;
  - [pid=499189] &lt;process did exit: exitCode=9, signal=null&gt;
  - [pid=499189] starting temporary directories cleanup
  - [pid=499189] finished temporary directories cleanup

    at Object.&lt;anonymous&gt; (/home/devel/basset-hound-browser/tests/integration/automation.test.js:86:19)</failure>
    </testcase>
    <testcase classname="Automation Integration Tests Screenshot Commands should support JPEG format" name="Automation Integration Tests Screenshot Commands should support JPEG format" time="0.038">
      <failure>Error: Process failed to launch!
    at waitForLine (/home/devel/basset-hound-browser/node_modules/playwright-core/lib/server/electron/electron.js:252:21)
    at Electron.launch (/home/devel/basset-hound-browser/node_modules/playwright-core/lib/server/electron/electron.js:200:32)
    at ElectronDispatcher.launch (/home/devel/basset-hound-browser/node_modules/playwright-core/lib/server/dispatchers/electronDispatcher.js:38:33)
    at ProgressController.run (/home/devel/basset-hound-browser/node_modules/playwright-core/lib/server/progress.js:104:22)
    at ElectronDispatcher._runCommand (/home/devel/basset-hound-browser/node_modules/playwright-core/lib/server/dispatchers/dispatcher.js:91:14)
    at DispatcherConnection.dispatch (/home/devel/basset-hound-browser/node_modules/playwright-core/lib/server/dispatchers/dispatcher.js:325:22)</failure>
      <failure>Error: Process failed to launch!
    at waitForLine (/home/devel/basset-hound-browser/node_modules/playwright-core/lib/server/electron/electron.js:252:21)
    at Electron.launch (/home/devel/basset-hound-browser/node_modules/playwright-core/lib/server/electron/electron.js:201:39)
    at ElectronDispatcher.launch (/home/devel/basset-hound-browser/node_modules/playwright-core/lib/server/dispatchers/electronDispatcher.js:38:33)
    at ProgressController.run (/home/devel/basset-hound-browser/node_modules/playwright-core/lib/server/progress.js:104:22)
    at ElectronDispatcher._runCommand (/home/devel/basset-hound-browser/node_modules/playwright-core/lib/server/dispatchers/dispatcher.js:91:14)
    at DispatcherConnection.dispatch (/home/devel/basset-hound-browser/node_modules/playwright-core/lib/server/dispatchers/dispatcher.js:325:22)</failure>
      <failure>Error: Process failed to launch!
    at waitForLine (/home/devel/basset-hound-browser/node_modules/playwright-core/lib/server/electron/electron.js:252:21)
    at Electron.launch (/home/devel/basset-hound-browser/node_modules/playwright-core/lib/server/electron/electron.js:188:33)
    at ElectronDispatcher.launch (/home/devel/basset-hound-browser/node_modules/playwright-core/lib/server/dispatchers/electronDispatcher.js:38:33)
    at ProgressController.run (/home/devel/basset-hound-browser/node_modules/playwright-core/lib/server/progress.js:104:22)
    at ElectronDispatcher._runCommand (/home/devel/basset-hound-browser/node_modules/playwright-core/lib/server/dispatchers/dispatcher.js:91:14)
    at DispatcherConnection.dispatch (/home/devel/basset-hound-browser/node_modules/playwright-core/lib/server/dispatchers/dispatcher.js:325:22)</failure>
      <failure>electron.launch: Process failed to launch!
Call log:
  - &lt;launching&gt; /home/devel/basset-hound-browser/node_modules/electron/dist/electron -r /home/devel/basset-hound-browser/node_modules/playwright-core/lib/server/electron/loader.js --no-sandbox --inspect=0 --remote-debugging-port=0 /home/devel/basset-hound-browser
  - &lt;launched&gt; pid=499196
  - [pid=499196][err] /home/devel/basset-hound-browser/node_modules/electron/dist/electron: bad option: --no-sandbox
  - [pid=499196][err] /home/devel/basset-hound-browser/node_modules/electron/dist/electron: bad option: --remote-debugging-port=0
  - [pid=499196] &lt;kill&gt;
  - [pid=499196] &lt;will force kill&gt;
  - [pid=499196] &lt;process did exit: exitCode=9, signal=null&gt;
  - [pid=499196] starting temporary directories cleanup
  - [pid=499196] finished temporary directories cleanup

    at Object.&lt;anonymous&gt; (/home/devel/basset-hound-browser/tests/integration/automation.test.js:86:19)</failure>
    </testcase>
    <testcase classname="Automation Integration Tests Screenshot Commands should support quality option" name="Automation Integration Tests Screenshot Commands should support quality option" time="0.033">
      <failure>Error: Process failed to launch!
    at waitForLine (/home/devel/basset-hound-browser/node_modules/playwright-core/lib/server/electron/electron.js:252:21)
    at Electron.launch (/home/devel/basset-hound-browser/node_modules/playwright-core/lib/server/electron/electron.js:200:32)
    at ElectronDispatcher.launch (/home/devel/basset-hound-browser/node_modules/playwright-core/lib/server/dispatchers/electronDispatcher.js:38:33)
    at ProgressController.run (/home/devel/basset-hound-browser/node_modules/playwright-core/lib/server/progress.js:104:22)
    at ElectronDispatcher._runCommand (/home/devel/basset-hound-browser/node_modules/playwright-core/lib/server/dispatchers/dispatcher.js:91:14)
    at DispatcherConnection.dispatch (/home/devel/basset-hound-browser/node_modules/playwright-core/lib/server/dispatchers/dispatcher.js:325:22)</failure>
      <failure>Error: Process failed to launch!
    at waitForLine (/home/devel/basset-hound-browser/node_modules/playwright-core/lib/server/electron/electron.js:252:21)
    at Electron.launch (/home/devel/basset-hound-browser/node_modules/playwright-core/lib/server/electron/electron.js:201:39)
    at ElectronDispatcher.launch (/home/devel/basset-hound-browser/node_modules/playwright-core/lib/server/dispatchers/electronDispatcher.js:38:33)
    at ProgressController.run (/home/devel/basset-hound-browser/node_modules/playwright-core/lib/server/progress.js:104:22)
    at ElectronDispatcher._runCommand (/home/devel/basset-hound-browser/node_modules/playwright-core/lib/server/dispatchers/dispatcher.js:91:14)
    at DispatcherConnection.dispatch (/home/devel/basset-hound-browser/node_modules/playwright-core/lib/server/dispatchers/dispatcher.js:325:22)</failure>
      <failure>Error: Process failed to launch!
    at waitForLine (/home/devel/basset-hound-browser/node_modules/playwright-core/lib/server/electron/electron.js:252:21)
    at Electron.launch (/home/devel/basset-hound-browser/node_modules/playwright-core/lib/server/electron/electron.js:188:33)
    at ElectronDispatcher.launch (/home/devel/basset-hound-browser/node_modules/playwright-core/lib/server/dispatchers/electronDispatcher.js:38:33)
    at ProgressController.run (/home/devel/basset-hound-browser/node_modules/playwright-core/lib/server/progress.js:104:22)
    at ElectronDispatcher._runCommand (/home/devel/basset-hound-browser/node_modules/playwright-core/lib/server/dispatchers/dispatcher.js:91:14)
    at DispatcherConnection.dispatch (/home/devel/basset-hound-browser/node_modules/playwright-core/lib/server/dispatchers/dispatcher.js:325:22)</failure>
      <failure>electron.launch: Process failed to launch!
Call log:
  - &lt;launching&gt; /home/devel/basset-hound-browser/node_modules/electron/dist/electron -r /home/devel/basset-hound-browser/node_modules/playwright-core/lib/server/electron/loader.js --no-sandbox --inspect=0 --remote-debugging-port=0 /home/devel/basset-hound-browser
  - &lt;launched&gt; pid=499219
  - [pid=499219][err] /home/devel/basset-hound-browser/node_modules/electron/dist/electron: bad option: --no-sandbox
  - [pid=499219][err] /home/devel/basset-hound-browser/node_modules/electron/dist/electron: bad option: --remote-debugging-port=0
  - [pid=499219] &lt;kill&gt;
  - [pid=499219] &lt;will force kill&gt;
  - [pid=499219] &lt;process did exit: exitCode=9, signal=null&gt;
  - [pid=499219] starting temporary directories cleanup
  - [pid=499219] finished temporary directories cleanup

    at Object.&lt;anonymous&gt; (/home/devel/basset-hound-browser/tests/integration/automation.test.js:86:19)</failure>
    </testcase>
    <testcase classname="Automation Integration Tests Page State Commands should get page content" name="Automation Integration Tests Page State Commands should get page content" time="0.032">
      <failure>Error: Process failed to launch!
    at waitForLine (/home/devel/basset-hound-browser/node_modules/playwright-core/lib/server/electron/electron.js:252:21)
    at Electron.launch (/home/devel/basset-hound-browser/node_modules/playwright-core/lib/server/electron/electron.js:200:32)
    at ElectronDispatcher.launch (/home/devel/basset-hound-browser/node_modules/playwright-core/lib/server/dispatchers/electronDispatcher.js:38:33)
    at ProgressController.run (/home/devel/basset-hound-browser/node_modules/playwright-core/lib/server/progress.js:104:22)
    at ElectronDispatcher._runCommand (/home/devel/basset-hound-browser/node_modules/playwright-core/lib/server/dispatchers/dispatcher.js:91:14)
    at DispatcherConnection.dispatch (/home/devel/basset-hound-browser/node_modules/playwright-core/lib/server/dispatchers/dispatcher.js:325:22)</failure>
      <failure>Error: Process failed to launch!
    at waitForLine (/home/devel/basset-hound-browser/node_modules/playwright-core/lib/server/electron/electron.js:252:21)
    at Electron.launch (/home/devel/basset-hound-browser/node_modules/playwright-core/lib/server/electron/electron.js:201:39)
    at ElectronDispatcher.launch (/home/devel/basset-hound-browser/node_modules/playwright-core/lib/server/dispatchers/electronDispatcher.js:38:33)
    at ProgressController.run (/home/devel/basset-hound-browser/node_modules/playwright-core/lib/server/progress.js:104:22)
    at ElectronDispatcher._runCommand (/home/devel/basset-hound-browser/node_modules/playwright-core/lib/server/dispatchers/dispatcher.js:91:14)
    at DispatcherConnection.dispatch (/home/devel/basset-hound-browser/node_modules/playwright-core/lib/server/dispatchers/dispatcher.js:325:22)</failure>
      <failure>Error: Process failed to launch!
    at waitForLine (/home/devel/basset-hound-browser/node_modules/playwright-core/lib/server/electron/electron.js:252:21)
    at Electron.launch (/home/devel/basset-hound-browser/node_modules/playwright-core/lib/server/electron/electron.js:188:33)
    at ElectronDispatcher.launch (/home/devel/basset-hound-browser/node_modules/playwright-core/lib/server/dispatchers/electronDispatcher.js:38:33)
    at ProgressController.run (/home/devel/basset-hound-browser/node_modules/playwright-core/lib/server/progress.js:104:22)
    at ElectronDispatcher._runCommand (/home/devel/basset-hound-browser/node_modules/playwright-core/lib/server/dispatchers/dispatcher.js:91:14)
    at DispatcherConnection.dispatch (/home/devel/basset-hound-browser/node_modules/playwright-core/lib/server/dispatchers/dispatcher.js:325:22)</failure>
      <failure>electron.launch: Process failed to launch!
Call log:
  - &lt;launching&gt; /home/devel/basset-hound-browser/node_modules/electron/dist/electron -r /home/devel/basset-hound-browser/node_modules/playwright-core/lib/server/electron/loader.js --no-sandbox --inspect=0 --remote-debugging-port=0 /home/devel/basset-hound-browser
  - &lt;launched&gt; pid=499221
  - [pid=499221][err] /home/devel/basset-hound-browser/node_modules/electron/dist/electron: bad option: --no-sandbox
  - [pid=499221][err] /home/devel/basset-hound-browser/node_modules/electron/dist/electron: bad option: --remote-debugging-port=0
  - [pid=499221] &lt;kill&gt;
  - [pid=499221] &lt;will force kill&gt;
  - [pid=499221] &lt;process did exit: exitCode=9, signal=null&gt;
  - [pid=499221] starting temporary directories cleanup
  - [pid=499221] finished temporary directories cleanup

    at Object.&lt;anonymous&gt; (/home/devel/basset-hound-browser/tests/integration/automation.test.js:86:19)</failure>
    </testcase>
    <testcase classname="Automation Integration Tests Page State Commands should get page state" name="Automation Integration Tests Page State Commands should get page state" time="0.035">
      <failure>Error: Process failed to launch!
    at waitForLine (/home/devel/basset-hound-browser/node_modules/playwright-core/lib/server/electron/electron.js:252:21)
    at Electron.launch (/home/devel/basset-hound-browser/node_modules/playwright-core/lib/server/electron/electron.js:200:32)
    at ElectronDispatcher.launch (/home/devel/basset-hound-browser/node_modules/playwright-core/lib/server/dispatchers/electronDispatcher.js:38:33)
    at ProgressController.run (/home/devel/basset-hound-browser/node_modules/playwright-core/lib/server/progress.js:104:22)
    at ElectronDispatcher._runCommand (/home/devel/basset-hound-browser/node_modules/playwright-core/lib/server/dispatchers/dispatcher.js:91:14)
    at DispatcherConnection.dispatch (/home/devel/basset-hound-browser/node_modules/playwright-core/lib/server/dispatchers/dispatcher.js:325:22)</failure>
      <failure>Error: Process failed to launch!
    at waitForLine (/home/devel/basset-hound-browser/node_modules/playwright-core/lib/server/electron/electron.js:252:21)
    at Electron.launch (/home/devel/basset-hound-browser/node_modules/playwright-core/lib/server/electron/electron.js:201:39)
    at ElectronDispatcher.launch (/home/devel/basset-hound-browser/node_modules/playwright-core/lib/server/dispatchers/electronDispatcher.js:38:33)
    at ProgressController.run (/home/devel/basset-hound-browser/node_modules/playwright-core/lib/server/progress.js:104:22)
    at ElectronDispatcher._runCommand (/home/devel/basset-hound-browser/node_modules/playwright-core/lib/server/dispatchers/dispatcher.js:91:14)
    at DispatcherConnection.dispatch (/home/devel/basset-hound-browser/node_modules/playwright-core/lib/server/dispatchers/dispatcher.js:325:22)</failure>
      <failure>Error: Process failed to launch!
    at waitForLine (/home/devel/basset-hound-browser/node_modules/playwright-core/lib/server/electron/electron.js:252:21)
    at Electron.launch (/home/devel/basset-hound-browser/node_modules/playwright-core/lib/server/electron/electron.js:188:33)
    at ElectronDispatcher.launch (/home/devel/basset-hound-browser/node_modules/playwright-core/lib/server/dispatchers/electronDispatcher.js:38:33)
    at ProgressController.run (/home/devel/basset-hound-browser/node_modules/playwright-core/lib/server/progress.js:104:22)
    at ElectronDispatcher._runCommand (/home/devel/basset-hound-browser/node_modules/playwright-core/lib/server/dispatchers/dispatcher.js:91:14)
    at DispatcherConnection.dispatch (/home/devel/basset-hound-browser/node_modules/playwright-core/lib/server/dispatchers/dispatcher.js:325:22)</failure>
      <failure>electron.launch: Process failed to launch!
Call log:
  - &lt;launching&gt; /home/devel/basset-hound-browser/node_modules/electron/dist/electron -r /home/devel/basset-hound-browser/node_modules/playwright-core/lib/server/electron/loader.js --no-sandbox --inspect=0 --remote-debugging-port=0 /home/devel/basset-hound-browser
  - &lt;launched&gt; pid=499223
  - [pid=499223][err] /home/devel/basset-hound-browser/node_modules/electron/dist/electron: bad option: --no-sandbox
  - [pid=499223][err] /home/devel/basset-hound-browser/node_modules/electron/dist/electron: bad option: --remote-debugging-port=0
  - [pid=499223] &lt;kill&gt;
  - [pid=499223] &lt;will force kill&gt;
  - [pid=499223] &lt;process did exit: exitCode=9, signal=null&gt;
  - [pid=499223] starting temporary directories cleanup
  - [pid=499223] finished temporary directories cleanup

    at Object.&lt;anonymous&gt; (/home/devel/basset-hound-browser/tests/integration/automation.test.js:86:19)</failure>
    </testcase>
    <testcase classname="Automation Integration Tests Page State Commands should get current URL" name="Automation Integration Tests Page State Commands should get current URL" time="0.03">
      <failure>Error: Process failed to launch!
    at waitForLine (/home/devel/basset-hound-browser/node_modules/playwright-core/lib/server/electron/electron.js:252:21)
    at Electron.launch (/home/devel/basset-hound-browser/node_modules/playwright-core/lib/server/electron/electron.js:200:32)
    at ElectronDispatcher.launch (/home/devel/basset-hound-browser/node_modules/playwright-core/lib/server/dispatchers/electronDispatcher.js:38:33)
    at ProgressController.run (/home/devel/basset-hound-browser/node_modules/playwright-core/lib/server/progress.js:104:22)
    at ElectronDispatcher._runCommand (/home/devel/basset-hound-browser/node_modules/playwright-core/lib/server/dispatchers/dispatcher.js:91:14)
    at DispatcherConnection.dispatch (/home/devel/basset-hound-browser/node_modules/playwright-core/lib/server/dispatchers/dispatcher.js:325:22)</failure>
      <failure>Error: Process failed to launch!
    at waitForLine (/home/devel/basset-hound-browser/node_modules/playwright-core/lib/server/electron/electron.js:252:21)
    at Electron.launch (/home/devel/basset-hound-browser/node_modules/playwright-core/lib/server/electron/electron.js:201:39)
    at ElectronDispatcher.launch (/home/devel/basset-hound-browser/node_modules/playwright-core/lib/server/dispatchers/electronDispatcher.js:38:33)
    at ProgressController.run (/home/devel/basset-hound-browser/node_modules/playwright-core/lib/server/progress.js:104:22)
    at ElectronDispatcher._runCommand (/home/devel/basset-hound-browser/node_modules/playwright-core/lib/server/dispatchers/dispatcher.js:91:14)
    at DispatcherConnection.dispatch (/home/devel/basset-hound-browser/node_modules/playwright-core/lib/server/dispatchers/dispatcher.js:325:22)</failure>
      <failure>Error: Process failed to launch!
    at waitForLine (/home/devel/basset-hound-browser/node_modules/playwright-core/lib/server/electron/electron.js:252:21)
    at Electron.launch (/home/devel/basset-hound-browser/node_modules/playwright-core/lib/server/electron/electron.js:188:33)
    at ElectronDispatcher.launch (/home/devel/basset-hound-browser/node_modules/playwright-core/lib/server/dispatchers/electronDispatcher.js:38:33)
    at ProgressController.run (/home/devel/basset-hound-browser/node_modules/playwright-core/lib/server/progress.js:104:22)
    at ElectronDispatcher._runCommand (/home/devel/basset-hound-browser/node_modules/playwright-core/lib/server/dispatchers/dispatcher.js:91:14)
    at DispatcherConnection.dispatch (/home/devel/basset-hound-browser/node_modules/playwright-core/lib/server/dispatchers/dispatcher.js:325:22)</failure>
      <failure>electron.launch: Process failed to launch!
Call log:
  - &lt;launching&gt; /home/devel/basset-hound-browser/node_modules/electron/dist/electron -r /home/devel/basset-hound-browser/node_modules/playwright-core/lib/server/electron/loader.js --no-sandbox --inspect=0 --remote-debugging-port=0 /home/devel/basset-hound-browser
  - &lt;launched&gt; pid=499225
  - [pid=499225][err] /home/devel/basset-hound-browser/node_modules/electron/dist/electron: bad option: --no-sandbox
  - [pid=499225][err] /home/devel/basset-hound-browser/node_modules/electron/dist/electron: bad option: --remote-debugging-port=0
  - [pid=499225] &lt;kill&gt;
  - [pid=499225] &lt;will force kill&gt;
  - [pid=499225] &lt;process did exit: exitCode=9, signal=null&gt;
  - [pid=499225] starting temporary directories cleanup
  - [pid=499225] finished temporary directories cleanup

    at Object.&lt;anonymous&gt; (/home/devel/basset-hound-browser/tests/integration/automation.test.js:86:19)</failure>
    </testcase>
    <testcase classname="Automation Integration Tests Select Commands should select option in dropdown" name="Automation Integration Tests Select Commands should select option in dropdown" time="0.032">
      <failure>Error: Process failed to launch!
    at waitForLine (/home/devel/basset-hound-browser/node_modules/playwright-core/lib/server/electron/electron.js:252:21)
    at Electron.launch (/home/devel/basset-hound-browser/node_modules/playwright-core/lib/server/electron/electron.js:200:32)
    at ElectronDispatcher.launch (/home/devel/basset-hound-browser/node_modules/playwright-core/lib/server/dispatchers/electronDispatcher.js:38:33)
    at ProgressController.run (/home/devel/basset-hound-browser/node_modules/playwright-core/lib/server/progress.js:104:22)
    at ElectronDispatcher._runCommand (/home/devel/basset-hound-browser/node_modules/playwright-core/lib/server/dispatchers/dispatcher.js:91:14)
    at DispatcherConnection.dispatch (/home/devel/basset-hound-browser/node_modules/playwright-core/lib/server/dispatchers/dispatcher.js:325:22)</failure>
      <failure>Error: Process failed to launch!
    at waitForLine (/home/devel/basset-hound-browser/node_modules/playwright-core/lib/server/electron/electron.js:252:21)
    at Electron.launch (/home/devel/basset-hound-browser/node_modules/playwright-core/lib/server/electron/electron.js:201:39)
    at ElectronDispatcher.launch (/home/devel/basset-hound-browser/node_modules/playwright-core/lib/server/dispatchers/electronDispatcher.js:38:33)
    at ProgressController.run (/home/devel/basset-hound-browser/node_modules/playwright-core/lib/server/progress.js:104:22)
    at ElectronDispatcher._runCommand (/home/devel/basset-hound-browser/node_modules/playwright-core/lib/server/dispatchers/dispatcher.js:91:14)
    at DispatcherConnection.dispatch (/home/devel/basset-hound-browser/node_modules/playwright-core/lib/server/dispatchers/dispatcher.js:325:22)</failure>
      <failure>Error: Process failed to launch!
    at waitForLine (/home/devel/basset-hound-browser/node_modules/playwright-core/lib/server/electron/electron.js:252:21)
    at Electron.launch (/home/devel/basset-hound-browser/node_modules/playwright-core/lib/server/electron/electron.js:188:33)
    at ElectronDispatcher.launch (/home/devel/basset-hound-browser/node_modules/playwright-core/lib/server/dispatchers/electronDispatcher.js:38:33)
    at ProgressController.run (/home/devel/basset-hound-browser/node_modules/playwright-core/lib/server/progress.js:104:22)
    at ElectronDispatcher._runCommand (/home/devel/basset-hound-browser/node_modules/playwright-core/lib/server/dispatchers/dispatcher.js:91:14)
    at DispatcherConnection.dispatch (/home/devel/basset-hound-browser/node_modules/playwright-core/lib/server/dispatchers/dispatcher.js:325:22)</failure>
      <failure>electron.launch: Process failed to launch!
Call log:
  - &lt;launching&gt; /home/devel/basset-hound-browser/node_modules/electron/dist/electron -r /home/devel/basset-hound-browser/node_modules/playwright-core/lib/server/electron/loader.js --no-sandbox --inspect=0 --remote-debugging-port=0 /home/devel/basset-hound-browser
  - &lt;launched&gt; pid=499227
  - [pid=499227][err] /home/devel/basset-hound-browser/node_modules/electron/dist/electron: bad option: --no-sandbox
  - [pid=499227][err] /home/devel/basset-hound-browser/node_modules/electron/dist/electron: bad option: --remote-debugging-port=0
  - [pid=499227] &lt;kill&gt;
  - [pid=499227] &lt;will force kill&gt;
  - [pid=499227] &lt;process did exit: exitCode=9, signal=null&gt;
  - [pid=499227] starting temporary directories cleanup
  - [pid=499227] finished temporary directories cleanup

    at Object.&lt;anonymous&gt; (/home/devel/basset-hound-browser/tests/integration/automation.test.js:86:19)</failure>
    </testcase>
    <testcase classname="Automation Integration Tests Keyboard Commands should type text" name="Automation Integration Tests Keyboard Commands should type text" time="0.033">
      <failure>Error: Process failed to launch!
    at waitForLine (/home/devel/basset-hound-browser/node_modules/playwright-core/lib/server/electron/electron.js:252:21)
    at Electron.launch (/home/devel/basset-hound-browser/node_modules/playwright-core/lib/server/electron/electron.js:200:32)
    at ElectronDispatcher.launch (/home/devel/basset-hound-browser/node_modules/playwright-core/lib/server/dispatchers/electronDispatcher.js:38:33)
    at ProgressController.run (/home/devel/basset-hound-browser/node_modules/playwright-core/lib/server/progress.js:104:22)
    at ElectronDispatcher._runCommand (/home/devel/basset-hound-browser/node_modules/playwright-core/lib/server/dispatchers/dispatcher.js:91:14)
    at DispatcherConnection.dispatch (/home/devel/basset-hound-browser/node_modules/playwright-core/lib/server/dispatchers/dispatcher.js:325:22)</failure>
      <failure>Error: Process failed to launch!
    at waitForLine (/home/devel/basset-hound-browser/node_modules/playwright-core/lib/server/electron/electron.js:252:21)
    at Electron.launch (/home/devel/basset-hound-browser/node_modules/playwright-core/lib/server/electron/electron.js:201:39)
    at ElectronDispatcher.launch (/home/devel/basset-hound-browser/node_modules/playwright-core/lib/server/dispatchers/electronDispatcher.js:38:33)
    at ProgressController.run (/home/devel/basset-hound-browser/node_modules/playwright-core/lib/server/progress.js:104:22)
    at ElectronDispatcher._runCommand (/home/devel/basset-hound-browser/node_modules/playwright-core/lib/server/dispatchers/dispatcher.js:91:14)
    at DispatcherConnection.dispatch (/home/devel/basset-hound-browser/node_modules/playwright-core/lib/server/dispatchers/dispatcher.js:325:22)</failure>
      <failure>Error: Process failed to launch!
    at waitForLine (/home/devel/basset-hound-browser/node_modules/playwright-core/lib/server/electron/electron.js:252:21)
    at Electron.launch (/home/devel/basset-hound-browser/node_modules/playwright-core/lib/server/electron/electron.js:188:33)
    at ElectronDispatcher.launch (/home/devel/basset-hound-browser/node_modules/playwright-core/lib/server/dispatchers/electronDispatcher.js:38:33)
    at ProgressController.run (/home/devel/basset-hound-browser/node_modules/playwright-core/lib/server/progress.js:104:22)
    at ElectronDispatcher._runCommand (/home/devel/basset-hound-browser/node_modules/playwright-core/lib/server/dispatchers/dispatcher.js:91:14)
    at DispatcherConnection.dispatch (/home/devel/basset-hound-browser/node_modules/playwright-core/lib/server/dispatchers/dispatcher.js:325:22)</failure>
      <failure>electron.launch: Process failed to launch!
Call log:
  - &lt;launching&gt; /home/devel/basset-hound-browser/node_modules/electron/dist/electron -r /home/devel/basset-hound-browser/node_modules/playwright-core/lib/server/electron/loader.js --no-sandbox --inspect=0 --remote-debugging-port=0 /home/devel/basset-hound-browser
  - &lt;launched&gt; pid=499229
  - [pid=499229][err] /home/devel/basset-hound-browser/node_modules/electron/dist/electron: bad option: --no-sandbox
  - [pid=499229][err] /home/devel/basset-hound-browser/node_modules/electron/dist/electron: bad option: --remote-debugging-port=0
  - [pid=499229] &lt;kill&gt;
  - [pid=499229] &lt;will force kill&gt;
  - [pid=499229] &lt;process did exit: exitCode=9, signal=null&gt;
  - [pid=499229] starting temporary directories cleanup
  - [pid=499229] finished temporary directories cleanup

    at Object.&lt;anonymous&gt; (/home/devel/basset-hound-browser/tests/integration/automation.test.js:86:19)</failure>
    </testcase>
    <testcase classname="Automation Integration Tests Keyboard Commands should press special key" name="Automation Integration Tests Keyboard Commands should press special key" time="0.032">
      <failure>Error: Process failed to launch!
    at waitForLine (/home/devel/basset-hound-browser/node_modules/playwright-core/lib/server/electron/electron.js:252:21)
    at Electron.launch (/home/devel/basset-hound-browser/node_modules/playwright-core/lib/server/electron/electron.js:200:32)
    at ElectronDispatcher.launch (/home/devel/basset-hound-browser/node_modules/playwright-core/lib/server/dispatchers/electronDispatcher.js:38:33)
    at ProgressController.run (/home/devel/basset-hound-browser/node_modules/playwright-core/lib/server/progress.js:104:22)
    at ElectronDispatcher._runCommand (/home/devel/basset-hound-browser/node_modules/playwright-core/lib/server/dispatchers/dispatcher.js:91:14)
    at DispatcherConnection.dispatch (/home/devel/basset-hound-browser/node_modules/playwright-core/lib/server/dispatchers/dispatcher.js:325:22)</failure>
      <failure>Error: Process failed to launch!
    at waitForLine (/home/devel/basset-hound-browser/node_modules/playwright-core/lib/server/electron/electron.js:252:21)
    at Electron.launch (/home/devel/basset-hound-browser/node_modules/playwright-core/lib/server/electron/electron.js:201:39)
    at ElectronDispatcher.launch (/home/devel/basset-hound-browser/node_modules/playwright-core/lib/server/dispatchers/electronDispatcher.js:38:33)
    at ProgressController.run (/home/devel/basset-hound-browser/node_modules/playwright-core/lib/server/progress.js:104:22)
    at ElectronDispatcher._runCommand (/home/devel/basset-hound-browser/node_modules/playwright-core/lib/server/dispatchers/dispatcher.js:91:14)
    at DispatcherConnection.dispatch (/home/devel/basset-hound-browser/node_modules/playwright-core/lib/server/dispatchers/dispatcher.js:325:22)</failure>
      <failure>Error: Process failed to launch!
    at waitForLine (/home/devel/basset-hound-browser/node_modules/playwright-core/lib/server/electron/electron.js:252:21)
    at Electron.launch (/home/devel/basset-hound-browser/node_modules/playwright-core/lib/server/electron/electron.js:188:33)
    at ElectronDispatcher.launch (/home/devel/basset-hound-browser/node_modules/playwright-core/lib/server/dispatchers/electronDispatcher.js:38:33)
    at ProgressController.run (/home/devel/basset-hound-browser/node_modules/playwright-core/lib/server/progress.js:104:22)
    at ElectronDispatcher._runCommand (/home/devel/basset-hound-browser/node_modules/playwright-core/lib/server/dispatchers/dispatcher.js:91:14)
    at DispatcherConnection.dispatch (/home/devel/basset-hound-browser/node_modules/playwright-core/lib/server/dispatchers/dispatcher.js:325:22)</failure>
      <failure>electron.launch: Process failed to launch!
Call log:
  - &lt;launching&gt; /home/devel/basset-hound-browser/node_modules/electron/dist/electron -r /home/devel/basset-hound-browser/node_modules/playwright-core/lib/server/electron/loader.js --no-sandbox --inspect=0 --remote-debugging-port=0 /home/devel/basset-hound-browser
  - &lt;launched&gt; pid=499231
  - [pid=499231][err] /home/devel/basset-hound-browser/node_modules/electron/dist/electron: bad option: --no-sandbox
  - [pid=499231][err] /home/devel/basset-hound-browser/node_modules/electron/dist/electron: bad option: --remote-debugging-port=0
  - [pid=499231] &lt;kill&gt;
  - [pid=499231] &lt;will force kill&gt;
  - [pid=499231] &lt;process did exit: exitCode=9, signal=null&gt;
  - [pid=499231] starting temporary directories cleanup
  - [pid=499231] finished temporary directories cleanup

    at Object.&lt;anonymous&gt; (/home/devel/basset-hound-browser/tests/integration/automation.test.js:86:19)</failure>
    </testcase>
    <testcase classname="Automation Integration Tests Keyboard Commands should press key combination" name="Automation Integration Tests Keyboard Commands should press key combination" time="0.035">
      <failure>Error: Process failed to launch!
    at waitForLine (/home/devel/basset-hound-browser/node_modules/playwright-core/lib/server/electron/electron.js:252:21)
    at Electron.launch (/home/devel/basset-hound-browser/node_modules/playwright-core/lib/server/electron/electron.js:200:32)
    at ElectronDispatcher.launch (/home/devel/basset-hound-browser/node_modules/playwright-core/lib/server/dispatchers/electronDispatcher.js:38:33)
    at ProgressController.run (/home/devel/basset-hound-browser/node_modules/playwright-core/lib/server/progress.js:104:22)
    at ElectronDispatcher._runCommand (/home/devel/basset-hound-browser/node_modules/playwright-core/lib/server/dispatchers/dispatcher.js:91:14)
    at DispatcherConnection.dispatch (/home/devel/basset-hound-browser/node_modules/playwright-core/lib/server/dispatchers/dispatcher.js:325:22)</failure>
      <failure>Error: Process failed to launch!
    at waitForLine (/home/devel/basset-hound-browser/node_modules/playwright-core/lib/server/electron/electron.js:252:21)
    at Electron.launch (/home/devel/basset-hound-browser/node_modules/playwright-core/lib/server/electron/electron.js:201:39)
    at ElectronDispatcher.launch (/home/devel/basset-hound-browser/node_modules/playwright-core/lib/server/dispatchers/electronDispatcher.js:38:33)
    at ProgressController.run (/home/devel/basset-hound-browser/node_modules/playwright-core/lib/server/progress.js:104:22)
    at ElectronDispatcher._runCommand (/home/devel/basset-hound-browser/node_modules/playwright-core/lib/server/dispatchers/dispatcher.js:91:14)
    at DispatcherConnection.dispatch (/home/devel/basset-hound-browser/node_modules/playwright-core/lib/server/dispatchers/dispatcher.js:325:22)</failure>
      <failure>Error: Process failed to launch!
    at waitForLine (/home/devel/basset-hound-browser/node_modules/playwright-core/lib/server/electron/electron.js:252:21)
    at Electron.launch (/home/devel/basset-hound-browser/node_modules/playwright-core/lib/server/electron/electron.js:188:33)
    at ElectronDispatcher.launch (/home/devel/basset-hound-browser/node_modules/playwright-core/lib/server/dispatchers/electronDispatcher.js:38:33)
    at ProgressController.run (/home/devel/basset-hound-browser/node_modules/playwright-core/lib/server/progress.js:104:22)
    at ElectronDispatcher._runCommand (/home/devel/basset-hound-browser/node_modules/playwright-core/lib/server/dispatchers/dispatcher.js:91:14)
    at DispatcherConnection.dispatch (/home/devel/basset-hound-browser/node_modules/playwright-core/lib/server/dispatchers/dispatcher.js:325:22)</failure>
      <failure>electron.launch: Process failed to launch!
Call log:
  - &lt;launching&gt; /home/devel/basset-hound-browser/node_modules/electron/dist/electron -r /home/devel/basset-hound-browser/node_modules/playwright-core/lib/server/electron/loader.js --no-sandbox --inspect=0 --remote-debugging-port=0 /home/devel/basset-hound-browser
  - &lt;launched&gt; pid=499233
  - [pid=499233][err] /home/devel/basset-hound-browser/node_modules/electron/dist/electron: bad option: --no-sandbox
  - [pid=499233][err] /home/devel/basset-hound-browser/node_modules/electron/dist/electron: bad option: --remote-debugging-port=0
  - [pid=499233] &lt;kill&gt;
  - [pid=499233] &lt;will force kill&gt;
  - [pid=499233] &lt;process did exit: exitCode=9, signal=null&gt;
  - [pid=499233] starting temporary directories cleanup
  - [pid=499233] finished temporary directories cleanup

    at Object.&lt;anonymous&gt; (/home/devel/basset-hound-browser/tests/integration/automation.test.js:86:19)</failure>
    </testcase>
    <testcase classname="Automation Integration Tests Mouse Commands should move mouse to coordinates" name="Automation Integration Tests Mouse Commands should move mouse to coordinates" time="0.032">
      <failure>Error: Process failed to launch!
    at waitForLine (/home/devel/basset-hound-browser/node_modules/playwright-core/lib/server/electron/electron.js:252:21)
    at Electron.launch (/home/devel/basset-hound-browser/node_modules/playwright-core/lib/server/electron/electron.js:200:32)
    at ElectronDispatcher.launch (/home/devel/basset-hound-browser/node_modules/playwright-core/lib/server/dispatchers/electronDispatcher.js:38:33)
    at ProgressController.run (/home/devel/basset-hound-browser/node_modules/playwright-core/lib/server/progress.js:104:22)
    at ElectronDispatcher._runCommand (/home/devel/basset-hound-browser/node_modules/playwright-core/lib/server/dispatchers/dispatcher.js:91:14)
    at DispatcherConnection.dispatch (/home/devel/basset-hound-browser/node_modules/playwright-core/lib/server/dispatchers/dispatcher.js:325:22)</failure>
      <failure>Error: Process failed to launch!
    at waitForLine (/home/devel/basset-hound-browser/node_modules/playwright-core/lib/server/electron/electron.js:252:21)
    at Electron.launch (/home/devel/basset-hound-browser/node_modules/playwright-core/lib/server/electron/electron.js:201:39)
    at ElectronDispatcher.launch (/home/devel/basset-hound-browser/node_modules/playwright-core/lib/server/dispatchers/electronDispatcher.js:38:33)
    at ProgressController.run (/home/devel/basset-hound-browser/node_modules/playwright-core/lib/server/progress.js:104:22)
    at ElectronDispatcher._runCommand (/home/devel/basset-hound-browser/node_modules/playwright-core/lib/server/dispatchers/dispatcher.js:91:14)
    at DispatcherConnection.dispatch (/home/devel/basset-hound-browser/node_modules/playwright-core/lib/server/dispatchers/dispatcher.js:325:22)</failure>
      <failure>Error: Process failed to launch!
    at waitForLine (/home/devel/basset-hound-browser/node_modules/playwright-core/lib/server/electron/electron.js:252:21)
    at Electron.launch (/home/devel/basset-hound-browser/node_modules/playwright-core/lib/server/electron/electron.js:188:33)
    at ElectronDispatcher.launch (/home/devel/basset-hound-browser/node_modules/playwright-core/lib/server/dispatchers/electronDispatcher.js:38:33)
    at ProgressController.run (/home/devel/basset-hound-browser/node_modules/playwright-core/lib/server/progress.js:104:22)
    at ElectronDispatcher._runCommand (/home/devel/basset-hound-browser/node_modules/playwright-core/lib/server/dispatchers/dispatcher.js:91:14)
    at DispatcherConnection.dispatch (/home/devel/basset-hound-browser/node_modules/playwright-core/lib/server/dispatchers/dispatcher.js:325:22)</failure>
      <failure>electron.launch: Process failed to launch!
Call log:
  - &lt;launching&gt; /home/devel/basset-hound-browser/node_modules/electron/dist/electron -r /home/devel/basset-hound-browser/node_modules/playwright-core/lib/server/electron/loader.js --no-sandbox --inspect=0 --remote-debugging-port=0 /home/devel/basset-hound-browser
  - &lt;launched&gt; pid=499235
  - [pid=499235][err] /home/devel/basset-hound-browser/node_modules/electron/dist/electron: bad option: --no-sandbox
  - [pid=499235][err] /home/devel/basset-hound-browser/node_modules/electron/dist/electron: bad option: --remote-debugging-port=0
  - [pid=499235] &lt;kill&gt;
  - [pid=499235] &lt;will force kill&gt;
  - [pid=499235] &lt;process did exit: exitCode=9, signal=null&gt;
  - [pid=499235] starting temporary directories cleanup
  - [pid=499235] finished temporary directories cleanup

    at Object.&lt;anonymous&gt; (/home/devel/basset-hound-browser/tests/integration/automation.test.js:86:19)</failure>
    </testcase>
    <testcase classname="Automation Integration Tests Mouse Commands should click at coordinates" name="Automation Integration Tests Mouse Commands should click at coordinates" time="0.032">
      <failure>Error: Process failed to launch!
    at waitForLine (/home/devel/basset-hound-browser/node_modules/playwright-core/lib/server/electron/electron.js:252:21)
    at Electron.launch (/home/devel/basset-hound-browser/node_modules/playwright-core/lib/server/electron/electron.js:200:32)
    at ElectronDispatcher.launch (/home/devel/basset-hound-browser/node_modules/playwright-core/lib/server/dispatchers/electronDispatcher.js:38:33)
    at ProgressController.run (/home/devel/basset-hound-browser/node_modules/playwright-core/lib/server/progress.js:104:22)
    at ElectronDispatcher._runCommand (/home/devel/basset-hound-browser/node_modules/playwright-core/lib/server/dispatchers/dispatcher.js:91:14)
    at DispatcherConnection.dispatch (/home/devel/basset-hound-browser/node_modules/playwright-core/lib/server/dispatchers/dispatcher.js:325:22)</failure>
      <failure>Error: Process failed to launch!
    at waitForLine (/home/devel/basset-hound-browser/node_modules/playwright-core/lib/server/electron/electron.js:252:21)
    at Electron.launch (/home/devel/basset-hound-browser/node_modules/playwright-core/lib/server/electron/electron.js:201:39)
    at ElectronDispatcher.launch (/home/devel/basset-hound-browser/node_modules/playwright-core/lib/server/dispatchers/electronDispatcher.js:38:33)
    at ProgressController.run (/home/devel/basset-hound-browser/node_modules/playwright-core/lib/server/progress.js:104:22)
    at ElectronDispatcher._runCommand (/home/devel/basset-hound-browser/node_modules/playwright-core/lib/server/dispatchers/dispatcher.js:91:14)
    at DispatcherConnection.dispatch (/home/devel/basset-hound-browser/node_modules/playwright-core/lib/server/dispatchers/dispatcher.js:325:22)</failure>
      <failure>Error: Process failed to launch!
    at waitForLine (/home/devel/basset-hound-browser/node_modules/playwright-core/lib/server/electron/electron.js:252:21)
    at Electron.launch (/home/devel/basset-hound-browser/node_modules/playwright-core/lib/server/electron/electron.js:188:33)
    at ElectronDispatcher.launch (/home/devel/basset-hound-browser/node_modules/playwright-core/lib/server/dispatchers/electronDispatcher.js:38:33)
    at ProgressController.run (/home/devel/basset-hound-browser/node_modules/playwright-core/lib/server/progress.js:104:22)
    at ElectronDispatcher._runCommand (/home/devel/basset-hound-browser/node_modules/playwright-core/lib/server/dispatchers/dispatcher.js:91:14)
    at DispatcherConnection.dispatch (/home/devel/basset-hound-browser/node_modules/playwright-core/lib/server/dispatchers/dispatcher.js:325:22)</failure>
      <failure>electron.launch: Process failed to launch!
Call log:
  - &lt;launching&gt; /home/devel/basset-hound-browser/node_modules/electron/dist/electron -r /home/devel/basset-hound-browser/node_modules/playwright-core/lib/server/electron/loader.js --no-sandbox --inspect=0 --remote-debugging-port=0 /home/devel/basset-hound-browser
  - &lt;launched&gt; pid=499237
  - [pid=499237][err] /home/devel/basset-hound-browser/node_modules/electron/dist/electron: bad option: --no-sandbox
  - [pid=499237][err] /home/devel/basset-hound-browser/node_modules/electron/dist/electron: bad option: --remote-debugging-port=0
  - [pid=499237] &lt;kill&gt;
  - [pid=499237] &lt;will force kill&gt;
  - [pid=499237] &lt;process did exit: exitCode=9, signal=null&gt;
  - [pid=499237] starting temporary directories cleanup
  - [pid=499237] finished temporary directories cleanup

    at Object.&lt;anonymous&gt; (/home/devel/basset-hound-browser/tests/integration/automation.test.js:86:19)</failure>
    </testcase>
    <testcase classname="Automation Integration Tests Mouse Commands should double click" name="Automation Integration Tests Mouse Commands should double click" time="0.031">
      <failure>Error: Process failed to launch!
    at waitForLine (/home/devel/basset-hound-browser/node_modules/playwright-core/lib/server/electron/electron.js:252:21)
    at Electron.launch (/home/devel/basset-hound-browser/node_modules/playwright-core/lib/server/electron/electron.js:200:32)
    at ElectronDispatcher.launch (/home/devel/basset-hound-browser/node_modules/playwright-core/lib/server/dispatchers/electronDispatcher.js:38:33)
    at ProgressController.run (/home/devel/basset-hound-browser/node_modules/playwright-core/lib/server/progress.js:104:22)
    at ElectronDispatcher._runCommand (/home/devel/basset-hound-browser/node_modules/playwright-core/lib/server/dispatchers/dispatcher.js:91:14)
    at DispatcherConnection.dispatch (/home/devel/basset-hound-browser/node_modules/playwright-core/lib/server/dispatchers/dispatcher.js:325:22)</failure>
      <failure>Error: Process failed to launch!
    at waitForLine (/home/devel/basset-hound-browser/node_modules/playwright-core/lib/server/electron/electron.js:252:21)
    at Electron.launch (/home/devel/basset-hound-browser/node_modules/playwright-core/lib/server/electron/electron.js:201:39)
    at ElectronDispatcher.launch (/home/devel/basset-hound-browser/node_modules/playwright-core/lib/server/dispatchers/electronDispatcher.js:38:33)
    at ProgressController.run (/home/devel/basset-hound-browser/node_modules/playwright-core/lib/server/progress.js:104:22)
    at ElectronDispatcher._runCommand (/home/devel/basset-hound-browser/node_modules/playwright-core/lib/server/dispatchers/dispatcher.js:91:14)
    at DispatcherConnection.dispatch (/home/devel/basset-hound-browser/node_modules/playwright-core/lib/server/dispatchers/dispatcher.js:325:22)</failure>
      <failure>Error: Process failed to launch!
    at waitForLine (/home/devel/basset-hound-browser/node_modules/playwright-core/lib/server/electron/electron.js:252:21)
    at Electron.launch (/home/devel/basset-hound-browser/node_modules/playwright-core/lib/server/electron/electron.js:188:33)
    at ElectronDispatcher.launch (/home/devel/basset-hound-browser/node_modules/playwright-core/lib/server/dispatchers/electronDispatcher.js:38:33)
    at ProgressController.run (/home/devel/basset-hound-browser/node_modules/playwright-core/lib/server/progress.js:104:22)
    at ElectronDispatcher._runCommand (/home/devel/basset-hound-browser/node_modules/playwright-core/lib/server/dispatchers/dispatcher.js:91:14)
    at DispatcherConnection.dispatch (/home/devel/basset-hound-browser/node_modules/playwright-core/lib/server/dispatchers/dispatcher.js:325:22)</failure>
      <failure>electron.launch: Process failed to launch!
Call log:
  - &lt;launching&gt; /home/devel/basset-hound-browser/node_modules/electron/dist/electron -r /home/devel/basset-hound-browser/node_modules/playwright-core/lib/server/electron/loader.js --no-sandbox --inspect=0 --remote-debugging-port=0 /home/devel/basset-hound-browser
  - &lt;launched&gt; pid=499239
  - [pid=499239][err] /home/devel/basset-hound-browser/node_modules/electron/dist/electron: bad option: --no-sandbox
  - [pid=499239][err] /home/devel/basset-hound-browser/node_modules/electron/dist/electron: bad option: --remote-debugging-port=0
  - [pid=499239] &lt;kill&gt;
  - [pid=499239] &lt;will force kill&gt;
  - [pid=499239] &lt;process did exit: exitCode=9, signal=null&gt;
  - [pid=499239] starting temporary directories cleanup
  - [pid=499239] finished temporary directories cleanup

    at Object.&lt;anonymous&gt; (/home/devel/basset-hound-browser/tests/integration/automation.test.js:86:19)</failure>
    </testcase>
    <testcase classname="Automation Integration Tests Mouse Commands should right click" name="Automation Integration Tests Mouse Commands should right click" time="0.031">
      <failure>Error: Process failed to launch!
    at waitForLine (/home/devel/basset-hound-browser/node_modules/playwright-core/lib/server/electron/electron.js:252:21)
    at Electron.launch (/home/devel/basset-hound-browser/node_modules/playwright-core/lib/server/electron/electron.js:200:32)
    at ElectronDispatcher.launch (/home/devel/basset-hound-browser/node_modules/playwright-core/lib/server/dispatchers/electronDispatcher.js:38:33)
    at ProgressController.run (/home/devel/basset-hound-browser/node_modules/playwright-core/lib/server/progress.js:104:22)
    at ElectronDispatcher._runCommand (/home/devel/basset-hound-browser/node_modules/playwright-core/lib/server/dispatchers/dispatcher.js:91:14)
    at DispatcherConnection.dispatch (/home/devel/basset-hound-browser/node_modules/playwright-core/lib/server/dispatchers/dispatcher.js:325:22)</failure>
      <failure>Error: Process failed to launch!
    at waitForLine (/home/devel/basset-hound-browser/node_modules/playwright-core/lib/server/electron/electron.js:252:21)
    at Electron.launch (/home/devel/basset-hound-browser/node_modules/playwright-core/lib/server/electron/electron.js:201:39)
    at ElectronDispatcher.launch (/home/devel/basset-hound-browser/node_modules/playwright-core/lib/server/dispatchers/electronDispatcher.js:38:33)
    at ProgressController.run (/home/devel/basset-hound-browser/node_modules/playwright-core/lib/server/progress.js:104:22)
    at ElectronDispatcher._runCommand (/home/devel/basset-hound-browser/node_modules/playwright-core/lib/server/dispatchers/dispatcher.js:91:14)
    at DispatcherConnection.dispatch (/home/devel/basset-hound-browser/node_modules/playwright-core/lib/server/dispatchers/dispatcher.js:325:22)</failure>
      <failure>Error: Process failed to launch!
    at waitForLine (/home/devel/basset-hound-browser/node_modules/playwright-core/lib/server/electron/electron.js:252:21)
    at Electron.launch (/home/devel/basset-hound-browser/node_modules/playwright-core/lib/server/electron/electron.js:188:33)
    at ElectronDispatcher.launch (/home/devel/basset-hound-browser/node_modules/playwright-core/lib/server/dispatchers/electronDispatcher.js:38:33)
    at ProgressController.run (/home/devel/basset-hound-browser/node_modules/playwright-core/lib/server/progress.js:104:22)
    at ElectronDispatcher._runCommand (/home/devel/basset-hound-browser/node_modules/playwright-core/lib/server/dispatchers/dispatcher.js:91:14)
    at DispatcherConnection.dispatch (/home/devel/basset-hound-browser/node_modules/playwright-core/lib/server/dispatchers/dispatcher.js:325:22)</failure>
      <failure>electron.launch: Process failed to launch!
Call log:
  - &lt;launching&gt; /home/devel/basset-hound-browser/node_modules/electron/dist/electron -r /home/devel/basset-hound-browser/node_modules/playwright-core/lib/server/electron/loader.js --no-sandbox --inspect=0 --remote-debugging-port=0 /home/devel/basset-hound-browser
  - &lt;launched&gt; pid=499241
  - [pid=499241][err] /home/devel/basset-hound-browser/node_modules/electron/dist/electron: bad option: --no-sandbox
  - [pid=499241][err] /home/devel/basset-hound-browser/node_modules/electron/dist/electron: bad option: --remote-debugging-port=0
  - [pid=499241] &lt;kill&gt;
  - [pid=499241] &lt;will force kill&gt;
  - [pid=499241] &lt;process did exit: exitCode=9, signal=null&gt;
  - [pid=499241] starting temporary directories cleanup
  - [pid=499241] finished temporary directories cleanup

    at Object.&lt;anonymous&gt; (/home/devel/basset-hound-browser/tests/integration/automation.test.js:86:19)</failure>
    </testcase>
    <testcase classname="Automation Integration Tests Form Submission should fill and submit form" name="Automation Integration Tests Form Submission should fill and submit form" time="0.031">
      <failure>Error: Process failed to launch!
    at waitForLine (/home/devel/basset-hound-browser/node_modules/playwright-core/lib/server/electron/electron.js:252:21)
    at Electron.launch (/home/devel/basset-hound-browser/node_modules/playwright-core/lib/server/electron/electron.js:200:32)
    at ElectronDispatcher.launch (/home/devel/basset-hound-browser/node_modules/playwright-core/lib/server/dispatchers/electronDispatcher.js:38:33)
    at ProgressController.run (/home/devel/basset-hound-browser/node_modules/playwright-core/lib/server/progress.js:104:22)
    at ElectronDispatcher._runCommand (/home/devel/basset-hound-browser/node_modules/playwright-core/lib/server/dispatchers/dispatcher.js:91:14)
    at DispatcherConnection.dispatch (/home/devel/basset-hound-browser/node_modules/playwright-core/lib/server/dispatchers/dispatcher.js:325:22)</failure>
      <failure>Error: Process failed to launch!
    at waitForLine (/home/devel/basset-hound-browser/node_modules/playwright-core/lib/server/electron/electron.js:252:21)
    at Electron.launch (/home/devel/basset-hound-browser/node_modules/playwright-core/lib/server/electron/electron.js:201:39)
    at ElectronDispatcher.launch (/home/devel/basset-hound-browser/node_modules/playwright-core/lib/server/dispatchers/electronDispatcher.js:38:33)
    at ProgressController.run (/home/devel/basset-hound-browser/node_modules/playwright-core/lib/server/progress.js:104:22)
    at ElectronDispatcher._runCommand (/home/devel/basset-hound-browser/node_modules/playwright-core/lib/server/dispatchers/dispatcher.js:91:14)
    at DispatcherConnection.dispatch (/home/devel/basset-hound-browser/node_modules/playwright-core/lib/server/dispatchers/dispatcher.js:325:22)</failure>
      <failure>Error: Process failed to launch!
    at waitForLine (/home/devel/basset-hound-browser/node_modules/playwright-core/lib/server/electron/electron.js:252:21)
    at Electron.launch (/home/devel/basset-hound-browser/node_modules/playwright-core/lib/server/electron/electron.js:188:33)
    at ElectronDispatcher.launch (/home/devel/basset-hound-browser/node_modules/playwright-core/lib/server/dispatchers/electronDispatcher.js:38:33)
    at ProgressController.run (/home/devel/basset-hound-browser/node_modules/playwright-core/lib/server/progress.js:104:22)
    at ElectronDispatcher._runCommand (/home/devel/basset-hound-browser/node_modules/playwright-core/lib/server/dispatchers/dispatcher.js:91:14)
    at DispatcherConnection.dispatch (/home/devel/basset-hound-browser/node_modules/playwright-core/lib/server/dispatchers/dispatcher.js:325:22)</failure>
      <failure>electron.launch: Process failed to launch!
Call log:
  - &lt;launching&gt; /home/devel/basset-hound-browser/node_modules/electron/dist/electron -r /home/devel/basset-hound-browser/node_modules/playwright-core/lib/server/electron/loader.js --no-sandbox --inspect=0 --remote-debugging-port=0 /home/devel/basset-hound-browser
  - &lt;launched&gt; pid=499243
  - [pid=499243][err] /home/devel/basset-hound-browser/node_modules/electron/dist/electron: bad option: --no-sandbox
  - [pid=499243][err] /home/devel/basset-hound-browser/node_modules/electron/dist/electron: bad option: --remote-debugging-port=0
  - [pid=499243] &lt;kill&gt;
  - [pid=499243] &lt;will force kill&gt;
  - [pid=499243] &lt;process did exit: exitCode=9, signal=null&gt;
  - [pid=499243] starting temporary directories cleanup
  - [pid=499243] finished temporary directories cleanup

    at Object.&lt;anonymous&gt; (/home/devel/basset-hound-browser/tests/integration/automation.test.js:86:19)</failure>
    </testcase>
    <testcase classname="Automation Integration Tests Error Handling should handle invalid selector gracefully" name="Automation Integration Tests Error Handling should handle invalid selector gracefully" time="0.032">
      <failure>Error: Process failed to launch!
    at waitForLine (/home/devel/basset-hound-browser/node_modules/playwright-core/lib/server/electron/electron.js:252:21)
    at Electron.launch (/home/devel/basset-hound-browser/node_modules/playwright-core/lib/server/electron/electron.js:200:32)
    at ElectronDispatcher.launch (/home/devel/basset-hound-browser/node_modules/playwright-core/lib/server/dispatchers/electronDispatcher.js:38:33)
    at ProgressController.run (/home/devel/basset-hound-browser/node_modules/playwright-core/lib/server/progress.js:104:22)
    at ElectronDispatcher._runCommand (/home/devel/basset-hound-browser/node_modules/playwright-core/lib/server/dispatchers/dispatcher.js:91:14)
    at DispatcherConnection.dispatch (/home/devel/basset-hound-browser/node_modules/playwright-core/lib/server/dispatchers/dispatcher.js:325:22)</failure>
      <failure>Error: Process failed to launch!
    at waitForLine (/home/devel/basset-hound-browser/node_modules/playwright-core/lib/server/electron/electron.js:252:21)
    at Electron.launch (/home/devel/basset-hound-browser/node_modules/playwright-core/lib/server/electron/electron.js:201:39)
    at ElectronDispatcher.launch (/home/devel/basset-hound-browser/node_modules/playwright-core/lib/server/dispatchers/electronDispatcher.js:38:33)
    at ProgressController.run (/home/devel/basset-hound-browser/node_modules/playwright-core/lib/server/progress.js:104:22)
    at ElectronDispatcher._runCommand (/home/devel/basset-hound-browser/node_modules/playwright-core/lib/server/dispatchers/dispatcher.js:91:14)
    at DispatcherConnection.dispatch (/home/devel/basset-hound-browser/node_modules/playwright-core/lib/server/dispatchers/dispatcher.js:325:22)</failure>
      <failure>Error: Process failed to launch!
    at waitForLine (/home/devel/basset-hound-browser/node_modules/playwright-core/lib/server/electron/electron.js:252:21)
    at Electron.launch (/home/devel/basset-hound-browser/node_modules/playwright-core/lib/server/electron/electron.js:188:33)
    at ElectronDispatcher.launch (/home/devel/basset-hound-browser/node_modules/playwright-core/lib/server/dispatchers/electronDispatcher.js:38:33)
    at ProgressController.run (/home/devel/basset-hound-browser/node_modules/playwright-core/lib/server/progress.js:104:22)
    at ElectronDispatcher._runCommand (/home/devel/basset-hound-browser/node_modules/playwright-core/lib/server/dispatchers/dispatcher.js:91:14)
    at DispatcherConnection.dispatch (/home/devel/basset-hound-browser/node_modules/playwright-core/lib/server/dispatchers/dispatcher.js:325:22)</failure>
      <failure>electron.launch: Process failed to launch!
Call log:
  - &lt;launching&gt; /home/devel/basset-hound-browser/node_modules/electron/dist/electron -r /home/devel/basset-hound-browser/node_modules/playwright-core/lib/server/electron/loader.js --no-sandbox --inspect=0 --remote-debugging-port=0 /home/devel/basset-hound-browser
  - &lt;launched&gt; pid=499251
  - [pid=499251][err] /home/devel/basset-hound-browser/node_modules/electron/dist/electron: bad option: --no-sandbox
  - [pid=499251][err] /home/devel/basset-hound-browser/node_modules/electron/dist/electron: bad option: --remote-debugging-port=0
  - [pid=499251] &lt;kill&gt;
  - [pid=499251] &lt;will force kill&gt;
  - [pid=499251] &lt;process did exit: exitCode=9, signal=null&gt;
  - [pid=499251] starting temporary directories cleanup
  - [pid=499251] finished temporary directories cleanup

    at Object.&lt;anonymous&gt; (/home/devel/basset-hound-browser/tests/integration/automation.test.js:86:19)</failure>
    </testcase>
    <testcase classname="Automation Integration Tests Error Handling should handle null parameters" name="Automation Integration Tests Error Handling should handle null parameters" time="0.032">
      <failure>Error: Process failed to launch!
    at waitForLine (/home/devel/basset-hound-browser/node_modules/playwright-core/lib/server/electron/electron.js:252:21)
    at Electron.launch (/home/devel/basset-hound-browser/node_modules/playwright-core/lib/server/electron/electron.js:200:32)
    at ElectronDispatcher.launch (/home/devel/basset-hound-browser/node_modules/playwright-core/lib/server/dispatchers/electronDispatcher.js:38:33)
    at ProgressController.run (/home/devel/basset-hound-browser/node_modules/playwright-core/lib/server/progress.js:104:22)
    at ElectronDispatcher._runCommand (/home/devel/basset-hound-browser/node_modules/playwright-core/lib/server/dispatchers/dispatcher.js:91:14)
    at DispatcherConnection.dispatch (/home/devel/basset-hound-browser/node_modules/playwright-core/lib/server/dispatchers/dispatcher.js:325:22)</failure>
      <failure>Error: Process failed to launch!
    at waitForLine (/home/devel/basset-hound-browser/node_modules/playwright-core/lib/server/electron/electron.js:252:21)
    at Electron.launch (/home/devel/basset-hound-browser/node_modules/playwright-core/lib/server/electron/electron.js:201:39)
    at ElectronDispatcher.launch (/home/devel/basset-hound-browser/node_modules/playwright-core/lib/server/dispatchers/electronDispatcher.js:38:33)
    at ProgressController.run (/home/devel/basset-hound-browser/node_modules/playwright-core/lib/server/progress.js:104:22)
    at ElectronDispatcher._runCommand (/home/devel/basset-hound-browser/node_modules/playwright-core/lib/server/dispatchers/dispatcher.js:91:14)
    at DispatcherConnection.dispatch (/home/devel/basset-hound-browser/node_modules/playwright-core/lib/server/dispatchers/dispatcher.js:325:22)</failure>
      <failure>Error: Process failed to launch!
    at waitForLine (/home/devel/basset-hound-browser/node_modules/playwright-core/lib/server/electron/electron.js:252:21)
    at Electron.launch (/home/devel/basset-hound-browser/node_modules/playwright-core/lib/server/electron/electron.js:188:33)
    at ElectronDispatcher.launch (/home/devel/basset-hound-browser/node_modules/playwright-core/lib/server/dispatchers/electronDispatcher.js:38:33)
    at ProgressController.run (/home/devel/basset-hound-browser/node_modules/playwright-core/lib/server/progress.js:104:22)
    at ElectronDispatcher._runCommand (/home/devel/basset-hound-browser/node_modules/playwright-core/lib/server/dispatchers/dispatcher.js:91:14)
    at DispatcherConnection.dispatch (/home/devel/basset-hound-browser/node_modules/playwright-core/lib/server/dispatchers/dispatcher.js:325:22)</failure>
      <failure>electron.launch: Process failed to launch!
Call log:
  - &lt;launching&gt; /home/devel/basset-hound-browser/node_modules/electron/dist/electron -r /home/devel/basset-hound-browser/node_modules/playwright-core/lib/server/electron/loader.js --no-sandbox --inspect=0 --remote-debugging-port=0 /home/devel/basset-hound-browser
  - &lt;launched&gt; pid=499264
  - [pid=499264][err] /home/devel/basset-hound-browser/node_modules/electron/dist/electron: bad option: --no-sandbox
  - [pid=499264][err] /home/devel/basset-hound-browser/node_modules/electron/dist/electron: bad option: --remote-debugging-port=0
  - [pid=499264] &lt;kill&gt;
  - [pid=499264] &lt;will force kill&gt;
  - [pid=499264] &lt;process did exit: exitCode=9, signal=null&gt;
  - [pid=499264] starting temporary directories cleanup
  - [pid=499264] finished temporary directories cleanup

    at Object.&lt;anonymous&gt; (/home/devel/basset-hound-browser/tests/integration/automation.test.js:86:19)</failure>
    </testcase>
    <testcase classname="Automation Integration Tests Error Handling should handle large scripts" name="Automation Integration Tests Error Handling should handle large scripts" time="0.034">
      <failure>Error: Process failed to launch!
    at waitForLine (/home/devel/basset-hound-browser/node_modules/playwright-core/lib/server/electron/electron.js:252:21)
    at Electron.launch (/home/devel/basset-hound-browser/node_modules/playwright-core/lib/server/electron/electron.js:200:32)
    at ElectronDispatcher.launch (/home/devel/basset-hound-browser/node_modules/playwright-core/lib/server/dispatchers/electronDispatcher.js:38:33)
    at ProgressController.run (/home/devel/basset-hound-browser/node_modules/playwright-core/lib/server/progress.js:104:22)
    at ElectronDispatcher._runCommand (/home/devel/basset-hound-browser/node_modules/playwright-core/lib/server/dispatchers/dispatcher.js:91:14)
    at DispatcherConnection.dispatch (/home/devel/basset-hound-browser/node_modules/playwright-core/lib/server/dispatchers/dispatcher.js:325:22)</failure>
      <failure>Error: Process failed to launch!
    at waitForLine (/home/devel/basset-hound-browser/node_modules/playwright-core/lib/server/electron/electron.js:252:21)
    at Electron.launch (/home/devel/basset-hound-browser/node_modules/playwright-core/lib/server/electron/electron.js:201:39)
    at ElectronDispatcher.launch (/home/devel/basset-hound-browser/node_modules/playwright-core/lib/server/dispatchers/electronDispatcher.js:38:33)
    at ProgressController.run (/home/devel/basset-hound-browser/node_modules/playwright-core/lib/server/progress.js:104:22)
    at ElectronDispatcher._runCommand (/home/devel/basset-hound-browser/node_modules/playwright-core/lib/server/dispatchers/dispatcher.js:91:14)
    at DispatcherConnection.dispatch (/home/devel/basset-hound-browser/node_modules/playwright-core/lib/server/dispatchers/dispatcher.js:325:22)</failure>
      <failure>Error: Process failed to launch!
    at waitForLine (/home/devel/basset-hound-browser/node_modules/playwright-core/lib/server/electron/electron.js:252:21)
    at Electron.launch (/home/devel/basset-hound-browser/node_modules/playwright-core/lib/server/electron/electron.js:188:33)
    at ElectronDispatcher.launch (/home/devel/basset-hound-browser/node_modules/playwright-core/lib/server/dispatchers/electronDispatcher.js:38:33)
    at ProgressController.run (/home/devel/basset-hound-browser/node_modules/playwright-core/lib/server/progress.js:104:22)
    at ElectronDispatcher._runCommand (/home/devel/basset-hound-browser/node_modules/playwright-core/lib/server/dispatchers/dispatcher.js:91:14)
    at DispatcherConnection.dispatch (/home/devel/basset-hound-browser/node_modules/playwright-core/lib/server/dispatchers/dispatcher.js:325:22)</failure>
      <failure>electron.launch: Process failed to launch!
Call log:
  - &lt;launching&gt; /home/devel/basset-hound-browser/node_modules/electron/dist/electron -r /home/devel/basset-hound-browser/node_modules/playwright-core/lib/server/electron/loader.js --no-sandbox --inspect=0 --remote-debugging-port=0 /home/devel/basset-hound-browser
  - &lt;launched&gt; pid=499265
  - [pid=499265][err] /home/devel/basset-hound-browser/node_modules/electron/dist/electron: bad option: --no-sandbox
  - [pid=499265][err] /home/devel/basset-hound-browser/node_modules/electron/dist/electron: bad option: --remote-debugging-port=0
  - [pid=499265] &lt;kill&gt;
  - [pid=499265] &lt;will force kill&gt;
  - [pid=499265] &lt;process did exit: exitCode=9, signal=null&gt;
  - [pid=499265] starting temporary directories cleanup
  - [pid=499265] finished temporary directories cleanup

    at Object.&lt;anonymous&gt; (/home/devel/basset-hound-browser/tests/integration/automation.test.js:86:19)</failure>
    </testcase>
    <testcase classname="Automation Integration Tests Error Handling should handle special characters in values" name="Automation Integration Tests Error Handling should handle special characters in values" time="0.042">
      <failure>Error: Process failed to launch!
    at waitForLine (/home/devel/basset-hound-browser/node_modules/playwright-core/lib/server/electron/electron.js:252:21)
    at Electron.launch (/home/devel/basset-hound-browser/node_modules/playwright-core/lib/server/electron/electron.js:200:32)
    at ElectronDispatcher.launch (/home/devel/basset-hound-browser/node_modules/playwright-core/lib/server/dispatchers/electronDispatcher.js:38:33)
    at ProgressController.run (/home/devel/basset-hound-browser/node_modules/playwright-core/lib/server/progress.js:104:22)
    at ElectronDispatcher._runCommand (/home/devel/basset-hound-browser/node_modules/playwright-core/lib/server/dispatchers/dispatcher.js:91:14)
    at DispatcherConnection.dispatch (/home/devel/basset-hound-browser/node_modules/playwright-core/lib/server/dispatchers/dispatcher.js:325:22)</failure>
      <failure>Error: Process failed to launch!
    at waitForLine (/home/devel/basset-hound-browser/node_modules/playwright-core/lib/server/electron/electron.js:252:21)
    at Electron.launch (/home/devel/basset-hound-browser/node_modules/playwright-core/lib/server/electron/electron.js:201:39)
    at ElectronDispatcher.launch (/home/devel/basset-hound-browser/node_modules/playwright-core/lib/server/dispatchers/electronDispatcher.js:38:33)
    at ProgressController.run (/home/devel/basset-hound-browser/node_modules/playwright-core/lib/server/progress.js:104:22)
    at ElectronDispatcher._runCommand (/home/devel/basset-hound-browser/node_modules/playwright-core/lib/server/dispatchers/dispatcher.js:91:14)
    at DispatcherConnection.dispatch (/home/devel/basset-hound-browser/node_modules/playwright-core/lib/server/dispatchers/dispatcher.js:325:22)</failure>
      <failure>Error: Process failed to launch!
    at waitForLine (/home/devel/basset-hound-browser/node_modules/playwright-core/lib/server/electron/electron.js:252:21)
    at Electron.launch (/home/devel/basset-hound-browser/node_modules/playwright-core/lib/server/electron/electron.js:188:33)
    at ElectronDispatcher.launch (/home/devel/basset-hound-browser/node_modules/playwright-core/lib/server/dispatchers/electronDispatcher.js:38:33)
    at ProgressController.run (/home/devel/basset-hound-browser/node_modules/playwright-core/lib/server/progress.js:104:22)
    at ElectronDispatcher._runCommand (/home/devel/basset-hound-browser/node_modules/playwright-core/lib/server/dispatchers/dispatcher.js:91:14)
    at DispatcherConnection.dispatch (/home/devel/basset-hound-browser/node_modules/playwright-core/lib/server/dispatchers/dispatcher.js:325:22)</failure>
      <failure>electron.launch: Process failed to launch!
Call log:
  - &lt;launching&gt; /home/devel/basset-hound-browser/node_modules/electron/dist/electron -r /home/devel/basset-hound-browser/node_modules/playwright-core/lib/server/electron/loader.js --no-sandbox --inspect=0 --remote-debugging-port=0 /home/devel/basset-hound-browser
  - &lt;launched&gt; pid=499266
  - [pid=499266][err] /home/devel/basset-hound-browser/node_modules/electron/dist/electron: bad option: --no-sandbox
  - [pid=499266][err] /home/devel/basset-hound-browser/node_modules/electron/dist/electron: bad option: --remote-debugging-port=0
  - [pid=499266] &lt;kill&gt;
  - [pid=499266] &lt;will force kill&gt;
  - [pid=499266] &lt;process did exit: exitCode=9, signal=null&gt;
  - [pid=499266] starting temporary directories cleanup
  - [pid=499266] finished temporary directories cleanup

    at Object.&lt;anonymous&gt; (/home/devel/basset-hound-browser/tests/integration/automation.test.js:86:19)</failure>
    </testcase>
    <testcase classname="Automation Integration Tests Error Handling should handle unicode characters" name="Automation Integration Tests Error Handling should handle unicode characters" time="0.039">
      <failure>Error: Process failed to launch!
    at waitForLine (/home/devel/basset-hound-browser/node_modules/playwright-core/lib/server/electron/electron.js:252:21)
    at Electron.launch (/home/devel/basset-hound-browser/node_modules/playwright-core/lib/server/electron/electron.js:200:32)
    at ElectronDispatcher.launch (/home/devel/basset-hound-browser/node_modules/playwright-core/lib/server/dispatchers/electronDispatcher.js:38:33)
    at ProgressController.run (/home/devel/basset-hound-browser/node_modules/playwright-core/lib/server/progress.js:104:22)
    at ElectronDispatcher._runCommand (/home/devel/basset-hound-browser/node_modules/playwright-core/lib/server/dispatchers/dispatcher.js:91:14)
    at DispatcherConnection.dispatch (/home/devel/basset-hound-browser/node_modules/playwright-core/lib/server/dispatchers/dispatcher.js:325:22)</failure>
      <failure>Error: Process failed to launch!
    at waitForLine (/home/devel/basset-hound-browser/node_modules/playwright-core/lib/server/electron/electron.js:252:21)
    at Electron.launch (/home/devel/basset-hound-browser/node_modules/playwright-core/lib/server/electron/electron.js:201:39)
    at ElectronDispatcher.launch (/home/devel/basset-hound-browser/node_modules/playwright-core/lib/server/dispatchers/electronDispatcher.js:38:33)
    at ProgressController.run (/home/devel/basset-hound-browser/node_modules/playwright-core/lib/server/progress.js:104:22)
    at ElectronDispatcher._runCommand (/home/devel/basset-hound-browser/node_modules/playwright-core/lib/server/dispatchers/dispatcher.js:91:14)
    at DispatcherConnection.dispatch (/home/devel/basset-hound-browser/node_modules/playwright-core/lib/server/dispatchers/dispatcher.js:325:22)</failure>
      <failure>Error: Process failed to launch!
    at waitForLine (/home/devel/basset-hound-browser/node_modules/playwright-core/lib/server/electron/electron.js:252:21)
    at Electron.launch (/home/devel/basset-hound-browser/node_modules/playwright-core/lib/server/electron/electron.js:188:33)
    at ElectronDispatcher.launch (/home/devel/basset-hound-browser/node_modules/playwright-core/lib/server/dispatchers/electronDispatcher.js:38:33)
    at ProgressController.run (/home/devel/basset-hound-browser/node_modules/playwright-core/lib/server/progress.js:104:22)
    at ElectronDispatcher._runCommand (/home/devel/basset-hound-browser/node_modules/playwright-core/lib/server/dispatchers/dispatcher.js:91:14)
    at DispatcherConnection.dispatch (/home/devel/basset-hound-browser/node_modules/playwright-core/lib/server/dispatchers/dispatcher.js:325:22)</failure>
      <failure>electron.launch: Process failed to launch!
Call log:
  - &lt;launching&gt; /home/devel/basset-hound-browser/node_modules/electron/dist/electron -r /home/devel/basset-hound-browser/node_modules/playwright-core/lib/server/electron/loader.js --no-sandbox --inspect=0 --remote-debugging-port=0 /home/devel/basset-hound-browser
  - &lt;launched&gt; pid=499267
  - [pid=499267][err] /home/devel/basset-hound-browser/node_modules/electron/dist/electron: bad option: --no-sandbox
  - [pid=499267][err] /home/devel/basset-hound-browser/node_modules/electron/dist/electron: bad option: --remote-debugging-port=0
  - [pid=499267] &lt;kill&gt;
  - [pid=499267] &lt;will force kill&gt;
  - [pid=499267] &lt;process did exit: exitCode=9, signal=null&gt;
  - [pid=499267] starting temporary directories cleanup
  - [pid=499267] finished temporary directories cleanup

    at Object.&lt;anonymous&gt; (/home/devel/basset-hound-browser/tests/integration/automation.test.js:86:19)</failure>
    </testcase>
    <testcase classname="Automation Integration Tests Rapid Commands should handle rapid commands" name="Automation Integration Tests Rapid Commands should handle rapid commands" time="0.035">
      <failure>Error: Process failed to launch!
    at waitForLine (/home/devel/basset-hound-browser/node_modules/playwright-core/lib/server/electron/electron.js:252:21)
    at Electron.launch (/home/devel/basset-hound-browser/node_modules/playwright-core/lib/server/electron/electron.js:200:32)
    at ElectronDispatcher.launch (/home/devel/basset-hound-browser/node_modules/playwright-core/lib/server/dispatchers/electronDispatcher.js:38:33)
    at ProgressController.run (/home/devel/basset-hound-browser/node_modules/playwright-core/lib/server/progress.js:104:22)
    at ElectronDispatcher._runCommand (/home/devel/basset-hound-browser/node_modules/playwright-core/lib/server/dispatchers/dispatcher.js:91:14)
    at DispatcherConnection.dispatch (/home/devel/basset-hound-browser/node_modules/playwright-core/lib/server/dispatchers/dispatcher.js:325:22)</failure>
      <failure>Error: Process failed to launch!
    at waitForLine (/home/devel/basset-hound-browser/node_modules/playwright-core/lib/server/electron/electron.js:252:21)
    at Electron.launch (/home/devel/basset-hound-browser/node_modules/playwright-core/lib/server/electron/electron.js:201:39)
    at ElectronDispatcher.launch (/home/devel/basset-hound-browser/node_modules/playwright-core/lib/server/dispatchers/electronDispatcher.js:38:33)
    at ProgressController.run (/home/devel/basset-hound-browser/node_modules/playwright-core/lib/server/progress.js:104:22)
    at ElectronDispatcher._runCommand (/home/devel/basset-hound-browser/node_modules/playwright-core/lib/server/dispatchers/dispatcher.js:91:14)
    at DispatcherConnection.dispatch (/home/devel/basset-hound-browser/node_modules/playwright-core/lib/server/dispatchers/dispatcher.js:325:22)</failure>
      <failure>Error: Process failed to launch!
    at waitForLine (/home/devel/basset-hound-browser/node_modules/playwright-core/lib/server/electron/electron.js:252:21)
    at Electron.launch (/home/devel/basset-hound-browser/node_modules/playwright-core/lib/server/electron/electron.js:188:33)
    at ElectronDispatcher.launch (/home/devel/basset-hound-browser/node_modules/playwright-core/lib/server/dispatchers/electronDispatcher.js:38:33)
    at ProgressController.run (/home/devel/basset-hound-browser/node_modules/playwright-core/lib/server/progress.js:104:22)
    at ElectronDispatcher._runCommand (/home/devel/basset-hound-browser/node_modules/playwright-core/lib/server/dispatchers/dispatcher.js:91:14)
    at DispatcherConnection.dispatch (/home/devel/basset-hound-browser/node_modules/playwright-core/lib/server/dispatchers/dispatcher.js:325:22)</failure>
      <failure>electron.launch: Process failed to launch!
Call log:
  - &lt;launching&gt; /home/devel/basset-hound-browser/node_modules/electron/dist/electron -r /home/devel/basset-hound-browser/node_modules/playwright-core/lib/server/electron/loader.js --no-sandbox --inspect=0 --remote-debugging-port=0 /home/devel/basset-hound-browser
  - &lt;launched&gt; pid=499268
  - [pid=499268][err] /home/devel/basset-hound-browser/node_modules/electron/dist/electron: bad option: --no-sandbox
  - [pid=499268][err] /home/devel/basset-hound-browser/node_modules/electron/dist/electron: bad option: --remote-debugging-port=0
  - [pid=499268] &lt;kill&gt;
  - [pid=499268] &lt;will force kill&gt;
  - [pid=499268] &lt;process did exit: exitCode=9, signal=null&gt;
  - [pid=499268] starting temporary directories cleanup
  - [pid=499268] finished temporary directories cleanup

    at Object.&lt;anonymous&gt; (/home/devel/basset-hound-browser/tests/integration/automation.test.js:86:19)</failure>
    </testcase>
    <testcase classname="Automation Integration Tests Rapid Commands should maintain state across commands" name="Automation Integration Tests Rapid Commands should maintain state across commands" time="0.034">
      <failure>Error: Process failed to launch!
    at waitForLine (/home/devel/basset-hound-browser/node_modules/playwright-core/lib/server/electron/electron.js:252:21)
    at Electron.launch (/home/devel/basset-hound-browser/node_modules/playwright-core/lib/server/electron/electron.js:200:32)
    at ElectronDispatcher.launch (/home/devel/basset-hound-browser/node_modules/playwright-core/lib/server/dispatchers/electronDispatcher.js:38:33)
    at ProgressController.run (/home/devel/basset-hound-browser/node_modules/playwright-core/lib/server/progress.js:104:22)
    at ElectronDispatcher._runCommand (/home/devel/basset-hound-browser/node_modules/playwright-core/lib/server/dispatchers/dispatcher.js:91:14)
    at DispatcherConnection.dispatch (/home/devel/basset-hound-browser/node_modules/playwright-core/lib/server/dispatchers/dispatcher.js:325:22)</failure>
      <failure>Error: Process failed to launch!
    at waitForLine (/home/devel/basset-hound-browser/node_modules/playwright-core/lib/server/electron/electron.js:252:21)
    at Electron.launch (/home/devel/basset-hound-browser/node_modules/playwright-core/lib/server/electron/electron.js:201:39)
    at ElectronDispatcher.launch (/home/devel/basset-hound-browser/node_modules/playwright-core/lib/server/dispatchers/electronDispatcher.js:38:33)
    at ProgressController.run (/home/devel/basset-hound-browser/node_modules/playwright-core/lib/server/progress.js:104:22)
    at ElectronDispatcher._runCommand (/home/devel/basset-hound-browser/node_modules/playwright-core/lib/server/dispatchers/dispatcher.js:91:14)
    at DispatcherConnection.dispatch (/home/devel/basset-hound-browser/node_modules/playwright-core/lib/server/dispatchers/dispatcher.js:325:22)</failure>
      <failure>Error: Process failed to launch!
    at waitForLine (/home/devel/basset-hound-browser/node_modules/playwright-core/lib/server/electron/electron.js:252:21)
    at Electron.launch (/home/devel/basset-hound-browser/node_modules/playwright-core/lib/server/electron/electron.js:188:33)
    at ElectronDispatcher.launch (/home/devel/basset-hound-browser/node_modules/playwright-core/lib/server/dispatchers/electronDispatcher.js:38:33)
    at ProgressController.run (/home/devel/basset-hound-browser/node_modules/playwright-core/lib/server/progress.js:104:22)
    at ElectronDispatcher._runCommand (/home/devel/basset-hound-browser/node_modules/playwright-core/lib/server/dispatchers/dispatcher.js:91:14)
    at DispatcherConnection.dispatch (/home/devel/basset-hound-browser/node_modules/playwright-core/lib/server/dispatchers/dispatcher.js:325:22)</failure>
      <failure>electron.launch: Process failed to launch!
Call log:
  - &lt;launching&gt; /home/devel/basset-hound-browser/node_modules/electron/dist/electron -r /home/devel/basset-hound-browser/node_modules/playwright-core/lib/server/electron/loader.js --no-sandbox --inspect=0 --remote-debugging-port=0 /home/devel/basset-hound-browser
  - &lt;launched&gt; pid=499269
  - [pid=499269][err] /home/devel/basset-hound-browser/node_modules/electron/dist/electron: bad option: --no-sandbox
  - [pid=499269][err] /home/devel/basset-hound-browser/node_modules/electron/dist/electron: bad option: --remote-debugging-port=0
  - [pid=499269] &lt;kill&gt;
  - [pid=499269] &lt;will force kill&gt;
  - [pid=499269] &lt;process did exit: exitCode=9, signal=null&gt;
  - [pid=499269] starting temporary directories cleanup
  - [pid=499269] finished temporary directories cleanup

    at Object.&lt;anonymous&gt; (/home/devel/basset-hound-browser/tests/integration/automation.test.js:86:19)</failure>
    </testcase>
  </testsuite>
  <testsuite name="Multi-Agent Orchestration Framework" errors="0" failures="0" skipped="0" timestamp="2026-05-11T06:16:46" time="0.143" tests="34">
    <testcase classname="Multi-Agent Orchestration Framework Agent Registration should register agent successfully" name="Multi-Agent Orchestration Framework Agent Registration should register agent successfully" time="0.001">
    </testcase>
    <testcase classname="Multi-Agent Orchestration Framework Agent Registration should reject registration without agent ID" name="Multi-Agent Orchestration Framework Agent Registration should reject registration without agent ID" time="0">
    </testcase>
    <testcase classname="Multi-Agent Orchestration Framework Agent Registration should deregister agent successfully" name="Multi-Agent Orchestration Framework Agent Registration should deregister agent successfully" time="0">
    </testcase>
    <testcase classname="Multi-Agent Orchestration Framework Agent Registration should fail to deregister non-existent agent" name="Multi-Agent Orchestration Framework Agent Registration should fail to deregister non-existent agent" time="0">
    </testcase>
    <testcase classname="Multi-Agent Orchestration Framework Agent Registration should track agent information" name="Multi-Agent Orchestration Framework Agent Registration should track agent information" time="0.001">
    </testcase>
    <testcase classname="Multi-Agent Orchestration Framework Agent Registration should list all agents" name="Multi-Agent Orchestration Framework Agent Registration should list all agents" time="0">
    </testcase>
    <testcase classname="Multi-Agent Orchestration Framework Workflow Definition should define workflow successfully" name="Multi-Agent Orchestration Framework Workflow Definition should define workflow successfully" time="0.001">
    </testcase>
    <testcase classname="Multi-Agent Orchestration Framework Workflow Definition should validate workflow structure" name="Multi-Agent Orchestration Framework Workflow Definition should validate workflow structure" time="0.004">
    </testcase>
    <testcase classname="Multi-Agent Orchestration Framework Workflow Definition should require non-empty workflow steps" name="Multi-Agent Orchestration Framework Workflow Definition should require non-empty workflow steps" time="0">
    </testcase>
    <testcase classname="Multi-Agent Orchestration Framework Workflow Definition should store workflow configuration" name="Multi-Agent Orchestration Framework Workflow Definition should store workflow configuration" time="0.001">
    </testcase>
    <testcase classname="Multi-Agent Orchestration Framework Workflow Definition should list all workflows" name="Multi-Agent Orchestration Framework Workflow Definition should list all workflows" time="0">
    </testcase>
    <testcase classname="Multi-Agent Orchestration Framework Workflow Execution should execute workflow successfully" name="Multi-Agent Orchestration Framework Workflow Execution should execute workflow successfully" time="0.001">
    </testcase>
    <testcase classname="Multi-Agent Orchestration Framework Workflow Execution should return execution ID" name="Multi-Agent Orchestration Framework Workflow Execution should return execution ID" time="0">
    </testcase>
    <testcase classname="Multi-Agent Orchestration Framework Workflow Execution should track execution status" name="Multi-Agent Orchestration Framework Workflow Execution should track execution status" time="0.001">
    </testcase>
    <testcase classname="Multi-Agent Orchestration Framework Workflow Execution should fail when workflow not found" name="Multi-Agent Orchestration Framework Workflow Execution should fail when workflow not found" time="0">
    </testcase>
    <testcase classname="Multi-Agent Orchestration Framework Workflow Execution should respect max concurrent workflows" name="Multi-Agent Orchestration Framework Workflow Execution should respect max concurrent workflows" time="0">
    </testcase>
    <testcase classname="Multi-Agent Orchestration Framework Workflow Execution should pass context through workflow" name="Multi-Agent Orchestration Framework Workflow Execution should pass context through workflow" time="0.001">
    </testcase>
    <testcase classname="Multi-Agent Orchestration Framework Data Flow Between Agents should pass data from first to second step" name="Multi-Agent Orchestration Framework Data Flow Between Agents should pass data from first to second step" time="0">
    </testcase>
    <testcase classname="Multi-Agent Orchestration Framework Data Flow Between Agents should retrieve execution data" name="Multi-Agent Orchestration Framework Data Flow Between Agents should retrieve execution data" time="0">
    </testcase>
    <testcase classname="Multi-Agent Orchestration Framework Data Flow Between Agents should accumulate data across multiple steps" name="Multi-Agent Orchestration Framework Data Flow Between Agents should accumulate data across multiple steps" time="0.001">
    </testcase>
    <testcase classname="Multi-Agent Orchestration Framework Conditional Execution should support conditional steps" name="Multi-Agent Orchestration Framework Conditional Execution should support conditional steps" time="0">
    </testcase>
    <testcase classname="Multi-Agent Orchestration Framework Conditional Execution should skip step if condition not met" name="Multi-Agent Orchestration Framework Conditional Execution should skip step if condition not met" time="0">
    </testcase>
    <testcase classname="Multi-Agent Orchestration Framework Error Handling should handle step failure" name="Multi-Agent Orchestration Framework Error Handling should handle step failure" time="0.001">
    </testcase>
    <testcase classname="Multi-Agent Orchestration Framework Error Handling should stop execution on failure" name="Multi-Agent Orchestration Framework Error Handling should stop execution on failure" time="0">
    </testcase>
    <testcase classname="Multi-Agent Orchestration Framework Error Handling should provide error details" name="Multi-Agent Orchestration Framework Error Handling should provide error details" time="0.001">
    </testcase>
    <testcase classname="Multi-Agent Orchestration Framework Execution Management should track execution count" name="Multi-Agent Orchestration Framework Execution Management should track execution count" time="0">
    </testcase>
    <testcase classname="Multi-Agent Orchestration Framework Execution Management should cancel execution" name="Multi-Agent Orchestration Framework Execution Management should cancel execution" time="0">
    </testcase>
    <testcase classname="Multi-Agent Orchestration Framework Execution Management should provide orchestration status" name="Multi-Agent Orchestration Framework Execution Management should provide orchestration status" time="0">
    </testcase>
    <testcase classname="Multi-Agent Orchestration Framework History Management should clear execution history" name="Multi-Agent Orchestration Framework History Management should clear execution history" time="0.001">
    </testcase>
    <testcase classname="Multi-Agent Orchestration Framework History Management should preserve execution history" name="Multi-Agent Orchestration Framework History Management should preserve execution history" time="0">
    </testcase>
    <testcase classname="Multi-Agent Orchestration Framework Event Emission should emit execution start event" name="Multi-Agent Orchestration Framework Event Emission should emit execution start event" time="0">
    </testcase>
    <testcase classname="Multi-Agent Orchestration Framework Event Emission should emit step completed event" name="Multi-Agent Orchestration Framework Event Emission should emit step completed event" time="0">
    </testcase>
    <testcase classname="Multi-Agent Orchestration Framework OSINT Integration should integrate OSINT agent" name="Multi-Agent Orchestration Framework OSINT Integration should integrate OSINT agent" time="0.001">
    </testcase>
    <testcase classname="Multi-Agent Orchestration Framework Forensic Integration should integrate Forensic agent" name="Multi-Agent Orchestration Framework Forensic Integration should integrate Forensic agent" time="0.001">
    </testcase>
  </testsuite>
  <testsuite name="Extension-Browser Communication Tests" errors="0" failures="0" skipped="1" timestamp="2026-05-11T06:16:46" time="0.051" tests="1">
    <testcase classname="Extension-Browser Communication Tests These tests require browser infrastructure - run with: npm run test:integration:communication" name="Extension-Browser Communication Tests These tests require browser infrastructure - run with: npm run test:integration:communication" time="0">
      <skipped/>
    </testcase>
  </testsuite>
  <testsuite name="CookieManager Integration" errors="0" failures="0" skipped="0" timestamp="2026-05-11T06:16:46" time="0.123" tests="41">
    <testcase classname="CookieManager Integration Session Management should use provided session" name="CookieManager Integration Session Management should use provided session" time="0.001">
    </testcase>
    <testcase classname="CookieManager Integration Session Management should use default session if none provided" name="CookieManager Integration Session Management should use default session if none provided" time="0">
    </testcase>
    <testcase classname="CookieManager Integration Session Management should update session with setSession" name="CookieManager Integration Session Management should update session with setSession" time="0">
    </testcase>
    <testcase classname="CookieManager Integration Getting Cookies should get cookies for URL" name="CookieManager Integration Getting Cookies should get cookies for URL" time="0.001">
    </testcase>
    <testcase classname="CookieManager Integration Getting Cookies should return error when URL is missing" name="CookieManager Integration Getting Cookies should return error when URL is missing" time="0">
    </testcase>
    <testcase classname="CookieManager Integration Getting Cookies should get all cookies" name="CookieManager Integration Getting Cookies should get all cookies" time="0.001">
    </testcase>
    <testcase classname="CookieManager Integration Getting Cookies should get all cookies with filter" name="CookieManager Integration Getting Cookies should get all cookies with filter" time="0">
    </testcase>
    <testcase classname="CookieManager Integration Setting Cookies should set a cookie" name="CookieManager Integration Setting Cookies should set a cookie" time="0.001">
    </testcase>
    <testcase classname="CookieManager Integration Setting Cookies should require url and name" name="CookieManager Integration Setting Cookies should require url and name" time="0">
    </testcase>
    <testcase classname="CookieManager Integration Setting Cookies should set multiple cookies" name="CookieManager Integration Setting Cookies should set multiple cookies" time="0">
    </testcase>
    <testcase classname="CookieManager Integration Setting Cookies should handle failures when setting multiple cookies" name="CookieManager Integration Setting Cookies should handle failures when setting multiple cookies" time="0.001">
    </testcase>
    <testcase classname="CookieManager Integration Setting Cookies should require array input for setCookies" name="CookieManager Integration Setting Cookies should require array input for setCookies" time="0">
    </testcase>
    <testcase classname="CookieManager Integration Deleting Cookies should delete a cookie" name="CookieManager Integration Deleting Cookies should delete a cookie" time="0.001">
    </testcase>
    <testcase classname="CookieManager Integration Deleting Cookies should require url and name" name="CookieManager Integration Deleting Cookies should require url and name" time="0">
    </testcase>
    <testcase classname="CookieManager Integration Clearing Cookies should clear all cookies" name="CookieManager Integration Clearing Cookies should clear all cookies" time="0.001">
    </testcase>
    <testcase classname="CookieManager Integration Clearing Cookies should clear cookies for specific domain" name="CookieManager Integration Clearing Cookies should clear cookies for specific domain" time="0">
    </testcase>
    <testcase classname="CookieManager Integration Cookie URL Building should build https URL for secure cookie" name="CookieManager Integration Cookie URL Building should build https URL for secure cookie" time="0.001">
    </testcase>
    <testcase classname="CookieManager Integration Cookie URL Building should build http URL for non-secure cookie" name="CookieManager Integration Cookie URL Building should build http URL for non-secure cookie" time="0">
    </testcase>
    <testcase classname="CookieManager Integration Cookie URL Building should handle domain with leading dot" name="CookieManager Integration Cookie URL Building should handle domain with leading dot" time="0">
    </testcase>
    <testcase classname="CookieManager Integration Export Functions should export to JSON format" name="CookieManager Integration Export Functions should export to JSON format" time="0.001">
    </testcase>
    <testcase classname="CookieManager Integration Export Functions should export to Netscape format" name="CookieManager Integration Export Functions should export to Netscape format" time="0">
    </testcase>
    <testcase classname="CookieManager Integration Export Functions should export to EditThisCookie format" name="CookieManager Integration Export Functions should export to EditThisCookie format" time="0.001">
    </testcase>
    <testcase classname="CookieManager Integration Export Functions should fail for unknown format" name="CookieManager Integration Export Functions should fail for unknown format" time="0">
    </testcase>
    <testcase classname="CookieManager Integration Import Functions should detect Netscape format" name="CookieManager Integration Import Functions should detect Netscape format" time="0.001">
    </testcase>
    <testcase classname="CookieManager Integration Import Functions should detect JSON array format" name="CookieManager Integration Import Functions should detect JSON array format" time="0">
    </testcase>
    <testcase classname="CookieManager Integration Import Functions should detect EditThisCookie format" name="CookieManager Integration Import Functions should detect EditThisCookie format" time="0">
    </testcase>
    <testcase classname="CookieManager Integration Import Functions should import JSON cookies" name="CookieManager Integration Import Functions should import JSON cookies" time="0.001">
    </testcase>
    <testcase classname="CookieManager Integration Import Functions should import Netscape cookies" name="CookieManager Integration Import Functions should import Netscape cookies" time="0">
    </testcase>
    <testcase classname="CookieManager Integration Import Functions should auto-detect format" name="CookieManager Integration Import Functions should auto-detect format" time="0.001">
    </testcase>
    <testcase classname="CookieManager Integration Import Functions should fail for unknown format" name="CookieManager Integration Import Functions should fail for unknown format" time="0">
    </testcase>
    <testcase classname="CookieManager Integration Import Functions should fail for empty data" name="CookieManager Integration Import Functions should fail for empty data" time="0">
    </testcase>
    <testcase classname="CookieManager Integration Parse Functions should parse valid JSON" name="CookieManager Integration Parse Functions should parse valid JSON" time="0.001">
    </testcase>
    <testcase classname="CookieManager Integration Parse Functions should throw error for invalid JSON" name="CookieManager Integration Parse Functions should throw error for invalid JSON" time="0.034">
    </testcase>
    <testcase classname="CookieManager Integration Parse Functions should parse valid Netscape format" name="CookieManager Integration Parse Functions should parse valid Netscape format" time="0">
    </testcase>
    <testcase classname="CookieManager Integration Parse Functions should skip comment lines in Netscape format" name="CookieManager Integration Parse Functions should skip comment lines in Netscape format" time="0.001">
    </testcase>
    <testcase classname="CookieManager Integration Parse Functions should skip invalid lines in Netscape format" name="CookieManager Integration Parse Functions should skip invalid lines in Netscape format" time="0">
    </testcase>
    <testcase classname="CookieManager Integration Parse Functions should parse EditThisCookie format" name="CookieManager Integration Parse Functions should parse EditThisCookie format" time="0">
    </testcase>
    <testcase classname="CookieManager Integration Domain Cookies should get cookies for domain" name="CookieManager Integration Domain Cookies should get cookies for domain" time="0.001">
    </testcase>
    <testcase classname="CookieManager Integration Statistics and Info should return cookie statistics" name="CookieManager Integration Statistics and Info should return cookie statistics" time="0">
    </testcase>
    <testcase classname="CookieManager Integration Statistics and Info should return available formats" name="CookieManager Integration Statistics and Info should return available formats" time="0.001">
    </testcase>
    <testcase classname="CookieManager Integration Flush Cookies should flush cookie store" name="CookieManager Integration Flush Cookies should flush cookie store" time="0">
    </testcase>
  </testsuite>
  <testsuite name="Advanced Evasion Techniques" errors="0" failures="0" skipped="0" timestamp="2026-05-11T06:16:46" time="0.137" tests="43">
    <testcase classname="Advanced Evasion Techniques AudioContext Evasion should initialize with default settings" name="Advanced Evasion Techniques AudioContext Evasion should initialize with default settings" time="0.001">
    </testcase>
    <testcase classname="Advanced Evasion Techniques AudioContext Evasion should perform frequency randomization" name="Advanced Evasion Techniques AudioContext Evasion should perform frequency randomization" time="0">
    </testcase>
    <testcase classname="Advanced Evasion Techniques AudioContext Evasion should maintain frequency consistency across calls" name="Advanced Evasion Techniques AudioContext Evasion should maintain frequency consistency across calls" time="0.001">
    </testcase>
    <testcase classname="Advanced Evasion Techniques AudioContext Evasion should perform sample rate variation" name="Advanced Evasion Techniques AudioContext Evasion should perform sample rate variation" time="0">
    </testcase>
    <testcase classname="Advanced Evasion Techniques AudioContext Evasion should perform analyzer data manipulation" name="Advanced Evasion Techniques AudioContext Evasion should perform analyzer data manipulation" time="0.001">
    </testcase>
    <testcase classname="Advanced Evasion Techniques AudioContext Evasion should perform oscillator output variation" name="Advanced Evasion Techniques AudioContext Evasion should perform oscillator output variation" time="0.001">
    </testcase>
    <testcase classname="Advanced Evasion Techniques AudioContext Evasion should perform compressor variation" name="Advanced Evasion Techniques AudioContext Evasion should perform compressor variation" time="0">
    </testcase>
    <testcase classname="Advanced Evasion Techniques AudioContext Evasion should apply selected technique" name="Advanced Evasion Techniques AudioContext Evasion should apply selected technique" time="0.001">
    </testcase>
    <testcase classname="Advanced Evasion Techniques AudioContext Evasion should apply combined techniques" name="Advanced Evasion Techniques AudioContext Evasion should apply combined techniques" time="0">
    </testcase>
    <testcase classname="Advanced Evasion Techniques AudioContext Evasion should list available techniques" name="Advanced Evasion Techniques AudioContext Evasion should list available techniques" time="0.004">
    </testcase>
    <testcase classname="Advanced Evasion Techniques AudioContext Evasion should report status" name="Advanced Evasion Techniques AudioContext Evasion should report status" time="0">
    </testcase>
    <testcase classname="Advanced Evasion Techniques AudioContext Evasion should reset consistency" name="Advanced Evasion Techniques AudioContext Evasion should reset consistency" time="0.001">
    </testcase>
    <testcase classname="Advanced Evasion Techniques Font Enumeration Evasion should initialize with default settings" name="Advanced Evasion Techniques Font Enumeration Evasion should initialize with default settings" time="0">
    </testcase>
    <testcase classname="Advanced Evasion Techniques Font Enumeration Evasion should detect platform correctly" name="Advanced Evasion Techniques Font Enumeration Evasion should detect platform correctly" time="0">
    </testcase>
    <testcase classname="Advanced Evasion Techniques Font Enumeration Evasion should get system fonts for platform" name="Advanced Evasion Techniques Font Enumeration Evasion should get system fonts for platform" time="0.001">
    </testcase>
    <testcase classname="Advanced Evasion Techniques Font Enumeration Evasion should get web-safe fonts" name="Advanced Evasion Techniques Font Enumeration Evasion should get web-safe fonts" time="0">
    </testcase>
    <testcase classname="Advanced Evasion Techniques Font Enumeration Evasion should generate realistic subset" name="Advanced Evasion Techniques Font Enumeration Evasion should generate realistic subset" time="0.001">
    </testcase>
    <testcase classname="Advanced Evasion Techniques Font Enumeration Evasion should maintain subset consistency" name="Advanced Evasion Techniques Font Enumeration Evasion should maintain subset consistency" time="0">
    </testcase>
    <testcase classname="Advanced Evasion Techniques Font Enumeration Evasion should align with browser defaults" name="Advanced Evasion Techniques Font Enumeration Evasion should align with browser defaults" time="0">
    </testcase>
    <testcase classname="Advanced Evasion Techniques Font Enumeration Evasion should provide monospace font variation" name="Advanced Evasion Techniques Font Enumeration Evasion should provide monospace font variation" time="0.001">
    </testcase>
    <testcase classname="Advanced Evasion Techniques Font Enumeration Evasion should provide font feature variation" name="Advanced Evasion Techniques Font Enumeration Evasion should provide font feature variation" time="0">
    </testcase>
    <testcase classname="Advanced Evasion Techniques Font Enumeration Evasion should provide generic family fallback" name="Advanced Evasion Techniques Font Enumeration Evasion should provide generic family fallback" time="0.001">
    </testcase>
    <testcase classname="Advanced Evasion Techniques Font Enumeration Evasion should apply selected technique" name="Advanced Evasion Techniques Font Enumeration Evasion should apply selected technique" time="0">
    </testcase>
    <testcase classname="Advanced Evasion Techniques Font Enumeration Evasion should apply combined techniques" name="Advanced Evasion Techniques Font Enumeration Evasion should apply combined techniques" time="0.001">
    </testcase>
    <testcase classname="Advanced Evasion Techniques Font Enumeration Evasion should list available techniques" name="Advanced Evasion Techniques Font Enumeration Evasion should list available techniques" time="0">
    </testcase>
    <testcase classname="Advanced Evasion Techniques Font Enumeration Evasion should report status" name="Advanced Evasion Techniques Font Enumeration Evasion should report status" time="0.001">
    </testcase>
    <testcase classname="Advanced Evasion Techniques WebRTC Evasion should initialize with default settings" name="Advanced Evasion Techniques WebRTC Evasion should initialize with default settings" time="0">
    </testcase>
    <testcase classname="Advanced Evasion Techniques WebRTC Evasion should perform mDNS obfuscation" name="Advanced Evasion Techniques WebRTC Evasion should perform mDNS obfuscation" time="0.001">
    </testcase>
    <testcase classname="Advanced Evasion Techniques WebRTC Evasion should filter local IP addresses" name="Advanced Evasion Techniques WebRTC Evasion should filter local IP addresses" time="0.001">
    </testcase>
    <testcase classname="Advanced Evasion Techniques WebRTC Evasion should filter by candidate type" name="Advanced Evasion Techniques WebRTC Evasion should filter by candidate type" time="0.001">
    </testcase>
    <testcase classname="Advanced Evasion Techniques WebRTC Evasion should manage connection state" name="Advanced Evasion Techniques WebRTC Evasion should manage connection state" time="0">
    </testcase>
    <testcase classname="Advanced Evasion Techniques WebRTC Evasion should prefer relay candidates" name="Advanced Evasion Techniques WebRTC Evasion should prefer relay candidates" time="0.001">
    </testcase>
    <testcase classname="Advanced Evasion Techniques WebRTC Evasion should apply selected technique" name="Advanced Evasion Techniques WebRTC Evasion should apply selected technique" time="0">
    </testcase>
    <testcase classname="Advanced Evasion Techniques WebRTC Evasion should apply combined techniques" name="Advanced Evasion Techniques WebRTC Evasion should apply combined techniques" time="0.001">
    </testcase>
    <testcase classname="Advanced Evasion Techniques WebRTC Evasion should detect IP leaks" name="Advanced Evasion Techniques WebRTC Evasion should detect IP leaks" time="0">
    </testcase>
    <testcase classname="Advanced Evasion Techniques WebRTC Evasion should not report leaks when prevented" name="Advanced Evasion Techniques WebRTC Evasion should not report leaks when prevented" time="0.001">
    </testcase>
    <testcase classname="Advanced Evasion Techniques WebRTC Evasion should list available techniques" name="Advanced Evasion Techniques WebRTC Evasion should list available techniques" time="0">
    </testcase>
    <testcase classname="Advanced Evasion Techniques WebRTC Evasion should set leak severity" name="Advanced Evasion Techniques WebRTC Evasion should set leak severity" time="0.001">
    </testcase>
    <testcase classname="Advanced Evasion Techniques WebRTC Evasion should reject invalid leak severity" name="Advanced Evasion Techniques WebRTC Evasion should reject invalid leak severity" time="0">
    </testcase>
    <testcase classname="Advanced Evasion Techniques WebRTC Evasion should report status" name="Advanced Evasion Techniques WebRTC Evasion should report status" time="0">
    </testcase>
    <testcase classname="Advanced Evasion Techniques WebRTC Evasion should reset consistency" name="Advanced Evasion Techniques WebRTC Evasion should reset consistency" time="0.001">
    </testcase>
    <testcase classname="Advanced Evasion Techniques Cross-Technique Effectiveness combined techniques should have highest effectiveness" name="Advanced Evasion Techniques Cross-Technique Effectiveness combined techniques should have highest effectiveness" time="0">
    </testcase>
    <testcase classname="Advanced Evasion Techniques Cross-Technique Effectiveness all techniques should report consistent effectiveness ranges" name="Advanced Evasion Techniques Cross-Technique Effectiveness all techniques should report consistent effectiveness ranges" time="0.001">
    </testcase>
  </testsuite>
  <testsuite name="DownloadManager Integration" errors="0" failures="0" skipped="0" timestamp="2026-05-11T06:16:46" time="0.175" tests="38">
    <testcase classname="DownloadManager Integration Download Class should create download with default values" name="DownloadManager Integration Download Class should create download with default values" time="0.006">
    </testcase>
    <testcase classname="DownloadManager Integration Download Class should create download with custom values" name="DownloadManager Integration Download Class should create download with custom values" time="0.002">
    </testcase>
    <testcase classname="DownloadManager Integration Download Class should calculate progress correctly" name="DownloadManager Integration Download Class should calculate progress correctly" time="0.001">
    </testcase>
    <testcase classname="DownloadManager Integration Download Class should return 0 progress for zero size" name="DownloadManager Integration Download Class should return 0 progress for zero size" time="0.002">
    </testcase>
    <testcase classname="DownloadManager Integration Download Class should calculate ETA" name="DownloadManager Integration Download Class should calculate ETA" time="0.001">
    </testcase>
    <testcase classname="DownloadManager Integration Download Class should return null ETA when speed is 0" name="DownloadManager Integration Download Class should return null ETA when speed is 0" time="0.001">
    </testcase>
    <testcase classname="DownloadManager Integration Download Class should serialize to JSON" name="DownloadManager Integration Download Class should serialize to JSON" time="0.002">
    </testcase>
    <testcase classname="DownloadManager Integration DownloadManager Initialization should initialize with custom download path" name="DownloadManager Integration DownloadManager Initialization should initialize with custom download path" time="0.001">
    </testcase>
    <testcase classname="DownloadManager Integration DownloadManager Initialization should initialize with max concurrent downloads" name="DownloadManager Integration DownloadManager Initialization should initialize with max concurrent downloads" time="0.002">
    </testcase>
    <testcase classname="DownloadManager Integration DownloadManager Initialization should have empty downloads map" name="DownloadManager Integration DownloadManager Initialization should have empty downloads map" time="0.001">
    </testcase>
    <testcase classname="DownloadManager Integration Download Path Management should set download path when directory exists" name="DownloadManager Integration Download Path Management should set download path when directory exists" time="0.002">
    </testcase>
    <testcase classname="DownloadManager Integration Download Path Management should create directory if needed when setting path" name="DownloadManager Integration Download Path Management should create directory if needed when setting path" time="0.002">
    </testcase>
    <testcase classname="DownloadManager Integration Download Path Management should get download path" name="DownloadManager Integration Download Path Management should get download path" time="0.001">
    </testcase>
    <testcase classname="DownloadManager Integration Starting Downloads should start a download" name="DownloadManager Integration Starting Downloads should start a download" time="0.003">
    </testcase>
    <testcase classname="DownloadManager Integration Starting Downloads should start download with custom filename" name="DownloadManager Integration Starting Downloads should start download with custom filename" time="0.002">
    </testcase>
    <testcase classname="DownloadManager Integration Starting Downloads should emit download-started event" name="DownloadManager Integration Starting Downloads should emit download-started event" time="0.007">
    </testcase>
    <testcase classname="DownloadManager Integration Download Operations should pause a download" name="DownloadManager Integration Download Operations should pause a download" time="0.003">
    </testcase>
    <testcase classname="DownloadManager Integration Download Operations should return error when pausing non-existent download" name="DownloadManager Integration Download Operations should return error when pausing non-existent download" time="0.002">
    </testcase>
    <testcase classname="DownloadManager Integration Download Operations should resume a paused download" name="DownloadManager Integration Download Operations should resume a paused download" time="0.003">
    </testcase>
    <testcase classname="DownloadManager Integration Download Operations should return error when resuming non-paused download" name="DownloadManager Integration Download Operations should return error when resuming non-paused download" time="0.002">
    </testcase>
    <testcase classname="DownloadManager Integration Download Operations should cancel a download" name="DownloadManager Integration Download Operations should cancel a download" time="0.003">
    </testcase>
    <testcase classname="DownloadManager Integration Getting Download Info should get download by ID" name="DownloadManager Integration Getting Download Info should get download by ID" time="0.002">
    </testcase>
    <testcase classname="DownloadManager Integration Getting Download Info should return error for non-existent download" name="DownloadManager Integration Getting Download Info should return error for non-existent download" time="0.002">
    </testcase>
    <testcase classname="DownloadManager Integration Getting Download Info should get active downloads" name="DownloadManager Integration Getting Download Info should get active downloads" time="0.003">
    </testcase>
    <testcase classname="DownloadManager Integration Getting Download Info should get completed downloads" name="DownloadManager Integration Getting Download Info should get completed downloads" time="0.003">
    </testcase>
    <testcase classname="DownloadManager Integration Getting Download Info should get all downloads" name="DownloadManager Integration Getting Download Info should get all downloads" time="0.002">
    </testcase>
    <testcase classname="DownloadManager Integration Getting Download Info should filter downloads by state" name="DownloadManager Integration Getting Download Info should filter downloads by state" time="0.002">
    </testcase>
    <testcase classname="DownloadManager Integration Getting Download Info should limit downloads returned" name="DownloadManager Integration Getting Download Info should limit downloads returned" time="0.007">
    </testcase>
    <testcase classname="DownloadManager Integration Clearing Downloads should clear completed downloads" name="DownloadManager Integration Clearing Downloads should clear completed downloads" time="0.003">
    </testcase>
    <testcase classname="DownloadManager Integration Clearing Downloads should clear all downloads" name="DownloadManager Integration Clearing Downloads should clear all downloads" time="0.003">
    </testcase>
    <testcase classname="DownloadManager Integration Download Status should get download manager status" name="DownloadManager Integration Download Status should get download manager status" time="0.003">
    </testcase>
    <testcase classname="DownloadManager Integration Format Bytes Utility should format 0 bytes" name="DownloadManager Integration Format Bytes Utility should format 0 bytes" time="0.001">
    </testcase>
    <testcase classname="DownloadManager Integration Format Bytes Utility should format bytes" name="DownloadManager Integration Format Bytes Utility should format bytes" time="0.001">
    </testcase>
    <testcase classname="DownloadManager Integration Format Bytes Utility should format kilobytes" name="DownloadManager Integration Format Bytes Utility should format kilobytes" time="0.001">
    </testcase>
    <testcase classname="DownloadManager Integration Format Bytes Utility should format megabytes" name="DownloadManager Integration Format Bytes Utility should format megabytes" time="0.001">
    </testcase>
    <testcase classname="DownloadManager Integration Format Bytes Utility should format gigabytes" name="DownloadManager Integration Format Bytes Utility should format gigabytes" time="0.002">
    </testcase>
    <testcase classname="DownloadManager Integration Event Emissions should emit events on download lifecycle" name="DownloadManager Integration Event Emissions should emit events on download lifecycle" time="0.002">
    </testcase>
    <testcase classname="DownloadManager Integration Cleanup should cleanup resources" name="DownloadManager Integration Cleanup should cleanup resources" time="0.003">
    </testcase>
  </testsuite>
  <testsuite name="TechDetector" errors="0" failures="5" skipped="0" timestamp="2026-05-11T06:16:46" time="0.113" tests="24">
    <testcase classname="TechDetector HTTP Header Detection should detect Apache from Server header" name="TechDetector HTTP Header Detection should detect Apache from Server header" time="0.001">
    </testcase>
    <testcase classname="TechDetector HTTP Header Detection should detect Nginx from Server header" name="TechDetector HTTP Header Detection should detect Nginx from Server header" time="0.001">
    </testcase>
    <testcase classname="TechDetector HTTP Header Detection should detect Express from X-Powered-By header" name="TechDetector HTTP Header Detection should detect Express from X-Powered-By header" time="0.001">
      <failure>Error: expect(received).toBeDefined()

Received: undefined
    at Object.toBeDefined (/home/devel/basset-hound-browser/tests/analysis/tech-detector.test.js:53:23)
    at processTicksAndRejections (node:internal/process/task_queues:95:5)</failure>
    </testcase>
    <testcase classname="TechDetector HTTP Header Detection should be case-insensitive" name="TechDetector HTTP Header Detection should be case-insensitive" time="0.001">
    </testcase>
    <testcase classname="TechDetector HTML Pattern Detection should detect WordPress from meta generator tag" name="TechDetector HTML Pattern Detection should detect WordPress from meta generator tag" time="0.001">
    </testcase>
    <testcase classname="TechDetector HTML Pattern Detection should detect WordPress from wp-content path" name="TechDetector HTML Pattern Detection should detect WordPress from wp-content path" time="0">
    </testcase>
    <testcase classname="TechDetector HTML Pattern Detection should detect Bootstrap from CSS classes" name="TechDetector HTML Pattern Detection should detect Bootstrap from CSS classes" time="0">
      <failure>Error: expect(received).toBeDefined()

Received: undefined
    at Object.toBeDefined (/home/devel/basset-hound-browser/tests/analysis/tech-detector.test.js:99:25)
    at processTicksAndRejections (node:internal/process/task_queues:95:5)</failure>
    </testcase>
    <testcase classname="TechDetector HTML Pattern Detection should detect React from data-react-root" name="TechDetector HTML Pattern Detection should detect React from data-react-root" time="0">
    </testcase>
    <testcase classname="TechDetector HTML Pattern Detection should detect Vue from v-app directive" name="TechDetector HTML Pattern Detection should detect Vue from v-app directive" time="0">
      <failure>Error: expect(received).toBeDefined()

Received: undefined
    at Object.toBeDefined (/home/devel/basset-hound-browser/tests/analysis/tech-detector.test.js:119:19)
    at processTicksAndRejections (node:internal/process/task_queues:95:5)</failure>
    </testcase>
    <testcase classname="TechDetector Detection Consolidation should consolidate multiple detection methods" name="TechDetector Detection Consolidation should consolidate multiple detection methods" time="0.001">
    </testcase>
    <testcase classname="TechDetector Detection Consolidation should sort by confidence" name="TechDetector Detection Consolidation should sort by confidence" time="0">
    </testcase>
    <testcase classname="TechDetector Caching should cache results" name="TechDetector Caching should cache results" time="0.001">
    </testcase>
    <testcase classname="TechDetector Caching should clear cache" name="TechDetector Caching should clear cache" time="0">
    </testcase>
    <testcase classname="TechDetector Edge Cases should handle empty page data" name="TechDetector Edge Cases should handle empty page data" time="0.001">
    </testcase>
    <testcase classname="TechDetector Edge Cases should handle null headers" name="TechDetector Edge Cases should handle null headers" time="0">
    </testcase>
    <testcase classname="TechDetector Edge Cases should handle no detections" name="TechDetector Edge Cases should handle no detections" time="0">
    </testcase>
    <testcase classname="TechDetector Edge Cases should measure detection time" name="TechDetector Edge Cases should measure detection time" time="0.001">
    </testcase>
    <testcase classname="TechDetector Integration should detect multi-technology stack" name="TechDetector Integration should detect multi-technology stack" time="0">
      <failure>Error: expect(received).toBeGreaterThan(expected)

Expected: &gt; 2
Received:   2
    at Object.toBeGreaterThan (/home/devel/basset-hound-browser/tests/analysis/tech-detector.test.js:254:42)
    at processTicksAndRejections (node:internal/process/task_queues:95:5)</failure>
    </testcase>
    <testcase classname="TechDetector Integration should provide detection summary" name="TechDetector Integration should provide detection summary" time="0">
    </testcase>
    <testcase classname="TechDetector Signature Database should load default signatures" name="TechDetector Signature Database should load default signatures" time="0">
      <failure>Error: expect(received).toBeGreaterThan(expected)

Expected: &gt; 10
Received:   6
    at Object.toBeGreaterThan (/home/devel/basset-hound-browser/tests/analysis/tech-detector.test.js:278:55)
    at Promise.then.completed (/home/devel/basset-hound-browser/node_modules/jest-circus/build/utils.js:298:28)
    at new Promise (&lt;anonymous&gt;)
    at callAsyncCircusFn (/home/devel/basset-hound-browser/node_modules/jest-circus/build/utils.js:231:10)
    at _callCircusTest (/home/devel/basset-hound-browser/node_modules/jest-circus/build/run.js:316:40)
    at processTicksAndRejections (node:internal/process/task_queues:95:5)
    at _runTest (/home/devel/basset-hound-browser/node_modules/jest-circus/build/run.js:252:3)
    at _runTestsForDescribeBlock (/home/devel/basset-hound-browser/node_modules/jest-circus/build/run.js:126:9)
    at _runTestsForDescribeBlock (/home/devel/basset-hound-browser/node_modules/jest-circus/build/run.js:121:9)
    at _runTestsForDescribeBlock (/home/devel/basset-hound-browser/node_modules/jest-circus/build/run.js:121:9)
    at run (/home/devel/basset-hound-browser/node_modules/jest-circus/build/run.js:71:3)
    at runAndTransformResultsToJestFormat (/home/devel/basset-hound-browser/node_modules/jest-circus/build/legacy-code-todo-rewrite/jestAdapterInit.js:122:21)
    at jestAdapter (/home/devel/basset-hound-browser/node_modules/jest-circus/build/legacy-code-todo-rewrite/jestAdapter.js:79:19)
    at runTestInternal (/home/devel/basset-hound-browser/node_modules/jest-runner/build/runTest.js:367:16)
    at runTest (/home/devel/basset-hound-browser/node_modules/jest-runner/build/runTest.js:444:34)
    at Object.worker (/home/devel/basset-hound-browser/node_modules/jest-runner/build/testWorker.js:106:12)</failure>
    </testcase>
    <testcase classname="TechDetector Signature Database should have required signature properties" name="TechDetector Signature Database should have required signature properties" time="0.005">
    </testcase>
    <testcase classname="TechDetector Signature Database should handle missing signature" name="TechDetector Signature Database should handle missing signature" time="0">
    </testcase>
    <testcase classname="TechDetector Performance should complete detection in reasonable time" name="TechDetector Performance should complete detection in reasonable time" time="0">
    </testcase>
    <testcase classname="TechDetector Performance should handle large HTML" name="TechDetector Performance should handle large HTML" time="0.001">
    </testcase>
  </testsuite>
  <testsuite name="Phase 6 Features Integration Tests" errors="0" failures="0" skipped="29" timestamp="2026-05-11T06:16:46" time="0.052" tests="29">
    <testcase classname="Phase 6 Features Integration Tests Technology Detection Commands detect_technologies should detect technologies from current page" name="Phase 6 Features Integration Tests Technology Detection Commands detect_technologies should detect technologies from current page" time="0">
      <skipped/>
    </testcase>
    <testcase classname="Phase 6 Features Integration Tests Technology Detection Commands detect_technologies should work with provided HTML" name="Phase 6 Features Integration Tests Technology Detection Commands detect_technologies should work with provided HTML" time="0">
      <skipped/>
    </testcase>
    <testcase classname="Phase 6 Features Integration Tests Technology Detection Commands get_technology_categories should return categories" name="Phase 6 Features Integration Tests Technology Detection Commands get_technology_categories should return categories" time="0">
      <skipped/>
    </testcase>
    <testcase classname="Phase 6 Features Integration Tests Technology Detection Commands get_technology_info should return technology details" name="Phase 6 Features Integration Tests Technology Detection Commands get_technology_info should return technology details" time="0">
      <skipped/>
    </testcase>
    <testcase classname="Phase 6 Features Integration Tests Technology Detection Commands search_technologies should search by query" name="Phase 6 Features Integration Tests Technology Detection Commands search_technologies should search by query" time="0">
      <skipped/>
    </testcase>
    <testcase classname="Phase 6 Features Integration Tests Content Extraction Commands extract_metadata should extract page metadata" name="Phase 6 Features Integration Tests Content Extraction Commands extract_metadata should extract page metadata" time="0">
      <skipped/>
    </testcase>
    <testcase classname="Phase 6 Features Integration Tests Content Extraction Commands extract_links should extract page links" name="Phase 6 Features Integration Tests Content Extraction Commands extract_links should extract page links" time="0">
      <skipped/>
    </testcase>
    <testcase classname="Phase 6 Features Integration Tests Content Extraction Commands extract_forms should extract page forms" name="Phase 6 Features Integration Tests Content Extraction Commands extract_forms should extract page forms" time="0">
      <skipped/>
    </testcase>
    <testcase classname="Phase 6 Features Integration Tests Content Extraction Commands extract_images should extract page images" name="Phase 6 Features Integration Tests Content Extraction Commands extract_images should extract page images" time="0">
      <skipped/>
    </testcase>
    <testcase classname="Phase 6 Features Integration Tests Content Extraction Commands extract_scripts should extract page scripts" name="Phase 6 Features Integration Tests Content Extraction Commands extract_scripts should extract page scripts" time="0">
      <skipped/>
    </testcase>
    <testcase classname="Phase 6 Features Integration Tests Content Extraction Commands extract_stylesheets should extract page stylesheets" name="Phase 6 Features Integration Tests Content Extraction Commands extract_stylesheets should extract page stylesheets" time="0">
      <skipped/>
    </testcase>
    <testcase classname="Phase 6 Features Integration Tests Content Extraction Commands extract_structured_data should extract JSON-LD and microdata" name="Phase 6 Features Integration Tests Content Extraction Commands extract_structured_data should extract JSON-LD and microdata" time="0">
      <skipped/>
    </testcase>
    <testcase classname="Phase 6 Features Integration Tests Content Extraction Commands extract_all should extract all content types" name="Phase 6 Features Integration Tests Content Extraction Commands extract_all should extract all content types" time="0">
      <skipped/>
    </testcase>
    <testcase classname="Phase 6 Features Integration Tests Content Extraction Commands get_extraction_stats should return extraction statistics" name="Phase 6 Features Integration Tests Content Extraction Commands get_extraction_stats should return extraction statistics" time="0">
      <skipped/>
    </testcase>
    <testcase classname="Phase 6 Features Integration Tests Network Analysis Commands start_network_capture should start capturing" name="Phase 6 Features Integration Tests Network Analysis Commands start_network_capture should start capturing" time="0">
      <skipped/>
    </testcase>
    <testcase classname="Phase 6 Features Integration Tests Network Analysis Commands get_network_capture_status should return status" name="Phase 6 Features Integration Tests Network Analysis Commands get_network_capture_status should return status" time="0">
      <skipped/>
    </testcase>
    <testcase classname="Phase 6 Features Integration Tests Network Analysis Commands navigate and capture requests" name="Phase 6 Features Integration Tests Network Analysis Commands navigate and capture requests" time="0">
      <skipped/>
    </testcase>
    <testcase classname="Phase 6 Features Integration Tests Network Analysis Commands get_requests_by_domain should group by domain" name="Phase 6 Features Integration Tests Network Analysis Commands get_requests_by_domain should group by domain" time="0">
      <skipped/>
    </testcase>
    <testcase classname="Phase 6 Features Integration Tests Network Analysis Commands get_slow_requests should filter by duration" name="Phase 6 Features Integration Tests Network Analysis Commands get_slow_requests should filter by duration" time="0">
      <skipped/>
    </testcase>
    <testcase classname="Phase 6 Features Integration Tests Network Analysis Commands get_failed_requests should return failed requests" name="Phase 6 Features Integration Tests Network Analysis Commands get_failed_requests should return failed requests" time="0">
      <skipped/>
    </testcase>
    <testcase classname="Phase 6 Features Integration Tests Network Analysis Commands get_network_statistics should return stats" name="Phase 6 Features Integration Tests Network Analysis Commands get_network_statistics should return stats" time="0">
      <skipped/>
    </testcase>
    <testcase classname="Phase 6 Features Integration Tests Network Analysis Commands get_security_headers_list should return headers" name="Phase 6 Features Integration Tests Network Analysis Commands get_security_headers_list should return headers" time="0">
      <skipped/>
    </testcase>
    <testcase classname="Phase 6 Features Integration Tests Network Analysis Commands analyze_security_headers should analyze URL" name="Phase 6 Features Integration Tests Network Analysis Commands analyze_security_headers should analyze URL" time="0">
      <skipped/>
    </testcase>
    <testcase classname="Phase 6 Features Integration Tests Network Analysis Commands export_network_capture should export data" name="Phase 6 Features Integration Tests Network Analysis Commands export_network_capture should export data" time="0">
      <skipped/>
    </testcase>
    <testcase classname="Phase 6 Features Integration Tests Network Analysis Commands stop_network_capture should stop capturing" name="Phase 6 Features Integration Tests Network Analysis Commands stop_network_capture should stop capturing" time="0">
      <skipped/>
    </testcase>
    <testcase classname="Phase 6 Features Integration Tests Network Analysis Commands clear_network_capture should clear data" name="Phase 6 Features Integration Tests Network Analysis Commands clear_network_capture should clear data" time="0">
      <skipped/>
    </testcase>
    <testcase classname="Phase 6 Features Integration Tests Error Handling get_technology_info should require name parameter" name="Phase 6 Features Integration Tests Error Handling get_technology_info should require name parameter" time="0">
      <skipped/>
    </testcase>
    <testcase classname="Phase 6 Features Integration Tests Error Handling get_request_details should require requestId" name="Phase 6 Features Integration Tests Error Handling get_request_details should require requestId" time="0">
      <skipped/>
    </testcase>
    <testcase classname="Phase 6 Features Integration Tests Error Handling get_security_info should require url" name="Phase 6 Features Integration Tests Error Handling get_security_info should require url" time="0">
      <skipped/>
    </testcase>
  </testsuite>
  <testsuite name="BlockingManager Integration" errors="0" failures="0" skipped="0" timestamp="2026-05-11T06:16:46" time="0.161" tests="28">
    <testcase classname="BlockingManager Integration Initialization should initialize with default values" name="BlockingManager Integration Initialization should initialize with default values" time="0.01">
    </testcase>
    <testcase classname="BlockingManager Integration Initialization should have default enabled categories" name="BlockingManager Integration Initialization should have default enabled categories" time="0.001">
    </testcase>
    <testcase classname="BlockingManager Integration Initialization should have zero stats initially" name="BlockingManager Integration Initialization should have zero stats initially" time="0">
    </testcase>
    <testcase classname="BlockingManager Integration Enable/Disable Blocking should enable blocking" name="BlockingManager Integration Enable/Disable Blocking should enable blocking" time="0.003">
    </testcase>
    <testcase classname="BlockingManager Integration Enable/Disable Blocking should disable blocking" name="BlockingManager Integration Enable/Disable Blocking should disable blocking" time="0.003">
    </testcase>
    <testcase classname="BlockingManager Integration Enable/Disable Blocking should not enable twice" name="BlockingManager Integration Enable/Disable Blocking should not enable twice" time="0.003">
    </testcase>
    <testcase classname="BlockingManager Integration Enable/Disable Blocking should not disable when not enabled" name="BlockingManager Integration Enable/Disable Blocking should not disable when not enabled" time="0.001">
    </testcase>
    <testcase classname="BlockingManager Integration Whitelist Management should whitelist a domain" name="BlockingManager Integration Whitelist Management should whitelist a domain" time="0.001">
    </testcase>
    <testcase classname="BlockingManager Integration Whitelist Management should remove www prefix from domain" name="BlockingManager Integration Whitelist Management should remove www prefix from domain" time="0.001">
    </testcase>
    <testcase classname="BlockingManager Integration Whitelist Management should remove domain from whitelist" name="BlockingManager Integration Whitelist Management should remove domain from whitelist" time="0.002">
    </testcase>
    <testcase classname="BlockingManager Integration Whitelist Management should return error when removing non-existent domain" name="BlockingManager Integration Whitelist Management should return error when removing non-existent domain" time="0.001">
    </testcase>
    <testcase classname="BlockingManager Integration Whitelist Management should get whitelist" name="BlockingManager Integration Whitelist Management should get whitelist" time="0.001">
    </testcase>
    <testcase classname="BlockingManager Integration Custom Block Rules should add a block rule" name="BlockingManager Integration Custom Block Rules should add a block rule" time="0.002">
    </testcase>
    <testcase classname="BlockingManager Integration Custom Block Rules should remove a block rule" name="BlockingManager Integration Custom Block Rules should remove a block rule" time="0.002">
    </testcase>
    <testcase classname="BlockingManager Integration Custom Block Rules should return error when removing non-existent rule" name="BlockingManager Integration Custom Block Rules should return error when removing non-existent rule" time="0.001">
    </testcase>
    <testcase classname="BlockingManager Integration Custom Block Rules should get block rules" name="BlockingManager Integration Custom Block Rules should get block rules" time="0.005">
    </testcase>
    <testcase classname="BlockingManager Integration Category Management should enable a category" name="BlockingManager Integration Category Management should enable a category" time="0.001">
    </testcase>
    <testcase classname="BlockingManager Integration Category Management should disable a category" name="BlockingManager Integration Category Management should disable a category" time="0.001">
    </testcase>
    <testcase classname="BlockingManager Integration Category Management should return error for unknown category" name="BlockingManager Integration Category Management should return error for unknown category" time="0">
    </testcase>
    <testcase classname="BlockingManager Integration Category Management should get categories" name="BlockingManager Integration Category Management should get categories" time="0.001">
    </testcase>
    <testcase classname="BlockingManager Integration Statistics should get stats" name="BlockingManager Integration Statistics should get stats" time="0.001">
    </testcase>
    <testcase classname="BlockingManager Integration Statistics should clear stats" name="BlockingManager Integration Statistics should clear stats" time="0.001">
    </testcase>
    <testcase classname="BlockingManager Integration Pattern Matching should match exact URL" name="BlockingManager Integration Pattern Matching should match exact URL" time="0">
    </testcase>
    <testcase classname="BlockingManager Integration Pattern Matching should match wildcard pattern" name="BlockingManager Integration Pattern Matching should match wildcard pattern" time="0.001">
    </testcase>
    <testcase classname="BlockingManager Integration Pattern Matching should not match different URL" name="BlockingManager Integration Pattern Matching should not match different URL" time="0.001">
    </testcase>
    <testcase classname="BlockingManager Integration Export/Import Configuration should export configuration" name="BlockingManager Integration Export/Import Configuration should export configuration" time="0.002">
    </testcase>
    <testcase classname="BlockingManager Integration Export/Import Configuration should import configuration" name="BlockingManager Integration Export/Import Configuration should import configuration" time="0.001">
    </testcase>
    <testcase classname="BlockingManager Integration Cleanup should cleanup resources" name="BlockingManager Integration Cleanup should cleanup resources" time="0.004">
    </testcase>
  </testsuite>
  <testsuite name="ValidationFramework" errors="0" failures="0" skipped="0" timestamp="2026-05-11T06:16:46" time="0.12" tests="30">
    <testcase classname="ValidationFramework Framework Initialization should initialize with all modules" name="ValidationFramework Framework Initialization should initialize with all modules" time="0.001">
    </testcase>
    <testcase classname="ValidationFramework Framework Initialization should have empty results initially" name="ValidationFramework Framework Initialization should have empty results initially" time="0.004">
    </testcase>
    <testcase classname="ValidationFramework Individual Scenarios Scenario 1: E-commerce Site Detection" name="ValidationFramework Individual Scenarios Scenario 1: E-commerce Site Detection" time="0.002">
    </testcase>
    <testcase classname="ValidationFramework Individual Scenarios Scenario 2: SPA Framework Detection" name="ValidationFramework Individual Scenarios Scenario 2: SPA Framework Detection" time="0">
    </testcase>
    <testcase classname="ValidationFramework Individual Scenarios Scenario 3: Behavioral Evasion Sequence" name="ValidationFramework Individual Scenarios Scenario 3: Behavioral Evasion Sequence" time="0.002">
    </testcase>
    <testcase classname="ValidationFramework Individual Scenarios Scenario 4: Device Fingerprinting Consistency" name="ValidationFramework Individual Scenarios Scenario 4: Device Fingerprinting Consistency" time="0.001">
    </testcase>
    <testcase classname="ValidationFramework Individual Scenarios Scenario 5: Combined Detection + Fingerprinting" name="ValidationFramework Individual Scenarios Scenario 5: Combined Detection + Fingerprinting" time="0">
    </testcase>
    <testcase classname="ValidationFramework Individual Scenarios Scenario 6: Multi-Step Bot Evasion" name="ValidationFramework Individual Scenarios Scenario 6: Multi-Step Bot Evasion" time="0.002">
    </testcase>
    <testcase classname="ValidationFramework Individual Scenarios Scenario 7: High-Volume Tech Detection" name="ValidationFramework Individual Scenarios Scenario 7: High-Volume Tech Detection" time="0.001">
    </testcase>
    <testcase classname="ValidationFramework Individual Scenarios Scenario 8: Device Randomization" name="ValidationFramework Individual Scenarios Scenario 8: Device Randomization" time="0">
    </testcase>
    <testcase classname="ValidationFramework Individual Scenarios Scenario 9: Typing Pattern Variation" name="ValidationFramework Individual Scenarios Scenario 9: Typing Pattern Variation" time="0.001">
    </testcase>
    <testcase classname="ValidationFramework Individual Scenarios Scenario 10: Multi-Source Tech Detection" name="ValidationFramework Individual Scenarios Scenario 10: Multi-Source Tech Detection" time="0">
    </testcase>
    <testcase classname="ValidationFramework Individual Scenarios Scenario 11: Stress Test - Rapid Changes" name="ValidationFramework Individual Scenarios Scenario 11: Stress Test - Rapid Changes" time="0.006">
    </testcase>
    <testcase classname="ValidationFramework Individual Scenarios Scenario 12: Cache Effectiveness" name="ValidationFramework Individual Scenarios Scenario 12: Cache Effectiveness" time="0.001">
    </testcase>
    <testcase classname="ValidationFramework Report Generation should generate report after running scenarios" name="ValidationFramework Report Generation should generate report after running scenarios" time="0.01">
    </testcase>
    <testcase classname="ValidationFramework Report Generation should calculate correct success rate" name="ValidationFramework Report Generation should calculate correct success rate" time="0.008">
    </testcase>
    <testcase classname="ValidationFramework Report Generation should provide detailed results" name="ValidationFramework Report Generation should provide detailed results" time="0.001">
    </testcase>
    <testcase classname="ValidationFramework Report Generation should provide summary" name="ValidationFramework Report Generation should provide summary" time="0">
    </testcase>
    <testcase classname="ValidationFramework Framework Integration should coordinate across all modules" name="ValidationFramework Framework Integration should coordinate across all modules" time="0">
    </testcase>
    <testcase classname="ValidationFramework Framework Integration should handle complex workflows" name="ValidationFramework Framework Integration should handle complex workflows" time="0.001">
    </testcase>
    <testcase classname="ValidationFramework Framework Integration should support performance metrics" name="ValidationFramework Framework Integration should support performance metrics" time="0">
    </testcase>
    <testcase classname="ValidationFramework Edge Cases should handle empty HTML" name="ValidationFramework Edge Cases should handle empty HTML" time="0.001">
    </testcase>
    <testcase classname="ValidationFramework Edge Cases should handle rapid changes gracefully" name="ValidationFramework Edge Cases should handle rapid changes gracefully" time="0.003">
    </testcase>
    <testcase classname="ValidationFramework Edge Cases should cache results correctly" name="ValidationFramework Edge Cases should cache results correctly" time="0">
    </testcase>
    <testcase classname="ValidationFramework Performance scenarios should complete in reasonable time" name="ValidationFramework Performance scenarios should complete in reasonable time" time="0.001">
    </testcase>
    <testcase classname="ValidationFramework Performance should handle large content efficiently" name="ValidationFramework Performance should handle large content efficiently" time="0">
    </testcase>
    <testcase classname="ValidationFramework Performance should support rapid iteration" name="ValidationFramework Performance should support rapid iteration" time="0.003">
    </testcase>
    <testcase classname="ValidationFramework Scenario Results should mark successful scenarios" name="ValidationFramework Scenario Results should mark successful scenarios" time="0">
    </testcase>
    <testcase classname="ValidationFramework Scenario Results should capture detailed metrics" name="ValidationFramework Scenario Results should capture detailed metrics" time="0.001">
    </testcase>
    <testcase classname="ValidationFramework Scenario Results should provide scenario descriptions" name="ValidationFramework Scenario Results should provide scenario descriptions" time="0.001">
    </testcase>
  </testsuite>
  <testsuite name="TechDetector with Seed Database" errors="0" failures="0" skipped="0" timestamp="2026-05-11T06:16:46" time="0.062" tests="17">
    <testcase classname="TechDetector with Seed Database Initialization with Seed Database should have loaded seed database" name="TechDetector with Seed Database Initialization with Seed Database should have loaded seed database" time="0">
    </testcase>
    <testcase classname="TechDetector with Seed Database Initialization with Seed Database should have proper signature format" name="TechDetector with Seed Database Initialization with Seed Database should have proper signature format" time="0.011">
    </testcase>
    <testcase classname="TechDetector with Seed Database E-commerce Site Detection should detect WordPress-based site" name="TechDetector with Seed Database E-commerce Site Detection should detect WordPress-based site" time="0.001">
    </testcase>
    <testcase classname="TechDetector with Seed Database SPA Framework Detection should run detection for React" name="TechDetector with Seed Database SPA Framework Detection should run detection for React" time="0.001">
    </testcase>
    <testcase classname="TechDetector with Seed Database SPA Framework Detection should run detection for Vue" name="TechDetector with Seed Database SPA Framework Detection should run detection for Vue" time="0">
    </testcase>
    <testcase classname="TechDetector with Seed Database SPA Framework Detection should run detection for Angular" name="TechDetector with Seed Database SPA Framework Detection should run detection for Angular" time="0.001">
    </testcase>
    <testcase classname="TechDetector with Seed Database Server Detection should detect Apache from headers" name="TechDetector with Seed Database Server Detection should detect Apache from headers" time="0">
    </testcase>
    <testcase classname="TechDetector with Seed Database Server Detection should detect Nginx from headers" name="TechDetector with Seed Database Server Detection should detect Nginx from headers" time="0.001">
    </testcase>
    <testcase classname="TechDetector with Seed Database Multi-Technology Stack Detection should detect modern tech stack" name="TechDetector with Seed Database Multi-Technology Stack Detection should detect modern tech stack" time="0">
    </testcase>
    <testcase classname="TechDetector with Seed Database Caching should cache results efficiently" name="TechDetector with Seed Database Caching should cache results efficiently" time="0.001">
    </testcase>
    <testcase classname="TechDetector with Seed Database Performance should complete detection in reasonable time" name="TechDetector with Seed Database Performance should complete detection in reasonable time" time="0">
    </testcase>
    <testcase classname="TechDetector with Seed Database Performance should handle large HTML efficiently" name="TechDetector with Seed Database Performance should handle large HTML efficiently" time="0.001">
    </testcase>
    <testcase classname="TechDetector with Seed Database Edge Cases should handle empty page data" name="TechDetector with Seed Database Edge Cases should handle empty page data" time="0">
    </testcase>
    <testcase classname="TechDetector with Seed Database Edge Cases should handle null headers" name="TechDetector with Seed Database Edge Cases should handle null headers" time="0.001">
    </testcase>
    <testcase classname="TechDetector with Seed Database Edge Cases should handle malformed HTML" name="TechDetector with Seed Database Edge Cases should handle malformed HTML" time="0.001">
    </testcase>
    <testcase classname="TechDetector with Seed Database Signature Loader Integration should report signature loader status" name="TechDetector with Seed Database Signature Loader Integration should report signature loader status" time="0">
    </testcase>
    <testcase classname="TechDetector with Seed Database Signature Loader Integration should support loading additional signatures" name="TechDetector with Seed Database Signature Loader Integration should support loading additional signatures" time="0">
    </testcase>
  </testsuite>
  <testsuite name="Fingerprint Profile Caching" errors="0" failures="0" skipped="0" timestamp="2026-05-11T06:16:46" time="0.148" tests="10">
    <testcase classname="Fingerprint Profile Caching profile caching should hit on repeated profile creation with same seed" name="Fingerprint Profile Caching profile caching should hit on repeated profile creation with same seed" time="0.002">
    </testcase>
    <testcase classname="Fingerprint Profile Caching getCachedConfig should improve performance on repeated calls" name="Fingerprint Profile Caching getCachedConfig should improve performance on repeated calls" time="0.003">
    </testcase>
    <testcase classname="Fingerprint Profile Caching getCachedInjectionScript should cache generation performance" name="Fingerprint Profile Caching getCachedInjectionScript should cache generation performance" time="0.001">
    </testcase>
    <testcase classname="Fingerprint Profile Caching cache should improve performance for 1000+ profile lookups" name="Fingerprint Profile Caching cache should improve performance for 1000+ profile lookups" time="0.002">
    </testcase>
    <testcase classname="Fingerprint Profile Caching cache size management should prevent unbounded growth" name="Fingerprint Profile Caching cache size management should prevent unbounded growth" time="0.068">
    </testcase>
    <testcase classname="Fingerprint Profile Caching clearCaches should reset cache statistics" name="Fingerprint Profile Caching clearCaches should reset cache statistics" time="0.004">
    </testcase>
    <testcase classname="Fingerprint Profile Caching cache should handle profile operations efficiently" name="Fingerprint Profile Caching cache should handle profile operations efficiently" time="0.012">
    </testcase>
    <testcase classname="Fingerprint Profile Caching importProfiles should add profiles to cache" name="Fingerprint Profile Caching importProfiles should add profiles to cache" time="0.001">
    </testcase>
    <testcase classname="Fingerprint Profile Caching cache statistics should track hit/miss rates accurately" name="Fingerprint Profile Caching cache statistics should track hit/miss rates accurately" time="0.001">
    </testcase>
    <testcase classname="Fingerprint Profile Caching should measure profile creation speedup with cache" name="Fingerprint Profile Caching should measure profile creation speedup with cache" time="0.006">
    </testcase>
  </testsuite>
  <testsuite name="Smart Form Filler" errors="0" failures="3" skipped="0" timestamp="2026-05-11T06:16:42" time="5.083" tests="48">
    <testcase classname="Smart Form Filler FormField should create form field with defaults" name="Smart Form Filler FormField should create form field with defaults" time="0.006">
    </testcase>
    <testcase classname="Smart Form Filler FormField should detect honeypot by detectedType" name="Smart Form Filler FormField should detect honeypot by detectedType" time="0.001">
    </testcase>
    <testcase classname="Smart Form Filler FormField should detect honeypot by visibility" name="Smart Form Filler FormField should detect honeypot by visibility" time="0">
    </testcase>
    <testcase classname="Smart Form Filler FormField should detect honeypot by name pattern" name="Smart Form Filler FormField should detect honeypot by name pattern" time="0.001">
    </testcase>
    <testcase classname="Smart Form Filler FormField should detect CAPTCHA" name="Smart Form Filler FormField should detect CAPTCHA" time="0">
    </testcase>
    <testcase classname="Smart Form Filler FormField should not detect false positives" name="Smart Form Filler FormField should not detect false positives" time="0.001">
    </testcase>
    <testcase classname="Smart Form Filler Form should create form with fields" name="Smart Form Filler Form should create form with fields" time="0.001">
    </testcase>
    <testcase classname="Smart Form Filler Form should filter fillable fields" name="Smart Form Filler Form should filter fillable fields" time="0">
    </testcase>
    <testcase classname="Smart Form Filler Form should get required fields" name="Smart Form Filler Form should get required fields" time="0.001">
    </testcase>
    <testcase classname="Smart Form Filler Form should get fields by type" name="Smart Form Filler Form should get fields by type" time="0.001">
    </testcase>
    <testcase classname="Smart Form Filler Form should detect multi-step forms" name="Smart Form Filler Form should detect multi-step forms" time="0.009">
    </testcase>
    <testcase classname="Smart Form Filler Form should detect CAPTCHAs and honeypots" name="Smart Form Filler Form should detect CAPTCHAs and honeypots" time="0.001">
    </testcase>
    <testcase classname="Smart Form Filler Field Type Detection should detect email field from type" name="Smart Form Filler Field Type Detection should detect email field from type" time="0">
    </testcase>
    <testcase classname="Smart Form Filler Field Type Detection should detect tel field from type" name="Smart Form Filler Field Type Detection should detect tel field from type" time="0.001">
    </testcase>
    <testcase classname="Smart Form Filler Field Type Detection should detect password field from type" name="Smart Form Filler Field Type Detection should detect password field from type" time="0">
    </testcase>
    <testcase classname="Smart Form Filler Field Type Detection should detect email from autocomplete" name="Smart Form Filler Field Type Detection should detect email from autocomplete" time="0">
    </testcase>
    <testcase classname="Smart Form Filler Field Type Detection should detect first name from autocomplete" name="Smart Form Filler Field Type Detection should detect first name from autocomplete" time="0">
    </testcase>
    <testcase classname="Smart Form Filler Field Type Detection should detect email from name pattern" name="Smart Form Filler Field Type Detection should detect email from name pattern" time="0.001">
    </testcase>
    <testcase classname="Smart Form Filler Field Type Detection should detect first name from label" name="Smart Form Filler Field Type Detection should detect first name from label" time="0">
    </testcase>
    <testcase classname="Smart Form Filler Field Type Detection should detect phone from placeholder" name="Smart Form Filler Field Type Detection should detect phone from placeholder" time="0.001">
    </testcase>
    <testcase classname="Smart Form Filler Field Type Detection should detect CAPTCHA from name" name="Smart Form Filler Field Type Detection should detect CAPTCHA from name" time="0">
    </testcase>
    <testcase classname="Smart Form Filler Field Type Detection should detect honeypot from name" name="Smart Form Filler Field Type Detection should detect honeypot from name" time="0">
    </testcase>
    <testcase classname="Smart Form Filler Field Type Detection should return UNKNOWN for unrecognized fields" name="Smart Form Filler Field Type Detection should return UNKNOWN for unrecognized fields" time="0.001">
    </testcase>
    <testcase classname="Smart Form Filler analyzeForms should analyze all forms on page" name="Smart Form Filler analyzeForms should analyze all forms on page" time="0.001">
    </testcase>
    <testcase classname="Smart Form Filler analyzeForms should detect honeypots during analysis" name="Smart Form Filler analyzeForms should detect honeypots during analysis" time="0.001">
      <failure>Error: expect(received).toBe(expected) // Object.is equality

Expected: true
Received: false
    at Object.toBe (/home/devel/basset-hound-browser/tests/unit/smart-form-filler.test.js:308:37)
    at processTicksAndRejections (node:internal/process/task_queues:95:5)</failure>
    </testcase>
    <testcase classname="Smart Form Filler analyzeForms should detect CAPTCHAs during analysis" name="Smart Form Filler analyzeForms should detect CAPTCHAs during analysis" time="0.001">
    </testcase>
    <testcase classname="Smart Form Filler fillForm should fill form with provided data" name="Smart Form Filler fillForm should fill form with provided data" time="0.656">
      <failure>Error: expect(received).toBe(expected) // Object.is equality

Expected: true
Received: undefined
    at Object.toBe (/home/devel/basset-hound-browser/tests/unit/smart-form-filler.test.js:360:30)</failure>
    </testcase>
    <testcase classname="Smart Form Filler fillForm should skip honeypot fields" name="Smart Form Filler fillForm should skip honeypot fields" time="0.617">
    </testcase>
    <testcase classname="Smart Form Filler fillForm should skip fields with no data" name="Smart Form Filler fillForm should skip fields with no data" time="0.187">
    </testcase>
    <testcase classname="Smart Form Filler fillForm should throw error for non-existent form" name="Smart Form Filler fillForm should throw error for non-existent form" time="0.007">
    </testcase>
    <testcase classname="Smart Form Filler fillForm should throw error for CAPTCHA when skipCaptchas is true" name="Smart Form Filler fillForm should throw error for CAPTCHA when skipCaptchas is true" time="0.01">
      <failure>Error: expect(received).rejects.toThrow(expected)

Expected substring: &quot;CAPTCHA detected&quot;
Received message:   &quot;Form not found: #form&quot;

      391 |
      392 |     if (!form) {
    &gt; 393 |       throw new Error(`Form not found: ${formSelector}`);
          |             ^
      394 |     }
      395 |
      396 |     // Check for blockers

      at SmartFormFiller.fillForm (forms/smart-form-filler.js:393:13)
      at Object.&lt;anonymous&gt; (tests/unit/smart-form-filler.test.js:411:7)
    at Object.toThrow (/home/devel/basset-hound-browser/node_modules/expect/build/index.js:218:22)
    at Object.toThrow (/home/devel/basset-hound-browser/tests/unit/smart-form-filler.test.js:413:17)
    at Promise.then.completed (/home/devel/basset-hound-browser/node_modules/jest-circus/build/utils.js:298:28)
    at new Promise (&lt;anonymous&gt;)
    at callAsyncCircusFn (/home/devel/basset-hound-browser/node_modules/jest-circus/build/utils.js:231:10)
    at _callCircusTest (/home/devel/basset-hound-browser/node_modules/jest-circus/build/run.js:316:40)
    at _runTest (/home/devel/basset-hound-browser/node_modules/jest-circus/build/run.js:252:3)
    at _runTestsForDescribeBlock (/home/devel/basset-hound-browser/node_modules/jest-circus/build/run.js:126:9)
    at _runTestsForDescribeBlock (/home/devel/basset-hound-browser/node_modules/jest-circus/build/run.js:121:9)
    at _runTestsForDescribeBlock (/home/devel/basset-hound-browser/node_modules/jest-circus/build/run.js:121:9)
    at run (/home/devel/basset-hound-browser/node_modules/jest-circus/build/run.js:71:3)
    at runAndTransformResultsToJestFormat (/home/devel/basset-hound-browser/node_modules/jest-circus/build/legacy-code-todo-rewrite/jestAdapterInit.js:122:21)
    at jestAdapter (/home/devel/basset-hound-browser/node_modules/jest-circus/build/legacy-code-todo-rewrite/jestAdapter.js:79:19)
    at runTestInternal (/home/devel/basset-hound-browser/node_modules/jest-runner/build/runTest.js:367:16)
    at runTest (/home/devel/basset-hound-browser/node_modules/jest-runner/build/runTest.js:444:34)
    at Object.worker (/home/devel/basset-hound-browser/node_modules/jest-runner/build/testWorker.js:106:12)</failure>
    </testcase>
    <testcase classname="Smart Form Filler fillForm should not submit by default" name="Smart Form Filler fillForm should not submit by default" time="0.783">
    </testcase>
    <testcase classname="Smart Form Filler fillForm should submit when requested" name="Smart Form Filler fillForm should submit when requested" time="1.845">
    </testcase>
    <testcase classname="Smart Form Filler _findValueForField should find value by exact name match" name="Smart Form Filler _findValueForField should find value by exact name match" time="0">
    </testcase>
    <testcase classname="Smart Form Filler _findValueForField should find value by exact id match" name="Smart Form Filler _findValueForField should find value by exact id match" time="0.001">
    </testcase>
    <testcase classname="Smart Form Filler _findValueForField should find value by detected type" name="Smart Form Filler _findValueForField should find value by detected type" time="0">
    </testcase>
    <testcase classname="Smart Form Filler _findValueForField should find value by alias" name="Smart Form Filler _findValueForField should find value by alias" time="0">
    </testcase>
    <testcase classname="Smart Form Filler _findValueForField should return null if no value found" name="Smart Form Filler _findValueForField should return null if no value found" time="0">
    </testcase>
    <testcase classname="Smart Form Filler _findValueForField should prioritize exact name match over aliases" name="Smart Form Filler _findValueForField should prioritize exact name match over aliases" time="0.001">
    </testcase>
    <testcase classname="Smart Form Filler Statistics should track form analysis stats" name="Smart Form Filler Statistics should track form analysis stats" time="0">
    </testcase>
    <testcase classname="Smart Form Filler Statistics should track form filling stats" name="Smart Form Filler Statistics should track form filling stats" time="0.405">
    </testcase>
    <testcase classname="Smart Form Filler Statistics should reset stats" name="Smart Form Filler Statistics should reset stats" time="0">
    </testcase>
    <testcase classname="Smart Form Filler Configuration should use default options" name="Smart Form Filler Configuration should use default options" time="0.001">
    </testcase>
    <testcase classname="Smart Form Filler Configuration should accept custom options" name="Smart Form Filler Configuration should accept custom options" time="0">
    </testcase>
    <testcase classname="Smart Form Filler Field Detection Patterns should have pattern for all common field types" name="Smart Form Filler Field Detection Patterns should have pattern for all common field types" time="0.003">
    </testcase>
    <testcase classname="Smart Form Filler Field Detection Patterns patterns should be case insensitive" name="Smart Form Filler Field Detection Patterns patterns should be case insensitive" time="0">
    </testcase>
    <testcase classname="Smart Form Filler Field Detection Patterns patterns should match variations" name="Smart Form Filler Field Detection Patterns patterns should match variations" time="0.001">
    </testcase>
    <testcase classname="Smart Form Filler Events should emit events" name="Smart Form Filler Events should emit events" time="0">
    </testcase>
  </testsuite>
  <testsuite name="Navigation Test Scenarios" errors="0" failures="15" skipped="0" timestamp="2026-05-11T06:16:45" time="1.774" tests="22">
    <testcase classname="Navigation Test Scenarios Basic Navigation should navigate to URL successfully" name="Navigation Test Scenarios Basic Navigation should navigate to URL successfully" time="0.053">
      <failure>TypeError: Cannot read properties of undefined (reading &apos;url&apos;)
    at Object.url (/home/devel/basset-hound-browser/tests/integration/scenarios/navigation.test.js:302:30)
    at processTicksAndRejections (node:internal/process/task_queues:95:5)</failure>
    </testcase>
    <testcase classname="Navigation Test Scenarios Basic Navigation should verify current URL after navigation" name="Navigation Test Scenarios Basic Navigation should verify current URL after navigation" time="0.05">
      <failure>TypeError: Cannot read properties of undefined (reading &apos;url&apos;)
    at Object.url (/home/devel/basset-hound-browser/tests/integration/scenarios/navigation.test.js:311:33)
    at processTicksAndRejections (node:internal/process/task_queues:95:5)</failure>
    </testcase>
    <testcase classname="Navigation Test Scenarios URL Validation should accept valid URL" name="Navigation Test Scenarios URL Validation should accept valid URL" time="0.051">
    </testcase>
    <testcase classname="Navigation Test Scenarios URL Validation should reject invalid URL" name="Navigation Test Scenarios URL Validation should reject invalid URL" time="0.001">
    </testcase>
    <testcase classname="Navigation Test Scenarios URL Validation should reject missing URL" name="Navigation Test Scenarios URL Validation should reject missing URL" time="0">
    </testcase>
    <testcase classname="Navigation Test Scenarios Navigation History should track navigation history" name="Navigation Test Scenarios Navigation History should track navigation history" time="0.152">
      <failure>TypeError: Cannot read properties of undefined (reading &apos;history&apos;)
    at Object.history (/home/devel/basset-hound-browser/tests/integration/scenarios/navigation.test.js:345:37)
    at processTicksAndRejections (node:internal/process/task_queues:95:5)</failure>
    </testcase>
    <testcase classname="Navigation Test Scenarios Navigation History should navigate back successfully" name="Navigation Test Scenarios Navigation History should navigate back successfully" time="0.101">
      <failure>TypeError: Cannot read properties of undefined (reading &apos;url&apos;)
    at Object.url (/home/devel/basset-hound-browser/tests/integration/scenarios/navigation.test.js:354:34)
    at processTicksAndRejections (node:internal/process/task_queues:95:5)</failure>
    </testcase>
    <testcase classname="Navigation Test Scenarios Page Reload should perform normal reload" name="Navigation Test Scenarios Page Reload should perform normal reload" time="0.102">
      <failure>TypeError: Cannot read properties of undefined (reading &apos;reloaded&apos;)
    at Object.reloaded (/home/devel/basset-hound-browser/tests/integration/scenarios/navigation.test.js:364:36)
    at processTicksAndRejections (node:internal/process/task_queues:95:5)</failure>
    </testcase>
    <testcase classname="Navigation Test Scenarios Page Reload should perform hard reload" name="Navigation Test Scenarios Page Reload should perform hard reload" time="0.101">
      <failure>TypeError: Cannot read properties of undefined (reading &apos;hard&apos;)
    at Object.hard (/home/devel/basset-hound-browser/tests/integration/scenarios/navigation.test.js:373:40)
    at processTicksAndRejections (node:internal/process/task_queues:95:5)</failure>
    </testcase>
    <testcase classname="Navigation Test Scenarios Wait for Navigation should wait for navigation with matching URL" name="Navigation Test Scenarios Wait for Navigation should wait for navigation with matching URL" time="0.102">
    </testcase>
    <testcase classname="Navigation Test Scenarios Wait for Navigation should fail with wrong expected URL" name="Navigation Test Scenarios Wait for Navigation should fail with wrong expected URL" time="0.101">
    </testcase>
    <testcase classname="Navigation Test Scenarios Page State should get page state" name="Navigation Test Scenarios Page State should get page state" time="0.052">
      <failure>TypeError: Cannot read properties of undefined (reading &apos;url&apos;)
    at Object.url (/home/devel/basset-hound-browser/tests/integration/scenarios/navigation.test.js:403:35)
    at processTicksAndRejections (node:internal/process/task_queues:95:5)</failure>
    </testcase>
    <testcase classname="Navigation Test Scenarios Page State should report correct history state" name="Navigation Test Scenarios Page State should report correct history state" time="0.102">
      <failure>TypeError: Cannot read properties of undefined (reading &apos;history&apos;)
    at Object.history (/home/devel/basset-hound-browser/tests/integration/scenarios/navigation.test.js:414:35)
    at processTicksAndRejections (node:internal/process/task_queues:95:5)</failure>
    </testcase>
    <testcase classname="Navigation Test Scenarios Scroll Navigation should scroll by coordinates" name="Navigation Test Scenarios Scroll Navigation should scroll by coordinates" time="0">
      <failure>TypeError: Cannot read properties of undefined (reading &apos;y&apos;)
    at Object.y (/home/devel/basset-hound-browser/tests/integration/scenarios/navigation.test.js:422:36)
    at processTicksAndRejections (node:internal/process/task_queues:95:5)</failure>
    </testcase>
    <testcase classname="Navigation Test Scenarios Scroll Navigation should scroll to element" name="Navigation Test Scenarios Scroll Navigation should scroll to element" time="0.001">
      <failure>TypeError: Cannot read properties of undefined (reading &apos;selector&apos;)
    at Object.selector (/home/devel/basset-hound-browser/tests/integration/scenarios/navigation.test.js:431:38)
    at processTicksAndRejections (node:internal/process/task_queues:95:5)</failure>
    </testcase>
    <testcase classname="Navigation Test Scenarios Scroll Navigation should get scroll position" name="Navigation Test Scenarios Scroll Navigation should get scroll position" time="0">
      <failure>TypeError: Cannot use &apos;in&apos; operator to search for &apos;x&apos; in undefined
    at Object.&lt;anonymous&gt; (/home/devel/basset-hound-browser/tests/integration/scenarios/navigation.test.js:437:17)
    at processTicksAndRejections (node:internal/process/task_queues:95:5)</failure>
    </testcase>
    <testcase classname="Navigation Test Scenarios Sequential Navigation should handle multiple sequential navigations" name="Navigation Test Scenarios Sequential Navigation should handle multiple sequential navigations" time="0.253">
      <failure>TypeError: Cannot read properties of undefined (reading &apos;url&apos;)
    at Object.url (/home/devel/basset-hound-browser/tests/integration/scenarios/navigation.test.js:458:30)
    at processTicksAndRejections (node:internal/process/task_queues:95:5)</failure>
    </testcase>
    <testcase classname="Navigation Test Scenarios Navigation with Query Parameters should preserve query parameters" name="Navigation Test Scenarios Navigation with Query Parameters should preserve query parameters" time="0.051">
      <failure>TypeError: Cannot read properties of undefined (reading &apos;url&apos;)
    at Object.url (/home/devel/basset-hound-browser/tests/integration/scenarios/navigation.test.js:471:30)
    at processTicksAndRejections (node:internal/process/task_queues:95:5)</failure>
    </testcase>
    <testcase classname="Navigation Test Scenarios Navigation with Query Parameters should handle encoded parameters" name="Navigation Test Scenarios Navigation with Query Parameters should handle encoded parameters" time="0.051">
    </testcase>
    <testcase classname="Navigation Test Scenarios Navigation with Hash Fragments should preserve hash fragment" name="Navigation Test Scenarios Navigation with Hash Fragments should preserve hash fragment" time="0.051">
      <failure>TypeError: Cannot read properties of undefined (reading &apos;url&apos;)
    at Object.url (/home/devel/basset-hound-browser/tests/integration/scenarios/navigation.test.js:487:30)
    at processTicksAndRejections (node:internal/process/task_queues:95:5)</failure>
    </testcase>
    <testcase classname="Navigation Test Scenarios Navigation with Hash Fragments should navigate to different hash fragment" name="Navigation Test Scenarios Navigation with Hash Fragments should navigate to different hash fragment" time="0.102">
    </testcase>
    <testcase classname="Navigation Test Scenarios Complete Navigation Flow should complete full navigation workflow" name="Navigation Test Scenarios Complete Navigation Flow should complete full navigation workflow" time="0.153">
      <failure>TypeError: Cannot read properties of undefined (reading &apos;url&apos;)
    at Object.url (/home/devel/basset-hound-browser/tests/integration/scenarios/navigation.test.js:533:30)
    at processTicksAndRejections (node:internal/process/task_queues:95:5)</failure>
    </testcase>
  </testsuite>
  <testsuite name="Navigation Integration Tests" errors="0" failures="27" skipped="0" timestamp="2026-05-11T06:16:46" time="1.435" tests="27">
    <testcase classname="Navigation Integration Tests Basic Navigation should navigate to URL via WebSocket command" name="Navigation Integration Tests Basic Navigation should navigate to URL via WebSocket command" time="0.045">
      <failure>Error: Process failed to launch!
    at waitForLine (/home/devel/basset-hound-browser/node_modules/playwright-core/lib/server/electron/electron.js:252:21)
    at Electron.launch (/home/devel/basset-hound-browser/node_modules/playwright-core/lib/server/electron/electron.js:200:32)
    at ElectronDispatcher.launch (/home/devel/basset-hound-browser/node_modules/playwright-core/lib/server/dispatchers/electronDispatcher.js:38:33)
    at ProgressController.run (/home/devel/basset-hound-browser/node_modules/playwright-core/lib/server/progress.js:104:22)
    at ElectronDispatcher._runCommand (/home/devel/basset-hound-browser/node_modules/playwright-core/lib/server/dispatchers/dispatcher.js:91:14)
    at DispatcherConnection.dispatch (/home/devel/basset-hound-browser/node_modules/playwright-core/lib/server/dispatchers/dispatcher.js:325:22)</failure>
      <failure>Error: Process failed to launch!
    at waitForLine (/home/devel/basset-hound-browser/node_modules/playwright-core/lib/server/electron/electron.js:252:21)
    at Electron.launch (/home/devel/basset-hound-browser/node_modules/playwright-core/lib/server/electron/electron.js:201:39)
    at ElectronDispatcher.launch (/home/devel/basset-hound-browser/node_modules/playwright-core/lib/server/dispatchers/electronDispatcher.js:38:33)
    at ProgressController.run (/home/devel/basset-hound-browser/node_modules/playwright-core/lib/server/progress.js:104:22)
    at ElectronDispatcher._runCommand (/home/devel/basset-hound-browser/node_modules/playwright-core/lib/server/dispatchers/dispatcher.js:91:14)
    at DispatcherConnection.dispatch (/home/devel/basset-hound-browser/node_modules/playwright-core/lib/server/dispatchers/dispatcher.js:325:22)</failure>
      <failure>Error: Process failed to launch!
    at waitForLine (/home/devel/basset-hound-browser/node_modules/playwright-core/lib/server/electron/electron.js:252:21)
    at Electron.launch (/home/devel/basset-hound-browser/node_modules/playwright-core/lib/server/electron/electron.js:188:33)
    at ElectronDispatcher.launch (/home/devel/basset-hound-browser/node_modules/playwright-core/lib/server/dispatchers/electronDispatcher.js:38:33)
    at ProgressController.run (/home/devel/basset-hound-browser/node_modules/playwright-core/lib/server/progress.js:104:22)
    at ElectronDispatcher._runCommand (/home/devel/basset-hound-browser/node_modules/playwright-core/lib/server/dispatchers/dispatcher.js:91:14)
    at DispatcherConnection.dispatch (/home/devel/basset-hound-browser/node_modules/playwright-core/lib/server/dispatchers/dispatcher.js:325:22)</failure>
      <failure>electron.launch: Process failed to launch!
Call log:
  - &lt;launching&gt; /home/devel/basset-hound-browser/node_modules/electron/dist/electron -r /home/devel/basset-hound-browser/node_modules/playwright-core/lib/server/electron/loader.js --no-sandbox --inspect=0 --remote-debugging-port=0 /home/devel/basset-hound-browser
  - &lt;launched&gt; pid=499270
  - [pid=499270][err] /home/devel/basset-hound-browser/node_modules/electron/dist/electron: bad option: --no-sandbox
  - [pid=499270][err] /home/devel/basset-hound-browser/node_modules/electron/dist/electron: bad option: --remote-debugging-port=0
  - [pid=499270] &lt;kill&gt;
  - [pid=499270] &lt;will force kill&gt;
  - [pid=499270] &lt;process did exit: exitCode=9, signal=null&gt;
  - [pid=499270] starting temporary directories cleanup
  - [pid=499270] finished temporary directories cleanup

    at Object.&lt;anonymous&gt; (/home/devel/basset-hound-browser/tests/integration/navigation.test.js:85:19)</failure>
    </testcase>
    <testcase classname="Navigation Integration Tests Basic Navigation should navigate to local file" name="Navigation Integration Tests Basic Navigation should navigate to local file" time="0.037">
      <failure>Error: Process failed to launch!
    at waitForLine (/home/devel/basset-hound-browser/node_modules/playwright-core/lib/server/electron/electron.js:252:21)
    at Electron.launch (/home/devel/basset-hound-browser/node_modules/playwright-core/lib/server/electron/electron.js:200:32)
    at ElectronDispatcher.launch (/home/devel/basset-hound-browser/node_modules/playwright-core/lib/server/dispatchers/electronDispatcher.js:38:33)
    at ProgressController.run (/home/devel/basset-hound-browser/node_modules/playwright-core/lib/server/progress.js:104:22)
    at ElectronDispatcher._runCommand (/home/devel/basset-hound-browser/node_modules/playwright-core/lib/server/dispatchers/dispatcher.js:91:14)
    at DispatcherConnection.dispatch (/home/devel/basset-hound-browser/node_modules/playwright-core/lib/server/dispatchers/dispatcher.js:325:22)</failure>
      <failure>Error: Process failed to launch!
    at waitForLine (/home/devel/basset-hound-browser/node_modules/playwright-core/lib/server/electron/electron.js:252:21)
    at Electron.launch (/home/devel/basset-hound-browser/node_modules/playwright-core/lib/server/electron/electron.js:201:39)
    at ElectronDispatcher.launch (/home/devel/basset-hound-browser/node_modules/playwright-core/lib/server/dispatchers/electronDispatcher.js:38:33)
    at ProgressController.run (/home/devel/basset-hound-browser/node_modules/playwright-core/lib/server/progress.js:104:22)
    at ElectronDispatcher._runCommand (/home/devel/basset-hound-browser/node_modules/playwright-core/lib/server/dispatchers/dispatcher.js:91:14)
    at DispatcherConnection.dispatch (/home/devel/basset-hound-browser/node_modules/playwright-core/lib/server/dispatchers/dispatcher.js:325:22)</failure>
      <failure>Error: Process failed to launch!
    at waitForLine (/home/devel/basset-hound-browser/node_modules/playwright-core/lib/server/electron/electron.js:252:21)
    at Electron.launch (/home/devel/basset-hound-browser/node_modules/playwright-core/lib/server/electron/electron.js:188:33)
    at ElectronDispatcher.launch (/home/devel/basset-hound-browser/node_modules/playwright-core/lib/server/dispatchers/electronDispatcher.js:38:33)
    at ProgressController.run (/home/devel/basset-hound-browser/node_modules/playwright-core/lib/server/progress.js:104:22)
    at ElectronDispatcher._runCommand (/home/devel/basset-hound-browser/node_modules/playwright-core/lib/server/dispatchers/dispatcher.js:91:14)
    at DispatcherConnection.dispatch (/home/devel/basset-hound-browser/node_modules/playwright-core/lib/server/dispatchers/dispatcher.js:325:22)</failure>
      <failure>electron.launch: Process failed to launch!
Call log:
  - &lt;launching&gt; /home/devel/basset-hound-browser/node_modules/electron/dist/electron -r /home/devel/basset-hound-browser/node_modules/playwright-core/lib/server/electron/loader.js --no-sandbox --inspect=0 --remote-debugging-port=0 /home/devel/basset-hound-browser
  - &lt;launched&gt; pid=499271
  - [pid=499271][err] /home/devel/basset-hound-browser/node_modules/electron/dist/electron: bad option: --no-sandbox
  - [pid=499271][err] /home/devel/basset-hound-browser/node_modules/electron/dist/electron: bad option: --remote-debugging-port=0
  - [pid=499271] &lt;kill&gt;
  - [pid=499271] &lt;will force kill&gt;
  - [pid=499271] &lt;process did exit: exitCode=9, signal=null&gt;
  - [pid=499271] starting temporary directories cleanup
  - [pid=499271] finished temporary directories cleanup

    at Object.&lt;anonymous&gt; (/home/devel/basset-hound-browser/tests/integration/navigation.test.js:85:19)</failure>
    </testcase>
    <testcase classname="Navigation Integration Tests Basic Navigation should handle HTTP URL navigation" name="Navigation Integration Tests Basic Navigation should handle HTTP URL navigation" time="0.036">
      <failure>Error: Process failed to launch!
    at waitForLine (/home/devel/basset-hound-browser/node_modules/playwright-core/lib/server/electron/electron.js:252:21)
    at Electron.launch (/home/devel/basset-hound-browser/node_modules/playwright-core/lib/server/electron/electron.js:200:32)
    at ElectronDispatcher.launch (/home/devel/basset-hound-browser/node_modules/playwright-core/lib/server/dispatchers/electronDispatcher.js:38:33)
    at ProgressController.run (/home/devel/basset-hound-browser/node_modules/playwright-core/lib/server/progress.js:104:22)
    at ElectronDispatcher._runCommand (/home/devel/basset-hound-browser/node_modules/playwright-core/lib/server/dispatchers/dispatcher.js:91:14)
    at DispatcherConnection.dispatch (/home/devel/basset-hound-browser/node_modules/playwright-core/lib/server/dispatchers/dispatcher.js:325:22)</failure>
      <failure>Error: Process failed to launch!
    at waitForLine (/home/devel/basset-hound-browser/node_modules/playwright-core/lib/server/electron/electron.js:252:21)
    at Electron.launch (/home/devel/basset-hound-browser/node_modules/playwright-core/lib/server/electron/electron.js:201:39)
    at ElectronDispatcher.launch (/home/devel/basset-hound-browser/node_modules/playwright-core/lib/server/dispatchers/electronDispatcher.js:38:33)
    at ProgressController.run (/home/devel/basset-hound-browser/node_modules/playwright-core/lib/server/progress.js:104:22)
    at ElectronDispatcher._runCommand (/home/devel/basset-hound-browser/node_modules/playwright-core/lib/server/dispatchers/dispatcher.js:91:14)
    at DispatcherConnection.dispatch (/home/devel/basset-hound-browser/node_modules/playwright-core/lib/server/dispatchers/dispatcher.js:325:22)</failure>
      <failure>Error: Process failed to launch!
    at waitForLine (/home/devel/basset-hound-browser/node_modules/playwright-core/lib/server/electron/electron.js:252:21)
    at Electron.launch (/home/devel/basset-hound-browser/node_modules/playwright-core/lib/server/electron/electron.js:188:33)
    at ElectronDispatcher.launch (/home/devel/basset-hound-browser/node_modules/playwright-core/lib/server/dispatchers/electronDispatcher.js:38:33)
    at ProgressController.run (/home/devel/basset-hound-browser/node_modules/playwright-core/lib/server/progress.js:104:22)
    at ElectronDispatcher._runCommand (/home/devel/basset-hound-browser/node_modules/playwright-core/lib/server/dispatchers/dispatcher.js:91:14)
    at DispatcherConnection.dispatch (/home/devel/basset-hound-browser/node_modules/playwright-core/lib/server/dispatchers/dispatcher.js:325:22)</failure>
      <failure>electron.launch: Process failed to launch!
Call log:
  - &lt;launching&gt; /home/devel/basset-hound-browser/node_modules/electron/dist/electron -r /home/devel/basset-hound-browser/node_modules/playwright-core/lib/server/electron/loader.js --no-sandbox --inspect=0 --remote-debugging-port=0 /home/devel/basset-hound-browser
  - &lt;launched&gt; pid=499272
  - [pid=499272][err] /home/devel/basset-hound-browser/node_modules/electron/dist/electron: bad option: --no-sandbox
  - [pid=499272][err] /home/devel/basset-hound-browser/node_modules/electron/dist/electron: bad option: --remote-debugging-port=0
  - [pid=499272] &lt;kill&gt;
  - [pid=499272] &lt;will force kill&gt;
  - [pid=499272] &lt;process did exit: exitCode=9, signal=null&gt;
  - [pid=499272] starting temporary directories cleanup
  - [pid=499272] finished temporary directories cleanup

    at Object.&lt;anonymous&gt; (/home/devel/basset-hound-browser/tests/integration/navigation.test.js:85:19)</failure>
    </testcase>
    <testcase classname="Navigation Integration Tests Basic Navigation should handle HTTPS URL navigation" name="Navigation Integration Tests Basic Navigation should handle HTTPS URL navigation" time="0.035">
      <failure>Error: Process failed to launch!
    at waitForLine (/home/devel/basset-hound-browser/node_modules/playwright-core/lib/server/electron/electron.js:252:21)
    at Electron.launch (/home/devel/basset-hound-browser/node_modules/playwright-core/lib/server/electron/electron.js:200:32)
    at ElectronDispatcher.launch (/home/devel/basset-hound-browser/node_modules/playwright-core/lib/server/dispatchers/electronDispatcher.js:38:33)
    at ProgressController.run (/home/devel/basset-hound-browser/node_modules/playwright-core/lib/server/progress.js:104:22)
    at ElectronDispatcher._runCommand (/home/devel/basset-hound-browser/node_modules/playwright-core/lib/server/dispatchers/dispatcher.js:91:14)
    at DispatcherConnection.dispatch (/home/devel/basset-hound-browser/node_modules/playwright-core/lib/server/dispatchers/dispatcher.js:325:22)</failure>
      <failure>Error: Process failed to launch!
    at waitForLine (/home/devel/basset-hound-browser/node_modules/playwright-core/lib/server/electron/electron.js:252:21)
    at Electron.launch (/home/devel/basset-hound-browser/node_modules/playwright-core/lib/server/electron/electron.js:201:39)
    at ElectronDispatcher.launch (/home/devel/basset-hound-browser/node_modules/playwright-core/lib/server/dispatchers/electronDispatcher.js:38:33)
    at ProgressController.run (/home/devel/basset-hound-browser/node_modules/playwright-core/lib/server/progress.js:104:22)
    at ElectronDispatcher._runCommand (/home/devel/basset-hound-browser/node_modules/playwright-core/lib/server/dispatchers/dispatcher.js:91:14)
    at DispatcherConnection.dispatch (/home/devel/basset-hound-browser/node_modules/playwright-core/lib/server/dispatchers/dispatcher.js:325:22)</failure>
      <failure>Error: Process failed to launch!
    at waitForLine (/home/devel/basset-hound-browser/node_modules/playwright-core/lib/server/electron/electron.js:252:21)
    at Electron.launch (/home/devel/basset-hound-browser/node_modules/playwright-core/lib/server/electron/electron.js:188:33)
    at ElectronDispatcher.launch (/home/devel/basset-hound-browser/node_modules/playwright-core/lib/server/dispatchers/electronDispatcher.js:38:33)
    at ProgressController.run (/home/devel/basset-hound-browser/node_modules/playwright-core/lib/server/progress.js:104:22)
    at ElectronDispatcher._runCommand (/home/devel/basset-hound-browser/node_modules/playwright-core/lib/server/dispatchers/dispatcher.js:91:14)
    at DispatcherConnection.dispatch (/home/devel/basset-hound-browser/node_modules/playwright-core/lib/server/dispatchers/dispatcher.js:325:22)</failure>
      <failure>electron.launch: Process failed to launch!
Call log:
  - &lt;launching&gt; /home/devel/basset-hound-browser/node_modules/electron/dist/electron -r /home/devel/basset-hound-browser/node_modules/playwright-core/lib/server/electron/loader.js --no-sandbox --inspect=0 --remote-debugging-port=0 /home/devel/basset-hound-browser
  - &lt;launched&gt; pid=499273
  - [pid=499273][err] /home/devel/basset-hound-browser/node_modules/electron/dist/electron: bad option: --no-sandbox
  - [pid=499273][err] /home/devel/basset-hound-browser/node_modules/electron/dist/electron: bad option: --remote-debugging-port=0
  - [pid=499273] &lt;kill&gt;
  - [pid=499273] &lt;will force kill&gt;
  - [pid=499273] &lt;process did exit: exitCode=9, signal=null&gt;
  - [pid=499273] starting temporary directories cleanup
  - [pid=499273] finished temporary directories cleanup

    at Object.&lt;anonymous&gt; (/home/devel/basset-hound-browser/tests/integration/navigation.test.js:85:19)</failure>
    </testcase>
    <testcase classname="Navigation Integration Tests Basic Navigation should fail for invalid URL" name="Navigation Integration Tests Basic Navigation should fail for invalid URL" time="0.033">
      <failure>Error: Process failed to launch!
    at waitForLine (/home/devel/basset-hound-browser/node_modules/playwright-core/lib/server/electron/electron.js:252:21)
    at Electron.launch (/home/devel/basset-hound-browser/node_modules/playwright-core/lib/server/electron/electron.js:200:32)
    at ElectronDispatcher.launch (/home/devel/basset-hound-browser/node_modules/playwright-core/lib/server/dispatchers/electronDispatcher.js:38:33)
    at ProgressController.run (/home/devel/basset-hound-browser/node_modules/playwright-core/lib/server/progress.js:104:22)
    at ElectronDispatcher._runCommand (/home/devel/basset-hound-browser/node_modules/playwright-core/lib/server/dispatchers/dispatcher.js:91:14)
    at DispatcherConnection.dispatch (/home/devel/basset-hound-browser/node_modules/playwright-core/lib/server/dispatchers/dispatcher.js:325:22)</failure>
      <failure>Error: Process failed to launch!
    at waitForLine (/home/devel/basset-hound-browser/node_modules/playwright-core/lib/server/electron/electron.js:252:21)
    at Electron.launch (/home/devel/basset-hound-browser/node_modules/playwright-core/lib/server/electron/electron.js:201:39)
    at ElectronDispatcher.launch (/home/devel/basset-hound-browser/node_modules/playwright-core/lib/server/dispatchers/electronDispatcher.js:38:33)
    at ProgressController.run (/home/devel/basset-hound-browser/node_modules/playwright-core/lib/server/progress.js:104:22)
    at ElectronDispatcher._runCommand (/home/devel/basset-hound-browser/node_modules/playwright-core/lib/server/dispatchers/dispatcher.js:91:14)
    at DispatcherConnection.dispatch (/home/devel/basset-hound-browser/node_modules/playwright-core/lib/server/dispatchers/dispatcher.js:325:22)</failure>
      <failure>Error: Process failed to launch!
    at waitForLine (/home/devel/basset-hound-browser/node_modules/playwright-core/lib/server/electron/electron.js:252:21)
    at Electron.launch (/home/devel/basset-hound-browser/node_modules/playwright-core/lib/server/electron/electron.js:188:33)
    at ElectronDispatcher.launch (/home/devel/basset-hound-browser/node_modules/playwright-core/lib/server/dispatchers/electronDispatcher.js:38:33)
    at ProgressController.run (/home/devel/basset-hound-browser/node_modules/playwright-core/lib/server/progress.js:104:22)
    at ElectronDispatcher._runCommand (/home/devel/basset-hound-browser/node_modules/playwright-core/lib/server/dispatchers/dispatcher.js:91:14)
    at DispatcherConnection.dispatch (/home/devel/basset-hound-browser/node_modules/playwright-core/lib/server/dispatchers/dispatcher.js:325:22)</failure>
      <failure>electron.launch: Process failed to launch!
Call log:
  - &lt;launching&gt; /home/devel/basset-hound-browser/node_modules/electron/dist/electron -r /home/devel/basset-hound-browser/node_modules/playwright-core/lib/server/electron/loader.js --no-sandbox --inspect=0 --remote-debugging-port=0 /home/devel/basset-hound-browser
  - &lt;launched&gt; pid=499274
  - [pid=499274][err] /home/devel/basset-hound-browser/node_modules/electron/dist/electron: bad option: --no-sandbox
  - [pid=499274][err] /home/devel/basset-hound-browser/node_modules/electron/dist/electron: bad option: --remote-debugging-port=0
  - [pid=499274] &lt;kill&gt;
  - [pid=499274] &lt;will force kill&gt;
  - [pid=499274] &lt;process did exit: exitCode=9, signal=null&gt;
  - [pid=499274] starting temporary directories cleanup
  - [pid=499274] finished temporary directories cleanup

    at Object.&lt;anonymous&gt; (/home/devel/basset-hound-browser/tests/integration/navigation.test.js:85:19)</failure>
    </testcase>
    <testcase classname="Navigation Integration Tests Basic Navigation should fail without URL parameter" name="Navigation Integration Tests Basic Navigation should fail without URL parameter" time="0.032">
      <failure>Error: Process failed to launch!
    at waitForLine (/home/devel/basset-hound-browser/node_modules/playwright-core/lib/server/electron/electron.js:252:21)
    at Electron.launch (/home/devel/basset-hound-browser/node_modules/playwright-core/lib/server/electron/electron.js:200:32)
    at ElectronDispatcher.launch (/home/devel/basset-hound-browser/node_modules/playwright-core/lib/server/dispatchers/electronDispatcher.js:38:33)
    at ProgressController.run (/home/devel/basset-hound-browser/node_modules/playwright-core/lib/server/progress.js:104:22)
    at ElectronDispatcher._runCommand (/home/devel/basset-hound-browser/node_modules/playwright-core/lib/server/dispatchers/dispatcher.js:91:14)
    at DispatcherConnection.dispatch (/home/devel/basset-hound-browser/node_modules/playwright-core/lib/server/dispatchers/dispatcher.js:325:22)</failure>
      <failure>Error: Process failed to launch!
    at waitForLine (/home/devel/basset-hound-browser/node_modules/playwright-core/lib/server/electron/electron.js:252:21)
    at Electron.launch (/home/devel/basset-hound-browser/node_modules/playwright-core/lib/server/electron/electron.js:201:39)
    at ElectronDispatcher.launch (/home/devel/basset-hound-browser/node_modules/playwright-core/lib/server/dispatchers/electronDispatcher.js:38:33)
    at ProgressController.run (/home/devel/basset-hound-browser/node_modules/playwright-core/lib/server/progress.js:104:22)
    at ElectronDispatcher._runCommand (/home/devel/basset-hound-browser/node_modules/playwright-core/lib/server/dispatchers/dispatcher.js:91:14)
    at DispatcherConnection.dispatch (/home/devel/basset-hound-browser/node_modules/playwright-core/lib/server/dispatchers/dispatcher.js:325:22)</failure>
      <failure>Error: Process failed to launch!
    at waitForLine (/home/devel/basset-hound-browser/node_modules/playwright-core/lib/server/electron/electron.js:252:21)
    at Electron.launch (/home/devel/basset-hound-browser/node_modules/playwright-core/lib/server/electron/electron.js:188:33)
    at ElectronDispatcher.launch (/home/devel/basset-hound-browser/node_modules/playwright-core/lib/server/dispatchers/electronDispatcher.js:38:33)
    at ProgressController.run (/home/devel/basset-hound-browser/node_modules/playwright-core/lib/server/progress.js:104:22)
    at ElectronDispatcher._runCommand (/home/devel/basset-hound-browser/node_modules/playwright-core/lib/server/dispatchers/dispatcher.js:91:14)
    at DispatcherConnection.dispatch (/home/devel/basset-hound-browser/node_modules/playwright-core/lib/server/dispatchers/dispatcher.js:325:22)</failure>
      <failure>electron.launch: Process failed to launch!
Call log:
  - &lt;launching&gt; /home/devel/basset-hound-browser/node_modules/electron/dist/electron -r /home/devel/basset-hound-browser/node_modules/playwright-core/lib/server/electron/loader.js --no-sandbox --inspect=0 --remote-debugging-port=0 /home/devel/basset-hound-browser
  - &lt;launched&gt; pid=499275
  - [pid=499275][err] /home/devel/basset-hound-browser/node_modules/electron/dist/electron: bad option: --no-sandbox
  - [pid=499275][err] /home/devel/basset-hound-browser/node_modules/electron/dist/electron: bad option: --remote-debugging-port=0
  - [pid=499275] &lt;kill&gt;
  - [pid=499275] &lt;will force kill&gt;
  - [pid=499275] &lt;process did exit: exitCode=9, signal=null&gt;
  - [pid=499275] starting temporary directories cleanup
  - [pid=499275] finished temporary directories cleanup

    at Object.&lt;anonymous&gt; (/home/devel/basset-hound-browser/tests/integration/navigation.test.js:85:19)</failure>
    </testcase>
    <testcase classname="Navigation Integration Tests Navigation History should support back navigation" name="Navigation Integration Tests Navigation History should support back navigation" time="0.034">
      <failure>Error: Process failed to launch!
    at waitForLine (/home/devel/basset-hound-browser/node_modules/playwright-core/lib/server/electron/electron.js:252:21)
    at Electron.launch (/home/devel/basset-hound-browser/node_modules/playwright-core/lib/server/electron/electron.js:200:32)
    at ElectronDispatcher.launch (/home/devel/basset-hound-browser/node_modules/playwright-core/lib/server/dispatchers/electronDispatcher.js:38:33)
    at ProgressController.run (/home/devel/basset-hound-browser/node_modules/playwright-core/lib/server/progress.js:104:22)
    at ElectronDispatcher._runCommand (/home/devel/basset-hound-browser/node_modules/playwright-core/lib/server/dispatchers/dispatcher.js:91:14)
    at DispatcherConnection.dispatch (/home/devel/basset-hound-browser/node_modules/playwright-core/lib/server/dispatchers/dispatcher.js:325:22)</failure>
      <failure>Error: Process failed to launch!
    at waitForLine (/home/devel/basset-hound-browser/node_modules/playwright-core/lib/server/electron/electron.js:252:21)
    at Electron.launch (/home/devel/basset-hound-browser/node_modules/playwright-core/lib/server/electron/electron.js:201:39)
    at ElectronDispatcher.launch (/home/devel/basset-hound-browser/node_modules/playwright-core/lib/server/dispatchers/electronDispatcher.js:38:33)
    at ProgressController.run (/home/devel/basset-hound-browser/node_modules/playwright-core/lib/server/progress.js:104:22)
    at ElectronDispatcher._runCommand (/home/devel/basset-hound-browser/node_modules/playwright-core/lib/server/dispatchers/dispatcher.js:91:14)
    at DispatcherConnection.dispatch (/home/devel/basset-hound-browser/node_modules/playwright-core/lib/server/dispatchers/dispatcher.js:325:22)</failure>
      <failure>Error: Process failed to launch!
    at waitForLine (/home/devel/basset-hound-browser/node_modules/playwright-core/lib/server/electron/electron.js:252:21)
    at Electron.launch (/home/devel/basset-hound-browser/node_modules/playwright-core/lib/server/electron/electron.js:188:33)
    at ElectronDispatcher.launch (/home/devel/basset-hound-browser/node_modules/playwright-core/lib/server/dispatchers/electronDispatcher.js:38:33)
    at ProgressController.run (/home/devel/basset-hound-browser/node_modules/playwright-core/lib/server/progress.js:104:22)
    at ElectronDispatcher._runCommand (/home/devel/basset-hound-browser/node_modules/playwright-core/lib/server/dispatchers/dispatcher.js:91:14)
    at DispatcherConnection.dispatch (/home/devel/basset-hound-browser/node_modules/playwright-core/lib/server/dispatchers/dispatcher.js:325:22)</failure>
      <failure>electron.launch: Process failed to launch!
Call log:
  - &lt;launching&gt; /home/devel/basset-hound-browser/node_modules/electron/dist/electron -r /home/devel/basset-hound-browser/node_modules/playwright-core/lib/server/electron/loader.js --no-sandbox --inspect=0 --remote-debugging-port=0 /home/devel/basset-hound-browser
  - &lt;launched&gt; pid=499276
  - [pid=499276][err] /home/devel/basset-hound-browser/node_modules/electron/dist/electron: bad option: --no-sandbox
  - [pid=499276][err] /home/devel/basset-hound-browser/node_modules/electron/dist/electron: bad option: --remote-debugging-port=0
  - [pid=499276] &lt;kill&gt;
  - [pid=499276] &lt;will force kill&gt;
  - [pid=499276] &lt;process did exit: exitCode=9, signal=null&gt;
  - [pid=499276] starting temporary directories cleanup
  - [pid=499276] finished temporary directories cleanup

    at Object.&lt;anonymous&gt; (/home/devel/basset-hound-browser/tests/integration/navigation.test.js:85:19)</failure>
    </testcase>
    <testcase classname="Navigation Integration Tests Navigation History should support forward navigation" name="Navigation Integration Tests Navigation History should support forward navigation" time="0.034">
      <failure>Error: Process failed to launch!
    at waitForLine (/home/devel/basset-hound-browser/node_modules/playwright-core/lib/server/electron/electron.js:252:21)
    at Electron.launch (/home/devel/basset-hound-browser/node_modules/playwright-core/lib/server/electron/electron.js:200:32)
    at ElectronDispatcher.launch (/home/devel/basset-hound-browser/node_modules/playwright-core/lib/server/dispatchers/electronDispatcher.js:38:33)
    at ProgressController.run (/home/devel/basset-hound-browser/node_modules/playwright-core/lib/server/progress.js:104:22)
    at ElectronDispatcher._runCommand (/home/devel/basset-hound-browser/node_modules/playwright-core/lib/server/dispatchers/dispatcher.js:91:14)
    at DispatcherConnection.dispatch (/home/devel/basset-hound-browser/node_modules/playwright-core/lib/server/dispatchers/dispatcher.js:325:22)</failure>
      <failure>Error: Process failed to launch!
    at waitForLine (/home/devel/basset-hound-browser/node_modules/playwright-core/lib/server/electron/electron.js:252:21)
    at Electron.launch (/home/devel/basset-hound-browser/node_modules/playwright-core/lib/server/electron/electron.js:201:39)
    at ElectronDispatcher.launch (/home/devel/basset-hound-browser/node_modules/playwright-core/lib/server/dispatchers/electronDispatcher.js:38:33)
    at ProgressController.run (/home/devel/basset-hound-browser/node_modules/playwright-core/lib/server/progress.js:104:22)
    at ElectronDispatcher._runCommand (/home/devel/basset-hound-browser/node_modules/playwright-core/lib/server/dispatchers/dispatcher.js:91:14)
    at DispatcherConnection.dispatch (/home/devel/basset-hound-browser/node_modules/playwright-core/lib/server/dispatchers/dispatcher.js:325:22)</failure>
      <failure>Error: Process failed to launch!
    at waitForLine (/home/devel/basset-hound-browser/node_modules/playwright-core/lib/server/electron/electron.js:252:21)
    at Electron.launch (/home/devel/basset-hound-browser/node_modules/playwright-core/lib/server/electron/electron.js:188:33)
    at ElectronDispatcher.launch (/home/devel/basset-hound-browser/node_modules/playwright-core/lib/server/dispatchers/electronDispatcher.js:38:33)
    at ProgressController.run (/home/devel/basset-hound-browser/node_modules/playwright-core/lib/server/progress.js:104:22)
    at ElectronDispatcher._runCommand (/home/devel/basset-hound-browser/node_modules/playwright-core/lib/server/dispatchers/dispatcher.js:91:14)
    at DispatcherConnection.dispatch (/home/devel/basset-hound-browser/node_modules/playwright-core/lib/server/dispatchers/dispatcher.js:325:22)</failure>
      <failure>electron.launch: Process failed to launch!
Call log:
  - &lt;launching&gt; /home/devel/basset-hound-browser/node_modules/electron/dist/electron -r /home/devel/basset-hound-browser/node_modules/playwright-core/lib/server/electron/loader.js --no-sandbox --inspect=0 --remote-debugging-port=0 /home/devel/basset-hound-browser
  - &lt;launched&gt; pid=499277
  - [pid=499277][err] /home/devel/basset-hound-browser/node_modules/electron/dist/electron: bad option: --no-sandbox
  - [pid=499277][err] /home/devel/basset-hound-browser/node_modules/electron/dist/electron: bad option: --remote-debugging-port=0
  - [pid=499277] &lt;kill&gt;
  - [pid=499277] &lt;will force kill&gt;
  - [pid=499277] &lt;process did exit: exitCode=9, signal=null&gt;
  - [pid=499277] starting temporary directories cleanup
  - [pid=499277] finished temporary directories cleanup

    at Object.&lt;anonymous&gt; (/home/devel/basset-hound-browser/tests/integration/navigation.test.js:85:19)</failure>
    </testcase>
    <testcase classname="Navigation Integration Tests Navigation History should handle back when no history" name="Navigation Integration Tests Navigation History should handle back when no history" time="0.034">
      <failure>Error: Process failed to launch!
    at waitForLine (/home/devel/basset-hound-browser/node_modules/playwright-core/lib/server/electron/electron.js:252:21)
    at Electron.launch (/home/devel/basset-hound-browser/node_modules/playwright-core/lib/server/electron/electron.js:200:32)
    at ElectronDispatcher.launch (/home/devel/basset-hound-browser/node_modules/playwright-core/lib/server/dispatchers/electronDispatcher.js:38:33)
    at ProgressController.run (/home/devel/basset-hound-browser/node_modules/playwright-core/lib/server/progress.js:104:22)
    at ElectronDispatcher._runCommand (/home/devel/basset-hound-browser/node_modules/playwright-core/lib/server/dispatchers/dispatcher.js:91:14)
    at DispatcherConnection.dispatch (/home/devel/basset-hound-browser/node_modules/playwright-core/lib/server/dispatchers/dispatcher.js:325:22)</failure>
      <failure>Error: Process failed to launch!
    at waitForLine (/home/devel/basset-hound-browser/node_modules/playwright-core/lib/server/electron/electron.js:252:21)
    at Electron.launch (/home/devel/basset-hound-browser/node_modules/playwright-core/lib/server/electron/electron.js:201:39)
    at ElectronDispatcher.launch (/home/devel/basset-hound-browser/node_modules/playwright-core/lib/server/dispatchers/electronDispatcher.js:38:33)
    at ProgressController.run (/home/devel/basset-hound-browser/node_modules/playwright-core/lib/server/progress.js:104:22)
    at ElectronDispatcher._runCommand (/home/devel/basset-hound-browser/node_modules/playwright-core/lib/server/dispatchers/dispatcher.js:91:14)
    at DispatcherConnection.dispatch (/home/devel/basset-hound-browser/node_modules/playwright-core/lib/server/dispatchers/dispatcher.js:325:22)</failure>
      <failure>Error: Process failed to launch!
    at waitForLine (/home/devel/basset-hound-browser/node_modules/playwright-core/lib/server/electron/electron.js:252:21)
    at Electron.launch (/home/devel/basset-hound-browser/node_modules/playwright-core/lib/server/electron/electron.js:188:33)
    at ElectronDispatcher.launch (/home/devel/basset-hound-browser/node_modules/playwright-core/lib/server/dispatchers/electronDispatcher.js:38:33)
    at ProgressController.run (/home/devel/basset-hound-browser/node_modules/playwright-core/lib/server/progress.js:104:22)
    at ElectronDispatcher._runCommand (/home/devel/basset-hound-browser/node_modules/playwright-core/lib/server/dispatchers/dispatcher.js:91:14)
    at DispatcherConnection.dispatch (/home/devel/basset-hound-browser/node_modules/playwright-core/lib/server/dispatchers/dispatcher.js:325:22)</failure>
      <failure>electron.launch: Process failed to launch!
Call log:
  - &lt;launching&gt; /home/devel/basset-hound-browser/node_modules/electron/dist/electron -r /home/devel/basset-hound-browser/node_modules/playwright-core/lib/server/electron/loader.js --no-sandbox --inspect=0 --remote-debugging-port=0 /home/devel/basset-hound-browser
  - &lt;launched&gt; pid=499278
  - [pid=499278][err] /home/devel/basset-hound-browser/node_modules/electron/dist/electron: bad option: --no-sandbox
  - [pid=499278][err] /home/devel/basset-hound-browser/node_modules/electron/dist/electron: bad option: --remote-debugging-port=0
  - [pid=499278] &lt;kill&gt;
  - [pid=499278] &lt;will force kill&gt;
  - [pid=499278] &lt;process did exit: exitCode=9, signal=null&gt;
  - [pid=499278] starting temporary directories cleanup
  - [pid=499278] finished temporary directories cleanup

    at Object.&lt;anonymous&gt; (/home/devel/basset-hound-browser/tests/integration/navigation.test.js:85:19)</failure>
    </testcase>
    <testcase classname="Navigation Integration Tests Navigation History should handle forward when no forward history" name="Navigation Integration Tests Navigation History should handle forward when no forward history" time="0.032">
      <failure>Error: Process failed to launch!
    at waitForLine (/home/devel/basset-hound-browser/node_modules/playwright-core/lib/server/electron/electron.js:252:21)
    at Electron.launch (/home/devel/basset-hound-browser/node_modules/playwright-core/lib/server/electron/electron.js:200:32)
    at ElectronDispatcher.launch (/home/devel/basset-hound-browser/node_modules/playwright-core/lib/server/dispatchers/electronDispatcher.js:38:33)
    at ProgressController.run (/home/devel/basset-hound-browser/node_modules/playwright-core/lib/server/progress.js:104:22)
    at ElectronDispatcher._runCommand (/home/devel/basset-hound-browser/node_modules/playwright-core/lib/server/dispatchers/dispatcher.js:91:14)
    at DispatcherConnection.dispatch (/home/devel/basset-hound-browser/node_modules/playwright-core/lib/server/dispatchers/dispatcher.js:325:22)</failure>
      <failure>Error: Process failed to launch!
    at waitForLine (/home/devel/basset-hound-browser/node_modules/playwright-core/lib/server/electron/electron.js:252:21)
    at Electron.launch (/home/devel/basset-hound-browser/node_modules/playwright-core/lib/server/electron/electron.js:201:39)
    at ElectronDispatcher.launch (/home/devel/basset-hound-browser/node_modules/playwright-core/lib/server/dispatchers/electronDispatcher.js:38:33)
    at ProgressController.run (/home/devel/basset-hound-browser/node_modules/playwright-core/lib/server/progress.js:104:22)
    at ElectronDispatcher._runCommand (/home/devel/basset-hound-browser/node_modules/playwright-core/lib/server/dispatchers/dispatcher.js:91:14)
    at DispatcherConnection.dispatch (/home/devel/basset-hound-browser/node_modules/playwright-core/lib/server/dispatchers/dispatcher.js:325:22)</failure>
      <failure>Error: Process failed to launch!
    at waitForLine (/home/devel/basset-hound-browser/node_modules/playwright-core/lib/server/electron/electron.js:252:21)
    at Electron.launch (/home/devel/basset-hound-browser/node_modules/playwright-core/lib/server/electron/electron.js:188:33)
    at ElectronDispatcher.launch (/home/devel/basset-hound-browser/node_modules/playwright-core/lib/server/dispatchers/electronDispatcher.js:38:33)
    at ProgressController.run (/home/devel/basset-hound-browser/node_modules/playwright-core/lib/server/progress.js:104:22)
    at ElectronDispatcher._runCommand (/home/devel/basset-hound-browser/node_modules/playwright-core/lib/server/dispatchers/dispatcher.js:91:14)
    at DispatcherConnection.dispatch (/home/devel/basset-hound-browser/node_modules/playwright-core/lib/server/dispatchers/dispatcher.js:325:22)</failure>
      <failure>electron.launch: Process failed to launch!
Call log:
  - &lt;launching&gt; /home/devel/basset-hound-browser/node_modules/electron/dist/electron -r /home/devel/basset-hound-browser/node_modules/playwright-core/lib/server/electron/loader.js --no-sandbox --inspect=0 --remote-debugging-port=0 /home/devel/basset-hound-browser
  - &lt;launched&gt; pid=499280
  - [pid=499280][err] /home/devel/basset-hound-browser/node_modules/electron/dist/electron: bad option: --no-sandbox
  - [pid=499280][err] /home/devel/basset-hound-browser/node_modules/electron/dist/electron: bad option: --remote-debugging-port=0
  - [pid=499280] &lt;kill&gt;
  - [pid=499280] &lt;will force kill&gt;
  - [pid=499280] &lt;process did exit: exitCode=9, signal=null&gt;
  - [pid=499280] starting temporary directories cleanup
  - [pid=499280] finished temporary directories cleanup

    at Object.&lt;anonymous&gt; (/home/devel/basset-hound-browser/tests/integration/navigation.test.js:85:19)</failure>
    </testcase>
    <testcase classname="Navigation Integration Tests Page Reload should reload current page" name="Navigation Integration Tests Page Reload should reload current page" time="0.033">
      <failure>Error: Process failed to launch!
    at waitForLine (/home/devel/basset-hound-browser/node_modules/playwright-core/lib/server/electron/electron.js:252:21)
    at Electron.launch (/home/devel/basset-hound-browser/node_modules/playwright-core/lib/server/electron/electron.js:200:32)
    at ElectronDispatcher.launch (/home/devel/basset-hound-browser/node_modules/playwright-core/lib/server/dispatchers/electronDispatcher.js:38:33)
    at ProgressController.run (/home/devel/basset-hound-browser/node_modules/playwright-core/lib/server/progress.js:104:22)
    at ElectronDispatcher._runCommand (/home/devel/basset-hound-browser/node_modules/playwright-core/lib/server/dispatchers/dispatcher.js:91:14)
    at DispatcherConnection.dispatch (/home/devel/basset-hound-browser/node_modules/playwright-core/lib/server/dispatchers/dispatcher.js:325:22)</failure>
      <failure>Error: Process failed to launch!
    at waitForLine (/home/devel/basset-hound-browser/node_modules/playwright-core/lib/server/electron/electron.js:252:21)
    at Electron.launch (/home/devel/basset-hound-browser/node_modules/playwright-core/lib/server/electron/electron.js:201:39)
    at ElectronDispatcher.launch (/home/devel/basset-hound-browser/node_modules/playwright-core/lib/server/dispatchers/electronDispatcher.js:38:33)
    at ProgressController.run (/home/devel/basset-hound-browser/node_modules/playwright-core/lib/server/progress.js:104:22)
    at ElectronDispatcher._runCommand (/home/devel/basset-hound-browser/node_modules/playwright-core/lib/server/dispatchers/dispatcher.js:91:14)
    at DispatcherConnection.dispatch (/home/devel/basset-hound-browser/node_modules/playwright-core/lib/server/dispatchers/dispatcher.js:325:22)</failure>
      <failure>Error: Process failed to launch!
    at waitForLine (/home/devel/basset-hound-browser/node_modules/playwright-core/lib/server/electron/electron.js:252:21)
    at Electron.launch (/home/devel/basset-hound-browser/node_modules/playwright-core/lib/server/electron/electron.js:188:33)
    at ElectronDispatcher.launch (/home/devel/basset-hound-browser/node_modules/playwright-core/lib/server/dispatchers/electronDispatcher.js:38:33)
    at ProgressController.run (/home/devel/basset-hound-browser/node_modules/playwright-core/lib/server/progress.js:104:22)
    at ElectronDispatcher._runCommand (/home/devel/basset-hound-browser/node_modules/playwright-core/lib/server/dispatchers/dispatcher.js:91:14)
    at DispatcherConnection.dispatch (/home/devel/basset-hound-browser/node_modules/playwright-core/lib/server/dispatchers/dispatcher.js:325:22)</failure>
      <failure>electron.launch: Process failed to launch!
Call log:
  - &lt;launching&gt; /home/devel/basset-hound-browser/node_modules/electron/dist/electron -r /home/devel/basset-hound-browser/node_modules/playwright-core/lib/server/electron/loader.js --no-sandbox --inspect=0 --remote-debugging-port=0 /home/devel/basset-hound-browser
  - &lt;launched&gt; pid=499281
  - [pid=499281][err] /home/devel/basset-hound-browser/node_modules/electron/dist/electron: bad option: --no-sandbox
  - [pid=499281][err] /home/devel/basset-hound-browser/node_modules/electron/dist/electron: bad option: --remote-debugging-port=0
  - [pid=499281] &lt;kill&gt;
  - [pid=499281] &lt;will force kill&gt;
  - [pid=499281] &lt;process did exit: exitCode=9, signal=null&gt;
  - [pid=499281] starting temporary directories cleanup
  - [pid=499281] finished temporary directories cleanup

    at Object.&lt;anonymous&gt; (/home/devel/basset-hound-browser/tests/integration/navigation.test.js:85:19)</failure>
    </testcase>
    <testcase classname="Navigation Integration Tests Page Reload should support hard reload (ignore cache)" name="Navigation Integration Tests Page Reload should support hard reload (ignore cache)" time="0.033">
      <failure>Error: Process failed to launch!
    at waitForLine (/home/devel/basset-hound-browser/node_modules/playwright-core/lib/server/electron/electron.js:252:21)
    at Electron.launch (/home/devel/basset-hound-browser/node_modules/playwright-core/lib/server/electron/electron.js:200:32)
    at ElectronDispatcher.launch (/home/devel/basset-hound-browser/node_modules/playwright-core/lib/server/dispatchers/electronDispatcher.js:38:33)
    at ProgressController.run (/home/devel/basset-hound-browser/node_modules/playwright-core/lib/server/progress.js:104:22)
    at ElectronDispatcher._runCommand (/home/devel/basset-hound-browser/node_modules/playwright-core/lib/server/dispatchers/dispatcher.js:91:14)
    at DispatcherConnection.dispatch (/home/devel/basset-hound-browser/node_modules/playwright-core/lib/server/dispatchers/dispatcher.js:325:22)</failure>
      <failure>Error: Process failed to launch!
    at waitForLine (/home/devel/basset-hound-browser/node_modules/playwright-core/lib/server/electron/electron.js:252:21)
    at Electron.launch (/home/devel/basset-hound-browser/node_modules/playwright-core/lib/server/electron/electron.js:201:39)
    at ElectronDispatcher.launch (/home/devel/basset-hound-browser/node_modules/playwright-core/lib/server/dispatchers/electronDispatcher.js:38:33)
    at ProgressController.run (/home/devel/basset-hound-browser/node_modules/playwright-core/lib/server/progress.js:104:22)
    at ElectronDispatcher._runCommand (/home/devel/basset-hound-browser/node_modules/playwright-core/lib/server/dispatchers/dispatcher.js:91:14)
    at DispatcherConnection.dispatch (/home/devel/basset-hound-browser/node_modules/playwright-core/lib/server/dispatchers/dispatcher.js:325:22)</failure>
      <failure>Error: Process failed to launch!
    at waitForLine (/home/devel/basset-hound-browser/node_modules/playwright-core/lib/server/electron/electron.js:252:21)
    at Electron.launch (/home/devel/basset-hound-browser/node_modules/playwright-core/lib/server/electron/electron.js:188:33)
    at ElectronDispatcher.launch (/home/devel/basset-hound-browser/node_modules/playwright-core/lib/server/dispatchers/electronDispatcher.js:38:33)
    at ProgressController.run (/home/devel/basset-hound-browser/node_modules/playwright-core/lib/server/progress.js:104:22)
    at ElectronDispatcher._runCommand (/home/devel/basset-hound-browser/node_modules/playwright-core/lib/server/dispatchers/dispatcher.js:91:14)
    at DispatcherConnection.dispatch (/home/devel/basset-hound-browser/node_modules/playwright-core/lib/server/dispatchers/dispatcher.js:325:22)</failure>
      <failure>electron.launch: Process failed to launch!
Call log:
  - &lt;launching&gt; /home/devel/basset-hound-browser/node_modules/electron/dist/electron -r /home/devel/basset-hound-browser/node_modules/playwright-core/lib/server/electron/loader.js --no-sandbox --inspect=0 --remote-debugging-port=0 /home/devel/basset-hound-browser
  - &lt;launched&gt; pid=499282
  - [pid=499282][err] /home/devel/basset-hound-browser/node_modules/electron/dist/electron: bad option: --no-sandbox
  - [pid=499282][err] /home/devel/basset-hound-browser/node_modules/electron/dist/electron: bad option: --remote-debugging-port=0
  - [pid=499282] &lt;kill&gt;
  - [pid=499282] &lt;will force kill&gt;
  - [pid=499282] &lt;process did exit: exitCode=9, signal=null&gt;
  - [pid=499282] starting temporary directories cleanup
  - [pid=499282] finished temporary directories cleanup

    at Object.&lt;anonymous&gt; (/home/devel/basset-hound-browser/tests/integration/navigation.test.js:85:19)</failure>
    </testcase>
    <testcase classname="Navigation Integration Tests Wait for Navigation should wait for element after navigation" name="Navigation Integration Tests Wait for Navigation should wait for element after navigation" time="0.036">
      <failure>Error: Process failed to launch!
    at waitForLine (/home/devel/basset-hound-browser/node_modules/playwright-core/lib/server/electron/electron.js:252:21)
    at Electron.launch (/home/devel/basset-hound-browser/node_modules/playwright-core/lib/server/electron/electron.js:200:32)
    at ElectronDispatcher.launch (/home/devel/basset-hound-browser/node_modules/playwright-core/lib/server/dispatchers/electronDispatcher.js:38:33)
    at ProgressController.run (/home/devel/basset-hound-browser/node_modules/playwright-core/lib/server/progress.js:104:22)
    at ElectronDispatcher._runCommand (/home/devel/basset-hound-browser/node_modules/playwright-core/lib/server/dispatchers/dispatcher.js:91:14)
    at DispatcherConnection.dispatch (/home/devel/basset-hound-browser/node_modules/playwright-core/lib/server/dispatchers/dispatcher.js:325:22)</failure>
      <failure>Error: Process failed to launch!
    at waitForLine (/home/devel/basset-hound-browser/node_modules/playwright-core/lib/server/electron/electron.js:252:21)
    at Electron.launch (/home/devel/basset-hound-browser/node_modules/playwright-core/lib/server/electron/electron.js:201:39)
    at ElectronDispatcher.launch (/home/devel/basset-hound-browser/node_modules/playwright-core/lib/server/dispatchers/electronDispatcher.js:38:33)
    at ProgressController.run (/home/devel/basset-hound-browser/node_modules/playwright-core/lib/server/progress.js:104:22)
    at ElectronDispatcher._runCommand (/home/devel/basset-hound-browser/node_modules/playwright-core/lib/server/dispatchers/dispatcher.js:91:14)
    at DispatcherConnection.dispatch (/home/devel/basset-hound-browser/node_modules/playwright-core/lib/server/dispatchers/dispatcher.js:325:22)</failure>
      <failure>Error: Process failed to launch!
    at waitForLine (/home/devel/basset-hound-browser/node_modules/playwright-core/lib/server/electron/electron.js:252:21)
    at Electron.launch (/home/devel/basset-hound-browser/node_modules/playwright-core/lib/server/electron/electron.js:188:33)
    at ElectronDispatcher.launch (/home/devel/basset-hound-browser/node_modules/playwright-core/lib/server/dispatchers/electronDispatcher.js:38:33)
    at ProgressController.run (/home/devel/basset-hound-browser/node_modules/playwright-core/lib/server/progress.js:104:22)
    at ElectronDispatcher._runCommand (/home/devel/basset-hound-browser/node_modules/playwright-core/lib/server/dispatchers/dispatcher.js:91:14)
    at DispatcherConnection.dispatch (/home/devel/basset-hound-browser/node_modules/playwright-core/lib/server/dispatchers/dispatcher.js:325:22)</failure>
      <failure>electron.launch: Process failed to launch!
Call log:
  - &lt;launching&gt; /home/devel/basset-hound-browser/node_modules/electron/dist/electron -r /home/devel/basset-hound-browser/node_modules/playwright-core/lib/server/electron/loader.js --no-sandbox --inspect=0 --remote-debugging-port=0 /home/devel/basset-hound-browser
  - &lt;launched&gt; pid=499289
  - [pid=499289][err] /home/devel/basset-hound-browser/node_modules/electron/dist/electron: bad option: --no-sandbox
  - [pid=499289][err] /home/devel/basset-hound-browser/node_modules/electron/dist/electron: bad option: --remote-debugging-port=0
  - [pid=499289] &lt;kill&gt;
  - [pid=499289] &lt;will force kill&gt;
  - [pid=499289] &lt;process did exit: exitCode=9, signal=null&gt;
  - [pid=499289] starting temporary directories cleanup
  - [pid=499289] finished temporary directories cleanup

    at Object.&lt;anonymous&gt; (/home/devel/basset-hound-browser/tests/integration/navigation.test.js:85:19)</failure>
    </testcase>
    <testcase classname="Navigation Integration Tests Wait for Navigation should wait for specific element" name="Navigation Integration Tests Wait for Navigation should wait for specific element" time="0.039">
      <failure>Error: Process failed to launch!
    at waitForLine (/home/devel/basset-hound-browser/node_modules/playwright-core/lib/server/electron/electron.js:252:21)
    at Electron.launch (/home/devel/basset-hound-browser/node_modules/playwright-core/lib/server/electron/electron.js:200:32)
    at ElectronDispatcher.launch (/home/devel/basset-hound-browser/node_modules/playwright-core/lib/server/dispatchers/electronDispatcher.js:38:33)
    at ProgressController.run (/home/devel/basset-hound-browser/node_modules/playwright-core/lib/server/progress.js:104:22)
    at ElectronDispatcher._runCommand (/home/devel/basset-hound-browser/node_modules/playwright-core/lib/server/dispatchers/dispatcher.js:91:14)
    at DispatcherConnection.dispatch (/home/devel/basset-hound-browser/node_modules/playwright-core/lib/server/dispatchers/dispatcher.js:325:22)</failure>
      <failure>Error: Process failed to launch!
    at waitForLine (/home/devel/basset-hound-browser/node_modules/playwright-core/lib/server/electron/electron.js:252:21)
    at Electron.launch (/home/devel/basset-hound-browser/node_modules/playwright-core/lib/server/electron/electron.js:201:39)
    at ElectronDispatcher.launch (/home/devel/basset-hound-browser/node_modules/playwright-core/lib/server/dispatchers/electronDispatcher.js:38:33)
    at ProgressController.run (/home/devel/basset-hound-browser/node_modules/playwright-core/lib/server/progress.js:104:22)
    at ElectronDispatcher._runCommand (/home/devel/basset-hound-browser/node_modules/playwright-core/lib/server/dispatchers/dispatcher.js:91:14)
    at DispatcherConnection.dispatch (/home/devel/basset-hound-browser/node_modules/playwright-core/lib/server/dispatchers/dispatcher.js:325:22)</failure>
      <failure>Error: Process failed to launch!
    at waitForLine (/home/devel/basset-hound-browser/node_modules/playwright-core/lib/server/electron/electron.js:252:21)
    at Electron.launch (/home/devel/basset-hound-browser/node_modules/playwright-core/lib/server/electron/electron.js:188:33)
    at ElectronDispatcher.launch (/home/devel/basset-hound-browser/node_modules/playwright-core/lib/server/dispatchers/electronDispatcher.js:38:33)
    at ProgressController.run (/home/devel/basset-hound-browser/node_modules/playwright-core/lib/server/progress.js:104:22)
    at ElectronDispatcher._runCommand (/home/devel/basset-hound-browser/node_modules/playwright-core/lib/server/dispatchers/dispatcher.js:91:14)
    at DispatcherConnection.dispatch (/home/devel/basset-hound-browser/node_modules/playwright-core/lib/server/dispatchers/dispatcher.js:325:22)</failure>
      <failure>electron.launch: Process failed to launch!
Call log:
  - &lt;launching&gt; /home/devel/basset-hound-browser/node_modules/electron/dist/electron -r /home/devel/basset-hound-browser/node_modules/playwright-core/lib/server/electron/loader.js --no-sandbox --inspect=0 --remote-debugging-port=0 /home/devel/basset-hound-browser
  - &lt;launched&gt; pid=499307
  - [pid=499307][err] /home/devel/basset-hound-browser/node_modules/electron/dist/electron: bad option: --no-sandbox
  - [pid=499307][err] /home/devel/basset-hound-browser/node_modules/electron/dist/electron: bad option: --remote-debugging-port=0
  - [pid=499307] &lt;kill&gt;
  - [pid=499307] &lt;will force kill&gt;
  - [pid=499307] &lt;process did exit: exitCode=9, signal=null&gt;
  - [pid=499307] starting temporary directories cleanup
  - [pid=499307] finished temporary directories cleanup

    at Object.&lt;anonymous&gt; (/home/devel/basset-hound-browser/tests/integration/navigation.test.js:85:19)</failure>
    </testcase>
    <testcase classname="Navigation Integration Tests Wait for Navigation should timeout waiting for non-existent element" name="Navigation Integration Tests Wait for Navigation should timeout waiting for non-existent element" time="0.039">
      <failure>Error: Process failed to launch!
    at waitForLine (/home/devel/basset-hound-browser/node_modules/playwright-core/lib/server/electron/electron.js:252:21)
    at Electron.launch (/home/devel/basset-hound-browser/node_modules/playwright-core/lib/server/electron/electron.js:200:32)
    at ElectronDispatcher.launch (/home/devel/basset-hound-browser/node_modules/playwright-core/lib/server/dispatchers/electronDispatcher.js:38:33)
    at ProgressController.run (/home/devel/basset-hound-browser/node_modules/playwright-core/lib/server/progress.js:104:22)
    at ElectronDispatcher._runCommand (/home/devel/basset-hound-browser/node_modules/playwright-core/lib/server/dispatchers/dispatcher.js:91:14)
    at DispatcherConnection.dispatch (/home/devel/basset-hound-browser/node_modules/playwright-core/lib/server/dispatchers/dispatcher.js:325:22)</failure>
      <failure>Error: Process failed to launch!
    at waitForLine (/home/devel/basset-hound-browser/node_modules/playwright-core/lib/server/electron/electron.js:252:21)
    at Electron.launch (/home/devel/basset-hound-browser/node_modules/playwright-core/lib/server/electron/electron.js:201:39)
    at ElectronDispatcher.launch (/home/devel/basset-hound-browser/node_modules/playwright-core/lib/server/dispatchers/electronDispatcher.js:38:33)
    at ProgressController.run (/home/devel/basset-hound-browser/node_modules/playwright-core/lib/server/progress.js:104:22)
    at ElectronDispatcher._runCommand (/home/devel/basset-hound-browser/node_modules/playwright-core/lib/server/dispatchers/dispatcher.js:91:14)
    at DispatcherConnection.dispatch (/home/devel/basset-hound-browser/node_modules/playwright-core/lib/server/dispatchers/dispatcher.js:325:22)</failure>
      <failure>Error: Process failed to launch!
    at waitForLine (/home/devel/basset-hound-browser/node_modules/playwright-core/lib/server/electron/electron.js:252:21)
    at Electron.launch (/home/devel/basset-hound-browser/node_modules/playwright-core/lib/server/electron/electron.js:188:33)
    at ElectronDispatcher.launch (/home/devel/basset-hound-browser/node_modules/playwright-core/lib/server/dispatchers/electronDispatcher.js:38:33)
    at ProgressController.run (/home/devel/basset-hound-browser/node_modules/playwright-core/lib/server/progress.js:104:22)
    at ElectronDispatcher._runCommand (/home/devel/basset-hound-browser/node_modules/playwright-core/lib/server/dispatchers/dispatcher.js:91:14)
    at DispatcherConnection.dispatch (/home/devel/basset-hound-browser/node_modules/playwright-core/lib/server/dispatchers/dispatcher.js:325:22)</failure>
      <failure>electron.launch: Process failed to launch!
Call log:
  - &lt;launching&gt; /home/devel/basset-hound-browser/node_modules/electron/dist/electron -r /home/devel/basset-hound-browser/node_modules/playwright-core/lib/server/electron/loader.js --no-sandbox --inspect=0 --remote-debugging-port=0 /home/devel/basset-hound-browser
  - &lt;launched&gt; pid=499313
  - [pid=499313][err] /home/devel/basset-hound-browser/node_modules/electron/dist/electron: bad option: --no-sandbox
  - [pid=499313][err] /home/devel/basset-hound-browser/node_modules/electron/dist/electron: bad option: --remote-debugging-port=0
  - [pid=499313] &lt;kill&gt;
  - [pid=499313] &lt;will force kill&gt;
  - [pid=499313] &lt;process did exit: exitCode=9, signal=null&gt;
  - [pid=499313] starting temporary directories cleanup
  - [pid=499313] finished temporary directories cleanup

    at Object.&lt;anonymous&gt; (/home/devel/basset-hound-browser/tests/integration/navigation.test.js:85:19)</failure>
    </testcase>
    <testcase classname="Navigation Integration Tests Page Content should get page content after navigation" name="Navigation Integration Tests Page Content should get page content after navigation" time="0.037">
      <failure>Error: Process failed to launch!
    at waitForLine (/home/devel/basset-hound-browser/node_modules/playwright-core/lib/server/electron/electron.js:252:21)
    at Electron.launch (/home/devel/basset-hound-browser/node_modules/playwright-core/lib/server/electron/electron.js:200:32)
    at ElectronDispatcher.launch (/home/devel/basset-hound-browser/node_modules/playwright-core/lib/server/dispatchers/electronDispatcher.js:38:33)
    at ProgressController.run (/home/devel/basset-hound-browser/node_modules/playwright-core/lib/server/progress.js:104:22)
    at ElectronDispatcher._runCommand (/home/devel/basset-hound-browser/node_modules/playwright-core/lib/server/dispatchers/dispatcher.js:91:14)
    at DispatcherConnection.dispatch (/home/devel/basset-hound-browser/node_modules/playwright-core/lib/server/dispatchers/dispatcher.js:325:22)</failure>
      <failure>Error: Process failed to launch!
    at waitForLine (/home/devel/basset-hound-browser/node_modules/playwright-core/lib/server/electron/electron.js:252:21)
    at Electron.launch (/home/devel/basset-hound-browser/node_modules/playwright-core/lib/server/electron/electron.js:201:39)
    at ElectronDispatcher.launch (/home/devel/basset-hound-browser/node_modules/playwright-core/lib/server/dispatchers/electronDispatcher.js:38:33)
    at ProgressController.run (/home/devel/basset-hound-browser/node_modules/playwright-core/lib/server/progress.js:104:22)
    at ElectronDispatcher._runCommand (/home/devel/basset-hound-browser/node_modules/playwright-core/lib/server/dispatchers/dispatcher.js:91:14)
    at DispatcherConnection.dispatch (/home/devel/basset-hound-browser/node_modules/playwright-core/lib/server/dispatchers/dispatcher.js:325:22)</failure>
      <failure>Error: Process failed to launch!
    at waitForLine (/home/devel/basset-hound-browser/node_modules/playwright-core/lib/server/electron/electron.js:252:21)
    at Electron.launch (/home/devel/basset-hound-browser/node_modules/playwright-core/lib/server/electron/electron.js:188:33)
    at ElectronDispatcher.launch (/home/devel/basset-hound-browser/node_modules/playwright-core/lib/server/dispatchers/electronDispatcher.js:38:33)
    at ProgressController.run (/home/devel/basset-hound-browser/node_modules/playwright-core/lib/server/progress.js:104:22)
    at ElectronDispatcher._runCommand (/home/devel/basset-hound-browser/node_modules/playwright-core/lib/server/dispatchers/dispatcher.js:91:14)
    at DispatcherConnection.dispatch (/home/devel/basset-hound-browser/node_modules/playwright-core/lib/server/dispatchers/dispatcher.js:325:22)</failure>
      <failure>electron.launch: Process failed to launch!
Call log:
  - &lt;launching&gt; /home/devel/basset-hound-browser/node_modules/electron/dist/electron -r /home/devel/basset-hound-browser/node_modules/playwright-core/lib/server/electron/loader.js --no-sandbox --inspect=0 --remote-debugging-port=0 /home/devel/basset-hound-browser
  - &lt;launched&gt; pid=499322
  - [pid=499322][err] /home/devel/basset-hound-browser/node_modules/electron/dist/electron: bad option: --no-sandbox
  - [pid=499322][err] /home/devel/basset-hound-browser/node_modules/electron/dist/electron: bad option: --remote-debugging-port=0
  - [pid=499322] &lt;kill&gt;
  - [pid=499322] &lt;will force kill&gt;
  - [pid=499322] &lt;process did exit: exitCode=9, signal=null&gt;
  - [pid=499322] starting temporary directories cleanup
  - [pid=499322] finished temporary directories cleanup

    at Object.&lt;anonymous&gt; (/home/devel/basset-hound-browser/tests/integration/navigation.test.js:85:19)</failure>
    </testcase>
    <testcase classname="Navigation Integration Tests Page Content should get page title" name="Navigation Integration Tests Page Content should get page title" time="0.035">
      <failure>Error: Process failed to launch!
    at waitForLine (/home/devel/basset-hound-browser/node_modules/playwright-core/lib/server/electron/electron.js:252:21)
    at Electron.launch (/home/devel/basset-hound-browser/node_modules/playwright-core/lib/server/electron/electron.js:200:32)
    at ElectronDispatcher.launch (/home/devel/basset-hound-browser/node_modules/playwright-core/lib/server/dispatchers/electronDispatcher.js:38:33)
    at ProgressController.run (/home/devel/basset-hound-browser/node_modules/playwright-core/lib/server/progress.js:104:22)
    at ElectronDispatcher._runCommand (/home/devel/basset-hound-browser/node_modules/playwright-core/lib/server/dispatchers/dispatcher.js:91:14)
    at DispatcherConnection.dispatch (/home/devel/basset-hound-browser/node_modules/playwright-core/lib/server/dispatchers/dispatcher.js:325:22)</failure>
      <failure>Error: Process failed to launch!
    at waitForLine (/home/devel/basset-hound-browser/node_modules/playwright-core/lib/server/electron/electron.js:252:21)
    at Electron.launch (/home/devel/basset-hound-browser/node_modules/playwright-core/lib/server/electron/electron.js:201:39)
    at ElectronDispatcher.launch (/home/devel/basset-hound-browser/node_modules/playwright-core/lib/server/dispatchers/electronDispatcher.js:38:33)
    at ProgressController.run (/home/devel/basset-hound-browser/node_modules/playwright-core/lib/server/progress.js:104:22)
    at ElectronDispatcher._runCommand (/home/devel/basset-hound-browser/node_modules/playwright-core/lib/server/dispatchers/dispatcher.js:91:14)
    at DispatcherConnection.dispatch (/home/devel/basset-hound-browser/node_modules/playwright-core/lib/server/dispatchers/dispatcher.js:325:22)</failure>
      <failure>Error: Process failed to launch!
    at waitForLine (/home/devel/basset-hound-browser/node_modules/playwright-core/lib/server/electron/electron.js:252:21)
    at Electron.launch (/home/devel/basset-hound-browser/node_modules/playwright-core/lib/server/electron/electron.js:188:33)
    at ElectronDispatcher.launch (/home/devel/basset-hound-browser/node_modules/playwright-core/lib/server/dispatchers/electronDispatcher.js:38:33)
    at ProgressController.run (/home/devel/basset-hound-browser/node_modules/playwright-core/lib/server/progress.js:104:22)
    at ElectronDispatcher._runCommand (/home/devel/basset-hound-browser/node_modules/playwright-core/lib/server/dispatchers/dispatcher.js:91:14)
    at DispatcherConnection.dispatch (/home/devel/basset-hound-browser/node_modules/playwright-core/lib/server/dispatchers/dispatcher.js:325:22)</failure>
      <failure>electron.launch: Process failed to launch!
Call log:
  - &lt;launching&gt; /home/devel/basset-hound-browser/node_modules/electron/dist/electron -r /home/devel/basset-hound-browser/node_modules/playwright-core/lib/server/electron/loader.js --no-sandbox --inspect=0 --remote-debugging-port=0 /home/devel/basset-hound-browser
  - &lt;launched&gt; pid=499324
  - [pid=499324][err] /home/devel/basset-hound-browser/node_modules/electron/dist/electron: bad option: --no-sandbox
  - [pid=499324][err] /home/devel/basset-hound-browser/node_modules/electron/dist/electron: bad option: --remote-debugging-port=0
  - [pid=499324] &lt;kill&gt;
  - [pid=499324] &lt;will force kill&gt;
  - [pid=499324] &lt;process did exit: exitCode=9, signal=null&gt;
  - [pid=499324] starting temporary directories cleanup
  - [pid=499324] finished temporary directories cleanup

    at Object.&lt;anonymous&gt; (/home/devel/basset-hound-browser/tests/integration/navigation.test.js:85:19)</failure>
    </testcase>
    <testcase classname="Navigation Integration Tests Page Content should get page state" name="Navigation Integration Tests Page Content should get page state" time="0.033">
      <failure>Error: Process failed to launch!
    at waitForLine (/home/devel/basset-hound-browser/node_modules/playwright-core/lib/server/electron/electron.js:252:21)
    at Electron.launch (/home/devel/basset-hound-browser/node_modules/playwright-core/lib/server/electron/electron.js:200:32)
    at ElectronDispatcher.launch (/home/devel/basset-hound-browser/node_modules/playwright-core/lib/server/dispatchers/electronDispatcher.js:38:33)
    at ProgressController.run (/home/devel/basset-hound-browser/node_modules/playwright-core/lib/server/progress.js:104:22)
    at ElectronDispatcher._runCommand (/home/devel/basset-hound-browser/node_modules/playwright-core/lib/server/dispatchers/dispatcher.js:91:14)
    at DispatcherConnection.dispatch (/home/devel/basset-hound-browser/node_modules/playwright-core/lib/server/dispatchers/dispatcher.js:325:22)</failure>
      <failure>Error: Process failed to launch!
    at waitForLine (/home/devel/basset-hound-browser/node_modules/playwright-core/lib/server/electron/electron.js:252:21)
    at Electron.launch (/home/devel/basset-hound-browser/node_modules/playwright-core/lib/server/electron/electron.js:201:39)
    at ElectronDispatcher.launch (/home/devel/basset-hound-browser/node_modules/playwright-core/lib/server/dispatchers/electronDispatcher.js:38:33)
    at ProgressController.run (/home/devel/basset-hound-browser/node_modules/playwright-core/lib/server/progress.js:104:22)
    at ElectronDispatcher._runCommand (/home/devel/basset-hound-browser/node_modules/playwright-core/lib/server/dispatchers/dispatcher.js:91:14)
    at DispatcherConnection.dispatch (/home/devel/basset-hound-browser/node_modules/playwright-core/lib/server/dispatchers/dispatcher.js:325:22)</failure>
      <failure>Error: Process failed to launch!
    at waitForLine (/home/devel/basset-hound-browser/node_modules/playwright-core/lib/server/electron/electron.js:252:21)
    at Electron.launch (/home/devel/basset-hound-browser/node_modules/playwright-core/lib/server/electron/electron.js:188:33)
    at ElectronDispatcher.launch (/home/devel/basset-hound-browser/node_modules/playwright-core/lib/server/dispatchers/electronDispatcher.js:38:33)
    at ProgressController.run (/home/devel/basset-hound-browser/node_modules/playwright-core/lib/server/progress.js:104:22)
    at ElectronDispatcher._runCommand (/home/devel/basset-hound-browser/node_modules/playwright-core/lib/server/dispatchers/dispatcher.js:91:14)
    at DispatcherConnection.dispatch (/home/devel/basset-hound-browser/node_modules/playwright-core/lib/server/dispatchers/dispatcher.js:325:22)</failure>
      <failure>electron.launch: Process failed to launch!
Call log:
  - &lt;launching&gt; /home/devel/basset-hound-browser/node_modules/electron/dist/electron -r /home/devel/basset-hound-browser/node_modules/playwright-core/lib/server/electron/loader.js --no-sandbox --inspect=0 --remote-debugging-port=0 /home/devel/basset-hound-browser
  - &lt;launched&gt; pid=499331
  - [pid=499331][err] /home/devel/basset-hound-browser/node_modules/electron/dist/electron: bad option: --no-sandbox
  - [pid=499331][err] /home/devel/basset-hound-browser/node_modules/electron/dist/electron: bad option: --remote-debugging-port=0
  - [pid=499331] &lt;kill&gt;
  - [pid=499331] &lt;will force kill&gt;
  - [pid=499331] &lt;process did exit: exitCode=9, signal=null&gt;
  - [pid=499331] starting temporary directories cleanup
  - [pid=499331] finished temporary directories cleanup

    at Object.&lt;anonymous&gt; (/home/devel/basset-hound-browser/tests/integration/navigation.test.js:85:19)</failure>
    </testcase>
    <testcase classname="Navigation Integration Tests Error Handling should handle network errors gracefully" name="Navigation Integration Tests Error Handling should handle network errors gracefully" time="0.035">
      <failure>Error: Process failed to launch!
    at waitForLine (/home/devel/basset-hound-browser/node_modules/playwright-core/lib/server/electron/electron.js:252:21)
    at Electron.launch (/home/devel/basset-hound-browser/node_modules/playwright-core/lib/server/electron/electron.js:200:32)
    at ElectronDispatcher.launch (/home/devel/basset-hound-browser/node_modules/playwright-core/lib/server/dispatchers/electronDispatcher.js:38:33)
    at ProgressController.run (/home/devel/basset-hound-browser/node_modules/playwright-core/lib/server/progress.js:104:22)
    at ElectronDispatcher._runCommand (/home/devel/basset-hound-browser/node_modules/playwright-core/lib/server/dispatchers/dispatcher.js:91:14)
    at DispatcherConnection.dispatch (/home/devel/basset-hound-browser/node_modules/playwright-core/lib/server/dispatchers/dispatcher.js:325:22)</failure>
      <failure>Error: Process failed to launch!
    at waitForLine (/home/devel/basset-hound-browser/node_modules/playwright-core/lib/server/electron/electron.js:252:21)
    at Electron.launch (/home/devel/basset-hound-browser/node_modules/playwright-core/lib/server/electron/electron.js:201:39)
    at ElectronDispatcher.launch (/home/devel/basset-hound-browser/node_modules/playwright-core/lib/server/dispatchers/electronDispatcher.js:38:33)
    at ProgressController.run (/home/devel/basset-hound-browser/node_modules/playwright-core/lib/server/progress.js:104:22)
    at ElectronDispatcher._runCommand (/home/devel/basset-hound-browser/node_modules/playwright-core/lib/server/dispatchers/dispatcher.js:91:14)
    at DispatcherConnection.dispatch (/home/devel/basset-hound-browser/node_modules/playwright-core/lib/server/dispatchers/dispatcher.js:325:22)</failure>
      <failure>Error: Process failed to launch!
    at waitForLine (/home/devel/basset-hound-browser/node_modules/playwright-core/lib/server/electron/electron.js:252:21)
    at Electron.launch (/home/devel/basset-hound-browser/node_modules/playwright-core/lib/server/electron/electron.js:188:33)
    at ElectronDispatcher.launch (/home/devel/basset-hound-browser/node_modules/playwright-core/lib/server/dispatchers/electronDispatcher.js:38:33)
    at ProgressController.run (/home/devel/basset-hound-browser/node_modules/playwright-core/lib/server/progress.js:104:22)
    at ElectronDispatcher._runCommand (/home/devel/basset-hound-browser/node_modules/playwright-core/lib/server/dispatchers/dispatcher.js:91:14)
    at DispatcherConnection.dispatch (/home/devel/basset-hound-browser/node_modules/playwright-core/lib/server/dispatchers/dispatcher.js:325:22)</failure>
      <failure>electron.launch: Process failed to launch!
Call log:
  - &lt;launching&gt; /home/devel/basset-hound-browser/node_modules/electron/dist/electron -r /home/devel/basset-hound-browser/node_modules/playwright-core/lib/server/electron/loader.js --no-sandbox --inspect=0 --remote-debugging-port=0 /home/devel/basset-hound-browser
  - &lt;launched&gt; pid=499333
  - [pid=499333][err] /home/devel/basset-hound-browser/node_modules/electron/dist/electron: bad option: --no-sandbox
  - [pid=499333][err] /home/devel/basset-hound-browser/node_modules/electron/dist/electron: bad option: --remote-debugging-port=0
  - [pid=499333] &lt;kill&gt;
  - [pid=499333] &lt;will force kill&gt;
  - [pid=499333] &lt;process did exit: exitCode=9, signal=null&gt;
  - [pid=499333] starting temporary directories cleanup
  - [pid=499333] finished temporary directories cleanup

    at Object.&lt;anonymous&gt; (/home/devel/basset-hound-browser/tests/integration/navigation.test.js:85:19)</failure>
    </testcase>
    <testcase classname="Navigation Integration Tests Error Handling should handle malformed URLs" name="Navigation Integration Tests Error Handling should handle malformed URLs" time="0.034">
      <failure>Error: Process failed to launch!
    at waitForLine (/home/devel/basset-hound-browser/node_modules/playwright-core/lib/server/electron/electron.js:252:21)
    at Electron.launch (/home/devel/basset-hound-browser/node_modules/playwright-core/lib/server/electron/electron.js:200:32)
    at ElectronDispatcher.launch (/home/devel/basset-hound-browser/node_modules/playwright-core/lib/server/dispatchers/electronDispatcher.js:38:33)
    at ProgressController.run (/home/devel/basset-hound-browser/node_modules/playwright-core/lib/server/progress.js:104:22)
    at ElectronDispatcher._runCommand (/home/devel/basset-hound-browser/node_modules/playwright-core/lib/server/dispatchers/dispatcher.js:91:14)
    at DispatcherConnection.dispatch (/home/devel/basset-hound-browser/node_modules/playwright-core/lib/server/dispatchers/dispatcher.js:325:22)</failure>
      <failure>Error: Process failed to launch!
    at waitForLine (/home/devel/basset-hound-browser/node_modules/playwright-core/lib/server/electron/electron.js:252:21)
    at Electron.launch (/home/devel/basset-hound-browser/node_modules/playwright-core/lib/server/electron/electron.js:201:39)
    at ElectronDispatcher.launch (/home/devel/basset-hound-browser/node_modules/playwright-core/lib/server/dispatchers/electronDispatcher.js:38:33)
    at ProgressController.run (/home/devel/basset-hound-browser/node_modules/playwright-core/lib/server/progress.js:104:22)
    at ElectronDispatcher._runCommand (/home/devel/basset-hound-browser/node_modules/playwright-core/lib/server/dispatchers/dispatcher.js:91:14)
    at DispatcherConnection.dispatch (/home/devel/basset-hound-browser/node_modules/playwright-core/lib/server/dispatchers/dispatcher.js:325:22)</failure>
      <failure>Error: Process failed to launch!
    at waitForLine (/home/devel/basset-hound-browser/node_modules/playwright-core/lib/server/electron/electron.js:252:21)
    at Electron.launch (/home/devel/basset-hound-browser/node_modules/playwright-core/lib/server/electron/electron.js:188:33)
    at ElectronDispatcher.launch (/home/devel/basset-hound-browser/node_modules/playwright-core/lib/server/dispatchers/electronDispatcher.js:38:33)
    at ProgressController.run (/home/devel/basset-hound-browser/node_modules/playwright-core/lib/server/progress.js:104:22)
    at ElectronDispatcher._runCommand (/home/devel/basset-hound-browser/node_modules/playwright-core/lib/server/dispatchers/dispatcher.js:91:14)
    at DispatcherConnection.dispatch (/home/devel/basset-hound-browser/node_modules/playwright-core/lib/server/dispatchers/dispatcher.js:325:22)</failure>
      <failure>electron.launch: Process failed to launch!
Call log:
  - &lt;launching&gt; /home/devel/basset-hound-browser/node_modules/electron/dist/electron -r /home/devel/basset-hound-browser/node_modules/playwright-core/lib/server/electron/loader.js --no-sandbox --inspect=0 --remote-debugging-port=0 /home/devel/basset-hound-browser
  - &lt;launched&gt; pid=499334
  - [pid=499334][err] /home/devel/basset-hound-browser/node_modules/electron/dist/electron: bad option: --no-sandbox
  - [pid=499334][err] /home/devel/basset-hound-browser/node_modules/electron/dist/electron: bad option: --remote-debugging-port=0
  - [pid=499334] &lt;kill&gt;
  - [pid=499334] &lt;will force kill&gt;
  - [pid=499334] &lt;process did exit: exitCode=9, signal=null&gt;
  - [pid=499334] starting temporary directories cleanup
  - [pid=499334] finished temporary directories cleanup

    at Object.&lt;anonymous&gt; (/home/devel/basset-hound-browser/tests/integration/navigation.test.js:85:19)</failure>
    </testcase>
    <testcase classname="Navigation Integration Tests Error Handling should handle special characters in URL" name="Navigation Integration Tests Error Handling should handle special characters in URL" time="0.034">
      <failure>Error: Process failed to launch!
    at waitForLine (/home/devel/basset-hound-browser/node_modules/playwright-core/lib/server/electron/electron.js:252:21)
    at Electron.launch (/home/devel/basset-hound-browser/node_modules/playwright-core/lib/server/electron/electron.js:200:32)
    at ElectronDispatcher.launch (/home/devel/basset-hound-browser/node_modules/playwright-core/lib/server/dispatchers/electronDispatcher.js:38:33)
    at ProgressController.run (/home/devel/basset-hound-browser/node_modules/playwright-core/lib/server/progress.js:104:22)
    at ElectronDispatcher._runCommand (/home/devel/basset-hound-browser/node_modules/playwright-core/lib/server/dispatchers/dispatcher.js:91:14)
    at DispatcherConnection.dispatch (/home/devel/basset-hound-browser/node_modules/playwright-core/lib/server/dispatchers/dispatcher.js:325:22)</failure>
      <failure>Error: Process failed to launch!
    at waitForLine (/home/devel/basset-hound-browser/node_modules/playwright-core/lib/server/electron/electron.js:252:21)
    at Electron.launch (/home/devel/basset-hound-browser/node_modules/playwright-core/lib/server/electron/electron.js:201:39)
    at ElectronDispatcher.launch (/home/devel/basset-hound-browser/node_modules/playwright-core/lib/server/dispatchers/electronDispatcher.js:38:33)
    at ProgressController.run (/home/devel/basset-hound-browser/node_modules/playwright-core/lib/server/progress.js:104:22)
    at ElectronDispatcher._runCommand (/home/devel/basset-hound-browser/node_modules/playwright-core/lib/server/dispatchers/dispatcher.js:91:14)
    at DispatcherConnection.dispatch (/home/devel/basset-hound-browser/node_modules/playwright-core/lib/server/dispatchers/dispatcher.js:325:22)</failure>
      <failure>Error: Process failed to launch!
    at waitForLine (/home/devel/basset-hound-browser/node_modules/playwright-core/lib/server/electron/electron.js:252:21)
    at Electron.launch (/home/devel/basset-hound-browser/node_modules/playwright-core/lib/server/electron/electron.js:188:33)
    at ElectronDispatcher.launch (/home/devel/basset-hound-browser/node_modules/playwright-core/lib/server/dispatchers/electronDispatcher.js:38:33)
    at ProgressController.run (/home/devel/basset-hound-browser/node_modules/playwright-core/lib/server/progress.js:104:22)
    at ElectronDispatcher._runCommand (/home/devel/basset-hound-browser/node_modules/playwright-core/lib/server/dispatchers/dispatcher.js:91:14)
    at DispatcherConnection.dispatch (/home/devel/basset-hound-browser/node_modules/playwright-core/lib/server/dispatchers/dispatcher.js:325:22)</failure>
      <failure>electron.launch: Process failed to launch!
Call log:
  - &lt;launching&gt; /home/devel/basset-hound-browser/node_modules/electron/dist/electron -r /home/devel/basset-hound-browser/node_modules/playwright-core/lib/server/electron/loader.js --no-sandbox --inspect=0 --remote-debugging-port=0 /home/devel/basset-hound-browser
  - &lt;launched&gt; pid=499343
  - [pid=499343][err] /home/devel/basset-hound-browser/node_modules/electron/dist/electron: bad option: --no-sandbox
  - [pid=499343][err] /home/devel/basset-hound-browser/node_modules/electron/dist/electron: bad option: --remote-debugging-port=0
  - [pid=499343] &lt;kill&gt;
  - [pid=499343] &lt;will force kill&gt;
  - [pid=499343] &lt;process did exit: exitCode=9, signal=null&gt;
  - [pid=499343] starting temporary directories cleanup
  - [pid=499343] finished temporary directories cleanup

    at Object.&lt;anonymous&gt; (/home/devel/basset-hound-browser/tests/integration/navigation.test.js:85:19)</failure>
    </testcase>
    <testcase classname="Navigation Integration Tests Error Handling should handle unicode in URL" name="Navigation Integration Tests Error Handling should handle unicode in URL" time="0.035">
      <failure>Error: Process failed to launch!
    at waitForLine (/home/devel/basset-hound-browser/node_modules/playwright-core/lib/server/electron/electron.js:252:21)
    at Electron.launch (/home/devel/basset-hound-browser/node_modules/playwright-core/lib/server/electron/electron.js:200:32)
    at ElectronDispatcher.launch (/home/devel/basset-hound-browser/node_modules/playwright-core/lib/server/dispatchers/electronDispatcher.js:38:33)
    at ProgressController.run (/home/devel/basset-hound-browser/node_modules/playwright-core/lib/server/progress.js:104:22)
    at ElectronDispatcher._runCommand (/home/devel/basset-hound-browser/node_modules/playwright-core/lib/server/dispatchers/dispatcher.js:91:14)
    at DispatcherConnection.dispatch (/home/devel/basset-hound-browser/node_modules/playwright-core/lib/server/dispatchers/dispatcher.js:325:22)</failure>
      <failure>Error: Process failed to launch!
    at waitForLine (/home/devel/basset-hound-browser/node_modules/playwright-core/lib/server/electron/electron.js:252:21)
    at Electron.launch (/home/devel/basset-hound-browser/node_modules/playwright-core/lib/server/electron/electron.js:201:39)
    at ElectronDispatcher.launch (/home/devel/basset-hound-browser/node_modules/playwright-core/lib/server/dispatchers/electronDispatcher.js:38:33)
    at ProgressController.run (/home/devel/basset-hound-browser/node_modules/playwright-core/lib/server/progress.js:104:22)
    at ElectronDispatcher._runCommand (/home/devel/basset-hound-browser/node_modules/playwright-core/lib/server/dispatchers/dispatcher.js:91:14)
    at DispatcherConnection.dispatch (/home/devel/basset-hound-browser/node_modules/playwright-core/lib/server/dispatchers/dispatcher.js:325:22)</failure>
      <failure>Error: Process failed to launch!
    at waitForLine (/home/devel/basset-hound-browser/node_modules/playwright-core/lib/server/electron/electron.js:252:21)
    at Electron.launch (/home/devel/basset-hound-browser/node_modules/playwright-core/lib/server/electron/electron.js:188:33)
    at ElectronDispatcher.launch (/home/devel/basset-hound-browser/node_modules/playwright-core/lib/server/dispatchers/electronDispatcher.js:38:33)
    at ProgressController.run (/home/devel/basset-hound-browser/node_modules/playwright-core/lib/server/progress.js:104:22)
    at ElectronDispatcher._runCommand (/home/devel/basset-hound-browser/node_modules/playwright-core/lib/server/dispatchers/dispatcher.js:91:14)
    at DispatcherConnection.dispatch (/home/devel/basset-hound-browser/node_modules/playwright-core/lib/server/dispatchers/dispatcher.js:325:22)</failure>
      <failure>electron.launch: Process failed to launch!
Call log:
  - &lt;launching&gt; /home/devel/basset-hound-browser/node_modules/electron/dist/electron -r /home/devel/basset-hound-browser/node_modules/playwright-core/lib/server/electron/loader.js --no-sandbox --inspect=0 --remote-debugging-port=0 /home/devel/basset-hound-browser
  - &lt;launched&gt; pid=499350
  - [pid=499350][err] /home/devel/basset-hound-browser/node_modules/electron/dist/electron: bad option: --no-sandbox
  - [pid=499350][err] /home/devel/basset-hound-browser/node_modules/electron/dist/electron: bad option: --remote-debugging-port=0
  - [pid=499350] &lt;kill&gt;
  - [pid=499350] &lt;will force kill&gt;
  - [pid=499350] &lt;process did exit: exitCode=9, signal=null&gt;
  - [pid=499350] starting temporary directories cleanup
  - [pid=499350] finished temporary directories cleanup

    at Object.&lt;anonymous&gt; (/home/devel/basset-hound-browser/tests/integration/navigation.test.js:85:19)</failure>
    </testcase>
    <testcase classname="Navigation Integration Tests Navigation Timing should complete navigation within timeout" name="Navigation Integration Tests Navigation Timing should complete navigation within timeout" time="0.034">
      <failure>Error: Process failed to launch!
    at waitForLine (/home/devel/basset-hound-browser/node_modules/playwright-core/lib/server/electron/electron.js:252:21)
    at Electron.launch (/home/devel/basset-hound-browser/node_modules/playwright-core/lib/server/electron/electron.js:200:32)
    at ElectronDispatcher.launch (/home/devel/basset-hound-browser/node_modules/playwright-core/lib/server/dispatchers/electronDispatcher.js:38:33)
    at ProgressController.run (/home/devel/basset-hound-browser/node_modules/playwright-core/lib/server/progress.js:104:22)
    at ElectronDispatcher._runCommand (/home/devel/basset-hound-browser/node_modules/playwright-core/lib/server/dispatchers/dispatcher.js:91:14)
    at DispatcherConnection.dispatch (/home/devel/basset-hound-browser/node_modules/playwright-core/lib/server/dispatchers/dispatcher.js:325:22)</failure>
      <failure>Error: Process failed to launch!
    at waitForLine (/home/devel/basset-hound-browser/node_modules/playwright-core/lib/server/electron/electron.js:252:21)
    at Electron.launch (/home/devel/basset-hound-browser/node_modules/playwright-core/lib/server/electron/electron.js:201:39)
    at ElectronDispatcher.launch (/home/devel/basset-hound-browser/node_modules/playwright-core/lib/server/dispatchers/electronDispatcher.js:38:33)
    at ProgressController.run (/home/devel/basset-hound-browser/node_modules/playwright-core/lib/server/progress.js:104:22)
    at ElectronDispatcher._runCommand (/home/devel/basset-hound-browser/node_modules/playwright-core/lib/server/dispatchers/dispatcher.js:91:14)
    at DispatcherConnection.dispatch (/home/devel/basset-hound-browser/node_modules/playwright-core/lib/server/dispatchers/dispatcher.js:325:22)</failure>
      <failure>Error: Process failed to launch!
    at waitForLine (/home/devel/basset-hound-browser/node_modules/playwright-core/lib/server/electron/electron.js:252:21)
    at Electron.launch (/home/devel/basset-hound-browser/node_modules/playwright-core/lib/server/electron/electron.js:188:33)
    at ElectronDispatcher.launch (/home/devel/basset-hound-browser/node_modules/playwright-core/lib/server/dispatchers/electronDispatcher.js:38:33)
    at ProgressController.run (/home/devel/basset-hound-browser/node_modules/playwright-core/lib/server/progress.js:104:22)
    at ElectronDispatcher._runCommand (/home/devel/basset-hound-browser/node_modules/playwright-core/lib/server/dispatchers/dispatcher.js:91:14)
    at DispatcherConnection.dispatch (/home/devel/basset-hound-browser/node_modules/playwright-core/lib/server/dispatchers/dispatcher.js:325:22)</failure>
      <failure>electron.launch: Process failed to launch!
Call log:
  - &lt;launching&gt; /home/devel/basset-hound-browser/node_modules/electron/dist/electron -r /home/devel/basset-hound-browser/node_modules/playwright-core/lib/server/electron/loader.js --no-sandbox --inspect=0 --remote-debugging-port=0 /home/devel/basset-hound-browser
  - &lt;launched&gt; pid=499351
  - [pid=499351][err] /home/devel/basset-hound-browser/node_modules/electron/dist/electron: bad option: --no-sandbox
  - [pid=499351][err] /home/devel/basset-hound-browser/node_modules/electron/dist/electron: bad option: --remote-debugging-port=0
  - [pid=499351] &lt;kill&gt;
  - [pid=499351] &lt;will force kill&gt;
  - [pid=499351] &lt;process did exit: exitCode=9, signal=null&gt;
  - [pid=499351] starting temporary directories cleanup
  - [pid=499351] finished temporary directories cleanup

    at Object.&lt;anonymous&gt; (/home/devel/basset-hound-browser/tests/integration/navigation.test.js:85:19)</failure>
    </testcase>
    <testcase classname="Navigation Integration Tests Navigation Timing should support wait_for_load_state command" name="Navigation Integration Tests Navigation Timing should support wait_for_load_state command" time="0.033">
      <failure>Error: Process failed to launch!
    at waitForLine (/home/devel/basset-hound-browser/node_modules/playwright-core/lib/server/electron/electron.js:252:21)
    at Electron.launch (/home/devel/basset-hound-browser/node_modules/playwright-core/lib/server/electron/electron.js:200:32)
    at ElectronDispatcher.launch (/home/devel/basset-hound-browser/node_modules/playwright-core/lib/server/dispatchers/electronDispatcher.js:38:33)
    at ProgressController.run (/home/devel/basset-hound-browser/node_modules/playwright-core/lib/server/progress.js:104:22)
    at ElectronDispatcher._runCommand (/home/devel/basset-hound-browser/node_modules/playwright-core/lib/server/dispatchers/dispatcher.js:91:14)
    at DispatcherConnection.dispatch (/home/devel/basset-hound-browser/node_modules/playwright-core/lib/server/dispatchers/dispatcher.js:325:22)</failure>
      <failure>Error: Process failed to launch!
    at waitForLine (/home/devel/basset-hound-browser/node_modules/playwright-core/lib/server/electron/electron.js:252:21)
    at Electron.launch (/home/devel/basset-hound-browser/node_modules/playwright-core/lib/server/electron/electron.js:201:39)
    at ElectronDispatcher.launch (/home/devel/basset-hound-browser/node_modules/playwright-core/lib/server/dispatchers/electronDispatcher.js:38:33)
    at ProgressController.run (/home/devel/basset-hound-browser/node_modules/playwright-core/lib/server/progress.js:104:22)
    at ElectronDispatcher._runCommand (/home/devel/basset-hound-browser/node_modules/playwright-core/lib/server/dispatchers/dispatcher.js:91:14)
    at DispatcherConnection.dispatch (/home/devel/basset-hound-browser/node_modules/playwright-core/lib/server/dispatchers/dispatcher.js:325:22)</failure>
      <failure>Error: Process failed to launch!
    at waitForLine (/home/devel/basset-hound-browser/node_modules/playwright-core/lib/server/electron/electron.js:252:21)
    at Electron.launch (/home/devel/basset-hound-browser/node_modules/playwright-core/lib/server/electron/electron.js:188:33)
    at ElectronDispatcher.launch (/home/devel/basset-hound-browser/node_modules/playwright-core/lib/server/dispatchers/electronDispatcher.js:38:33)
    at ProgressController.run (/home/devel/basset-hound-browser/node_modules/playwright-core/lib/server/progress.js:104:22)
    at ElectronDispatcher._runCommand (/home/devel/basset-hound-browser/node_modules/playwright-core/lib/server/dispatchers/dispatcher.js:91:14)
    at DispatcherConnection.dispatch (/home/devel/basset-hound-browser/node_modules/playwright-core/lib/server/dispatchers/dispatcher.js:325:22)</failure>
      <failure>electron.launch: Process failed to launch!
Call log:
  - &lt;launching&gt; /home/devel/basset-hound-browser/node_modules/electron/dist/electron -r /home/devel/basset-hound-browser/node_modules/playwright-core/lib/server/electron/loader.js --no-sandbox --inspect=0 --remote-debugging-port=0 /home/devel/basset-hound-browser
  - &lt;launched&gt; pid=499359
  - [pid=499359][err] /home/devel/basset-hound-browser/node_modules/electron/dist/electron: bad option: --no-sandbox
  - [pid=499359][err] /home/devel/basset-hound-browser/node_modules/electron/dist/electron: bad option: --remote-debugging-port=0
  - [pid=499359] &lt;kill&gt;
  - [pid=499359] &lt;will force kill&gt;
  - [pid=499359] &lt;process did exit: exitCode=9, signal=null&gt;
  - [pid=499359] starting temporary directories cleanup
  - [pid=499359] finished temporary directories cleanup

    at Object.&lt;anonymous&gt; (/home/devel/basset-hound-browser/tests/integration/navigation.test.js:85:19)</failure>
    </testcase>
    <testcase classname="Navigation Integration Tests URL Validation should get current URL" name="Navigation Integration Tests URL Validation should get current URL" time="0.034">
      <failure>Error: Process failed to launch!
    at waitForLine (/home/devel/basset-hound-browser/node_modules/playwright-core/lib/server/electron/electron.js:252:21)
    at Electron.launch (/home/devel/basset-hound-browser/node_modules/playwright-core/lib/server/electron/electron.js:200:32)
    at ElectronDispatcher.launch (/home/devel/basset-hound-browser/node_modules/playwright-core/lib/server/dispatchers/electronDispatcher.js:38:33)
    at ProgressController.run (/home/devel/basset-hound-browser/node_modules/playwright-core/lib/server/progress.js:104:22)
    at ElectronDispatcher._runCommand (/home/devel/basset-hound-browser/node_modules/playwright-core/lib/server/dispatchers/dispatcher.js:91:14)
    at DispatcherConnection.dispatch (/home/devel/basset-hound-browser/node_modules/playwright-core/lib/server/dispatchers/dispatcher.js:325:22)</failure>
      <failure>Error: Process failed to launch!
    at waitForLine (/home/devel/basset-hound-browser/node_modules/playwright-core/lib/server/electron/electron.js:252:21)
    at Electron.launch (/home/devel/basset-hound-browser/node_modules/playwright-core/lib/server/electron/electron.js:201:39)
    at ElectronDispatcher.launch (/home/devel/basset-hound-browser/node_modules/playwright-core/lib/server/dispatchers/electronDispatcher.js:38:33)
    at ProgressController.run (/home/devel/basset-hound-browser/node_modules/playwright-core/lib/server/progress.js:104:22)
    at ElectronDispatcher._runCommand (/home/devel/basset-hound-browser/node_modules/playwright-core/lib/server/dispatchers/dispatcher.js:91:14)
    at DispatcherConnection.dispatch (/home/devel/basset-hound-browser/node_modules/playwright-core/lib/server/dispatchers/dispatcher.js:325:22)</failure>
      <failure>Error: Process failed to launch!
    at waitForLine (/home/devel/basset-hound-browser/node_modules/playwright-core/lib/server/electron/electron.js:252:21)
    at Electron.launch (/home/devel/basset-hound-browser/node_modules/playwright-core/lib/server/electron/electron.js:188:33)
    at ElectronDispatcher.launch (/home/devel/basset-hound-browser/node_modules/playwright-core/lib/server/dispatchers/electronDispatcher.js:38:33)
    at ProgressController.run (/home/devel/basset-hound-browser/node_modules/playwright-core/lib/server/progress.js:104:22)
    at ElectronDispatcher._runCommand (/home/devel/basset-hound-browser/node_modules/playwright-core/lib/server/dispatchers/dispatcher.js:91:14)
    at DispatcherConnection.dispatch (/home/devel/basset-hound-browser/node_modules/playwright-core/lib/server/dispatchers/dispatcher.js:325:22)</failure>
      <failure>electron.launch: Process failed to launch!
Call log:
  - &lt;launching&gt; /home/devel/basset-hound-browser/node_modules/electron/dist/electron -r /home/devel/basset-hound-browser/node_modules/playwright-core/lib/server/electron/loader.js --no-sandbox --inspect=0 --remote-debugging-port=0 /home/devel/basset-hound-browser
  - &lt;launched&gt; pid=499360
  - [pid=499360][err] /home/devel/basset-hound-browser/node_modules/electron/dist/electron: bad option: --no-sandbox
  - [pid=499360][err] /home/devel/basset-hound-browser/node_modules/electron/dist/electron: bad option: --remote-debugging-port=0
  - [pid=499360] &lt;kill&gt;
  - [pid=499360] &lt;will force kill&gt;
  - [pid=499360] &lt;process did exit: exitCode=9, signal=null&gt;
  - [pid=499360] starting temporary directories cleanup
  - [pid=499360] finished temporary directories cleanup

    at Object.&lt;anonymous&gt; (/home/devel/basset-hound-browser/tests/integration/navigation.test.js:85:19)</failure>
    </testcase>
    <testcase classname="Navigation Integration Tests URL Validation should include path in URL" name="Navigation Integration Tests URL Validation should include path in URL" time="0.034">
      <failure>Error: Process failed to launch!
    at waitForLine (/home/devel/basset-hound-browser/node_modules/playwright-core/lib/server/electron/electron.js:252:21)
    at Electron.launch (/home/devel/basset-hound-browser/node_modules/playwright-core/lib/server/electron/electron.js:200:32)
    at ElectronDispatcher.launch (/home/devel/basset-hound-browser/node_modules/playwright-core/lib/server/dispatchers/electronDispatcher.js:38:33)
    at ProgressController.run (/home/devel/basset-hound-browser/node_modules/playwright-core/lib/server/progress.js:104:22)
    at ElectronDispatcher._runCommand (/home/devel/basset-hound-browser/node_modules/playwright-core/lib/server/dispatchers/dispatcher.js:91:14)
    at DispatcherConnection.dispatch (/home/devel/basset-hound-browser/node_modules/playwright-core/lib/server/dispatchers/dispatcher.js:325:22)</failure>
      <failure>Error: Process failed to launch!
    at waitForLine (/home/devel/basset-hound-browser/node_modules/playwright-core/lib/server/electron/electron.js:252:21)
    at Electron.launch (/home/devel/basset-hound-browser/node_modules/playwright-core/lib/server/electron/electron.js:201:39)
    at ElectronDispatcher.launch (/home/devel/basset-hound-browser/node_modules/playwright-core/lib/server/dispatchers/electronDispatcher.js:38:33)
    at ProgressController.run (/home/devel/basset-hound-browser/node_modules/playwright-core/lib/server/progress.js:104:22)
    at ElectronDispatcher._runCommand (/home/devel/basset-hound-browser/node_modules/playwright-core/lib/server/dispatchers/dispatcher.js:91:14)
    at DispatcherConnection.dispatch (/home/devel/basset-hound-browser/node_modules/playwright-core/lib/server/dispatchers/dispatcher.js:325:22)</failure>
      <failure>Error: Process failed to launch!
    at waitForLine (/home/devel/basset-hound-browser/node_modules/playwright-core/lib/server/electron/electron.js:252:21)
    at Electron.launch (/home/devel/basset-hound-browser/node_modules/playwright-core/lib/server/electron/electron.js:188:33)
    at ElectronDispatcher.launch (/home/devel/basset-hound-browser/node_modules/playwright-core/lib/server/dispatchers/electronDispatcher.js:38:33)
    at ProgressController.run (/home/devel/basset-hound-browser/node_modules/playwright-core/lib/server/progress.js:104:22)
    at ElectronDispatcher._runCommand (/home/devel/basset-hound-browser/node_modules/playwright-core/lib/server/dispatchers/dispatcher.js:91:14)
    at DispatcherConnection.dispatch (/home/devel/basset-hound-browser/node_modules/playwright-core/lib/server/dispatchers/dispatcher.js:325:22)</failure>
      <failure>electron.launch: Process failed to launch!
Call log:
  - &lt;launching&gt; /home/devel/basset-hound-browser/node_modules/electron/dist/electron -r /home/devel/basset-hound-browser/node_modules/playwright-core/lib/server/electron/loader.js --no-sandbox --inspect=0 --remote-debugging-port=0 /home/devel/basset-hound-browser
  - &lt;launched&gt; pid=499361
  - [pid=499361][err] /home/devel/basset-hound-browser/node_modules/electron/dist/electron: bad option: --no-sandbox
  - [pid=499361][err] /home/devel/basset-hound-browser/node_modules/electron/dist/electron: bad option: --remote-debugging-port=0
  - [pid=499361] &lt;kill&gt;
  - [pid=499361] &lt;will force kill&gt;
  - [pid=499361] &lt;process did exit: exitCode=9, signal=null&gt;
  - [pid=499361] starting temporary directories cleanup
  - [pid=499361] finished temporary directories cleanup

    at Object.&lt;anonymous&gt; (/home/devel/basset-hound-browser/tests/integration/navigation.test.js:85:19)</failure>
    </testcase>
    <testcase classname="Navigation Integration Tests Concurrent Navigation should handle rapid navigation commands" name="Navigation Integration Tests Concurrent Navigation should handle rapid navigation commands" time="0.034">
      <failure>Error: Process failed to launch!
    at waitForLine (/home/devel/basset-hound-browser/node_modules/playwright-core/lib/server/electron/electron.js:252:21)
    at Electron.launch (/home/devel/basset-hound-browser/node_modules/playwright-core/lib/server/electron/electron.js:200:32)
    at ElectronDispatcher.launch (/home/devel/basset-hound-browser/node_modules/playwright-core/lib/server/dispatchers/electronDispatcher.js:38:33)
    at ProgressController.run (/home/devel/basset-hound-browser/node_modules/playwright-core/lib/server/progress.js:104:22)
    at ElectronDispatcher._runCommand (/home/devel/basset-hound-browser/node_modules/playwright-core/lib/server/dispatchers/dispatcher.js:91:14)
    at DispatcherConnection.dispatch (/home/devel/basset-hound-browser/node_modules/playwright-core/lib/server/dispatchers/dispatcher.js:325:22)</failure>
      <failure>Error: Process failed to launch!
    at waitForLine (/home/devel/basset-hound-browser/node_modules/playwright-core/lib/server/electron/electron.js:252:21)
    at Electron.launch (/home/devel/basset-hound-browser/node_modules/playwright-core/lib/server/electron/electron.js:201:39)
    at ElectronDispatcher.launch (/home/devel/basset-hound-browser/node_modules/playwright-core/lib/server/dispatchers/electronDispatcher.js:38:33)
    at ProgressController.run (/home/devel/basset-hound-browser/node_modules/playwright-core/lib/server/progress.js:104:22)
    at ElectronDispatcher._runCommand (/home/devel/basset-hound-browser/node_modules/playwright-core/lib/server/dispatchers/dispatcher.js:91:14)
    at DispatcherConnection.dispatch (/home/devel/basset-hound-browser/node_modules/playwright-core/lib/server/dispatchers/dispatcher.js:325:22)</failure>
      <failure>Error: Process failed to launch!
    at waitForLine (/home/devel/basset-hound-browser/node_modules/playwright-core/lib/server/electron/electron.js:252:21)
    at Electron.launch (/home/devel/basset-hound-browser/node_modules/playwright-core/lib/server/electron/electron.js:188:33)
    at ElectronDispatcher.launch (/home/devel/basset-hound-browser/node_modules/playwright-core/lib/server/dispatchers/electronDispatcher.js:38:33)
    at ProgressController.run (/home/devel/basset-hound-browser/node_modules/playwright-core/lib/server/progress.js:104:22)
    at ElectronDispatcher._runCommand (/home/devel/basset-hound-browser/node_modules/playwright-core/lib/server/dispatchers/dispatcher.js:91:14)
    at DispatcherConnection.dispatch (/home/devel/basset-hound-browser/node_modules/playwright-core/lib/server/dispatchers/dispatcher.js:325:22)</failure>
      <failure>electron.launch: Process failed to launch!
Call log:
  - &lt;launching&gt; /home/devel/basset-hound-browser/node_modules/electron/dist/electron -r /home/devel/basset-hound-browser/node_modules/playwright-core/lib/server/electron/loader.js --no-sandbox --inspect=0 --remote-debugging-port=0 /home/devel/basset-hound-browser
  - &lt;launched&gt; pid=499362
  - [pid=499362][err] /home/devel/basset-hound-browser/node_modules/electron/dist/electron: bad option: --no-sandbox
  - [pid=499362][err] /home/devel/basset-hound-browser/node_modules/electron/dist/electron: bad option: --remote-debugging-port=0
  - [pid=499362] &lt;kill&gt;
  - [pid=499362] &lt;will force kill&gt;
  - [pid=499362] &lt;process did exit: exitCode=9, signal=null&gt;
  - [pid=499362] starting temporary directories cleanup
  - [pid=499362] finished temporary directories cleanup

    at Object.&lt;anonymous&gt; (/home/devel/basset-hound-browser/tests/integration/navigation.test.js:85:19)</failure>
    </testcase>
  </testsuite>
  <testsuite name="SignatureLoader" errors="0" failures="0" skipped="0" timestamp="2026-05-11T06:16:47" time="0.075" tests="16">
    <testcase classname="SignatureLoader Initialization should initialize with empty signatures" name="SignatureLoader Initialization should initialize with empty signatures" time="0.001">
    </testcase>
    <testcase classname="SignatureLoader File Loading should load signatures from seed file" name="SignatureLoader File Loading should load signatures from seed file" time="0.002">
    </testcase>
    <testcase classname="SignatureLoader File Loading should handle non-existent file gracefully" name="SignatureLoader File Loading should handle non-existent file gracefully" time="0.003">
    </testcase>
    <testcase classname="SignatureLoader File Loading should handle invalid JSON gracefully" name="SignatureLoader File Loading should handle invalid JSON gracefully" time="0">
    </testcase>
    <testcase classname="SignatureLoader Signature Normalization should normalize signature format" name="SignatureLoader Signature Normalization should normalize signature format" time="0.001">
    </testcase>
    <testcase classname="SignatureLoader Signature Normalization should handle missing optional fields" name="SignatureLoader Signature Normalization should handle missing optional fields" time="0.013">
    </testcase>
    <testcase classname="SignatureLoader Signature Retrieval should get signature by ID" name="SignatureLoader Signature Retrieval should get signature by ID" time="0.001">
    </testcase>
    <testcase classname="SignatureLoader Signature Retrieval should return null for non-existent signature" name="SignatureLoader Signature Retrieval should return null for non-existent signature" time="0">
    </testcase>
    <testcase classname="SignatureLoader Signature Retrieval should get all signatures" name="SignatureLoader Signature Retrieval should get all signatures" time="0.001">
    </testcase>
    <testcase classname="SignatureLoader Signature Retrieval should get signatures by category" name="SignatureLoader Signature Retrieval should get signatures by category" time="0.001">
    </testcase>
    <testcase classname="SignatureLoader Status and Validation should report loader status" name="SignatureLoader Status and Validation should report loader status" time="0.001">
    </testcase>
    <testcase classname="SignatureLoader Status and Validation should validate signatures" name="SignatureLoader Status and Validation should validate signatures" time="0.001">
    </testcase>
    <testcase classname="SignatureLoader Signature Merging should merge additional signatures" name="SignatureLoader Signature Merging should merge additional signatures" time="0.001">
    </testcase>
    <testcase classname="SignatureLoader Clearing should clear all signatures" name="SignatureLoader Clearing should clear all signatures" time="0.001">
    </testcase>
    <testcase classname="SignatureLoader Performance should load seed database quickly" name="SignatureLoader Performance should load seed database quickly" time="0">
    </testcase>
    <testcase classname="SignatureLoader Performance should retrieve signatures quickly" name="SignatureLoader Performance should retrieve signatures quickly" time="0.002">
    </testcase>
  </testsuite>
  <testsuite name="Tab Cleanup Stress Test" errors="0" failures="0" skipped="0" timestamp="2026-05-11T06:16:47" time="0.05" tests="6">
    <testcase classname="Tab Cleanup Stress Test cleanup should remove all event listeners on page destruction" name="Tab Cleanup Stress Test cleanup should remove all event listeners on page destruction" time="0.002">
    </testcase>
    <testcase classname="Tab Cleanup Stress Test 100+ page creation/destruction cycles should not leak memory" name="Tab Cleanup Stress Test 100+ page creation/destruction cycles should not leak memory" time="0.003">
    </testcase>
    <testcase classname="Tab Cleanup Stress Test listener cleanup should handle rapid page switching" name="Tab Cleanup Stress Test listener cleanup should handle rapid page switching" time="0">
    </testcase>
    <testcase classname="Tab Cleanup Stress Test concurrent page operations should cleanup properly" name="Tab Cleanup Stress Test concurrent page operations should cleanup properly" time="0.001">
    </testcase>
    <testcase classname="Tab Cleanup Stress Test shutdown should cleanup all resources including listeners" name="Tab Cleanup Stress Test shutdown should cleanup all resources including listeners" time="0.001">
    </testcase>
    <testcase classname="Tab Cleanup Stress Test should measure listener cleanup performance" name="Tab Cleanup Stress Test should measure listener cleanup performance" time="0.002">
    </testcase>
  </testsuite>
  <testsuite name="Browser Launch Tests" errors="0" failures="19" skipped="0" timestamp="2026-05-11T06:16:47" time="1.531" tests="19">
    <testcase classname="Browser Launch Tests Spectron Tests should start the application" name="Browser Launch Tests Spectron Tests should start the application" time="0.009">
      <failure>Error: Application path must be a string
    at /home/devel/basset-hound-browser/node_modules/spectron/lib/application.js:123:21
    at new Promise (&lt;anonymous&gt;)
    at Application.Object.&lt;anonymous&gt;.Application.exists (/home/devel/basset-hound-browser/node_modules/spectron/lib/application.js:118:10)
    at Application.Object.&lt;anonymous&gt;.Application.start (/home/devel/basset-hound-browser/node_modules/spectron/lib/application.js:47:15)
    at Object.start (/home/devel/basset-hound-browser/tests/integration/browser-launch.test.js:54:17)
    at Promise.then.completed (/home/devel/basset-hound-browser/node_modules/jest-circus/build/utils.js:298:28)
    at new Promise (&lt;anonymous&gt;)
    at callAsyncCircusFn (/home/devel/basset-hound-browser/node_modules/jest-circus/build/utils.js:231:10)
    at _callCircusTest (/home/devel/basset-hound-browser/node_modules/jest-circus/build/run.js:316:40)
    at processTicksAndRejections (node:internal/process/task_queues:95:5)
    at _runTest (/home/devel/basset-hound-browser/node_modules/jest-circus/build/run.js:252:3)
    at _runTestsForDescribeBlock (/home/devel/basset-hound-browser/node_modules/jest-circus/build/run.js:126:9)
    at _runTestsForDescribeBlock (/home/devel/basset-hound-browser/node_modules/jest-circus/build/run.js:121:9)
    at _runTestsForDescribeBlock (/home/devel/basset-hound-browser/node_modules/jest-circus/build/run.js:121:9)
    at run (/home/devel/basset-hound-browser/node_modules/jest-circus/build/run.js:71:3)
    at runAndTransformResultsToJestFormat (/home/devel/basset-hound-browser/node_modules/jest-circus/build/legacy-code-todo-rewrite/jestAdapterInit.js:122:21)
    at jestAdapter (/home/devel/basset-hound-browser/node_modules/jest-circus/build/legacy-code-todo-rewrite/jestAdapter.js:79:19)
    at runTestInternal (/home/devel/basset-hound-browser/node_modules/jest-runner/build/runTest.js:367:16)
    at runTest (/home/devel/basset-hound-browser/node_modules/jest-runner/build/runTest.js:444:34)
    at Object.worker (/home/devel/basset-hound-browser/node_modules/jest-runner/build/testWorker.js:106:12)</failure>
    </testcase>
    <testcase classname="Browser Launch Tests Spectron Tests should have a visible browser window" name="Browser Launch Tests Spectron Tests should have a visible browser window" time="0">
      <failure>Error: Application path must be a string
    at /home/devel/basset-hound-browser/node_modules/spectron/lib/application.js:123:21
    at new Promise (&lt;anonymous&gt;)
    at Application.Object.&lt;anonymous&gt;.Application.exists (/home/devel/basset-hound-browser/node_modules/spectron/lib/application.js:118:10)
    at Application.Object.&lt;anonymous&gt;.Application.start (/home/devel/basset-hound-browser/node_modules/spectron/lib/application.js:47:15)
    at Object.start (/home/devel/basset-hound-browser/tests/integration/browser-launch.test.js:59:17)
    at Promise.then.completed (/home/devel/basset-hound-browser/node_modules/jest-circus/build/utils.js:298:28)
    at new Promise (&lt;anonymous&gt;)
    at callAsyncCircusFn (/home/devel/basset-hound-browser/node_modules/jest-circus/build/utils.js:231:10)
    at _callCircusTest (/home/devel/basset-hound-browser/node_modules/jest-circus/build/run.js:316:40)
    at processTicksAndRejections (node:internal/process/task_queues:95:5)
    at _runTest (/home/devel/basset-hound-browser/node_modules/jest-circus/build/run.js:252:3)
    at _runTestsForDescribeBlock (/home/devel/basset-hound-browser/node_modules/jest-circus/build/run.js:126:9)
    at _runTestsForDescribeBlock (/home/devel/basset-hound-browser/node_modules/jest-circus/build/run.js:121:9)
    at _runTestsForDescribeBlock (/home/devel/basset-hound-browser/node_modules/jest-circus/build/run.js:121:9)
    at run (/home/devel/basset-hound-browser/node_modules/jest-circus/build/run.js:71:3)
    at runAndTransformResultsToJestFormat (/home/devel/basset-hound-browser/node_modules/jest-circus/build/legacy-code-todo-rewrite/jestAdapterInit.js:122:21)
    at jestAdapter (/home/devel/basset-hound-browser/node_modules/jest-circus/build/legacy-code-todo-rewrite/jestAdapter.js:79:19)
    at runTestInternal (/home/devel/basset-hound-browser/node_modules/jest-runner/build/runTest.js:367:16)
    at runTest (/home/devel/basset-hound-browser/node_modules/jest-runner/build/runTest.js:444:34)
    at Object.worker (/home/devel/basset-hound-browser/node_modules/jest-runner/build/testWorker.js:106:12)</failure>
    </testcase>
    <testcase classname="Browser Launch Tests Spectron Tests should have correct window title" name="Browser Launch Tests Spectron Tests should have correct window title" time="0.001">
      <failure>Error: Application path must be a string
    at /home/devel/basset-hound-browser/node_modules/spectron/lib/application.js:123:21
    at new Promise (&lt;anonymous&gt;)
    at Application.Object.&lt;anonymous&gt;.Application.exists (/home/devel/basset-hound-browser/node_modules/spectron/lib/application.js:118:10)
    at Application.Object.&lt;anonymous&gt;.Application.start (/home/devel/basset-hound-browser/node_modules/spectron/lib/application.js:47:15)
    at Object.start (/home/devel/basset-hound-browser/tests/integration/browser-launch.test.js:65:17)
    at Promise.then.completed (/home/devel/basset-hound-browser/node_modules/jest-circus/build/utils.js:298:28)
    at new Promise (&lt;anonymous&gt;)
    at callAsyncCircusFn (/home/devel/basset-hound-browser/node_modules/jest-circus/build/utils.js:231:10)
    at _callCircusTest (/home/devel/basset-hound-browser/node_modules/jest-circus/build/run.js:316:40)
    at processTicksAndRejections (node:internal/process/task_queues:95:5)
    at _runTest (/home/devel/basset-hound-browser/node_modules/jest-circus/build/run.js:252:3)
    at _runTestsForDescribeBlock (/home/devel/basset-hound-browser/node_modules/jest-circus/build/run.js:126:9)
    at _runTestsForDescribeBlock (/home/devel/basset-hound-browser/node_modules/jest-circus/build/run.js:121:9)
    at _runTestsForDescribeBlock (/home/devel/basset-hound-browser/node_modules/jest-circus/build/run.js:121:9)
    at run (/home/devel/basset-hound-browser/node_modules/jest-circus/build/run.js:71:3)
    at runAndTransformResultsToJestFormat (/home/devel/basset-hound-browser/node_modules/jest-circus/build/legacy-code-todo-rewrite/jestAdapterInit.js:122:21)
    at jestAdapter (/home/devel/basset-hound-browser/node_modules/jest-circus/build/legacy-code-todo-rewrite/jestAdapter.js:79:19)
    at runTestInternal (/home/devel/basset-hound-browser/node_modules/jest-runner/build/runTest.js:367:16)
    at runTest (/home/devel/basset-hound-browser/node_modules/jest-runner/build/runTest.js:444:34)
    at Object.worker (/home/devel/basset-hound-browser/node_modules/jest-runner/build/testWorker.js:106:12)</failure>
    </testcase>
    <testcase classname="Browser Launch Tests Spectron Tests should have correct initial window size" name="Browser Launch Tests Spectron Tests should have correct initial window size" time="0">
      <failure>Error: Application path must be a string
    at /home/devel/basset-hound-browser/node_modules/spectron/lib/application.js:123:21
    at new Promise (&lt;anonymous&gt;)
    at Application.Object.&lt;anonymous&gt;.Application.exists (/home/devel/basset-hound-browser/node_modules/spectron/lib/application.js:118:10)
    at Application.Object.&lt;anonymous&gt;.Application.start (/home/devel/basset-hound-browser/node_modules/spectron/lib/application.js:47:15)
    at Object.start (/home/devel/basset-hound-browser/tests/integration/browser-launch.test.js:71:17)
    at Promise.then.completed (/home/devel/basset-hound-browser/node_modules/jest-circus/build/utils.js:298:28)
    at new Promise (&lt;anonymous&gt;)
    at callAsyncCircusFn (/home/devel/basset-hound-browser/node_modules/jest-circus/build/utils.js:231:10)
    at _callCircusTest (/home/devel/basset-hound-browser/node_modules/jest-circus/build/run.js:316:40)
    at processTicksAndRejections (node:internal/process/task_queues:95:5)
    at _runTest (/home/devel/basset-hound-browser/node_modules/jest-circus/build/run.js:252:3)
    at _runTestsForDescribeBlock (/home/devel/basset-hound-browser/node_modules/jest-circus/build/run.js:126:9)
    at _runTestsForDescribeBlock (/home/devel/basset-hound-browser/node_modules/jest-circus/build/run.js:121:9)
    at _runTestsForDescribeBlock (/home/devel/basset-hound-browser/node_modules/jest-circus/build/run.js:121:9)
    at run (/home/devel/basset-hound-browser/node_modules/jest-circus/build/run.js:71:3)
    at runAndTransformResultsToJestFormat (/home/devel/basset-hound-browser/node_modules/jest-circus/build/legacy-code-todo-rewrite/jestAdapterInit.js:122:21)
    at jestAdapter (/home/devel/basset-hound-browser/node_modules/jest-circus/build/legacy-code-todo-rewrite/jestAdapter.js:79:19)
    at runTestInternal (/home/devel/basset-hound-browser/node_modules/jest-runner/build/runTest.js:367:16)
    at runTest (/home/devel/basset-hound-browser/node_modules/jest-runner/build/runTest.js:444:34)
    at Object.worker (/home/devel/basset-hound-browser/node_modules/jest-runner/build/testWorker.js:106:12)</failure>
    </testcase>
    <testcase classname="Browser Launch Tests Spectron Tests should not be minimized on start" name="Browser Launch Tests Spectron Tests should not be minimized on start" time="0">
      <failure>Error: Application path must be a string
    at /home/devel/basset-hound-browser/node_modules/spectron/lib/application.js:123:21
    at new Promise (&lt;anonymous&gt;)
    at Application.Object.&lt;anonymous&gt;.Application.exists (/home/devel/basset-hound-browser/node_modules/spectron/lib/application.js:118:10)
    at Application.Object.&lt;anonymous&gt;.Application.start (/home/devel/basset-hound-browser/node_modules/spectron/lib/application.js:47:15)
    at Object.start (/home/devel/basset-hound-browser/tests/integration/browser-launch.test.js:78:17)
    at Promise.then.completed (/home/devel/basset-hound-browser/node_modules/jest-circus/build/utils.js:298:28)
    at new Promise (&lt;anonymous&gt;)
    at callAsyncCircusFn (/home/devel/basset-hound-browser/node_modules/jest-circus/build/utils.js:231:10)
    at _callCircusTest (/home/devel/basset-hound-browser/node_modules/jest-circus/build/run.js:316:40)
    at processTicksAndRejections (node:internal/process/task_queues:95:5)
    at _runTest (/home/devel/basset-hound-browser/node_modules/jest-circus/build/run.js:252:3)
    at _runTestsForDescribeBlock (/home/devel/basset-hound-browser/node_modules/jest-circus/build/run.js:126:9)
    at _runTestsForDescribeBlock (/home/devel/basset-hound-browser/node_modules/jest-circus/build/run.js:121:9)
    at _runTestsForDescribeBlock (/home/devel/basset-hound-browser/node_modules/jest-circus/build/run.js:121:9)
    at run (/home/devel/basset-hound-browser/node_modules/jest-circus/build/run.js:71:3)
    at runAndTransformResultsToJestFormat (/home/devel/basset-hound-browser/node_modules/jest-circus/build/legacy-code-todo-rewrite/jestAdapterInit.js:122:21)
    at jestAdapter (/home/devel/basset-hound-browser/node_modules/jest-circus/build/legacy-code-todo-rewrite/jestAdapter.js:79:19)
    at runTestInternal (/home/devel/basset-hound-browser/node_modules/jest-runner/build/runTest.js:367:16)
    at runTest (/home/devel/basset-hound-browser/node_modules/jest-runner/build/runTest.js:444:34)
    at Object.worker (/home/devel/basset-hound-browser/node_modules/jest-runner/build/testWorker.js:106:12)</failure>
    </testcase>
    <testcase classname="Browser Launch Tests Spectron Tests should be visible on start" name="Browser Launch Tests Spectron Tests should be visible on start" time="0">
      <failure>Error: Application path must be a string
    at /home/devel/basset-hound-browser/node_modules/spectron/lib/application.js:123:21
    at new Promise (&lt;anonymous&gt;)
    at Application.Object.&lt;anonymous&gt;.Application.exists (/home/devel/basset-hound-browser/node_modules/spectron/lib/application.js:118:10)
    at Application.Object.&lt;anonymous&gt;.Application.start (/home/devel/basset-hound-browser/node_modules/spectron/lib/application.js:47:15)
    at Object.start (/home/devel/basset-hound-browser/tests/integration/browser-launch.test.js:84:17)
    at Promise.then.completed (/home/devel/basset-hound-browser/node_modules/jest-circus/build/utils.js:298:28)
    at new Promise (&lt;anonymous&gt;)
    at callAsyncCircusFn (/home/devel/basset-hound-browser/node_modules/jest-circus/build/utils.js:231:10)
    at _callCircusTest (/home/devel/basset-hound-browser/node_modules/jest-circus/build/run.js:316:40)
    at processTicksAndRejections (node:internal/process/task_queues:95:5)
    at _runTest (/home/devel/basset-hound-browser/node_modules/jest-circus/build/run.js:252:3)
    at _runTestsForDescribeBlock (/home/devel/basset-hound-browser/node_modules/jest-circus/build/run.js:126:9)
    at _runTestsForDescribeBlock (/home/devel/basset-hound-browser/node_modules/jest-circus/build/run.js:121:9)
    at _runTestsForDescribeBlock (/home/devel/basset-hound-browser/node_modules/jest-circus/build/run.js:121:9)
    at run (/home/devel/basset-hound-browser/node_modules/jest-circus/build/run.js:71:3)
    at runAndTransformResultsToJestFormat (/home/devel/basset-hound-browser/node_modules/jest-circus/build/legacy-code-todo-rewrite/jestAdapterInit.js:122:21)
    at jestAdapter (/home/devel/basset-hound-browser/node_modules/jest-circus/build/legacy-code-todo-rewrite/jestAdapter.js:79:19)
    at runTestInternal (/home/devel/basset-hound-browser/node_modules/jest-runner/build/runTest.js:367:16)
    at runTest (/home/devel/basset-hound-browser/node_modules/jest-runner/build/runTest.js:444:34)
    at Object.worker (/home/devel/basset-hound-browser/node_modules/jest-runner/build/testWorker.js:106:12)</failure>
    </testcase>
    <testcase classname="Browser Launch Tests Playwright Electron Tests should launch with Playwright" name="Browser Launch Tests Playwright Electron Tests should launch with Playwright" time="0.04">
      <failure>Error: Process failed to launch!
    at waitForLine (/home/devel/basset-hound-browser/node_modules/playwright-core/lib/server/electron/electron.js:252:21)
    at Electron.launch (/home/devel/basset-hound-browser/node_modules/playwright-core/lib/server/electron/electron.js:200:32)
    at ElectronDispatcher.launch (/home/devel/basset-hound-browser/node_modules/playwright-core/lib/server/dispatchers/electronDispatcher.js:38:33)
    at ProgressController.run (/home/devel/basset-hound-browser/node_modules/playwright-core/lib/server/progress.js:104:22)
    at ElectronDispatcher._runCommand (/home/devel/basset-hound-browser/node_modules/playwright-core/lib/server/dispatchers/dispatcher.js:91:14)
    at DispatcherConnection.dispatch (/home/devel/basset-hound-browser/node_modules/playwright-core/lib/server/dispatchers/dispatcher.js:325:22)</failure>
      <failure>Error: Process failed to launch!
    at waitForLine (/home/devel/basset-hound-browser/node_modules/playwright-core/lib/server/electron/electron.js:252:21)
    at Electron.launch (/home/devel/basset-hound-browser/node_modules/playwright-core/lib/server/electron/electron.js:201:39)
    at ElectronDispatcher.launch (/home/devel/basset-hound-browser/node_modules/playwright-core/lib/server/dispatchers/electronDispatcher.js:38:33)
    at ProgressController.run (/home/devel/basset-hound-browser/node_modules/playwright-core/lib/server/progress.js:104:22)
    at ElectronDispatcher._runCommand (/home/devel/basset-hound-browser/node_modules/playwright-core/lib/server/dispatchers/dispatcher.js:91:14)
    at DispatcherConnection.dispatch (/home/devel/basset-hound-browser/node_modules/playwright-core/lib/server/dispatchers/dispatcher.js:325:22)</failure>
      <failure>Error: Process failed to launch!
    at waitForLine (/home/devel/basset-hound-browser/node_modules/playwright-core/lib/server/electron/electron.js:252:21)
    at Electron.launch (/home/devel/basset-hound-browser/node_modules/playwright-core/lib/server/electron/electron.js:188:33)
    at ElectronDispatcher.launch (/home/devel/basset-hound-browser/node_modules/playwright-core/lib/server/dispatchers/electronDispatcher.js:38:33)
    at ProgressController.run (/home/devel/basset-hound-browser/node_modules/playwright-core/lib/server/progress.js:104:22)
    at ElectronDispatcher._runCommand (/home/devel/basset-hound-browser/node_modules/playwright-core/lib/server/dispatchers/dispatcher.js:91:14)
    at DispatcherConnection.dispatch (/home/devel/basset-hound-browser/node_modules/playwright-core/lib/server/dispatchers/dispatcher.js:325:22)</failure>
      <failure>electron.launch: Process failed to launch!
Call log:
  - &lt;launching&gt; /home/devel/basset-hound-browser/node_modules/electron/dist/electron -r /home/devel/basset-hound-browser/node_modules/playwright-core/lib/server/electron/loader.js --no-sandbox --inspect=0 --remote-debugging-port=0 /home/devel/basset-hound-browser
  - &lt;launched&gt; pid=499375
  - [pid=499375][err] /home/devel/basset-hound-browser/node_modules/electron/dist/electron: bad option: --no-sandbox
  - [pid=499375][err] /home/devel/basset-hound-browser/node_modules/electron/dist/electron: bad option: --remote-debugging-port=0
  - [pid=499375] &lt;kill&gt;
  - [pid=499375] &lt;will force kill&gt;
  - [pid=499375] &lt;process did exit: exitCode=9, signal=null&gt;
  - [pid=499375] starting temporary directories cleanup
  - [pid=499375] finished temporary directories cleanup

    at Object.&lt;anonymous&gt; (/home/devel/basset-hound-browser/tests/integration/browser-launch.test.js:92:21)</failure>
    </testcase>
    <testcase classname="Browser Launch Tests Playwright Electron Tests should have webview element" name="Browser Launch Tests Playwright Electron Tests should have webview element" time="0.033">
      <failure>Error: Process failed to launch!
    at waitForLine (/home/devel/basset-hound-browser/node_modules/playwright-core/lib/server/electron/electron.js:252:21)
    at Electron.launch (/home/devel/basset-hound-browser/node_modules/playwright-core/lib/server/electron/electron.js:200:32)
    at ElectronDispatcher.launch (/home/devel/basset-hound-browser/node_modules/playwright-core/lib/server/dispatchers/electronDispatcher.js:38:33)
    at ProgressController.run (/home/devel/basset-hound-browser/node_modules/playwright-core/lib/server/progress.js:104:22)
    at ElectronDispatcher._runCommand (/home/devel/basset-hound-browser/node_modules/playwright-core/lib/server/dispatchers/dispatcher.js:91:14)
    at DispatcherConnection.dispatch (/home/devel/basset-hound-browser/node_modules/playwright-core/lib/server/dispatchers/dispatcher.js:325:22)</failure>
      <failure>Error: Process failed to launch!
    at waitForLine (/home/devel/basset-hound-browser/node_modules/playwright-core/lib/server/electron/electron.js:252:21)
    at Electron.launch (/home/devel/basset-hound-browser/node_modules/playwright-core/lib/server/electron/electron.js:201:39)
    at ElectronDispatcher.launch (/home/devel/basset-hound-browser/node_modules/playwright-core/lib/server/dispatchers/electronDispatcher.js:38:33)
    at ProgressController.run (/home/devel/basset-hound-browser/node_modules/playwright-core/lib/server/progress.js:104:22)
    at ElectronDispatcher._runCommand (/home/devel/basset-hound-browser/node_modules/playwright-core/lib/server/dispatchers/dispatcher.js:91:14)
    at DispatcherConnection.dispatch (/home/devel/basset-hound-browser/node_modules/playwright-core/lib/server/dispatchers/dispatcher.js:325:22)</failure>
      <failure>Error: Process failed to launch!
    at waitForLine (/home/devel/basset-hound-browser/node_modules/playwright-core/lib/server/electron/electron.js:252:21)
    at Electron.launch (/home/devel/basset-hound-browser/node_modules/playwright-core/lib/server/electron/electron.js:188:33)
    at ElectronDispatcher.launch (/home/devel/basset-hound-browser/node_modules/playwright-core/lib/server/dispatchers/electronDispatcher.js:38:33)
    at ProgressController.run (/home/devel/basset-hound-browser/node_modules/playwright-core/lib/server/progress.js:104:22)
    at ElectronDispatcher._runCommand (/home/devel/basset-hound-browser/node_modules/playwright-core/lib/server/dispatchers/dispatcher.js:91:14)
    at DispatcherConnection.dispatch (/home/devel/basset-hound-browser/node_modules/playwright-core/lib/server/dispatchers/dispatcher.js:325:22)</failure>
      <failure>electron.launch: Process failed to launch!
Call log:
  - &lt;launching&gt; /home/devel/basset-hound-browser/node_modules/electron/dist/electron -r /home/devel/basset-hound-browser/node_modules/playwright-core/lib/server/electron/loader.js --no-sandbox --inspect=0 --remote-debugging-port=0 /home/devel/basset-hound-browser
  - &lt;launched&gt; pid=499378
  - [pid=499378][err] /home/devel/basset-hound-browser/node_modules/electron/dist/electron: bad option: --no-sandbox
  - [pid=499378][err] /home/devel/basset-hound-browser/node_modules/electron/dist/electron: bad option: --remote-debugging-port=0
  - [pid=499378] &lt;kill&gt;
  - [pid=499378] &lt;will force kill&gt;
  - [pid=499378] &lt;process did exit: exitCode=9, signal=null&gt;
  - [pid=499378] starting temporary directories cleanup
  - [pid=499378] finished temporary directories cleanup

    at Object.&lt;anonymous&gt; (/home/devel/basset-hound-browser/tests/integration/browser-launch.test.js:103:21)</failure>
    </testcase>
    <testcase classname="Browser Launch Tests Playwright Electron Tests should have navigation controls" name="Browser Launch Tests Playwright Electron Tests should have navigation controls" time="0.032">
      <failure>Error: Process failed to launch!
    at waitForLine (/home/devel/basset-hound-browser/node_modules/playwright-core/lib/server/electron/electron.js:252:21)
    at Electron.launch (/home/devel/basset-hound-browser/node_modules/playwright-core/lib/server/electron/electron.js:200:32)
    at ElectronDispatcher.launch (/home/devel/basset-hound-browser/node_modules/playwright-core/lib/server/dispatchers/electronDispatcher.js:38:33)
    at ProgressController.run (/home/devel/basset-hound-browser/node_modules/playwright-core/lib/server/progress.js:104:22)
    at ElectronDispatcher._runCommand (/home/devel/basset-hound-browser/node_modules/playwright-core/lib/server/dispatchers/dispatcher.js:91:14)
    at DispatcherConnection.dispatch (/home/devel/basset-hound-browser/node_modules/playwright-core/lib/server/dispatchers/dispatcher.js:325:22)</failure>
      <failure>Error: Process failed to launch!
    at waitForLine (/home/devel/basset-hound-browser/node_modules/playwright-core/lib/server/electron/electron.js:252:21)
    at Electron.launch (/home/devel/basset-hound-browser/node_modules/playwright-core/lib/server/electron/electron.js:201:39)
    at ElectronDispatcher.launch (/home/devel/basset-hound-browser/node_modules/playwright-core/lib/server/dispatchers/electronDispatcher.js:38:33)
    at ProgressController.run (/home/devel/basset-hound-browser/node_modules/playwright-core/lib/server/progress.js:104:22)
    at ElectronDispatcher._runCommand (/home/devel/basset-hound-browser/node_modules/playwright-core/lib/server/dispatchers/dispatcher.js:91:14)
    at DispatcherConnection.dispatch (/home/devel/basset-hound-browser/node_modules/playwright-core/lib/server/dispatchers/dispatcher.js:325:22)</failure>
      <failure>Error: Process failed to launch!
    at waitForLine (/home/devel/basset-hound-browser/node_modules/playwright-core/lib/server/electron/electron.js:252:21)
    at Electron.launch (/home/devel/basset-hound-browser/node_modules/playwright-core/lib/server/electron/electron.js:188:33)
    at ElectronDispatcher.launch (/home/devel/basset-hound-browser/node_modules/playwright-core/lib/server/dispatchers/electronDispatcher.js:38:33)
    at ProgressController.run (/home/devel/basset-hound-browser/node_modules/playwright-core/lib/server/progress.js:104:22)
    at ElectronDispatcher._runCommand (/home/devel/basset-hound-browser/node_modules/playwright-core/lib/server/dispatchers/dispatcher.js:91:14)
    at DispatcherConnection.dispatch (/home/devel/basset-hound-browser/node_modules/playwright-core/lib/server/dispatchers/dispatcher.js:325:22)</failure>
      <failure>electron.launch: Process failed to launch!
Call log:
  - &lt;launching&gt; /home/devel/basset-hound-browser/node_modules/electron/dist/electron -r /home/devel/basset-hound-browser/node_modules/playwright-core/lib/server/electron/loader.js --no-sandbox --inspect=0 --remote-debugging-port=0 /home/devel/basset-hound-browser
  - &lt;launched&gt; pid=499379
  - [pid=499379][err] /home/devel/basset-hound-browser/node_modules/electron/dist/electron: bad option: --no-sandbox
  - [pid=499379][err] /home/devel/basset-hound-browser/node_modules/electron/dist/electron: bad option: --remote-debugging-port=0
  - [pid=499379] &lt;kill&gt;
  - [pid=499379] &lt;will force kill&gt;
  - [pid=499379] &lt;process did exit: exitCode=9, signal=null&gt;
  - [pid=499379] starting temporary directories cleanup
  - [pid=499379] finished temporary directories cleanup

    at Object.&lt;anonymous&gt; (/home/devel/basset-hound-browser/tests/integration/browser-launch.test.js:117:21)</failure>
    </testcase>
    <testcase classname="Browser Launch Tests Playwright Electron Tests should have address bar" name="Browser Launch Tests Playwright Electron Tests should have address bar" time="0.032">
      <failure>Error: Process failed to launch!
    at waitForLine (/home/devel/basset-hound-browser/node_modules/playwright-core/lib/server/electron/electron.js:252:21)
    at Electron.launch (/home/devel/basset-hound-browser/node_modules/playwright-core/lib/server/electron/electron.js:200:32)
    at ElectronDispatcher.launch (/home/devel/basset-hound-browser/node_modules/playwright-core/lib/server/dispatchers/electronDispatcher.js:38:33)
    at ProgressController.run (/home/devel/basset-hound-browser/node_modules/playwright-core/lib/server/progress.js:104:22)
    at ElectronDispatcher._runCommand (/home/devel/basset-hound-browser/node_modules/playwright-core/lib/server/dispatchers/dispatcher.js:91:14)
    at DispatcherConnection.dispatch (/home/devel/basset-hound-browser/node_modules/playwright-core/lib/server/dispatchers/dispatcher.js:325:22)</failure>
      <failure>Error: Process failed to launch!
    at waitForLine (/home/devel/basset-hound-browser/node_modules/playwright-core/lib/server/electron/electron.js:252:21)
    at Electron.launch (/home/devel/basset-hound-browser/node_modules/playwright-core/lib/server/electron/electron.js:201:39)
    at ElectronDispatcher.launch (/home/devel/basset-hound-browser/node_modules/playwright-core/lib/server/dispatchers/electronDispatcher.js:38:33)
    at ProgressController.run (/home/devel/basset-hound-browser/node_modules/playwright-core/lib/server/progress.js:104:22)
    at ElectronDispatcher._runCommand (/home/devel/basset-hound-browser/node_modules/playwright-core/lib/server/dispatchers/dispatcher.js:91:14)
    at DispatcherConnection.dispatch (/home/devel/basset-hound-browser/node_modules/playwright-core/lib/server/dispatchers/dispatcher.js:325:22)</failure>
      <failure>Error: Process failed to launch!
    at waitForLine (/home/devel/basset-hound-browser/node_modules/playwright-core/lib/server/electron/electron.js:252:21)
    at Electron.launch (/home/devel/basset-hound-browser/node_modules/playwright-core/lib/server/electron/electron.js:188:33)
    at ElectronDispatcher.launch (/home/devel/basset-hound-browser/node_modules/playwright-core/lib/server/dispatchers/electronDispatcher.js:38:33)
    at ProgressController.run (/home/devel/basset-hound-browser/node_modules/playwright-core/lib/server/progress.js:104:22)
    at ElectronDispatcher._runCommand (/home/devel/basset-hound-browser/node_modules/playwright-core/lib/server/dispatchers/dispatcher.js:91:14)
    at DispatcherConnection.dispatch (/home/devel/basset-hound-browser/node_modules/playwright-core/lib/server/dispatchers/dispatcher.js:325:22)</failure>
      <failure>electron.launch: Process failed to launch!
Call log:
  - &lt;launching&gt; /home/devel/basset-hound-browser/node_modules/electron/dist/electron -r /home/devel/basset-hound-browser/node_modules/playwright-core/lib/server/electron/loader.js --no-sandbox --inspect=0 --remote-debugging-port=0 /home/devel/basset-hound-browser
  - &lt;launched&gt; pid=499380
  - [pid=499380][err] /home/devel/basset-hound-browser/node_modules/electron/dist/electron: bad option: --no-sandbox
  - [pid=499380][err] /home/devel/basset-hound-browser/node_modules/electron/dist/electron: bad option: --remote-debugging-port=0
  - [pid=499380] &lt;kill&gt;
  - [pid=499380] &lt;will force kill&gt;
  - [pid=499380] &lt;process did exit: exitCode=9, signal=null&gt;
  - [pid=499380] starting temporary directories cleanup
  - [pid=499380] finished temporary directories cleanup

    at Object.&lt;anonymous&gt; (/home/devel/basset-hound-browser/tests/integration/browser-launch.test.js:133:21)</failure>
    </testcase>
    <testcase classname="Browser Launch Tests Playwright Electron Tests should respond to keyboard shortcuts" name="Browser Launch Tests Playwright Electron Tests should respond to keyboard shortcuts" time="0.031">
      <failure>Error: Process failed to launch!
    at waitForLine (/home/devel/basset-hound-browser/node_modules/playwright-core/lib/server/electron/electron.js:252:21)
    at Electron.launch (/home/devel/basset-hound-browser/node_modules/playwright-core/lib/server/electron/electron.js:200:32)
    at ElectronDispatcher.launch (/home/devel/basset-hound-browser/node_modules/playwright-core/lib/server/dispatchers/electronDispatcher.js:38:33)
    at ProgressController.run (/home/devel/basset-hound-browser/node_modules/playwright-core/lib/server/progress.js:104:22)
    at ElectronDispatcher._runCommand (/home/devel/basset-hound-browser/node_modules/playwright-core/lib/server/dispatchers/dispatcher.js:91:14)
    at DispatcherConnection.dispatch (/home/devel/basset-hound-browser/node_modules/playwright-core/lib/server/dispatchers/dispatcher.js:325:22)</failure>
      <failure>Error: Process failed to launch!
    at waitForLine (/home/devel/basset-hound-browser/node_modules/playwright-core/lib/server/electron/electron.js:252:21)
    at Electron.launch (/home/devel/basset-hound-browser/node_modules/playwright-core/lib/server/electron/electron.js:201:39)
    at ElectronDispatcher.launch (/home/devel/basset-hound-browser/node_modules/playwright-core/lib/server/dispatchers/electronDispatcher.js:38:33)
    at ProgressController.run (/home/devel/basset-hound-browser/node_modules/playwright-core/lib/server/progress.js:104:22)
    at ElectronDispatcher._runCommand (/home/devel/basset-hound-browser/node_modules/playwright-core/lib/server/dispatchers/dispatcher.js:91:14)
    at DispatcherConnection.dispatch (/home/devel/basset-hound-browser/node_modules/playwright-core/lib/server/dispatchers/dispatcher.js:325:22)</failure>
      <failure>Error: Process failed to launch!
    at waitForLine (/home/devel/basset-hound-browser/node_modules/playwright-core/lib/server/electron/electron.js:252:21)
    at Electron.launch (/home/devel/basset-hound-browser/node_modules/playwright-core/lib/server/electron/electron.js:188:33)
    at ElectronDispatcher.launch (/home/devel/basset-hound-browser/node_modules/playwright-core/lib/server/dispatchers/electronDispatcher.js:38:33)
    at ProgressController.run (/home/devel/basset-hound-browser/node_modules/playwright-core/lib/server/progress.js:104:22)
    at ElectronDispatcher._runCommand (/home/devel/basset-hound-browser/node_modules/playwright-core/lib/server/dispatchers/dispatcher.js:91:14)
    at DispatcherConnection.dispatch (/home/devel/basset-hound-browser/node_modules/playwright-core/lib/server/dispatchers/dispatcher.js:325:22)</failure>
      <failure>electron.launch: Process failed to launch!
Call log:
  - &lt;launching&gt; /home/devel/basset-hound-browser/node_modules/electron/dist/electron -r /home/devel/basset-hound-browser/node_modules/playwright-core/lib/server/electron/loader.js --no-sandbox --inspect=0 --remote-debugging-port=0 /home/devel/basset-hound-browser
  - &lt;launched&gt; pid=499381
  - [pid=499381][err] /home/devel/basset-hound-browser/node_modules/electron/dist/electron: bad option: --no-sandbox
  - [pid=499381][err] /home/devel/basset-hound-browser/node_modules/electron/dist/electron: bad option: --remote-debugging-port=0
  - [pid=499381] &lt;kill&gt;
  - [pid=499381] &lt;will force kill&gt;
  - [pid=499381] &lt;process did exit: exitCode=9, signal=null&gt;
  - [pid=499381] starting temporary directories cleanup
  - [pid=499381] finished temporary directories cleanup

    at Object.&lt;anonymous&gt; (/home/devel/basset-hound-browser/tests/integration/browser-launch.test.js:145:21)</failure>
    </testcase>
    <testcase classname="Browser Launch Tests Window Properties should have correct process type" name="Browser Launch Tests Window Properties should have correct process type" time="0.035">
      <failure>Error: Process failed to launch!
    at waitForLine (/home/devel/basset-hound-browser/node_modules/playwright-core/lib/server/electron/electron.js:252:21)
    at Electron.launch (/home/devel/basset-hound-browser/node_modules/playwright-core/lib/server/electron/electron.js:200:32)
    at ElectronDispatcher.launch (/home/devel/basset-hound-browser/node_modules/playwright-core/lib/server/dispatchers/electronDispatcher.js:38:33)
    at ProgressController.run (/home/devel/basset-hound-browser/node_modules/playwright-core/lib/server/progress.js:104:22)
    at ElectronDispatcher._runCommand (/home/devel/basset-hound-browser/node_modules/playwright-core/lib/server/dispatchers/dispatcher.js:91:14)
    at DispatcherConnection.dispatch (/home/devel/basset-hound-browser/node_modules/playwright-core/lib/server/dispatchers/dispatcher.js:325:22)</failure>
      <failure>Error: Process failed to launch!
    at waitForLine (/home/devel/basset-hound-browser/node_modules/playwright-core/lib/server/electron/electron.js:252:21)
    at Electron.launch (/home/devel/basset-hound-browser/node_modules/playwright-core/lib/server/electron/electron.js:201:39)
    at ElectronDispatcher.launch (/home/devel/basset-hound-browser/node_modules/playwright-core/lib/server/dispatchers/electronDispatcher.js:38:33)
    at ProgressController.run (/home/devel/basset-hound-browser/node_modules/playwright-core/lib/server/progress.js:104:22)
    at ElectronDispatcher._runCommand (/home/devel/basset-hound-browser/node_modules/playwright-core/lib/server/dispatchers/dispatcher.js:91:14)
    at DispatcherConnection.dispatch (/home/devel/basset-hound-browser/node_modules/playwright-core/lib/server/dispatchers/dispatcher.js:325:22)</failure>
      <failure>Error: Process failed to launch!
    at waitForLine (/home/devel/basset-hound-browser/node_modules/playwright-core/lib/server/electron/electron.js:252:21)
    at Electron.launch (/home/devel/basset-hound-browser/node_modules/playwright-core/lib/server/electron/electron.js:188:33)
    at ElectronDispatcher.launch (/home/devel/basset-hound-browser/node_modules/playwright-core/lib/server/dispatchers/electronDispatcher.js:38:33)
    at ProgressController.run (/home/devel/basset-hound-browser/node_modules/playwright-core/lib/server/progress.js:104:22)
    at ElectronDispatcher._runCommand (/home/devel/basset-hound-browser/node_modules/playwright-core/lib/server/dispatchers/dispatcher.js:91:14)
    at DispatcherConnection.dispatch (/home/devel/basset-hound-browser/node_modules/playwright-core/lib/server/dispatchers/dispatcher.js:325:22)</failure>
      <failure>electron.launch: Process failed to launch!
Call log:
  - &lt;launching&gt; /home/devel/basset-hound-browser/node_modules/electron/dist/electron -r /home/devel/basset-hound-browser/node_modules/playwright-core/lib/server/electron/loader.js --no-sandbox --inspect=0 --remote-debugging-port=0 /home/devel/basset-hound-browser
  - &lt;launched&gt; pid=499382
  - [pid=499382][err] /home/devel/basset-hound-browser/node_modules/electron/dist/electron: bad option: --no-sandbox
  - [pid=499382][err] /home/devel/basset-hound-browser/node_modules/electron/dist/electron: bad option: --remote-debugging-port=0
  - [pid=499382] &lt;kill&gt;
  - [pid=499382] &lt;will force kill&gt;
  - [pid=499382] &lt;process did exit: exitCode=9, signal=null&gt;
  - [pid=499382] starting temporary directories cleanup
  - [pid=499382] finished temporary directories cleanup

    at Object.&lt;anonymous&gt; (/home/devel/basset-hound-browser/tests/integration/browser-launch.test.js:168:21)</failure>
    </testcase>
    <testcase classname="Browser Launch Tests Window Properties should have electron APIs available" name="Browser Launch Tests Window Properties should have electron APIs available" time="0.032">
      <failure>Error: Process failed to launch!
    at waitForLine (/home/devel/basset-hound-browser/node_modules/playwright-core/lib/server/electron/electron.js:252:21)
    at Electron.launch (/home/devel/basset-hound-browser/node_modules/playwright-core/lib/server/electron/electron.js:200:32)
    at ElectronDispatcher.launch (/home/devel/basset-hound-browser/node_modules/playwright-core/lib/server/dispatchers/electronDispatcher.js:38:33)
    at ProgressController.run (/home/devel/basset-hound-browser/node_modules/playwright-core/lib/server/progress.js:104:22)
    at ElectronDispatcher._runCommand (/home/devel/basset-hound-browser/node_modules/playwright-core/lib/server/dispatchers/dispatcher.js:91:14)
    at DispatcherConnection.dispatch (/home/devel/basset-hound-browser/node_modules/playwright-core/lib/server/dispatchers/dispatcher.js:325:22)</failure>
      <failure>Error: Process failed to launch!
    at waitForLine (/home/devel/basset-hound-browser/node_modules/playwright-core/lib/server/electron/electron.js:252:21)
    at Electron.launch (/home/devel/basset-hound-browser/node_modules/playwright-core/lib/server/electron/electron.js:201:39)
    at ElectronDispatcher.launch (/home/devel/basset-hound-browser/node_modules/playwright-core/lib/server/dispatchers/electronDispatcher.js:38:33)
    at ProgressController.run (/home/devel/basset-hound-browser/node_modules/playwright-core/lib/server/progress.js:104:22)
    at ElectronDispatcher._runCommand (/home/devel/basset-hound-browser/node_modules/playwright-core/lib/server/dispatchers/dispatcher.js:91:14)
    at DispatcherConnection.dispatch (/home/devel/basset-hound-browser/node_modules/playwright-core/lib/server/dispatchers/dispatcher.js:325:22)</failure>
      <failure>Error: Process failed to launch!
    at waitForLine (/home/devel/basset-hound-browser/node_modules/playwright-core/lib/server/electron/electron.js:252:21)
    at Electron.launch (/home/devel/basset-hound-browser/node_modules/playwright-core/lib/server/electron/electron.js:188:33)
    at ElectronDispatcher.launch (/home/devel/basset-hound-browser/node_modules/playwright-core/lib/server/dispatchers/electronDispatcher.js:38:33)
    at ProgressController.run (/home/devel/basset-hound-browser/node_modules/playwright-core/lib/server/progress.js:104:22)
    at ElectronDispatcher._runCommand (/home/devel/basset-hound-browser/node_modules/playwright-core/lib/server/dispatchers/dispatcher.js:91:14)
    at DispatcherConnection.dispatch (/home/devel/basset-hound-browser/node_modules/playwright-core/lib/server/dispatchers/dispatcher.js:325:22)</failure>
      <failure>electron.launch: Process failed to launch!
Call log:
  - &lt;launching&gt; /home/devel/basset-hound-browser/node_modules/electron/dist/electron -r /home/devel/basset-hound-browser/node_modules/playwright-core/lib/server/electron/loader.js --no-sandbox --inspect=0 --remote-debugging-port=0 /home/devel/basset-hound-browser
  - &lt;launched&gt; pid=499384
  - [pid=499384][err] /home/devel/basset-hound-browser/node_modules/electron/dist/electron: bad option: --no-sandbox
  - [pid=499384][err] /home/devel/basset-hound-browser/node_modules/electron/dist/electron: bad option: --remote-debugging-port=0
  - [pid=499384] &lt;kill&gt;
  - [pid=499384] &lt;will force kill&gt;
  - [pid=499384] &lt;process did exit: exitCode=9, signal=null&gt;
  - [pid=499384] starting temporary directories cleanup
  - [pid=499384] finished temporary directories cleanup

    at Object.&lt;anonymous&gt; (/home/devel/basset-hound-browser/tests/integration/browser-launch.test.js:183:21)</failure>
    </testcase>
    <testcase classname="Browser Launch Tests Window Properties should have node integration disabled in renderer" name="Browser Launch Tests Window Properties should have node integration disabled in renderer" time="0.032">
      <failure>Error: Process failed to launch!
    at waitForLine (/home/devel/basset-hound-browser/node_modules/playwright-core/lib/server/electron/electron.js:252:21)
    at Electron.launch (/home/devel/basset-hound-browser/node_modules/playwright-core/lib/server/electron/electron.js:200:32)
    at ElectronDispatcher.launch (/home/devel/basset-hound-browser/node_modules/playwright-core/lib/server/dispatchers/electronDispatcher.js:38:33)
    at ProgressController.run (/home/devel/basset-hound-browser/node_modules/playwright-core/lib/server/progress.js:104:22)
    at ElectronDispatcher._runCommand (/home/devel/basset-hound-browser/node_modules/playwright-core/lib/server/dispatchers/dispatcher.js:91:14)
    at DispatcherConnection.dispatch (/home/devel/basset-hound-browser/node_modules/playwright-core/lib/server/dispatchers/dispatcher.js:325:22)</failure>
      <failure>Error: Process failed to launch!
    at waitForLine (/home/devel/basset-hound-browser/node_modules/playwright-core/lib/server/electron/electron.js:252:21)
    at Electron.launch (/home/devel/basset-hound-browser/node_modules/playwright-core/lib/server/electron/electron.js:201:39)
    at ElectronDispatcher.launch (/home/devel/basset-hound-browser/node_modules/playwright-core/lib/server/dispatchers/electronDispatcher.js:38:33)
    at ProgressController.run (/home/devel/basset-hound-browser/node_modules/playwright-core/lib/server/progress.js:104:22)
    at ElectronDispatcher._runCommand (/home/devel/basset-hound-browser/node_modules/playwright-core/lib/server/dispatchers/dispatcher.js:91:14)
    at DispatcherConnection.dispatch (/home/devel/basset-hound-browser/node_modules/playwright-core/lib/server/dispatchers/dispatcher.js:325:22)</failure>
      <failure>Error: Process failed to launch!
    at waitForLine (/home/devel/basset-hound-browser/node_modules/playwright-core/lib/server/electron/electron.js:252:21)
    at Electron.launch (/home/devel/basset-hound-browser/node_modules/playwright-core/lib/server/electron/electron.js:188:33)
    at ElectronDispatcher.launch (/home/devel/basset-hound-browser/node_modules/playwright-core/lib/server/dispatchers/electronDispatcher.js:38:33)
    at ProgressController.run (/home/devel/basset-hound-browser/node_modules/playwright-core/lib/server/progress.js:104:22)
    at ElectronDispatcher._runCommand (/home/devel/basset-hound-browser/node_modules/playwright-core/lib/server/dispatchers/dispatcher.js:91:14)
    at DispatcherConnection.dispatch (/home/devel/basset-hound-browser/node_modules/playwright-core/lib/server/dispatchers/dispatcher.js:325:22)</failure>
      <failure>electron.launch: Process failed to launch!
Call log:
  - &lt;launching&gt; /home/devel/basset-hound-browser/node_modules/electron/dist/electron -r /home/devel/basset-hound-browser/node_modules/playwright-core/lib/server/electron/loader.js --no-sandbox --inspect=0 --remote-debugging-port=0 /home/devel/basset-hound-browser
  - &lt;launched&gt; pid=499403
  - [pid=499403][err] /home/devel/basset-hound-browser/node_modules/electron/dist/electron: bad option: --no-sandbox
  - [pid=499403][err] /home/devel/basset-hound-browser/node_modules/electron/dist/electron: bad option: --remote-debugging-port=0
  - [pid=499403] &lt;kill&gt;
  - [pid=499403] &lt;will force kill&gt;
  - [pid=499403] &lt;process did exit: exitCode=9, signal=null&gt;
  - [pid=499403] starting temporary directories cleanup
  - [pid=499403] finished temporary directories cleanup

    at Object.&lt;anonymous&gt; (/home/devel/basset-hound-browser/tests/integration/browser-launch.test.js:200:21)</failure>
    </testcase>
    <testcase classname="Browser Launch Tests Application State should create WebSocket server on startup" name="Browser Launch Tests Application State should create WebSocket server on startup" time="0.034">
      <failure>Error: Process failed to launch!
    at waitForLine (/home/devel/basset-hound-browser/node_modules/playwright-core/lib/server/electron/electron.js:252:21)
    at Electron.launch (/home/devel/basset-hound-browser/node_modules/playwright-core/lib/server/electron/electron.js:200:32)
    at ElectronDispatcher.launch (/home/devel/basset-hound-browser/node_modules/playwright-core/lib/server/dispatchers/electronDispatcher.js:38:33)
    at ProgressController.run (/home/devel/basset-hound-browser/node_modules/playwright-core/lib/server/progress.js:104:22)
    at ElectronDispatcher._runCommand (/home/devel/basset-hound-browser/node_modules/playwright-core/lib/server/dispatchers/dispatcher.js:91:14)
    at DispatcherConnection.dispatch (/home/devel/basset-hound-browser/node_modules/playwright-core/lib/server/dispatchers/dispatcher.js:325:22)</failure>
      <failure>Error: Process failed to launch!
    at waitForLine (/home/devel/basset-hound-browser/node_modules/playwright-core/lib/server/electron/electron.js:252:21)
    at Electron.launch (/home/devel/basset-hound-browser/node_modules/playwright-core/lib/server/electron/electron.js:201:39)
    at ElectronDispatcher.launch (/home/devel/basset-hound-browser/node_modules/playwright-core/lib/server/dispatchers/electronDispatcher.js:38:33)
    at ProgressController.run (/home/devel/basset-hound-browser/node_modules/playwright-core/lib/server/progress.js:104:22)
    at ElectronDispatcher._runCommand (/home/devel/basset-hound-browser/node_modules/playwright-core/lib/server/dispatchers/dispatcher.js:91:14)
    at DispatcherConnection.dispatch (/home/devel/basset-hound-browser/node_modules/playwright-core/lib/server/dispatchers/dispatcher.js:325:22)</failure>
      <failure>Error: Process failed to launch!
    at waitForLine (/home/devel/basset-hound-browser/node_modules/playwright-core/lib/server/electron/electron.js:252:21)
    at Electron.launch (/home/devel/basset-hound-browser/node_modules/playwright-core/lib/server/electron/electron.js:188:33)
    at ElectronDispatcher.launch (/home/devel/basset-hound-browser/node_modules/playwright-core/lib/server/dispatchers/electronDispatcher.js:38:33)
    at ProgressController.run (/home/devel/basset-hound-browser/node_modules/playwright-core/lib/server/progress.js:104:22)
    at ElectronDispatcher._runCommand (/home/devel/basset-hound-browser/node_modules/playwright-core/lib/server/dispatchers/dispatcher.js:91:14)
    at DispatcherConnection.dispatch (/home/devel/basset-hound-browser/node_modules/playwright-core/lib/server/dispatchers/dispatcher.js:325:22)</failure>
      <failure>electron.launch: Process failed to launch!
Call log:
  - &lt;launching&gt; /home/devel/basset-hound-browser/node_modules/electron/dist/electron -r /home/devel/basset-hound-browser/node_modules/playwright-core/lib/server/electron/loader.js --no-sandbox --inspect=0 --remote-debugging-port=0 /home/devel/basset-hound-browser
  - &lt;launched&gt; pid=499405
  - [pid=499405][err] /home/devel/basset-hound-browser/node_modules/electron/dist/electron: bad option: --no-sandbox
  - [pid=499405][err] /home/devel/basset-hound-browser/node_modules/electron/dist/electron: bad option: --remote-debugging-port=0
  - [pid=499405] &lt;kill&gt;
  - [pid=499405] &lt;will force kill&gt;
  - [pid=499405] &lt;process did exit: exitCode=9, signal=null&gt;
  - [pid=499405] starting temporary directories cleanup
  - [pid=499405] finished temporary directories cleanup

    at Object.&lt;anonymous&gt; (/home/devel/basset-hound-browser/tests/integration/browser-launch.test.js:225:21)</failure>
    </testcase>
    <testcase classname="Browser Launch Tests Application State should handle multiple launches gracefully" name="Browser Launch Tests Application State should handle multiple launches gracefully" time="0.033">
      <failure>Error: Process failed to launch!
    at waitForLine (/home/devel/basset-hound-browser/node_modules/playwright-core/lib/server/electron/electron.js:252:21)
    at Electron.launch (/home/devel/basset-hound-browser/node_modules/playwright-core/lib/server/electron/electron.js:200:32)
    at ElectronDispatcher.launch (/home/devel/basset-hound-browser/node_modules/playwright-core/lib/server/dispatchers/electronDispatcher.js:38:33)
    at ProgressController.run (/home/devel/basset-hound-browser/node_modules/playwright-core/lib/server/progress.js:104:22)
    at ElectronDispatcher._runCommand (/home/devel/basset-hound-browser/node_modules/playwright-core/lib/server/dispatchers/dispatcher.js:91:14)
    at DispatcherConnection.dispatch (/home/devel/basset-hound-browser/node_modules/playwright-core/lib/server/dispatchers/dispatcher.js:325:22)</failure>
      <failure>Error: Process failed to launch!
    at waitForLine (/home/devel/basset-hound-browser/node_modules/playwright-core/lib/server/electron/electron.js:252:21)
    at Electron.launch (/home/devel/basset-hound-browser/node_modules/playwright-core/lib/server/electron/electron.js:201:39)
    at ElectronDispatcher.launch (/home/devel/basset-hound-browser/node_modules/playwright-core/lib/server/dispatchers/electronDispatcher.js:38:33)
    at ProgressController.run (/home/devel/basset-hound-browser/node_modules/playwright-core/lib/server/progress.js:104:22)
    at ElectronDispatcher._runCommand (/home/devel/basset-hound-browser/node_modules/playwright-core/lib/server/dispatchers/dispatcher.js:91:14)
    at DispatcherConnection.dispatch (/home/devel/basset-hound-browser/node_modules/playwright-core/lib/server/dispatchers/dispatcher.js:325:22)</failure>
      <failure>Error: Process failed to launch!
    at waitForLine (/home/devel/basset-hound-browser/node_modules/playwright-core/lib/server/electron/electron.js:252:21)
    at Electron.launch (/home/devel/basset-hound-browser/node_modules/playwright-core/lib/server/electron/electron.js:188:33)
    at ElectronDispatcher.launch (/home/devel/basset-hound-browser/node_modules/playwright-core/lib/server/dispatchers/electronDispatcher.js:38:33)
    at ProgressController.run (/home/devel/basset-hound-browser/node_modules/playwright-core/lib/server/progress.js:104:22)
    at ElectronDispatcher._runCommand (/home/devel/basset-hound-browser/node_modules/playwright-core/lib/server/dispatchers/dispatcher.js:91:14)
    at DispatcherConnection.dispatch (/home/devel/basset-hound-browser/node_modules/playwright-core/lib/server/dispatchers/dispatcher.js:325:22)</failure>
      <failure>electron.launch: Process failed to launch!
Call log:
  - &lt;launching&gt; /home/devel/basset-hound-browser/node_modules/electron/dist/electron -r /home/devel/basset-hound-browser/node_modules/playwright-core/lib/server/electron/loader.js --no-sandbox --inspect=0 --remote-debugging-port=0 /home/devel/basset-hound-browser
  - &lt;launched&gt; pid=499407
  - [pid=499407][err] /home/devel/basset-hound-browser/node_modules/electron/dist/electron: bad option: --no-sandbox
  - [pid=499407][err] /home/devel/basset-hound-browser/node_modules/electron/dist/electron: bad option: --remote-debugging-port=0
  - [pid=499407] &lt;kill&gt;
  - [pid=499407] &lt;will force kill&gt;
  - [pid=499407] &lt;process did exit: exitCode=9, signal=null&gt;
  - [pid=499407] starting temporary directories cleanup
  - [pid=499407] finished temporary directories cleanup

    at Object.&lt;anonymous&gt; (/home/devel/basset-hound-browser/tests/integration/browser-launch.test.js:254:21)</failure>
    </testcase>
    <testcase classname="Browser Launch Tests Error Handling should handle missing main.js gracefully" name="Browser Launch Tests Error Handling should handle missing main.js gracefully" time="0.032">
      <failure>Error: Process failed to launch!
    at waitForLine (/home/devel/basset-hound-browser/node_modules/playwright-core/lib/server/electron/electron.js:252:21)
    at Electron.launch (/home/devel/basset-hound-browser/node_modules/playwright-core/lib/server/electron/electron.js:200:32)
    at ElectronDispatcher.launch (/home/devel/basset-hound-browser/node_modules/playwright-core/lib/server/dispatchers/electronDispatcher.js:38:33)
    at ProgressController.run (/home/devel/basset-hound-browser/node_modules/playwright-core/lib/server/progress.js:104:22)
    at ElectronDispatcher._runCommand (/home/devel/basset-hound-browser/node_modules/playwright-core/lib/server/dispatchers/dispatcher.js:91:14)
    at DispatcherConnection.dispatch (/home/devel/basset-hound-browser/node_modules/playwright-core/lib/server/dispatchers/dispatcher.js:325:22)</failure>
      <failure>Error: Process failed to launch!
    at waitForLine (/home/devel/basset-hound-browser/node_modules/playwright-core/lib/server/electron/electron.js:252:21)
    at Electron.launch (/home/devel/basset-hound-browser/node_modules/playwright-core/lib/server/electron/electron.js:201:39)
    at ElectronDispatcher.launch (/home/devel/basset-hound-browser/node_modules/playwright-core/lib/server/dispatchers/electronDispatcher.js:38:33)
    at ProgressController.run (/home/devel/basset-hound-browser/node_modules/playwright-core/lib/server/progress.js:104:22)
    at ElectronDispatcher._runCommand (/home/devel/basset-hound-browser/node_modules/playwright-core/lib/server/dispatchers/dispatcher.js:91:14)
    at DispatcherConnection.dispatch (/home/devel/basset-hound-browser/node_modules/playwright-core/lib/server/dispatchers/dispatcher.js:325:22)</failure>
      <failure>Error: Process failed to launch!
    at waitForLine (/home/devel/basset-hound-browser/node_modules/playwright-core/lib/server/electron/electron.js:252:21)
    at Electron.launch (/home/devel/basset-hound-browser/node_modules/playwright-core/lib/server/electron/electron.js:188:33)
    at ElectronDispatcher.launch (/home/devel/basset-hound-browser/node_modules/playwright-core/lib/server/dispatchers/electronDispatcher.js:38:33)
    at ProgressController.run (/home/devel/basset-hound-browser/node_modules/playwright-core/lib/server/progress.js:104:22)
    at ElectronDispatcher._runCommand (/home/devel/basset-hound-browser/node_modules/playwright-core/lib/server/dispatchers/dispatcher.js:91:14)
    at DispatcherConnection.dispatch (/home/devel/basset-hound-browser/node_modules/playwright-core/lib/server/dispatchers/dispatcher.js:325:22)</failure>
    </testcase>
    <testcase classname="Browser Launch Tests Performance should launch within acceptable time" name="Browser Launch Tests Performance should launch within acceptable time" time="0.035">
      <failure>Error: Process failed to launch!
    at waitForLine (/home/devel/basset-hound-browser/node_modules/playwright-core/lib/server/electron/electron.js:252:21)
    at Electron.launch (/home/devel/basset-hound-browser/node_modules/playwright-core/lib/server/electron/electron.js:200:32)
    at ElectronDispatcher.launch (/home/devel/basset-hound-browser/node_modules/playwright-core/lib/server/dispatchers/electronDispatcher.js:38:33)
    at ProgressController.run (/home/devel/basset-hound-browser/node_modules/playwright-core/lib/server/progress.js:104:22)
    at ElectronDispatcher._runCommand (/home/devel/basset-hound-browser/node_modules/playwright-core/lib/server/dispatchers/dispatcher.js:91:14)
    at DispatcherConnection.dispatch (/home/devel/basset-hound-browser/node_modules/playwright-core/lib/server/dispatchers/dispatcher.js:325:22)</failure>
      <failure>Error: Process failed to launch!
    at waitForLine (/home/devel/basset-hound-browser/node_modules/playwright-core/lib/server/electron/electron.js:252:21)
    at Electron.launch (/home/devel/basset-hound-browser/node_modules/playwright-core/lib/server/electron/electron.js:201:39)
    at ElectronDispatcher.launch (/home/devel/basset-hound-browser/node_modules/playwright-core/lib/server/dispatchers/electronDispatcher.js:38:33)
    at ProgressController.run (/home/devel/basset-hound-browser/node_modules/playwright-core/lib/server/progress.js:104:22)
    at ElectronDispatcher._runCommand (/home/devel/basset-hound-browser/node_modules/playwright-core/lib/server/dispatchers/dispatcher.js:91:14)
    at DispatcherConnection.dispatch (/home/devel/basset-hound-browser/node_modules/playwright-core/lib/server/dispatchers/dispatcher.js:325:22)</failure>
      <failure>Error: Process failed to launch!
    at waitForLine (/home/devel/basset-hound-browser/node_modules/playwright-core/lib/server/electron/electron.js:252:21)
    at Electron.launch (/home/devel/basset-hound-browser/node_modules/playwright-core/lib/server/electron/electron.js:188:33)
    at ElectronDispatcher.launch (/home/devel/basset-hound-browser/node_modules/playwright-core/lib/server/dispatchers/electronDispatcher.js:38:33)
    at ProgressController.run (/home/devel/basset-hound-browser/node_modules/playwright-core/lib/server/progress.js:104:22)
    at ElectronDispatcher._runCommand (/home/devel/basset-hound-browser/node_modules/playwright-core/lib/server/dispatchers/dispatcher.js:91:14)
    at DispatcherConnection.dispatch (/home/devel/basset-hound-browser/node_modules/playwright-core/lib/server/dispatchers/dispatcher.js:325:22)</failure>
      <failure>electron.launch: Process failed to launch!
Call log:
  - &lt;launching&gt; /home/devel/basset-hound-browser/node_modules/electron/dist/electron -r /home/devel/basset-hound-browser/node_modules/playwright-core/lib/server/electron/loader.js --no-sandbox --inspect=0 --remote-debugging-port=0 /home/devel/basset-hound-browser
  - &lt;launched&gt; pid=499409
  - [pid=499409][err] /home/devel/basset-hound-browser/node_modules/electron/dist/electron: bad option: --no-sandbox
  - [pid=499409][err] /home/devel/basset-hound-browser/node_modules/electron/dist/electron: bad option: --remote-debugging-port=0
  - [pid=499409] &lt;kill&gt;
  - [pid=499409] &lt;will force kill&gt;
  - [pid=499409] &lt;process did exit: exitCode=9, signal=null&gt;
  - [pid=499409] starting temporary directories cleanup
  - [pid=499409] finished temporary directories cleanup

    at Object.&lt;anonymous&gt; (/home/devel/basset-hound-browser/tests/integration/browser-launch.test.js:291:21)</failure>
    </testcase>
    <testcase classname="Browser Launch Tests Performance should have reasonable memory usage" name="Browser Launch Tests Performance should have reasonable memory usage" time="0.033">
      <failure>Error: Process failed to launch!
    at waitForLine (/home/devel/basset-hound-browser/node_modules/playwright-core/lib/server/electron/electron.js:252:21)
    at Electron.launch (/home/devel/basset-hound-browser/node_modules/playwright-core/lib/server/electron/electron.js:200:32)
    at ElectronDispatcher.launch (/home/devel/basset-hound-browser/node_modules/playwright-core/lib/server/dispatchers/electronDispatcher.js:38:33)
    at ProgressController.run (/home/devel/basset-hound-browser/node_modules/playwright-core/lib/server/progress.js:104:22)
    at ElectronDispatcher._runCommand (/home/devel/basset-hound-browser/node_modules/playwright-core/lib/server/dispatchers/dispatcher.js:91:14)
    at DispatcherConnection.dispatch (/home/devel/basset-hound-browser/node_modules/playwright-core/lib/server/dispatchers/dispatcher.js:325:22)</failure>
      <failure>Error: Process failed to launch!
    at waitForLine (/home/devel/basset-hound-browser/node_modules/playwright-core/lib/server/electron/electron.js:252:21)
    at Electron.launch (/home/devel/basset-hound-browser/node_modules/playwright-core/lib/server/electron/electron.js:201:39)
    at ElectronDispatcher.launch (/home/devel/basset-hound-browser/node_modules/playwright-core/lib/server/dispatchers/electronDispatcher.js:38:33)
    at ProgressController.run (/home/devel/basset-hound-browser/node_modules/playwright-core/lib/server/progress.js:104:22)
    at ElectronDispatcher._runCommand (/home/devel/basset-hound-browser/node_modules/playwright-core/lib/server/dispatchers/dispatcher.js:91:14)
    at DispatcherConnection.dispatch (/home/devel/basset-hound-browser/node_modules/playwright-core/lib/server/dispatchers/dispatcher.js:325:22)</failure>
      <failure>Error: Process failed to launch!
    at waitForLine (/home/devel/basset-hound-browser/node_modules/playwright-core/lib/server/electron/electron.js:252:21)
    at Electron.launch (/home/devel/basset-hound-browser/node_modules/playwright-core/lib/server/electron/electron.js:188:33)
    at ElectronDispatcher.launch (/home/devel/basset-hound-browser/node_modules/playwright-core/lib/server/dispatchers/electronDispatcher.js:38:33)
    at ProgressController.run (/home/devel/basset-hound-browser/node_modules/playwright-core/lib/server/progress.js:104:22)
    at ElectronDispatcher._runCommand (/home/devel/basset-hound-browser/node_modules/playwright-core/lib/server/dispatchers/dispatcher.js:91:14)
    at DispatcherConnection.dispatch (/home/devel/basset-hound-browser/node_modules/playwright-core/lib/server/dispatchers/dispatcher.js:325:22)</failure>
      <failure>electron.launch: Process failed to launch!
Call log:
  - &lt;launching&gt; /home/devel/basset-hound-browser/node_modules/electron/dist/electron -r /home/devel/basset-hound-browser/node_modules/playwright-core/lib/server/electron/loader.js --no-sandbox --inspect=0 --remote-debugging-port=0 /home/devel/basset-hound-browser
  - &lt;launched&gt; pid=499410
  - [pid=499410][err] /home/devel/basset-hound-browser/node_modules/electron/dist/electron: bad option: --no-sandbox
  - [pid=499410][err] /home/devel/basset-hound-browser/node_modules/electron/dist/electron: bad option: --remote-debugging-port=0
  - [pid=499410] &lt;kill&gt;
  - [pid=499410] &lt;will force kill&gt;
  - [pid=499410] &lt;process did exit: exitCode=9, signal=null&gt;
  - [pid=499410] starting temporary directories cleanup
  - [pid=499410] finished temporary directories cleanup

    at Object.&lt;anonymous&gt; (/home/devel/basset-hound-browser/tests/integration/browser-launch.test.js:305:21)</failure>
    </testcase>
  </testsuite>
  <testsuite name="WebSocket Connection Cleanup Stress Test" errors="0" failures="0" skipped="0" timestamp="2026-05-11T06:16:47" time="2.477" tests="6">
    <testcase classname="WebSocket Connection Cleanup Stress Test 500+ rapid connect/disconnect cycles should cleanup properly" name="WebSocket Connection Cleanup Stress Test 500+ rapid connect/disconnect cycles should cleanup properly" time="0.574">
    </testcase>
    <testcase classname="WebSocket Connection Cleanup Stress Test concurrent connect/disconnect should not deadlock" name="WebSocket Connection Cleanup Stress Test concurrent connect/disconnect should not deadlock" time="0.028">
    </testcase>
    <testcase classname="WebSocket Connection Cleanup Stress Test connection cleanup under message flood" name="WebSocket Connection Cleanup Stress Test connection cleanup under message flood" time="0.145">
    </testcase>
    <testcase classname="WebSocket Connection Cleanup Stress Test connection cleanup should measure resource release" name="WebSocket Connection Cleanup Stress Test connection cleanup should measure resource release" time="1.084">
    </testcase>
    <testcase classname="WebSocket Connection Cleanup Stress Test error handling should cleanup even on connection errors" name="WebSocket Connection Cleanup Stress Test error handling should cleanup even on connection errors" time="0.052">
    </testcase>
    <testcase classname="WebSocket Connection Cleanup Stress Test server should handle multiple sequential cleanup cycles" name="WebSocket Connection Cleanup Stress Test server should handle multiple sequential cleanup cycles" time="0.406">
    </testcase>
  </testsuite>
  <testsuite name="ParallelScreenshotProcessor" errors="0" failures="4" skipped="0" timestamp="2026-05-11T06:16:42" time="12.789" tests="41">
    <testcase classname="ParallelScreenshotProcessor Basic Functionality should create processor with default settings" name="ParallelScreenshotProcessor Basic Functionality should create processor with default settings" time="0.009">
    </testcase>
    <testcase classname="ParallelScreenshotProcessor Basic Functionality should capture single screenshot" name="ParallelScreenshotProcessor Basic Functionality should capture single screenshot" time="0.072">
      <failure>Error: expect(received).toBe(expected) // Object.is equality

Expected: &quot;webp&quot;
Received: &quot;png&quot;
    at Object.toBe (/home/devel/basset-hound-browser/tests/opt-03-parallel-screenshot.test.js:61:38)</failure>
    </testcase>
    <testcase classname="ParallelScreenshotProcessor Basic Functionality should capture screenshot with custom format" name="ParallelScreenshotProcessor Basic Functionality should capture screenshot with custom format" time="0.054">
    </testcase>
    <testcase classname="ParallelScreenshotProcessor Basic Functionality should return metadata with timing info" name="ParallelScreenshotProcessor Basic Functionality should return metadata with timing info" time="0.054">
    </testcase>
    <testcase classname="ParallelScreenshotProcessor Basic Functionality should return base64 encoded data" name="ParallelScreenshotProcessor Basic Functionality should return base64 encoded data" time="0.016">
    </testcase>
    <testcase classname="ParallelScreenshotProcessor Parallel Execution should handle 3 concurrent screenshots with single buffer" name="ParallelScreenshotProcessor Parallel Execution should handle 3 concurrent screenshots with single buffer" time="0.307">
    </testcase>
    <testcase classname="ParallelScreenshotProcessor Parallel Execution should parallelize with multiple buffers" name="ParallelScreenshotProcessor Parallel Execution should parallelize with multiple buffers" time="0.308">
    </testcase>
    <testcase classname="ParallelScreenshotProcessor Parallel Execution should queue excess requests when pool full" name="ParallelScreenshotProcessor Parallel Execution should queue excess requests when pool full" time="0.507">
    </testcase>
    <testcase classname="ParallelScreenshotProcessor Parallel Execution should achieve throughput improvement with parallel buffers" name="ParallelScreenshotProcessor Parallel Execution should achieve throughput improvement with parallel buffers" time="1.009">
      <failure>Error: expect(received).toBeLessThan(expected)

Expected: &lt; 504
Received:   505
    at Object.toBeLessThan (/home/devel/basset-hound-browser/tests/opt-03-parallel-screenshot.test.js:187:21)</failure>
    </testcase>
    <testcase classname="ParallelScreenshotProcessor Buffer Pool Management should have correct initial pool size" name="ParallelScreenshotProcessor Buffer Pool Management should have correct initial pool size" time="0.001">
    </testcase>
    <testcase classname="ParallelScreenshotProcessor Buffer Pool Management should track buffer usage" name="ParallelScreenshotProcessor Buffer Pool Management should track buffer usage" time="0.052">
    </testcase>
    <testcase classname="ParallelScreenshotProcessor Buffer Pool Management should update statistics on each screenshot" name="ParallelScreenshotProcessor Buffer Pool Management should update statistics on each screenshot" time="0.102">
    </testcase>
    <testcase classname="ParallelScreenshotProcessor Buffer Pool Management should calculate average buffer usage time" name="ParallelScreenshotProcessor Buffer Pool Management should calculate average buffer usage time" time="0.255">
    </testcase>
    <testcase classname="ParallelScreenshotProcessor Buffer Pool Management should track average wait time" name="ParallelScreenshotProcessor Buffer Pool Management should track average wait time" time="0.153">
    </testcase>
    <testcase classname="ParallelScreenshotProcessor Queue Management should reject requests when queue is full" name="ParallelScreenshotProcessor Queue Management should reject requests when queue is full" time="0.001">
      <failure>Error: expect(received).toBe(expected) // Object.is equality

Expected: true
Received: false
    at Object.toBe (/home/devel/basset-hound-browser/tests/opt-03-parallel-screenshot.test.js:291:30)
    at Promise.then.completed (/home/devel/basset-hound-browser/node_modules/jest-circus/build/utils.js:298:28)
    at new Promise (&lt;anonymous&gt;)
    at callAsyncCircusFn (/home/devel/basset-hound-browser/node_modules/jest-circus/build/utils.js:231:10)
    at _callCircusTest (/home/devel/basset-hound-browser/node_modules/jest-circus/build/run.js:316:40)
    at _runTest (/home/devel/basset-hound-browser/node_modules/jest-circus/build/run.js:252:3)
    at _runTestsForDescribeBlock (/home/devel/basset-hound-browser/node_modules/jest-circus/build/run.js:126:9)
    at _runTestsForDescribeBlock (/home/devel/basset-hound-browser/node_modules/jest-circus/build/run.js:121:9)
    at _runTestsForDescribeBlock (/home/devel/basset-hound-browser/node_modules/jest-circus/build/run.js:121:9)
    at run (/home/devel/basset-hound-browser/node_modules/jest-circus/build/run.js:71:3)
    at runAndTransformResultsToJestFormat (/home/devel/basset-hound-browser/node_modules/jest-circus/build/legacy-code-todo-rewrite/jestAdapterInit.js:122:21)
    at jestAdapter (/home/devel/basset-hound-browser/node_modules/jest-circus/build/legacy-code-todo-rewrite/jestAdapter.js:79:19)
    at runTestInternal (/home/devel/basset-hound-browser/node_modules/jest-runner/build/runTest.js:367:16)
    at runTest (/home/devel/basset-hound-browser/node_modules/jest-runner/build/runTest.js:444:34)
    at Object.worker (/home/devel/basset-hound-browser/node_modules/jest-runner/build/testWorker.js:106:12)</failure>
    </testcase>
    <testcase classname="ParallelScreenshotProcessor Queue Management should track queue depth" name="ParallelScreenshotProcessor Queue Management should track queue depth" time="0.505">
      <failure>Error: Screenshot queue full (2 max). Try again later.
    at ParallelScreenshotProcessor.captureScreenshot (/home/devel/basset-hound-browser/src/screenshots/parallel-processor.js:93:13)
    at Object.captureScreenshot (/home/devel/basset-hound-browser/tests/opt-03-parallel-screenshot.test.js:278:37)
    at Promise.then.completed (/home/devel/basset-hound-browser/node_modules/jest-circus/build/utils.js:298:28)
    at new Promise (&lt;anonymous&gt;)
    at callAsyncCircusFn (/home/devel/basset-hound-browser/node_modules/jest-circus/build/utils.js:231:10)
    at _callCircusTest (/home/devel/basset-hound-browser/node_modules/jest-circus/build/run.js:316:40)
    at _runTest (/home/devel/basset-hound-browser/node_modules/jest-circus/build/run.js:252:3)
    at _runTestsForDescribeBlock (/home/devel/basset-hound-browser/node_modules/jest-circus/build/run.js:126:9)
    at _runTestsForDescribeBlock (/home/devel/basset-hound-browser/node_modules/jest-circus/build/run.js:121:9)
    at _runTestsForDescribeBlock (/home/devel/basset-hound-browser/node_modules/jest-circus/build/run.js:121:9)
    at run (/home/devel/basset-hound-browser/node_modules/jest-circus/build/run.js:71:3)
    at runAndTransformResultsToJestFormat (/home/devel/basset-hound-browser/node_modules/jest-circus/build/legacy-code-todo-rewrite/jestAdapterInit.js:122:21)
    at jestAdapter (/home/devel/basset-hound-browser/node_modules/jest-circus/build/legacy-code-todo-rewrite/jestAdapter.js:79:19)
    at runTestInternal (/home/devel/basset-hound-browser/node_modules/jest-runner/build/runTest.js:367:16)
    at runTest (/home/devel/basset-hound-browser/node_modules/jest-runner/build/runTest.js:444:34)
    at Object.worker (/home/devel/basset-hound-browser/node_modules/jest-runner/build/testWorker.js:106:12)</failure>
      <failure>Error: Screenshot queue full (2 max). Try again later.
    at ParallelScreenshotProcessor.captureScreenshot (/home/devel/basset-hound-browser/src/screenshots/parallel-processor.js:93:13)
    at Object.captureScreenshot (/home/devel/basset-hound-browser/tests/opt-03-parallel-screenshot.test.js:278:37)
    at Promise.then.completed (/home/devel/basset-hound-browser/node_modules/jest-circus/build/utils.js:298:28)
    at new Promise (&lt;anonymous&gt;)
    at callAsyncCircusFn (/home/devel/basset-hound-browser/node_modules/jest-circus/build/utils.js:231:10)
    at _callCircusTest (/home/devel/basset-hound-browser/node_modules/jest-circus/build/run.js:316:40)
    at _runTest (/home/devel/basset-hound-browser/node_modules/jest-circus/build/run.js:252:3)
    at _runTestsForDescribeBlock (/home/devel/basset-hound-browser/node_modules/jest-circus/build/run.js:126:9)
    at _runTestsForDescribeBlock (/home/devel/basset-hound-browser/node_modules/jest-circus/build/run.js:121:9)
    at _runTestsForDescribeBlock (/home/devel/basset-hound-browser/node_modules/jest-circus/build/run.js:121:9)
    at run (/home/devel/basset-hound-browser/node_modules/jest-circus/build/run.js:71:3)
    at runAndTransformResultsToJestFormat (/home/devel/basset-hound-browser/node_modules/jest-circus/build/legacy-code-todo-rewrite/jestAdapterInit.js:122:21)
    at jestAdapter (/home/devel/basset-hound-browser/node_modules/jest-circus/build/legacy-code-todo-rewrite/jestAdapter.js:79:19)
    at runTestInternal (/home/devel/basset-hound-browser/node_modules/jest-runner/build/runTest.js:367:16)
    at runTest (/home/devel/basset-hound-browser/node_modules/jest-runner/build/runTest.js:444:34)
    at Object.worker (/home/devel/basset-hound-browser/node_modules/jest-runner/build/testWorker.js:106:12)</failure>
      <failure>Error: Screenshot queue full (2 max). Try again later.
    at ParallelScreenshotProcessor.captureScreenshot (/home/devel/basset-hound-browser/src/screenshots/parallel-processor.js:93:13)
    at Object.captureScreenshot (/home/devel/basset-hound-browser/tests/opt-03-parallel-screenshot.test.js:278:37)
    at Promise.then.completed (/home/devel/basset-hound-browser/node_modules/jest-circus/build/utils.js:298:28)
    at new Promise (&lt;anonymous&gt;)
    at callAsyncCircusFn (/home/devel/basset-hound-browser/node_modules/jest-circus/build/utils.js:231:10)
    at _callCircusTest (/home/devel/basset-hound-browser/node_modules/jest-circus/build/run.js:316:40)
    at _runTest (/home/devel/basset-hound-browser/node_modules/jest-circus/build/run.js:252:3)
    at _runTestsForDescribeBlock (/home/devel/basset-hound-browser/node_modules/jest-circus/build/run.js:126:9)
    at _runTestsForDescribeBlock (/home/devel/basset-hound-browser/node_modules/jest-circus/build/run.js:121:9)
    at _runTestsForDescribeBlock (/home/devel/basset-hound-browser/node_modules/jest-circus/build/run.js:121:9)
    at run (/home/devel/basset-hound-browser/node_modules/jest-circus/build/run.js:71:3)
    at runAndTransformResultsToJestFormat (/home/devel/basset-hound-browser/node_modules/jest-circus/build/legacy-code-todo-rewrite/jestAdapterInit.js:122:21)
    at jestAdapter (/home/devel/basset-hound-browser/node_modules/jest-circus/build/legacy-code-todo-rewrite/jestAdapter.js:79:19)
    at runTestInternal (/home/devel/basset-hound-browser/node_modules/jest-runner/build/runTest.js:367:16)
    at runTest (/home/devel/basset-hound-browser/node_modules/jest-runner/build/runTest.js:444:34)
    at Object.worker (/home/devel/basset-hound-browser/node_modules/jest-runner/build/testWorker.js:106:12)</failure>
    </testcase>
    <testcase classname="ParallelScreenshotProcessor Queue Management should track peak queue size" name="ParallelScreenshotProcessor Queue Management should track peak queue size" time="1.009">
    </testcase>
    <testcase classname="ParallelScreenshotProcessor Error Handling should reject when webContents is null" name="ParallelScreenshotProcessor Error Handling should reject when webContents is null" time="0.001">
    </testcase>
    <testcase classname="ParallelScreenshotProcessor Error Handling should reject when webContents is undefined" name="ParallelScreenshotProcessor Error Handling should reject when webContents is undefined" time="0.001">
    </testcase>
    <testcase classname="ParallelScreenshotProcessor Error Handling should handle capture errors gracefully" name="ParallelScreenshotProcessor Error Handling should handle capture errors gracefully" time="0.001">
    </testcase>
    <testcase classname="ParallelScreenshotProcessor Error Handling should track failed requests in statistics" name="ParallelScreenshotProcessor Error Handling should track failed requests in statistics" time="0">
    </testcase>
    <testcase classname="ParallelScreenshotProcessor Error Handling should continue processing after error" name="ParallelScreenshotProcessor Error Handling should continue processing after error" time="0.051">
    </testcase>
    <testcase classname="ParallelScreenshotProcessor Statistics and Monitoring should return complete statistics object" name="ParallelScreenshotProcessor Statistics and Monitoring should return complete statistics object" time="0.053">
    </testcase>
    <testcase classname="ParallelScreenshotProcessor Statistics and Monitoring should track total requests" name="ParallelScreenshotProcessor Statistics and Monitoring should track total requests" time="0.033">
    </testcase>
    <testcase classname="ParallelScreenshotProcessor Statistics and Monitoring should calculate throughput" name="ParallelScreenshotProcessor Statistics and Monitoring should calculate throughput" time="0.054">
    </testcase>
    <testcase classname="ParallelScreenshotProcessor Statistics and Monitoring should reset statistics" name="ParallelScreenshotProcessor Statistics and Monitoring should reset statistics" time="0.011">
    </testcase>
    <testcase classname="ParallelScreenshotProcessor Statistics and Monitoring should report active buffers correctly" name="ParallelScreenshotProcessor Statistics and Monitoring should report active buffers correctly" time="0.101">
    </testcase>
    <testcase classname="ParallelScreenshotProcessor Pool Resizing should increase pool size" name="ParallelScreenshotProcessor Pool Resizing should increase pool size" time="0">
    </testcase>
    <testcase classname="ParallelScreenshotProcessor Pool Resizing should decrease pool size" name="ParallelScreenshotProcessor Pool Resizing should decrease pool size" time="0">
    </testcase>
    <testcase classname="ParallelScreenshotProcessor Pool Resizing should reject invalid pool sizes" name="ParallelScreenshotProcessor Pool Resizing should reject invalid pool sizes" time="0.003">
    </testcase>
    <testcase classname="ParallelScreenshotProcessor Pool Resizing should maintain current settings when resizing to same size" name="ParallelScreenshotProcessor Pool Resizing should maintain current settings when resizing to same size" time="0">
    </testcase>
    <testcase classname="ParallelScreenshotProcessor Completion and Shutdown should wait for all requests to complete" name="ParallelScreenshotProcessor Completion and Shutdown should wait for all requests to complete" time="0.302">
    </testcase>
    <testcase classname="ParallelScreenshotProcessor Completion and Shutdown should reject if wait timeout exceeded" name="ParallelScreenshotProcessor Completion and Shutdown should reject if wait timeout exceeded" time="1.002">
    </testcase>
    <testcase classname="ParallelScreenshotProcessor Completion and Shutdown should shutdown gracefully" name="ParallelScreenshotProcessor Completion and Shutdown should shutdown gracefully" time="0.152">
    </testcase>
    <testcase classname="ParallelScreenshotProcessor Stress and Load Tests should handle 100 rapid requests" name="ParallelScreenshotProcessor Stress and Load Tests should handle 100 rapid requests" time="1.053">
    </testcase>
    <testcase classname="ParallelScreenshotProcessor Stress and Load Tests should handle high concurrency" name="ParallelScreenshotProcessor Stress and Load Tests should handle high concurrency" time="1.032">
    </testcase>
    <testcase classname="ParallelScreenshotProcessor Stress and Load Tests should handle sustained load without memory issues" name="ParallelScreenshotProcessor Stress and Load Tests should handle sustained load without memory issues" time="2.138">
    </testcase>
    <testcase classname="ParallelScreenshotProcessor Stress and Load Tests should maintain performance under load" name="ParallelScreenshotProcessor Stress and Load Tests should maintain performance under load" time="1.53">
    </testcase>
    <testcase classname="ParallelScreenshotProcessor Integration Tests should work with different format options" name="ParallelScreenshotProcessor Integration Tests should work with different format options" time="0.154">
    </testcase>
    <testcase classname="ParallelScreenshotProcessor Integration Tests should work with custom quality settings" name="ParallelScreenshotProcessor Integration Tests should work with custom quality settings" time="0.102">
    </testcase>
    <testcase classname="ParallelScreenshotProcessor Integration Tests should handle mixed concurrent formats" name="ParallelScreenshotProcessor Integration Tests should handle mixed concurrent formats" time="0.092">
    </testcase>
  </testsuite>
  <testsuite name="E2E Browser Automation" errors="0" failures="4" skipped="0" timestamp="2026-05-11T06:16:43" time="27.296" tests="32">
    <testcase classname="E2E Browser Automation Connection and Basic Commands should connect to WebSocket server" name="E2E Browser Automation Connection and Basic Commands should connect to WebSocket server" time="0.011">
    </testcase>
    <testcase classname="E2E Browser Automation Connection and Basic Commands should respond to ping" name="E2E Browser Automation Connection and Basic Commands should respond to ping" time="0.009">
    </testcase>
    <testcase classname="E2E Browser Automation Connection and Basic Commands should return server status" name="E2E Browser Automation Connection and Basic Commands should return server status" time="0.004">
    </testcase>
    <testcase classname="E2E Browser Automation Navigation Workflow should navigate to URL" name="E2E Browser Automation Navigation Workflow should navigate to URL" time="0.003">
    </testcase>
    <testcase classname="E2E Browser Automation Navigation Workflow should get current URL" name="E2E Browser Automation Navigation Workflow should get current URL" time="0.004">
    </testcase>
    <testcase classname="E2E Browser Automation Navigation Workflow should go back and forward" name="E2E Browser Automation Navigation Workflow should go back and forward" time="0.004">
    </testcase>
    <testcase classname="E2E Browser Automation Navigation Workflow should reload page" name="E2E Browser Automation Navigation Workflow should reload page" time="0.003">
    </testcase>
    <testcase classname="E2E Browser Automation Form Interaction Workflow should fill text input" name="E2E Browser Automation Form Interaction Workflow should fill text input" time="1.004">
    </testcase>
    <testcase classname="E2E Browser Automation Form Interaction Workflow should click button" name="E2E Browser Automation Form Interaction Workflow should click button" time="1.006">
    </testcase>
    <testcase classname="E2E Browser Automation Form Interaction Workflow should wait for element" name="E2E Browser Automation Form Interaction Workflow should wait for element" time="1.005">
    </testcase>
    <testcase classname="E2E Browser Automation Form Interaction Workflow should handle non-existent element" name="E2E Browser Automation Form Interaction Workflow should handle non-existent element" time="1.005">
    </testcase>
    <testcase classname="E2E Browser Automation Page Content Workflow should get page content" name="E2E Browser Automation Page Content Workflow should get page content" time="1.005">
    </testcase>
    <testcase classname="E2E Browser Automation Page Content Workflow should execute script" name="E2E Browser Automation Page Content Workflow should execute script" time="1.005">
    </testcase>
    <testcase classname="E2E Browser Automation Page Content Workflow should execute DOM manipulation" name="E2E Browser Automation Page Content Workflow should execute DOM manipulation" time="1.004">
    </testcase>
    <testcase classname="E2E Browser Automation Screenshot Workflow should take screenshot" name="E2E Browser Automation Screenshot Workflow should take screenshot" time="1.004">
    </testcase>
    <testcase classname="E2E Browser Automation Screenshot Workflow should take screenshot with options" name="E2E Browser Automation Screenshot Workflow should take screenshot with options" time="1.005">
    </testcase>
    <testcase classname="E2E Browser Automation Mouse Interaction Workflow should move mouse" name="E2E Browser Automation Mouse Interaction Workflow should move mouse" time="1.007">
    </testcase>
    <testcase classname="E2E Browser Automation Mouse Interaction Workflow should click at coordinates" name="E2E Browser Automation Mouse Interaction Workflow should click at coordinates" time="1.004">
    </testcase>
    <testcase classname="E2E Browser Automation Keyboard Interaction Workflow should type text" name="E2E Browser Automation Keyboard Interaction Workflow should type text" time="1.005">
    </testcase>
    <testcase classname="E2E Browser Automation Keyboard Interaction Workflow should press key" name="E2E Browser Automation Keyboard Interaction Workflow should press key" time="1.004">
    </testcase>
    <testcase classname="E2E Browser Automation Keyboard Interaction Workflow should press key combination" name="E2E Browser Automation Keyboard Interaction Workflow should press key combination" time="1.004">
    </testcase>
    <testcase classname="E2E Browser Automation Cookie Workflow should get cookies" name="E2E Browser Automation Cookie Workflow should get cookies" time="1.004">
    </testcase>
    <testcase classname="E2E Browser Automation Cookie Workflow should set cookies" name="E2E Browser Automation Cookie Workflow should set cookies" time="1.004">
    </testcase>
    <testcase classname="E2E Browser Automation Scroll Workflow should scroll to position" name="E2E Browser Automation Scroll Workflow should scroll to position" time="1.007">
    </testcase>
    <testcase classname="E2E Browser Automation Scroll Workflow should scroll to element" name="E2E Browser Automation Scroll Workflow should scroll to element" time="1.004">
    </testcase>
    <testcase classname="E2E Browser Automation Complete Automation Workflow should complete full form submission workflow" name="E2E Browser Automation Complete Automation Workflow should complete full form submission workflow" time="1.505">
    </testcase>
    <testcase classname="E2E Browser Automation Complete Automation Workflow should complete multi-step navigation workflow" name="E2E Browser Automation Complete Automation Workflow should complete multi-step navigation workflow" time="1.507">
    </testcase>
    <testcase classname="E2E Bot Detection Evasion Bot Detection Tests should pass navigator.webdriver check" name="E2E Bot Detection Evasion Bot Detection Tests should pass navigator.webdriver check" time="1.004">
    </testcase>
    <testcase classname="E2E Bot Detection Evasion Bot Detection Tests should have plugins array" name="E2E Bot Detection Evasion Bot Detection Tests should have plugins array" time="1.003">
      <failure>Error: expect(received).toBe(expected) // Object.is equality

Expected: true
Received: null
    at Object.toBe (/home/devel/basset-hound-browser/tests/e2e/browser-automation.test.js:498:31)
    at processTicksAndRejections (node:internal/process/task_queues:95:5)</failure>
    </testcase>
    <testcase classname="E2E Bot Detection Evasion Bot Detection Tests should have languages array" name="E2E Bot Detection Evasion Bot Detection Tests should have languages array" time="1.007">
      <failure>Error: expect(received).toBe(expected) // Object.is equality

Expected: true
Received: null
    at Object.toBe (/home/devel/basset-hound-browser/tests/e2e/browser-automation.test.js:508:31)
    at processTicksAndRejections (node:internal/process/task_queues:95:5)</failure>
    </testcase>
    <testcase classname="E2E Bot Detection Evasion Bot Detection Tests should have chrome object" name="E2E Bot Detection Evasion Bot Detection Tests should have chrome object" time="1.005">
      <failure>Error: expect(received).toBe(expected) // Object.is equality

Expected: true
Received: null
    at Object.toBe (/home/devel/basset-hound-browser/tests/e2e/browser-automation.test.js:518:31)
    at processTicksAndRejections (node:internal/process/task_queues:95:5)</failure>
    </testcase>
    <testcase classname="E2E Bot Detection Evasion Bot Detection Tests should not have automation properties" name="E2E Bot Detection Evasion Bot Detection Tests should not have automation properties" time="1.004">
      <failure>Error: expect(received).toBe(expected) // Object.is equality

Expected: true
Received: null
    at Object.toBe (/home/devel/basset-hound-browser/tests/e2e/browser-automation.test.js:535:31)
    at processTicksAndRejections (node:internal/process/task_queues:95:5)</failure>
    </testcase>
  </testsuite>
  <testsuite name="Session/Cookie Sharing Integration Tests" errors="0" failures="1" skipped="0" timestamp="2026-05-11T06:16:43" time="30.275" tests="1">
    <testcase classname="Session/Cookie Sharing Integration Tests should pass all session/cookie sharing tests" name="Session/Cookie Sharing Integration Tests should pass all session/cookie sharing tests" time="30.153">
      <failure>Error: expect(received).toBe(expected) // Object.is equality

Expected: true
Received: false
    at Object.toBe (/home/devel/basset-hound-browser/tests/integration/extension-communication/session-cookie-sharing.test.js:922:21)
    at processTicksAndRejections (node:internal/process/task_queues:95:5)</failure>
    </testcase>
  </testsuite>
  <testsuite name="Error Handling and Reconnection Integration Tests" errors="0" failures="1" skipped="0" timestamp="2026-05-11T06:16:43" time="31.35" tests="1">
    <testcase classname="Error Handling and Reconnection Integration Tests should pass all error handling tests" name="Error Handling and Reconnection Integration Tests should pass all error handling tests" time="31.027">
      <failure>Error: connect ECONNREFUSED 127.0.0.1:8775
    at TCPConnectWrap.afterConnect [as oncomplete] (node:net:1555:16)</failure>
      <failure>Error: connect ECONNREFUSED 127.0.0.1:8775
    at TCPConnectWrap.afterConnect [as oncomplete] (node:net:1555:16)</failure>
      <failure>Error: connect ECONNREFUSED 127.0.0.1:8775
    at TCPConnectWrap.afterConnect [as oncomplete] (node:net:1555:16)</failure>
      <failure>Error: expect(received).toBe(expected) // Object.is equality

Expected: true
Received: false
    at Object.toBe (/home/devel/basset-hound-browser/tests/integration/extension-communication/error-handling.test.js:690:21)</failure>
    </testcase>
  </testsuite>
  <testsuite name="Tor Manager Module" errors="0" failures="0" skipped="0" timestamp="2026-05-11T06:17:14" time="3.555" tests="51">
    <testcase classname="Tor Manager Module TOR_STATES should define all Tor states" name="Tor Manager Module TOR_STATES should define all Tor states" time="0.03">
    </testcase>
    <testcase classname="Tor Manager Module TOR_STATES should have correct state values" name="Tor Manager Module TOR_STATES should have correct state values" time="0.002">
    </testcase>
    <testcase classname="Tor Manager Module TOR_DEFAULTS should define default configuration" name="Tor Manager Module TOR_DEFAULTS should define default configuration" time="0.002">
    </testcase>
    <testcase classname="Tor Manager Module TOR_DEFAULTS should have correct default values" name="Tor Manager Module TOR_DEFAULTS should have correct default values" time="0.002">
    </testcase>
    <testcase classname="Tor Manager Module TorManager Constructor should initialize with default values" name="Tor Manager Module TorManager Constructor should initialize with default values" time="0.004">
    </testcase>
    <testcase classname="Tor Manager Module TorManager Constructor should accept custom configuration" name="Tor Manager Module TorManager Constructor should accept custom configuration" time="0.008">
    </testcase>
    <testcase classname="Tor Manager Module TorManager Constructor should initialize with disconnected state" name="Tor Manager Module TorManager Constructor should initialize with disconnected state" time="0.002">
    </testcase>
    <testcase classname="Tor Manager Module TorManager Constructor should initialize stats" name="Tor Manager Module TorManager Constructor should initialize stats" time="0.002">
    </testcase>
    <testcase classname="Tor Manager Module getProxyConfig should return correct proxy configuration" name="Tor Manager Module getProxyConfig should return correct proxy configuration" time="0.001">
    </testcase>
    <testcase classname="Tor Manager Module getProxyConfig should reflect custom configuration" name="Tor Manager Module getProxyConfig should reflect custom configuration" time="0.003">
    </testcase>
    <testcase classname="Tor Manager Module getProxyRules should return correctly formatted proxy rules" name="Tor Manager Module getProxyRules should return correctly formatted proxy rules" time="0.001">
    </testcase>
    <testcase classname="Tor Manager Module getProxyRules should reflect custom configuration" name="Tor Manager Module getProxyRules should reflect custom configuration" time="0.003">
    </testcase>
    <testcase classname="Tor Manager Module checkConnection should return success when connection succeeds" name="Tor Manager Module checkConnection should return success when connection succeeds" time="0.013">
    </testcase>
    <testcase classname="Tor Manager Module checkConnection should return failure on connection error" name="Tor Manager Module checkConnection should return failure on connection error" time="0.011">
    </testcase>
    <testcase classname="Tor Manager Module checkConnection should increment connection errors on failure" name="Tor Manager Module checkConnection should increment connection errors on failure" time="0.012">
    </testcase>
    <testcase classname="Tor Manager Module connect should update state to CONNECTING then CONNECTED on success" name="Tor Manager Module connect should update state to CONNECTING then CONNECTED on success" time="0.012">
    </testcase>
    <testcase classname="Tor Manager Module connect should return success with proxy config on successful connection" name="Tor Manager Module connect should return success with proxy config on successful connection" time="0.013">
    </testcase>
    <testcase classname="Tor Manager Module connect should emit connected event on success" name="Tor Manager Module connect should emit connected event on success" time="0.012">
    </testcase>
    <testcase classname="Tor Manager Module connect should update stats on successful connection" name="Tor Manager Module connect should update stats on successful connection" time="0.011">
    </testcase>
    <testcase classname="Tor Manager Module connect should return error when connection fails" name="Tor Manager Module connect should return error when connection fails" time="0.012">
    </testcase>
    <testcase classname="Tor Manager Module connect should update state to ERROR on connection failure" name="Tor Manager Module connect should update state to ERROR on connection failure" time="0.011">
    </testcase>
    <testcase classname="Tor Manager Module disconnect should update state to DISCONNECTED" name="Tor Manager Module disconnect should update state to DISCONNECTED" time="0.001">
    </testcase>
    <testcase classname="Tor Manager Module disconnect should reset authentication state" name="Tor Manager Module disconnect should reset authentication state" time="0.002">
    </testcase>
    <testcase classname="Tor Manager Module disconnect should emit disconnected event" name="Tor Manager Module disconnect should emit disconnected event" time="0.002">
    </testcase>
    <testcase classname="Tor Manager Module disconnect should close control socket if connected" name="Tor Manager Module disconnect should close control socket if connected" time="0.002">
    </testcase>
    <testcase classname="Tor Manager Module getStatus should return current status" name="Tor Manager Module getStatus should return current status" time="0.003">
    </testcase>
    <testcase classname="Tor Manager Module getStatus should reflect connection state correctly" name="Tor Manager Module getStatus should reflect connection state correctly" time="0.011">
    </testcase>
    <testcase classname="Tor Manager Module getStatus should include circuit change count" name="Tor Manager Module getStatus should include circuit change count" time="0.002">
    </testcase>
    <testcase classname="Tor Manager Module configure should update configuration" name="Tor Manager Module configure should update configuration" time="0.001">
    </testcase>
    <testcase classname="Tor Manager Module configure should return updated configuration" name="Tor Manager Module configure should return updated configuration" time="0.002">
    </testcase>
    <testcase classname="Tor Manager Module configure should update control password" name="Tor Manager Module configure should update control password" time="0.002">
    </testcase>
    <testcase classname="Tor Manager Module getExitIp should return exit IP information" name="Tor Manager Module getExitIp should return exit IP information" time="0.001">
    </testcase>
    <testcase classname="Tor Manager Module getExitIp should return stored exit node if available" name="Tor Manager Module getExitIp should return stored exit node if available" time="0.001">
    </testcase>
    <testcase classname="Tor Manager Module cleanup should disconnect and remove listeners" name="Tor Manager Module cleanup should disconnect and remove listeners" time="0.003">
    </testcase>
    <testcase classname="Tor Manager Module cleanup should be safe to call multiple times" name="Tor Manager Module cleanup should be safe to call multiple times" time="0.006">
    </testcase>
    <testcase classname="Tor Manager Module EventEmitter functionality should emit stateChange events" name="Tor Manager Module EventEmitter functionality should emit stateChange events" time="0.012">
    </testcase>
    <testcase classname="Tor Manager Module EventEmitter functionality should emit connected event with latency" name="Tor Manager Module EventEmitter functionality should emit connected event with latency" time="0.012">
    </testcase>
    <testcase classname="newIdentity should fail when control port connection fails" name="newIdentity should fail when control port connection fails" time="0.012">
    </testcase>
    <testcase classname="newIdentity should increment circuit change count on success" name="newIdentity should increment circuit change count on success" time="1.035">
    </testcase>
    <testcase classname="newIdentity should emit newIdentity event on success" name="newIdentity should emit newIdentity event on success" time="1.013">
    </testcase>
    <testcase classname="newIdentity should update lastCircuitChange timestamp" name="newIdentity should update lastCircuitChange timestamp" time="1.013">
    </testcase>
    <testcase classname="connectControlPort should return success if already connected" name="connectControlPort should return success if already connected" time="0.002">
    </testcase>
    <testcase classname="connectControlPort should handle connection timeout" name="connectControlPort should handle connection timeout" time="0.012">
    </testcase>
    <testcase classname="connectControlPort should handle connection error" name="connectControlPort should handle connection error" time="0.011">
    </testcase>
    <testcase classname="connectControlPort should authenticate after connecting" name="connectControlPort should authenticate after connecting" time="0.022">
    </testcase>
    <testcase classname="connectControlPort should handle authentication failure" name="connectControlPort should handle authentication failure" time="0.023">
    </testcase>
    <testcase classname="connectControlPort should use password authentication when configured" name="connectControlPort should use password authentication when configured" time="0.022">
    </testcase>
    <testcase classname="getCircuitInfo should return circuit information" name="getCircuitInfo should return circuit information" time="0.012">
    </testcase>
    <testcase classname="getCircuitInfo should handle error when not authenticated" name="getCircuitInfo should handle error when not authenticated" time="0.012">
    </testcase>
    <testcase classname="getTorInfo should return Tor version and status" name="getTorInfo should return Tor version and status" time="0.021">
    </testcase>
    <testcase classname="TorManager Integration with ProxyManager should export getTorManager function from proxy/manager" name="TorManager Integration with ProxyManager should export getTorManager function from proxy/manager" time="0.012">
    </testcase>
  </testsuite>
  <testsuite name="PoolEntryState Enumeration" errors="0" failures="0" skipped="0" timestamp="2026-05-11T06:17:18" time="3.04" tests="45">
    <testcase classname="PoolEntryState Enumeration should define all pool entry states" name="PoolEntryState Enumeration should define all pool entry states" time="0.001">
    </testcase>
    <testcase classname="PoolEntryState Enumeration should have correct state values" name="PoolEntryState Enumeration should have correct state values" time="0">
    </testcase>
    <testcase classname="WindowPool Constructor should initialize with default values" name="WindowPool Constructor should initialize with default values" time="0.011">
    </testcase>
    <testcase classname="WindowPool Constructor should accept custom options" name="WindowPool Constructor should accept custom options" time="0.007">
    </testcase>
    <testcase classname="WindowPool Constructor should initialize stats object" name="WindowPool Constructor should initialize stats object" time="0.006">
    </testcase>
    <testcase classname="WindowPool Constructor should have default window options" name="WindowPool Constructor should have default window options" time="0.002">
    </testcase>
    <testcase classname="WindowPool initialize should initialize the pool" name="WindowPool initialize should initialize the pool" time="0.006">
    </testcase>
    <testcase classname="WindowPool initialize should return success if already initialized" name="WindowPool initialize should return success if already initialized" time="0.005">
    </testcase>
    <testcase classname="WindowPool initialize should emit pool-initialized event" name="WindowPool initialize should emit pool-initialized event" time="0.005">
    </testcase>
    <testcase classname="WindowPool initialize should start health check loop" name="WindowPool initialize should start health check loop" time="0.006">
    </testcase>
    <testcase classname="WindowPool acquire should return null when pool is empty" name="WindowPool acquire should return null when pool is empty" time="0.004">
    </testcase>
    <testcase classname="WindowPool acquire should acquire available window from pool" name="WindowPool acquire should acquire available window from pool" time="0.008">
    </testcase>
    <testcase classname="WindowPool acquire should emit window-acquired event" name="WindowPool acquire should emit window-acquired event" time="0.006">
    </testcase>
    <testcase classname="WindowPool acquire should remove window from pool after acquisition" name="WindowPool acquire should remove window from pool after acquisition" time="0.005">
    </testcase>
    <testcase classname="WindowPool acquire should show acquired window" name="WindowPool acquire should show acquired window" time="0.005">
    </testcase>
    <testcase classname="WindowPool acquire should set window position on acquire" name="WindowPool acquire should set window position on acquire" time="0.005">
    </testcase>
    <testcase classname="WindowPool recycle should return false for null wrapper" name="WindowPool recycle should return false for null wrapper" time="0.002">
    </testcase>
    <testcase classname="WindowPool recycle should return false for unhealthy wrapper" name="WindowPool recycle should return false for unhealthy wrapper" time="0.002">
    </testcase>
    <testcase classname="WindowPool recycle should recycle healthy wrapper" name="WindowPool recycle should recycle healthy wrapper" time="0.509">
    </testcase>
    <testcase classname="WindowPool recycle should hide recycled window" name="WindowPool recycle should hide recycled window" time="0.505">
    </testcase>
    <testcase classname="WindowPool recycle should emit window-recycled event" name="WindowPool recycle should emit window-recycled event" time="0.505">
    </testcase>
    <testcase classname="WindowPool recycle should return false when pool is full" name="WindowPool recycle should return false when pool is full" time="0.006">
    </testcase>
    <testcase classname="WindowPool recycle should position recycled window off-screen" name="WindowPool recycle should position recycled window off-screen" time="0.505">
    </testcase>
    <testcase classname="WindowPool getStatus should return pool status" name="WindowPool getStatus should return pool status" time="0.003">
    </testcase>
    <testcase classname="WindowPool getStatus should include config values" name="WindowPool getStatus should include config values" time="0.002">
    </testcase>
    <testcase classname="WindowPool getStatus should include state breakdown" name="WindowPool getStatus should include state breakdown" time="0.106">
    </testcase>
    <testcase classname="WindowPool updateConfig should update minPoolSize" name="WindowPool updateConfig should update minPoolSize" time="0.002">
    </testcase>
    <testcase classname="WindowPool updateConfig should update maxPoolSize" name="WindowPool updateConfig should update maxPoolSize" time="0.003">
    </testcase>
    <testcase classname="WindowPool updateConfig should enforce minimum for warmupDelay" name="WindowPool updateConfig should enforce minimum for warmupDelay" time="0.003">
    </testcase>
    <testcase classname="WindowPool updateConfig should enforce minimum for healthCheckInterval" name="WindowPool updateConfig should enforce minimum for healthCheckInterval" time="0.003">
    </testcase>
    <testcase classname="WindowPool updateConfig should enforce minimum for maxIdleTime" name="WindowPool updateConfig should enforce minimum for maxIdleTime" time="0.003">
    </testcase>
    <testcase classname="WindowPool updateConfig should return updated status" name="WindowPool updateConfig should return updated status" time="0.002">
    </testcase>
    <testcase classname="WindowPool updateConfig should ensure maxPoolSize &gt;= minPoolSize" name="WindowPool updateConfig should ensure maxPoolSize &gt;= minPoolSize" time="0.003">
    </testcase>
    <testcase classname="WindowPool warmup should warm pool to specified count" name="WindowPool warmup should warm pool to specified count" time="0.103">
    </testcase>
    <testcase classname="WindowPool warmup should respect max pool size" name="WindowPool warmup should respect max pool size" time="0.105">
    </testcase>
    <testcase classname="WindowPool warmup should use minPoolSize as default count" name="WindowPool warmup should use minPoolSize as default count" time="0.003">
    </testcase>
    <testcase classname="WindowPool drain should dispose all windows in pool" name="WindowPool drain should dispose all windows in pool" time="0.105">
    </testcase>
    <testcase classname="WindowPool drain should return disposed count" name="WindowPool drain should return disposed count" time="0.005">
    </testcase>
    <testcase classname="WindowPool cleanup should stop health check timer" name="WindowPool cleanup should stop health check timer" time="0.005">
    </testcase>
    <testcase classname="WindowPool cleanup should drain all windows" name="WindowPool cleanup should drain all windows" time="0.004">
    </testcase>
    <testcase classname="WindowPool cleanup should set initialized to false" name="WindowPool cleanup should set initialized to false" time="0.004">
    </testcase>
    <testcase classname="WindowPool Health Check should emit health-check-completed event" name="WindowPool Health Check should emit health-check-completed event" time="0.305">
    </testcase>
    <testcase classname="WindowPool Event emissions should emit window-warmed event when creating pooled window" name="WindowPool Event emissions should emit window-warmed event when creating pooled window" time="0.004">
    </testcase>
    <testcase classname="WindowPool Statistics tracking should track totalCreated" name="WindowPool Statistics tracking should track totalCreated" time="0.105">
    </testcase>
    <testcase classname="WindowPool Statistics tracking should track acquire hits and misses" name="WindowPool Statistics tracking should track acquire hits and misses" time="0.006">
    </testcase>
  </testsuite>
  <testsuite name="StorageManager" errors="0" failures="0" skipped="0" timestamp="2026-05-11T06:17:21" time="0.414" tests="42">
    <testcase classname="StorageManager Constructor should initialize with main window reference" name="StorageManager Constructor should initialize with main window reference" time="0.001">
    </testcase>
    <testcase classname="StorageManager _generateOperationId should generate unique IDs" name="StorageManager _generateOperationId should generate unique IDs" time="0.001">
    </testcase>
    <testcase classname="StorageManager _generateOperationId should increment counter" name="StorageManager _generateOperationId should increment counter" time="0">
    </testcase>
    <testcase classname="StorageManager handleOperationResponse should resolve pending operation" name="StorageManager handleOperationResponse should resolve pending operation" time="0">
    </testcase>
    <testcase classname="StorageManager handleOperationResponse should reject on error" name="StorageManager handleOperationResponse should reject on error" time="0.001">
    </testcase>
    <testcase classname="StorageManager handleOperationResponse should ignore unknown operation IDs" name="StorageManager handleOperationResponse should ignore unknown operation IDs" time="0">
    </testcase>
    <testcase classname="StorageManager LocalStorage Methods getLocalStorage should get localStorage data" name="StorageManager LocalStorage Methods getLocalStorage should get localStorage data" time="0.01">
    </testcase>
    <testcase classname="StorageManager LocalStorage Methods getLocalStorage should require origin" name="StorageManager LocalStorage Methods getLocalStorage should require origin" time="0.001">
    </testcase>
    <testcase classname="StorageManager LocalStorage Methods getLocalStorage should send to webview" name="StorageManager LocalStorage Methods getLocalStorage should send to webview" time="0.01">
    </testcase>
    <testcase classname="StorageManager LocalStorage Methods setLocalStorageItem should set localStorage item" name="StorageManager LocalStorage Methods setLocalStorageItem should set localStorage item" time="0.011">
    </testcase>
    <testcase classname="StorageManager LocalStorage Methods setLocalStorageItem should require origin" name="StorageManager LocalStorage Methods setLocalStorageItem should require origin" time="0">
    </testcase>
    <testcase classname="StorageManager LocalStorage Methods setLocalStorageItem should require key" name="StorageManager LocalStorage Methods setLocalStorageItem should require key" time="0">
    </testcase>
    <testcase classname="StorageManager LocalStorage Methods setLocalStorageItem should handle non-string values" name="StorageManager LocalStorage Methods setLocalStorageItem should handle non-string values" time="0.011">
    </testcase>
    <testcase classname="StorageManager LocalStorage Methods removeLocalStorageItem should remove localStorage item" name="StorageManager LocalStorage Methods removeLocalStorageItem should remove localStorage item" time="0.01">
    </testcase>
    <testcase classname="StorageManager LocalStorage Methods removeLocalStorageItem should require origin and key" name="StorageManager LocalStorage Methods removeLocalStorageItem should require origin and key" time="0">
    </testcase>
    <testcase classname="StorageManager LocalStorage Methods clearLocalStorage should clear all localStorage" name="StorageManager LocalStorage Methods clearLocalStorage should clear all localStorage" time="0.01">
    </testcase>
    <testcase classname="StorageManager LocalStorage Methods clearLocalStorage should require origin" name="StorageManager LocalStorage Methods clearLocalStorage should require origin" time="0.001">
    </testcase>
    <testcase classname="StorageManager SessionStorage Methods getSessionStorage should get sessionStorage data" name="StorageManager SessionStorage Methods getSessionStorage should get sessionStorage data" time="0.01">
    </testcase>
    <testcase classname="StorageManager SessionStorage Methods getSessionStorage should require origin" name="StorageManager SessionStorage Methods getSessionStorage should require origin" time="0">
    </testcase>
    <testcase classname="StorageManager SessionStorage Methods setSessionStorageItem should set sessionStorage item" name="StorageManager SessionStorage Methods setSessionStorageItem should set sessionStorage item" time="0.01">
    </testcase>
    <testcase classname="StorageManager SessionStorage Methods setSessionStorageItem should require origin and key" name="StorageManager SessionStorage Methods setSessionStorageItem should require origin and key" time="0">
    </testcase>
    <testcase classname="StorageManager SessionStorage Methods removeSessionStorageItem should remove sessionStorage item" name="StorageManager SessionStorage Methods removeSessionStorageItem should remove sessionStorage item" time="0.011">
    </testcase>
    <testcase classname="StorageManager SessionStorage Methods clearSessionStorage should clear sessionStorage" name="StorageManager SessionStorage Methods clearSessionStorage should clear sessionStorage" time="0.01">
    </testcase>
    <testcase classname="StorageManager IndexedDB Methods getIndexedDBDatabases should list IndexedDB databases" name="StorageManager IndexedDB Methods getIndexedDBDatabases should list IndexedDB databases" time="0.011">
    </testcase>
    <testcase classname="StorageManager IndexedDB Methods deleteIndexedDBDatabase should delete IndexedDB database" name="StorageManager IndexedDB Methods deleteIndexedDBDatabase should delete IndexedDB database" time="0.009">
    </testcase>
    <testcase classname="StorageManager Export/Import Methods exportStorage should export all storage data" name="StorageManager Export/Import Methods exportStorage should export all storage data" time="0.03">
    </testcase>
    <testcase classname="StorageManager Export/Import Methods importStorage should import storage data" name="StorageManager Export/Import Methods importStorage should import storage data" time="0.011">
    </testcase>
    <testcase classname="StorageManager Export/Import Methods exportStorageToFile should export to file" name="StorageManager Export/Import Methods exportStorageToFile should export to file" time="0.031">
    </testcase>
    <testcase classname="StorageManager Export/Import Methods importStorageFromFile should import from file" name="StorageManager Export/Import Methods importStorageFromFile should import from file" time="0">
    </testcase>
    <testcase classname="StorageManager Bulk Operations setLocalStorageItem should set single item" name="StorageManager Bulk Operations setLocalStorageItem should set single item" time="0.011">
    </testcase>
    <testcase classname="StorageManager Bulk Operations getLocalStorage should get all storage items" name="StorageManager Bulk Operations getLocalStorage should get all storage items" time="0.01">
    </testcase>
    <testcase classname="StorageManager Statistics getStorageStats should return storage statistics" name="StorageManager Statistics getStorageStats should return storage statistics" time="0.01">
    </testcase>
    <testcase classname="StorageManager Clear All Storage clearAllStorage should clear all storage types" name="StorageManager Clear All Storage clearAllStorage should clear all storage types" time="0.03">
    </testcase>
    <testcase classname="StorageManager Error Handling should handle webview execution error" name="StorageManager Error Handling should handle webview execution error" time="0.011">
    </testcase>
    <testcase classname="StorageManager Error Handling should handle timeout" name="StorageManager Error Handling should handle timeout" time="0.05">
    </testcase>
    <testcase classname="StorageManager Special Characters Handling should escape special characters in keys" name="StorageManager Special Characters Handling should escape special characters in keys" time="0.011">
    </testcase>
    <testcase classname="StorageManager Special Characters Handling should escape special characters in values" name="StorageManager Special Characters Handling should escape special characters in values" time="0.01">
    </testcase>
    <testcase classname="StorageManager Edge Cases should handle empty origin string" name="StorageManager Edge Cases should handle empty origin string" time="0.001">
    </testcase>
    <testcase classname="StorageManager Edge Cases should handle undefined values by converting to string" name="StorageManager Edge Cases should handle undefined values by converting to string" time="0">
    </testcase>
    <testcase classname="StorageManager Edge Cases should handle null values" name="StorageManager Edge Cases should handle null values" time="0.011">
    </testcase>
    <testcase classname="StorageManager Edge Cases should handle very long keys" name="StorageManager Edge Cases should handle very long keys" time="0.01">
    </testcase>
    <testcase classname="StorageManager Edge Cases should handle very long values" name="StorageManager Edge Cases should handle very long values" time="0.011">
    </testcase>
  </testsuite>
  <testsuite name="Certificate Generator Module" errors="0" failures="0" skipped="0" timestamp="2026-05-11T06:17:13" time="8.795" tests="51">
    <testcase classname="Certificate Generator Module Constructor should initialize with default values when electron is mocked" name="Certificate Generator Module Constructor should initialize with default values when electron is mocked" time="0.002">
    </testcase>
    <testcase classname="Certificate Generator Module Constructor should accept custom options" name="Certificate Generator Module Constructor should accept custom options" time="0.001">
    </testcase>
    <testcase classname="Certificate Generator Module Constructor should set correct certificate paths" name="Certificate Generator Module Constructor should set correct certificate paths" time="0">
    </testcase>
    <testcase classname="Certificate Generator Module Constructor should use console logger by default" name="Certificate Generator Module Constructor should use console logger by default" time="0.001">
    </testcase>
    <testcase classname="Certificate Generator Module _ensureDirectoryExists should create directory if it does not exist" name="Certificate Generator Module _ensureDirectoryExists should create directory if it does not exist" time="0.001">
    </testcase>
    <testcase classname="Certificate Generator Module _ensureDirectoryExists should not fail if directory already exists" name="Certificate Generator Module _ensureDirectoryExists should not fail if directory already exists" time="0">
    </testcase>
    <testcase classname="Certificate Generator Module _ensureDirectoryExists should log when creating directory" name="Certificate Generator Module _ensureDirectoryExists should log when creating directory" time="0.001">
    </testcase>
    <testcase classname="Certificate Generator Module _certificatesExist should return false when no certificates exist" name="Certificate Generator Module _certificatesExist should return false when no certificates exist" time="0">
    </testcase>
    <testcase classname="Certificate Generator Module _certificatesExist should return false when only some certificates exist" name="Certificate Generator Module _certificatesExist should return false when only some certificates exist" time="0.001">
    </testcase>
    <testcase classname="Certificate Generator Module _certificatesExist should return true when all required certificates exist" name="Certificate Generator Module _certificatesExist should return true when all required certificates exist" time="0.001">
    </testcase>
    <testcase classname="Certificate Generator Module _createOpenSSLConfig should create OpenSSL config file" name="Certificate Generator Module _createOpenSSLConfig should create OpenSSL config file" time="0.006">
    </testcase>
    <testcase classname="Certificate Generator Module _createOpenSSLConfig should include organization name in config" name="Certificate Generator Module _createOpenSSLConfig should include organization name in config" time="0.001">
    </testcase>
    <testcase classname="Certificate Generator Module _createOpenSSLConfig should include common name in config" name="Certificate Generator Module _createOpenSSLConfig should include common name in config" time="0">
    </testcase>
    <testcase classname="Certificate Generator Module _createOpenSSLConfig should include subject alternative names" name="Certificate Generator Module _createOpenSSLConfig should include subject alternative names" time="0.001">
    </testcase>
    <testcase classname="Certificate Generator Module _createOpenSSLConfig should include key size in config" name="Certificate Generator Module _createOpenSSLConfig should include key size in config" time="0.001">
    </testcase>
    <testcase classname="Certificate Generator Module _isOpenSSLAvailable should return boolean" name="Certificate Generator Module _isOpenSSLAvailable should return boolean" time="0.006">
    </testcase>
    <testcase classname="Certificate Generator Module _isOpenSSLAvailable should return true if OpenSSL is available" name="Certificate Generator Module _isOpenSSLAvailable should return true if OpenSSL is available" time="0.011">
    </testcase>
    <testcase classname="Certificate Generator Module _getCertPaths should return object with certificate paths" name="Certificate Generator Module _getCertPaths should return object with certificate paths" time="0.001">
    </testcase>
    <testcase classname="Certificate Generator Module _getCertPaths should return correct paths" name="Certificate Generator Module _getCertPaths should return correct paths" time="0.001">
    </testcase>
    <testcase classname="Certificate Generator Module getCertificateInfo should return null when certificates do not exist" name="Certificate Generator Module getCertificateInfo should return null when certificates do not exist" time="0.001">
    </testcase>
    <testcase classname="Certificate Generator Module getCertificateInfo should return certificate info when certificates exist" name="Certificate Generator Module getCertificateInfo should return certificate info when certificates exist" time="0.001">
    </testcase>
    <testcase classname="Certificate Generator Module deleteCertificates should return false when no certificates exist" name="Certificate Generator Module deleteCertificates should return false when no certificates exist" time="0.001">
    </testcase>
    <testcase classname="Certificate Generator Module deleteCertificates should delete existing certificates" name="Certificate Generator Module deleteCertificates should delete existing certificates" time="0.001">
    </testcase>
    <testcase classname="Certificate Generator Module deleteCertificates should log number of deleted files" name="Certificate Generator Module deleteCertificates should log number of deleted files" time="0">
    </testcase>
    <testcase classname="Certificate Generator Module _validateCertificate should return false when certificate does not exist" name="Certificate Generator Module _validateCertificate should return false when certificate does not exist" time="0.001">
    </testcase>
    <testcase classname="Certificate Generator Module _validateCertificate should return false for invalid certificate format" name="Certificate Generator Module _validateCertificate should return false for invalid certificate format" time="0">
    </testcase>
    <testcase classname="Certificate Generator Module _validateCertificate should return true for valid placeholder certificate" name="Certificate Generator Module _validateCertificate should return true for valid placeholder certificate" time="0.001">
    </testcase>
    <testcase classname="Certificate Generator Module _validateCertificate should return false for expired certificate" name="Certificate Generator Module _validateCertificate should return false for expired certificate" time="0.001">
    </testcase>
    <testcase classname="Certificate Generator Module _validateCertificate should return false for certificate expiring soon (&lt; 30 days)" name="Certificate Generator Module _validateCertificate should return false for certificate expiring soon (&lt; 30 days)" time="0">
    </testcase>
    <testcase classname="Certificate Generator Module _generateWithNodeCrypto should generate certificates using Node.js crypto" name="Certificate Generator Module _generateWithNodeCrypto should generate certificates using Node.js crypto" time="0.385">
    </testcase>
    <testcase classname="Certificate Generator Module _generateWithNodeCrypto should create private keys with restricted permissions" name="Certificate Generator Module _generateWithNodeCrypto should create private keys with restricted permissions" time="0.619">
    </testcase>
    <testcase classname="Certificate Generator Module _generateWithNodeCrypto should create placeholder certificates with proper structure" name="Certificate Generator Module _generateWithNodeCrypto should create placeholder certificates with proper structure" time="0.52">
    </testcase>
    <testcase classname="Certificate Generator Module _generateWithNodeCrypto should log warning about simplified certificates" name="Certificate Generator Module _generateWithNodeCrypto should log warning about simplified certificates" time="0.212">
    </testcase>
    <testcase classname="Certificate Generator Module _generateWithNodeCrypto should generate RSA keys with correct modulus length" name="Certificate Generator Module _generateWithNodeCrypto should generate RSA keys with correct modulus length" time="0.347">
    </testcase>
    <testcase classname="Certificate Generator Module _generateWithOpenSSL should generate certificates using OpenSSL" name="Certificate Generator Module _generateWithOpenSSL should generate certificates using OpenSSL" time="0.345">
    </testcase>
    <testcase classname="Certificate Generator Module _generateWithOpenSSL should create OpenSSL config file" name="Certificate Generator Module _generateWithOpenSSL should create OpenSSL config file" time="0.328">
    </testcase>
    <testcase classname="Certificate Generator Module _generateWithOpenSSL should clean up temporary files" name="Certificate Generator Module _generateWithOpenSSL should clean up temporary files" time="0.357">
    </testcase>
    <testcase classname="Certificate Generator Module _generateWithOpenSSL should set proper permissions on private keys" name="Certificate Generator Module _generateWithOpenSSL should set proper permissions on private keys" time="0.331">
    </testcase>
    <testcase classname="Certificate Generator Module _generateWithOpenSSL should create valid X.509 certificates" name="Certificate Generator Module _generateWithOpenSSL should create valid X.509 certificates" time="0.381">
    </testcase>
    <testcase classname="Certificate Generator Module _generateCertificates should try OpenSSL first if available" name="Certificate Generator Module _generateCertificates should try OpenSSL first if available" time="0.433">
    </testcase>
    <testcase classname="Certificate Generator Module _generateCertificates should fall back to Node.js crypto if OpenSSL and node-forge fail" name="Certificate Generator Module _generateCertificates should fall back to Node.js crypto if OpenSSL and node-forge fail" time="0.599">
    </testcase>
    <testcase classname="Certificate Generator Module _generateCertificates should log which method is being used" name="Certificate Generator Module _generateCertificates should log which method is being used" time="0.293">
    </testcase>
    <testcase classname="Certificate Generator Module ensureCertificates should create directory if it does not exist" name="Certificate Generator Module ensureCertificates should create directory if it does not exist" time="0.277">
    </testcase>
    <testcase classname="Certificate Generator Module ensureCertificates should generate certificates if they do not exist" name="Certificate Generator Module ensureCertificates should generate certificates if they do not exist" time="0.47">
    </testcase>
    <testcase classname="Certificate Generator Module ensureCertificates should use existing valid certificates" name="Certificate Generator Module ensureCertificates should use existing valid certificates" time="0.52">
    </testcase>
    <testcase classname="Certificate Generator Module ensureCertificates should regenerate expired certificates" name="Certificate Generator Module ensureCertificates should regenerate expired certificates" time="0.179">
    </testcase>
    <testcase classname="Certificate Generator Module ensureCertificates should return correct certificate paths" name="Certificate Generator Module ensureCertificates should return correct certificate paths" time="0.495">
    </testcase>
    <testcase classname="Certificate Generator Module ensureCertificates should throw error on generation failure" name="Certificate Generator Module ensureCertificates should throw error on generation failure" time="0.02">
    </testcase>
    <testcase classname="Certificate Generator Module Integration Tests should complete full certificate lifecycle" name="Certificate Generator Module Integration Tests should complete full certificate lifecycle" time="0.255">
    </testcase>
    <testcase classname="Certificate Generator Module Integration Tests should handle multiple instances with different directories" name="Certificate Generator Module Integration Tests should handle multiple instances with different directories" time="0.699">
    </testcase>
    <testcase classname="Certificate Generator Module Integration Tests should handle custom validity period" name="Certificate Generator Module Integration Tests should handle custom validity period" time="0.64">
    </testcase>
  </testsuite>
  <testsuite name="ExtractionManager - DOM Timing" errors="0" failures="0" skipped="0" timestamp="2026-05-11T06:17:21" time="0.381" tests="22">
    <testcase classname="ExtractionManager - DOM Timing DOM Wait Configuration should have default DOM wait configuration" name="ExtractionManager - DOM Timing DOM Wait Configuration should have default DOM wait configuration" time="0.001">
    </testcase>
    <testcase classname="ExtractionManager - DOM Timing DOM Wait Configuration should configure DOM wait settings" name="ExtractionManager - DOM Timing DOM Wait Configuration should configure DOM wait settings" time="0.01">
    </testcase>
    <testcase classname="ExtractionManager - DOM Timing DOM Wait Configuration should reject invalid DOM wait configuration" name="ExtractionManager - DOM Timing DOM Wait Configuration should reject invalid DOM wait configuration" time="0.001">
    </testcase>
    <testcase classname="ExtractionManager - DOM Timing Incomplete DOM Detection should detect loading placeholders" name="ExtractionManager - DOM Timing Incomplete DOM Detection should detect loading placeholders" time="0">
    </testcase>
    <testcase classname="ExtractionManager - DOM Timing Incomplete DOM Detection should detect minimal main content" name="ExtractionManager - DOM Timing Incomplete DOM Detection should detect minimal main content" time="0.001">
    </testcase>
    <testcase classname="ExtractionManager - DOM Timing Incomplete DOM Detection should detect deferred scripts" name="ExtractionManager - DOM Timing Incomplete DOM Detection should detect deferred scripts" time="0">
    </testcase>
    <testcase classname="ExtractionManager - DOM Timing Incomplete DOM Detection should detect lazy loading" name="ExtractionManager - DOM Timing Incomplete DOM Detection should detect lazy loading" time="0">
    </testcase>
    <testcase classname="ExtractionManager - DOM Timing Incomplete DOM Detection should detect dynamic content indicators" name="ExtractionManager - DOM Timing Incomplete DOM Detection should detect dynamic content indicators" time="0.001">
    </testcase>
    <testcase classname="ExtractionManager - DOM Timing Incomplete DOM Detection should handle complete DOM" name="ExtractionManager - DOM Timing Incomplete DOM Detection should handle complete DOM" time="0">
    </testcase>
    <testcase classname="ExtractionManager - DOM Timing Incomplete DOM Detection should handle empty HTML gracefully" name="ExtractionManager - DOM Timing Incomplete DOM Detection should handle empty HTML gracefully" time="0">
    </testcase>
    <testcase classname="ExtractionManager - DOM Timing Extract All with DOM Status should include DOM status in results" name="ExtractionManager - DOM Timing Extract All with DOM Status should include DOM status in results" time="0.005">
    </testcase>
    <testcase classname="ExtractionManager - DOM Timing Extract All with DOM Status should include retry hint for incomplete DOM" name="ExtractionManager - DOM Timing Extract All with DOM Status should include retry hint for incomplete DOM" time="0.005">
    </testcase>
    <testcase classname="ExtractionManager - DOM Timing Extract All with DOM Status should not include retry hint for complete DOM" name="ExtractionManager - DOM Timing Extract All with DOM Status should not include retry hint for complete DOM" time="0">
    </testcase>
    <testcase classname="ExtractionManager - DOM Timing Extract All with DOM Status should track incomplete DOM detections in stats" name="ExtractionManager - DOM Timing Extract All with DOM Status should track incomplete DOM detections in stats" time="0.002">
    </testcase>
    <testcase classname="ExtractionManager - DOM Timing Extract All With Retry should extract on first attempt if DOM is complete" name="ExtractionManager - DOM Timing Extract All With Retry should extract on first attempt if DOM is complete" time="0">
    </testcase>
    <testcase classname="ExtractionManager - DOM Timing Extract All With Retry should retry when DOM is incomplete" name="ExtractionManager - DOM Timing Extract All With Retry should retry when DOM is incomplete" time="0.053">
    </testcase>
    <testcase classname="ExtractionManager - DOM Timing Extract All With Retry should fail after max retries" name="ExtractionManager - DOM Timing Extract All With Retry should fail after max retries" time="0.053">
    </testcase>
    <testcase classname="ExtractionManager - DOM Timing Extract All With Retry should handle extraction errors" name="ExtractionManager - DOM Timing Extract All With Retry should handle extraction errors" time="0.052">
    </testcase>
    <testcase classname="ExtractionManager - DOM Timing Extract All With Retry should track extraction attempts" name="ExtractionManager - DOM Timing Extract All With Retry should track extraction attempts" time="0.102">
    </testcase>
    <testcase classname="ExtractionManager - DOM Timing Extract All With Retry should provide note when successful after retry" name="ExtractionManager - DOM Timing Extract All With Retry should provide note when successful after retry" time="0.051">
    </testcase>
    <testcase classname="ExtractionManager - DOM Timing Statistics Tracking should provide getStats method" name="ExtractionManager - DOM Timing Statistics Tracking should provide getStats method" time="0.001">
    </testcase>
    <testcase classname="ExtractionManager - DOM Timing Statistics Tracking should reset statistics" name="ExtractionManager - DOM Timing Statistics Tracking should reset statistics" time="0.001">
    </testcase>
  </testsuite>
  <testsuite name="WindowState Enumeration" errors="0" failures="0" skipped="0" timestamp="2026-05-11T06:17:22" time="0.216" tests="68">
    <testcase classname="WindowState Enumeration should define all window states" name="WindowState Enumeration should define all window states" time="0.001">
    </testcase>
    <testcase classname="WindowState Enumeration should have correct state values" name="WindowState Enumeration should have correct state values" time="0.002">
    </testcase>
    <testcase classname="generateWindowId should generate unique window IDs" name="generateWindowId should generate unique window IDs" time="0.001">
    </testcase>
    <testcase classname="generateWindowId should include timestamp in ID" name="generateWindowId should include timestamp in ID" time="0.002">
    </testcase>
    <testcase classname="BrowserWindowWrapper Constructor should create wrapper with default values" name="BrowserWindowWrapper Constructor should create wrapper with default values" time="0.001">
    </testcase>
    <testcase classname="BrowserWindowWrapper Constructor should create wrapper with custom values" name="BrowserWindowWrapper Constructor should create wrapper with custom values" time="0">
    </testcase>
    <testcase classname="BrowserWindowWrapper Constructor should set createdAt and lastActivity timestamps" name="BrowserWindowWrapper Constructor should set createdAt and lastActivity timestamps" time="0.001">
    </testcase>
    <testcase classname="BrowserWindowWrapper toJSON should return serializable representation" name="BrowserWindowWrapper toJSON should return serializable representation" time="0.001">
    </testcase>
    <testcase classname="BrowserWindowWrapper toJSON should correctly reflect isReady for different states" name="BrowserWindowWrapper toJSON should correctly reflect isReady for different states" time="0">
    </testcase>
    <testcase classname="BrowserWindowWrapper touch should update lastActivity timestamp" name="BrowserWindowWrapper touch should update lastActivity timestamp" time="0.012">
    </testcase>
    <testcase classname="BrowserWindowWrapper isHealthy should return false when browserWindow is null" name="BrowserWindowWrapper isHealthy should return false when browserWindow is null" time="0">
    </testcase>
    <testcase classname="BrowserWindowWrapper isHealthy should return false when browserWindow is destroyed" name="BrowserWindowWrapper isHealthy should return false when browserWindow is destroyed" time="0">
    </testcase>
    <testcase classname="BrowserWindowWrapper isHealthy should return false for ERROR state" name="BrowserWindowWrapper isHealthy should return false for ERROR state" time="0">
    </testcase>
    <testcase classname="BrowserWindowWrapper isHealthy should return false for CLOSED state" name="BrowserWindowWrapper isHealthy should return false for CLOSED state" time="0">
    </testcase>
    <testcase classname="BrowserWindowWrapper isHealthy should return false when health check failures exceed max" name="BrowserWindowWrapper isHealthy should return false when health check failures exceed max" time="0.001">
    </testcase>
    <testcase classname="BrowserWindowWrapper isHealthy should return true for healthy window" name="BrowserWindowWrapper isHealthy should return true for healthy window" time="0">
    </testcase>
    <testcase classname="BrowserWindowWrapper Health tracking should record health failures" name="BrowserWindowWrapper Health tracking should record health failures" time="0">
    </testcase>
    <testcase classname="BrowserWindowWrapper Health tracking should reset health failures" name="BrowserWindowWrapper Health tracking should reset health failures" time="0">
    </testcase>
    <testcase classname="WindowManager Constructor should initialize with default values" name="WindowManager Constructor should initialize with default values" time="0.009">
    </testcase>
    <testcase classname="WindowManager Constructor should accept custom options" name="WindowManager Constructor should accept custom options" time="0.003">
    </testcase>
    <testcase classname="WindowManager Constructor should have default window options" name="WindowManager Constructor should have default window options" time="0.002">
    </testcase>
    <testcase classname="WindowManager setWindowPool should set window pool reference" name="WindowManager setWindowPool should set window pool reference" time="0.004">
    </testcase>
    <testcase classname="WindowManager spawnWindow should spawn a new window" name="WindowManager spawnWindow should spawn a new window" time="0.003">
    </testcase>
    <testcase classname="WindowManager spawnWindow should use default home page when no URL provided" name="WindowManager spawnWindow should use default home page when no URL provided" time="0.002">
    </testcase>
    <testcase classname="WindowManager spawnWindow should set first window as active" name="WindowManager spawnWindow should set first window as active" time="0.002">
    </testcase>
    <testcase classname="WindowManager spawnWindow should fail when max windows reached" name="WindowManager spawnWindow should fail when max windows reached" time="0.004">
    </testcase>
    <testcase classname="WindowManager spawnWindow should spawn with custom partition" name="WindowManager spawnWindow should spawn with custom partition" time="0.003">
    </testcase>
    <testcase classname="WindowManager spawnWindow should spawn with profile ID" name="WindowManager spawnWindow should spawn with profile ID" time="0.002">
    </testcase>
    <testcase classname="WindowManager spawnWindow should spawn with metadata" name="WindowManager spawnWindow should spawn with metadata" time="0.003">
    </testcase>
    <testcase classname="WindowManager spawnWindow should emit window-spawned event" name="WindowManager spawnWindow should emit window-spawned event" time="0.003">
    </testcase>
    <testcase classname="WindowManager spawnWindow should try to acquire from pool when available" name="WindowManager spawnWindow should try to acquire from pool when available" time="0.004">
    </testcase>
    <testcase classname="WindowManager getWindowInfo should return window info" name="WindowManager getWindowInfo should return window info" time="0.003">
    </testcase>
    <testcase classname="WindowManager getWindowInfo should return null for non-existent window" name="WindowManager getWindowInfo should return null for non-existent window" time="0.002">
    </testcase>
    <testcase classname="WindowManager listWindows should list all windows" name="WindowManager listWindows should list all windows" time="0.003">
    </testcase>
    <testcase classname="WindowManager listWindows should filter by state" name="WindowManager listWindows should filter by state" time="0.006">
    </testcase>
    <testcase classname="WindowManager listWindows should filter by profile ID" name="WindowManager listWindows should filter by profile ID" time="0.002">
    </testcase>
    <testcase classname="WindowManager listWindows should include active window ID" name="WindowManager listWindows should include active window ID" time="0.003">
    </testcase>
    <testcase classname="WindowManager switchWindow should switch to existing window" name="WindowManager switchWindow should switch to existing window" time="0.003">
    </testcase>
    <testcase classname="WindowManager switchWindow should fail for non-existent window" name="WindowManager switchWindow should fail for non-existent window" time="0.002">
    </testcase>
    <testcase classname="WindowManager switchWindow should fail for destroyed window" name="WindowManager switchWindow should fail for destroyed window" time="0.003">
    </testcase>
    <testcase classname="WindowManager switchWindow should emit window-switched event" name="WindowManager switchWindow should emit window-switched event" time="0.003">
    </testcase>
    <testcase classname="WindowManager switchWindow should focus the window" name="WindowManager switchWindow should focus the window" time="0.003">
    </testcase>
    <testcase classname="WindowManager closeWindow should close existing window" name="WindowManager closeWindow should close existing window" time="0.004">
    </testcase>
    <testcase classname="WindowManager closeWindow should fail for non-existent window" name="WindowManager closeWindow should fail for non-existent window" time="0.002">
    </testcase>
    <testcase classname="WindowManager closeWindow should update active window when closing active" name="WindowManager closeWindow should update active window when closing active" time="0.003">
    </testcase>
    <testcase classname="WindowManager closeWindow should force destroy window when force option is true" name="WindowManager closeWindow should force destroy window when force option is true" time="0.002">
    </testcase>
    <testcase classname="WindowManager closeWindow should return to pool when requested and window is healthy" name="WindowManager closeWindow should return to pool when requested and window is healthy" time="0.006">
    </testcase>
    <testcase classname="WindowManager navigateWindow should navigate window to URL" name="WindowManager navigateWindow should navigate window to URL" time="0.002">
    </testcase>
    <testcase classname="WindowManager navigateWindow should fail for non-existent window" name="WindowManager navigateWindow should fail for non-existent window" time="0.002">
    </testcase>
    <testcase classname="WindowManager navigateWindow should update window URL" name="WindowManager navigateWindow should update window URL" time="0.002">
    </testcase>
    <testcase classname="WindowManager sendToWindow should send message to window" name="WindowManager sendToWindow should send message to window" time="0.003">
    </testcase>
    <testcase classname="WindowManager sendToWindow should fail for non-existent window" name="WindowManager sendToWindow should fail for non-existent window" time="0.001">
    </testcase>
    <testcase classname="WindowManager broadcast should broadcast message to all windows" name="WindowManager broadcast should broadcast message to all windows" time="0.002">
    </testcase>
    <testcase classname="WindowManager broadcast should filter by state" name="WindowManager broadcast should filter by state" time="0.003">
    </testcase>
    <testcase classname="WindowManager broadcast should exclude specified windows" name="WindowManager broadcast should exclude specified windows" time="0.002">
    </testcase>
    <testcase classname="WindowManager broadcast should send only to active window when onlyActive is true" name="WindowManager broadcast should send only to active window when onlyActive is true" time="0.003">
    </testcase>
    <testcase classname="WindowManager broadcast should handle unavailable windows" name="WindowManager broadcast should handle unavailable windows" time="0.002">
    </testcase>
    <testcase classname="WindowManager getActiveWindow should return active window" name="WindowManager getActiveWindow should return active window" time="0.005">
    </testcase>
    <testcase classname="WindowManager getActiveWindow should return null when no active window" name="WindowManager getActiveWindow should return null when no active window" time="0.002">
    </testcase>
    <testcase classname="WindowManager closeAllWindows should close all windows" name="WindowManager closeAllWindows should close all windows" time="0.003">
    </testcase>
    <testcase classname="WindowManager closeAllWindows should keep active window when exceptActive is true" name="WindowManager closeAllWindows should keep active window when exceptActive is true" time="0.004">
    </testcase>
    <testcase classname="WindowManager closeAllWindows should force close when force option is true" name="WindowManager closeAllWindows should force close when force option is true" time="0.002">
    </testcase>
    <testcase classname="WindowManager healthCheck should return health check results" name="WindowManager healthCheck should return health check results" time="0.003">
    </testcase>
    <testcase classname="WindowManager healthCheck should identify unhealthy windows" name="WindowManager healthCheck should identify unhealthy windows" time="0.002">
    </testcase>
    <testcase classname="WindowManager healthCheck should include health check failure count" name="WindowManager healthCheck should include health check failure count" time="0.002">
    </testcase>
    <testcase classname="WindowManager cleanup should close all windows and clear state" name="WindowManager cleanup should close all windows and clear state" time="0.003">
    </testcase>
    <testcase classname="WindowManager Event emissions should emit window-navigated event" name="WindowManager Event emissions should emit window-navigated event" time="0.003">
    </testcase>
    <testcase classname="WindowManager Event emissions should emit window-title-updated event" name="WindowManager Event emissions should emit window-title-updated event" time="0.002">
    </testcase>
  </testsuite>
  <testsuite name="UserAgentManager - Rotation &amp; Validation" errors="0" failures="0" skipped="0" timestamp="2026-05-11T06:17:22" time="0.164" tests="26">
    <testcase classname="UserAgentManager - Rotation &amp; Validation Succession Repeat Prevention should prevent same UA from appearing twice in succession" name="UserAgentManager - Rotation &amp; Validation Succession Repeat Prevention should prevent same UA from appearing twice in succession" time="0.01">
    </testcase>
    <testcase classname="UserAgentManager - Rotation &amp; Validation Succession Repeat Prevention should allow disabling succession repeat prevention" name="UserAgentManager - Rotation &amp; Validation Succession Repeat Prevention should allow disabling succession repeat prevention" time="0.002">
    </testcase>
    <testcase classname="UserAgentManager - Rotation &amp; Validation Succession Repeat Prevention should report error when only 1 UA with prevention enabled" name="UserAgentManager - Rotation &amp; Validation Succession Repeat Prevention should report error when only 1 UA with prevention enabled" time="0.001">
    </testcase>
    <testcase classname="UserAgentManager - Rotation &amp; Validation Succession Repeat Prevention should track previous user agent" name="UserAgentManager - Rotation &amp; Validation Succession Repeat Prevention should track previous user agent" time="0.003">
    </testcase>
    <testcase classname="UserAgentManager - Rotation &amp; Validation Rotation History should maintain rotation history" name="UserAgentManager - Rotation &amp; Validation Rotation History should maintain rotation history" time="0.007">
    </testcase>
    <testcase classname="UserAgentManager - Rotation &amp; Validation Rotation History should trim history to max length" name="UserAgentManager - Rotation &amp; Validation Rotation History should trim history to max length" time="0.012">
    </testcase>
    <testcase classname="UserAgentManager - Rotation &amp; Validation Rotation History should retrieve rotation history with limit" name="UserAgentManager - Rotation &amp; Validation Rotation History should retrieve rotation history with limit" time="0.006">
    </testcase>
    <testcase classname="UserAgentManager - Rotation &amp; Validation Category Detection &amp; Distribution should detect user agent category" name="UserAgentManager - Rotation &amp; Validation Category Detection &amp; Distribution should detect user agent category" time="0">
    </testcase>
    <testcase classname="UserAgentManager - Rotation &amp; Validation Category Detection &amp; Distribution should return null for unknown user agent" name="UserAgentManager - Rotation &amp; Validation Category Detection &amp; Distribution should return null for unknown user agent" time="0">
    </testcase>
    <testcase classname="UserAgentManager - Rotation &amp; Validation Category Detection &amp; Distribution should track category history" name="UserAgentManager - Rotation &amp; Validation Category Detection &amp; Distribution should track category history" time="0.008">
    </testcase>
    <testcase classname="UserAgentManager - Rotation &amp; Validation Category Detection &amp; Distribution should calculate category distribution" name="UserAgentManager - Rotation &amp; Validation Category Detection &amp; Distribution should calculate category distribution" time="0.018">
    </testcase>
    <testcase classname="UserAgentManager - Rotation &amp; Validation Category Detection &amp; Distribution should show balanced distribution with multiple categories" name="UserAgentManager - Rotation &amp; Validation Category Detection &amp; Distribution should show balanced distribution with multiple categories" time="0.027">
    </testcase>
    <testcase classname="UserAgentManager - Rotation &amp; Validation Rotation Validation should validate successful rotation setup" name="UserAgentManager - Rotation &amp; Validation Rotation Validation should validate successful rotation setup" time="0.001">
    </testcase>
    <testcase classname="UserAgentManager - Rotation &amp; Validation Rotation Validation should detect missing categories" name="UserAgentManager - Rotation &amp; Validation Rotation Validation should detect missing categories" time="0">
    </testcase>
    <testcase classname="UserAgentManager - Rotation &amp; Validation Rotation Validation should detect succession repeat issue with single UA" name="UserAgentManager - Rotation &amp; Validation Rotation Validation should detect succession repeat issue with single UA" time="0">
    </testcase>
    <testcase classname="UserAgentManager - Rotation &amp; Validation Rotation Validation should detect invalid rotation mode" name="UserAgentManager - Rotation &amp; Validation Rotation Validation should detect invalid rotation mode" time="0">
    </testcase>
    <testcase classname="UserAgentManager - Rotation &amp; Validation Rotation Validation should recommend category diversity" name="UserAgentManager - Rotation &amp; Validation Rotation Validation should recommend category diversity" time="0.011">
    </testcase>
    <testcase classname="UserAgentManager - Rotation &amp; Validation Category-Based Rotation should support category preference in rotation" name="UserAgentManager - Rotation &amp; Validation Category-Based Rotation should support category preference in rotation" time="0.002">
    </testcase>
    <testcase classname="UserAgentManager - Rotation &amp; Validation Category-Based Rotation should track preferred category in history" name="UserAgentManager - Rotation &amp; Validation Category-Based Rotation should track preferred category in history" time="0.002">
    </testcase>
    <testcase classname="UserAgentManager - Rotation &amp; Validation Status &amp; Statistics should provide current status" name="UserAgentManager - Rotation &amp; Validation Status &amp; Statistics should provide current status" time="0.002">
    </testcase>
    <testcase classname="UserAgentManager - Rotation &amp; Validation Status &amp; Statistics should track request count for rotation" name="UserAgentManager - Rotation &amp; Validation Status &amp; Statistics should track request count for rotation" time="0.001">
    </testcase>
    <testcase classname="UserAgentManager - Rotation &amp; Validation Status &amp; Statistics should rotate after N requests" name="UserAgentManager - Rotation &amp; Validation Status &amp; Statistics should rotate after N requests" time="0.003">
    </testcase>
    <testcase classname="UserAgentManager - Rotation &amp; Validation Sequential vs Random Rotation should rotate sequentially through user agents" name="UserAgentManager - Rotation &amp; Validation Sequential vs Random Rotation should rotate sequentially through user agents" time="0.004">
    </testcase>
    <testcase classname="UserAgentManager - Rotation &amp; Validation Sequential vs Random Rotation should rotate randomly through user agents" name="UserAgentManager - Rotation &amp; Validation Sequential vs Random Rotation should rotate randomly through user agents" time="0.006">
    </testcase>
    <testcase classname="UserAgentManager - Rotation &amp; Validation Rotation with Custom User Agents should include custom user agents in rotation" name="UserAgentManager - Rotation &amp; Validation Rotation with Custom User Agents should include custom user agents in rotation" time="0.001">
    </testcase>
    <testcase classname="UserAgentManager - Rotation &amp; Validation Rotation with Custom User Agents should support custom user agents from the beginning" name="UserAgentManager - Rotation &amp; Validation Rotation with Custom User Agents should support custom user agents from the beginning" time="0.001">
    </testcase>
  </testsuite>
  <testsuite name="Profile Class" errors="0" failures="0" skipped="3" timestamp="2026-05-11T06:17:22" time="0.117" tests="50">
    <testcase classname="Profile Class Constructor should create profile with default values" name="Profile Class Constructor should create profile with default values" time="0.002">
    </testcase>
    <testcase classname="Profile Class Constructor should create profile with custom options" name="Profile Class Constructor should create profile with custom options" time="0.001">
    </testcase>
    <testcase classname="Profile Class Constructor should use provided fingerprint" name="Profile Class Constructor should use provided fingerprint" time="0.001">
    </testcase>
    <testcase classname="Profile Class generateRandomFingerprint should generate complete fingerprint" name="Profile Class generateRandomFingerprint should generate complete fingerprint" time="0.001">
    </testcase>
    <testcase classname="Profile Class generateRandomFingerprint should add random variation to viewport" name="Profile Class generateRandomFingerprint should add random variation to viewport" time="0.001">
    </testcase>
    <testcase classname="Profile Class update should update profile name" name="Profile Class update should update profile name" time="0">
    </testcase>
    <testcase classname="Profile Class update should update user agent" name="Profile Class update should update user agent" time="0.001">
    </testcase>
    <testcase classname="Profile Class update should merge fingerprint updates" name="Profile Class update should merge fingerprint updates" time="0">
    </testcase>
    <testcase classname="Profile Class update should update timestamp" name="Profile Class update should update timestamp" time="0">
    </testcase>
    <testcase classname="Profile Class toJSON should serialize profile" name="Profile Class toJSON should serialize profile" time="0.002">
    </testcase>
    <testcase classname="Profile Class fromJSON should create profile from JSON" name="Profile Class fromJSON should create profile from JSON" time="0.005">
    </testcase>
    <testcase classname="ProfileManager Constructor should initialize with empty profiles" name="ProfileManager Constructor should initialize with empty profiles" time="0.008">
    </testcase>
    <testcase classname="ProfileManager Constructor should load existing profiles from storage" name="ProfileManager Constructor should load existing profiles from storage" time="0.002">
    </testcase>
    <testcase classname="ProfileManager setMainWindow should set main window reference" name="ProfileManager setMainWindow should set main window reference" time="0">
    </testcase>
    <testcase classname="ProfileManager createProfile should create a new profile" name="ProfileManager createProfile should create a new profile" time="0.002">
    </testcase>
    <testcase classname="ProfileManager createProfile should save profile to storage" name="ProfileManager createProfile should save profile to storage" time="0.001">
    </testcase>
    <testcase classname="ProfileManager createProfile should handle errors gracefully" name="ProfileManager createProfile should handle errors gracefully" time="0.001">
    </testcase>
    <testcase classname="ProfileManager deleteProfile should delete existing profile" name="ProfileManager deleteProfile should delete existing profile" time="0.001">
    </testcase>
    <testcase classname="ProfileManager deleteProfile should return error for non-existent profile" name="ProfileManager deleteProfile should return error for non-existent profile" time="0.002">
    </testcase>
    <testcase classname="ProfileManager deleteProfile should clear session data" name="ProfileManager deleteProfile should clear session data" time="0.001">
    </testcase>
    <testcase classname="ProfileManager deleteProfile should update storage" name="ProfileManager deleteProfile should update storage" time="0.002">
    </testcase>
    <testcase classname="ProfileManager deleteProfile should clear active profile if deleted" name="ProfileManager deleteProfile should clear active profile if deleted" time="0.001">
    </testcase>
    <testcase classname="ProfileManager getProfile should get existing profile" name="ProfileManager getProfile should get existing profile" time="0.001">
    </testcase>
    <testcase classname="ProfileManager getProfile should include activity state" name="ProfileManager getProfile should include activity state" time="0.002">
    </testcase>
    <testcase classname="ProfileManager getProfile should return error for non-existent profile" name="ProfileManager getProfile should return error for non-existent profile" time="0.001">
    </testcase>
    <testcase classname="ProfileManager listProfiles should list all profiles" name="ProfileManager listProfiles should list all profiles" time="0.002">
    </testcase>
    <testcase classname="ProfileManager listProfiles should include summary information" name="ProfileManager listProfiles should include summary information" time="0.001">
    </testcase>
    <testcase classname="ProfileManager listProfiles should indicate active profile" name="ProfileManager listProfiles should indicate active profile" time="0.001">
    </testcase>
    <testcase classname="ProfileManager switchProfile should switch to existing profile" name="ProfileManager switchProfile should switch to existing profile" time="0.002">
    </testcase>
    <testcase classname="ProfileManager switchProfile should return error for non-existent profile" name="ProfileManager switchProfile should return error for non-existent profile" time="0.001">
    </testcase>
    <testcase classname="ProfileManager switchProfile should save previous profile state" name="ProfileManager switchProfile should save previous profile state" time="0.003">
    </testcase>
    <testcase classname="ProfileManager switchProfile should notify main window" name="ProfileManager switchProfile should notify main window" time="0.002">
    </testcase>
    <testcase classname="ProfileManager switchProfile should update storage index" name="ProfileManager switchProfile should update storage index" time="0.002">
    </testcase>
    <testcase classname="ProfileManager updateProfile should update profile" name="ProfileManager updateProfile should update profile" time="0.002">
    </testcase>
    <testcase classname="ProfileManager updateProfile should save to storage" name="ProfileManager updateProfile should save to storage" time="0.002">
    </testcase>
    <testcase classname="ProfileManager updateProfile should return error for non-existent profile" name="ProfileManager updateProfile should return error for non-existent profile" time="0.001">
    </testcase>
    <testcase classname="ProfileManager getActiveProfile should return null when no active profile" name="ProfileManager getActiveProfile should return null when no active profile" time="0.001">
    </testcase>
    <testcase classname="ProfileManager getActiveProfile should return active profile" name="ProfileManager getActiveProfile should return active profile" time="0.001">
    </testcase>
    <testcase classname="ProfileManager cloneProfile should clone existing profile" name="ProfileManager cloneProfile should clone existing profile" time="0">
      <skipped/>
    </testcase>
    <testcase classname="ProfileManager cloneProfile should use custom name if provided" name="ProfileManager cloneProfile should use custom name if provided" time="0">
      <skipped/>
    </testcase>
    <testcase classname="ProfileManager cloneProfile should return error for non-existent profile" name="ProfileManager cloneProfile should return error for non-existent profile" time="0">
      <skipped/>
    </testcase>
    <testcase classname="ProfileManager randomizeFingerprint should regenerate fingerprint" name="ProfileManager randomizeFingerprint should regenerate fingerprint" time="0.002">
    </testcase>
    <testcase classname="ProfileManager randomizeFingerprint should return error for non-existent profile" name="ProfileManager randomizeFingerprint should return error for non-existent profile" time="0.001">
    </testcase>
    <testcase classname="ProfileManager exportProfile should export profile data" name="ProfileManager exportProfile should export profile data" time="0.001">
    </testcase>
    <testcase classname="ProfileManager importProfile should import profile data" name="ProfileManager importProfile should import profile data" time="0.001">
    </testcase>
    <testcase classname="ProfileManager importProfile should handle missing required fields" name="ProfileManager importProfile should handle missing required fields" time="0.001">
    </testcase>
    <testcase classname="ProfileManager cleanup should clear all profiles" name="ProfileManager cleanup should clear all profiles" time="0.002">
    </testcase>
    <testcase classname="Profile Edge Cases should handle special characters in profile name" name="Profile Edge Cases should handle special characters in profile name" time="0">
    </testcase>
    <testcase classname="Profile Edge Cases should handle very long profile names" name="Profile Edge Cases should handle very long profile names" time="0.001">
    </testcase>
    <testcase classname="Profile Edge Cases should handle empty fingerprint options" name="Profile Edge Cases should handle empty fingerprint options" time="0">
    </testcase>
  </testsuite>
  <testsuite name="SessionCoherence" errors="0" failures="0" skipped="0" timestamp="2026-05-11T06:17:22" time="0.049" tests="43">
    <testcase classname="SessionCoherence Session Initialization should initialize a new session" name="SessionCoherence Session Initialization should initialize a new session" time="0.001">
    </testcase>
    <testcase classname="SessionCoherence Session Initialization should create session with baseline layers" name="SessionCoherence Session Initialization should create session with baseline layers" time="0.001">
    </testcase>
    <testcase classname="SessionCoherence Session Initialization should initialize with default metadata" name="SessionCoherence Session Initialization should initialize with default metadata" time="0">
    </testcase>
    <testcase classname="SessionCoherence Layer 1: Temporal Coherence (Fingerprint Stability) should detect fingerprint stability within short time" name="SessionCoherence Layer 1: Temporal Coherence (Fingerprint Stability) should detect fingerprint stability within short time" time="0.001">
    </testcase>
    <testcase classname="SessionCoherence Layer 1: Temporal Coherence (Fingerprint Stability) should flag excessive fingerprint drift" name="SessionCoherence Layer 1: Temporal Coherence (Fingerprint Stability) should flag excessive fingerprint drift" time="0">
    </testcase>
    <testcase classname="SessionCoherence Layer 1: Temporal Coherence (Fingerprint Stability) should allow realistic 1-2% drift" name="SessionCoherence Layer 1: Temporal Coherence (Fingerprint Stability) should allow realistic 1-2% drift" time="0">
    </testcase>
    <testcase classname="SessionCoherence Layer 1: Temporal Coherence (Fingerprint Stability) should calculate temporal coherence score" name="SessionCoherence Layer 1: Temporal Coherence (Fingerprint Stability) should calculate temporal coherence score" time="0.001">
    </testcase>
    <testcase classname="SessionCoherence Layer 2: Behavioral Coherence should validate consistent typing speed" name="SessionCoherence Layer 2: Behavioral Coherence should validate consistent typing speed" time="0">
    </testcase>
    <testcase classname="SessionCoherence Layer 2: Behavioral Coherence should flag inconsistent typing speed" name="SessionCoherence Layer 2: Behavioral Coherence should flag inconsistent typing speed" time="0.001">
    </testcase>
    <testcase classname="SessionCoherence Layer 2: Behavioral Coherence should validate mouse speed consistency" name="SessionCoherence Layer 2: Behavioral Coherence should validate mouse speed consistency" time="0">
    </testcase>
    <testcase classname="SessionCoherence Layer 2: Behavioral Coherence should flag mouse speed changes" name="SessionCoherence Layer 2: Behavioral Coherence should flag mouse speed changes" time="0">
    </testcase>
    <testcase classname="SessionCoherence Layer 2: Behavioral Coherence should calculate behavioral coherence score" name="SessionCoherence Layer 2: Behavioral Coherence should calculate behavioral coherence score" time="0.001">
    </testcase>
    <testcase classname="SessionCoherence Layer 3: Network Coherence should maintain User-Agent consistency" name="SessionCoherence Layer 3: Network Coherence should maintain User-Agent consistency" time="0">
    </testcase>
    <testcase classname="SessionCoherence Layer 3: Network Coherence should flag User-Agent changes" name="SessionCoherence Layer 3: Network Coherence should flag User-Agent changes" time="0">
    </testcase>
    <testcase classname="SessionCoherence Layer 3: Network Coherence should detect too-close request timing" name="SessionCoherence Layer 3: Network Coherence should detect too-close request timing" time="0.001">
    </testcase>
    <testcase classname="SessionCoherence Layer 3: Network Coherence should flag robotic request timing patterns" name="SessionCoherence Layer 3: Network Coherence should flag robotic request timing patterns" time="0">
    </testcase>
    <testcase classname="SessionCoherence Layer 4: Device Coherence should accept valid device combinations" name="SessionCoherence Layer 4: Device Coherence should accept valid device combinations" time="0">
    </testcase>
    <testcase classname="SessionCoherence Layer 4: Device Coherence should flag impossible iOS+Chrome combination" name="SessionCoherence Layer 4: Device Coherence should flag impossible iOS+Chrome combination" time="0.001">
    </testcase>
    <testcase classname="SessionCoherence Layer 4: Device Coherence should flag OS changes mid-session" name="SessionCoherence Layer 4: Device Coherence should flag OS changes mid-session" time="0">
    </testcase>
    <testcase classname="SessionCoherence Layer 4: Device Coherence should flag screen resolution changes" name="SessionCoherence Layer 4: Device Coherence should flag screen resolution changes" time="0">
    </testcase>
    <testcase classname="SessionCoherence Layer 4: Device Coherence should allow minor resolution variance for orientation" name="SessionCoherence Layer 4: Device Coherence should allow minor resolution variance for orientation" time="0">
    </testcase>
    <testcase classname="SessionCoherence Layer 5: Timeline Coherence should detect time travel" name="SessionCoherence Layer 5: Timeline Coherence should detect time travel" time="0">
    </testcase>
    <testcase classname="SessionCoherence Layer 5: Timeline Coherence should track timeline gaps" name="SessionCoherence Layer 5: Timeline Coherence should track timeline gaps" time="0">
    </testcase>
    <testcase classname="SessionCoherence Layer 5: Timeline Coherence should flag excessive interaction rate" name="SessionCoherence Layer 5: Timeline Coherence should flag excessive interaction rate" time="0.001">
    </testcase>
    <testcase classname="SessionCoherence Overall Coherence Scoring should calculate overall coherence score" name="SessionCoherence Overall Coherence Scoring should calculate overall coherence score" time="0">
    </testcase>
    <testcase classname="SessionCoherence Overall Coherence Scoring should maintain high coherence with consistent behavior" name="SessionCoherence Overall Coherence Scoring should maintain high coherence with consistent behavior" time="0">
    </testcase>
    <testcase classname="SessionCoherence Overall Coherence Scoring should lower coherence with violations" name="SessionCoherence Overall Coherence Scoring should lower coherence with violations" time="0.001">
    </testcase>
    <testcase classname="SessionCoherence Coherence Reports should generate coherence report" name="SessionCoherence Coherence Reports should generate coherence report" time="0">
    </testcase>
    <testcase classname="SessionCoherence Coherence Reports should track violations in report" name="SessionCoherence Coherence Reports should track violations in report" time="0">
    </testcase>
    <testcase classname="SessionCoherence Coherence Reports should report timeline gaps" name="SessionCoherence Coherence Reports should report timeline gaps" time="0">
    </testcase>
    <testcase classname="SessionCoherence Recovery Mechanisms should suggest recovery actions" name="SessionCoherence Recovery Mechanisms should suggest recovery actions" time="0">
    </testcase>
    <testcase classname="SessionCoherence Recovery Mechanisms should provide action recommendations by layer" name="SessionCoherence Recovery Mechanisms should provide action recommendations by layer" time="0">
    </testcase>
    <testcase classname="SessionCoherence Recovery Mechanisms should increment recovery attempts" name="SessionCoherence Recovery Mechanisms should increment recovery attempts" time="0.001">
    </testcase>
    <testcase classname="SessionCoherence Similarity Calculation should calculate object similarity" name="SessionCoherence Similarity Calculation should calculate object similarity" time="0">
    </testcase>
    <testcase classname="SessionCoherence Similarity Calculation should handle partial matches" name="SessionCoherence Similarity Calculation should handle partial matches" time="0">
    </testcase>
    <testcase classname="SessionCoherence Similarity Calculation should handle empty objects" name="SessionCoherence Similarity Calculation should handle empty objects" time="0">
    </testcase>
    <testcase classname="SessionCoherence Session Cleanup should delete sessions" name="SessionCoherence Session Cleanup should delete sessions" time="0.001">
    </testcase>
    <testcase classname="SessionCoherence Session Cleanup should handle deletion of non-existent session" name="SessionCoherence Session Cleanup should handle deletion of non-existent session" time="0">
    </testcase>
    <testcase classname="SessionCoherence Edge Cases should handle interactions with missing data" name="SessionCoherence Edge Cases should handle interactions with missing data" time="0">
    </testcase>
    <testcase classname="SessionCoherence Edge Cases should generate unique interaction IDs" name="SessionCoherence Edge Cases should generate unique interaction IDs" time="0.001">
    </testcase>
    <testcase classname="SessionCoherence Edge Cases should handle sessions with no interactions" name="SessionCoherence Edge Cases should handle sessions with no interactions" time="0">
    </testcase>
    <testcase classname="SessionCoherence Performance should record interactions efficiently" name="SessionCoherence Performance should record interactions efficiently" time="0.001">
    </testcase>
    <testcase classname="SessionCoherence Performance should generate reports efficiently" name="SessionCoherence Performance should generate reports efficiently" time="0.001">
    </testcase>
  </testsuite>
  <testsuite name="GeolocationManager" errors="0" failures="0" skipped="0" timestamp="2026-05-11T06:17:22" time="0.11" tests="65">
    <testcase classname="GeolocationManager Constructor should initialize with default New York City location" name="GeolocationManager Constructor should initialize with default New York City location" time="0.001">
    </testcase>
    <testcase classname="GeolocationManager Constructor should initialize with default values" name="GeolocationManager Constructor should initialize with default values" time="0.001">
    </testcase>
    <testcase classname="GeolocationManager Property Setters latitude should accept valid latitude" name="GeolocationManager Property Setters latitude should accept valid latitude" time="0">
    </testcase>
    <testcase classname="GeolocationManager Property Setters latitude should accept boundary values" name="GeolocationManager Property Setters latitude should accept boundary values" time="0">
    </testcase>
    <testcase classname="GeolocationManager Property Setters latitude should reject invalid latitude" name="GeolocationManager Property Setters latitude should reject invalid latitude" time="0.034">
    </testcase>
    <testcase classname="GeolocationManager Property Setters longitude should accept valid longitude" name="GeolocationManager Property Setters longitude should accept valid longitude" time="0.001">
    </testcase>
    <testcase classname="GeolocationManager Property Setters longitude should accept boundary values" name="GeolocationManager Property Setters longitude should accept boundary values" time="0">
    </testcase>
    <testcase classname="GeolocationManager Property Setters longitude should reject invalid longitude" name="GeolocationManager Property Setters longitude should reject invalid longitude" time="0.001">
    </testcase>
    <testcase classname="GeolocationManager Property Setters accuracy should accept positive accuracy" name="GeolocationManager Property Setters accuracy should accept positive accuracy" time="0">
    </testcase>
    <testcase classname="GeolocationManager Property Setters accuracy should reject non-positive accuracy" name="GeolocationManager Property Setters accuracy should reject non-positive accuracy" time="0.001">
    </testcase>
    <testcase classname="GeolocationManager Property Setters altitude should accept number or null" name="GeolocationManager Property Setters altitude should accept number or null" time="0">
    </testcase>
    <testcase classname="GeolocationManager Property Setters altitude should reject invalid values" name="GeolocationManager Property Setters altitude should reject invalid values" time="0.001">
    </testcase>
    <testcase classname="GeolocationManager Property Setters altitudeAccuracy should accept positive number or null" name="GeolocationManager Property Setters altitudeAccuracy should accept positive number or null" time="0">
    </testcase>
    <testcase classname="GeolocationManager Property Setters altitudeAccuracy should reject non-positive values" name="GeolocationManager Property Setters altitudeAccuracy should reject non-positive values" time="0.001">
    </testcase>
    <testcase classname="GeolocationManager Property Setters heading should accept valid heading" name="GeolocationManager Property Setters heading should accept valid heading" time="0.001">
    </testcase>
    <testcase classname="GeolocationManager Property Setters heading should reject invalid heading" name="GeolocationManager Property Setters heading should reject invalid heading" time="0.001">
    </testcase>
    <testcase classname="GeolocationManager Property Setters speed should accept non-negative speed" name="GeolocationManager Property Setters speed should accept non-negative speed" time="0">
    </testcase>
    <testcase classname="GeolocationManager Property Setters speed should reject negative speed" name="GeolocationManager Property Setters speed should reject negative speed" time="0.001">
    </testcase>
    <testcase classname="GeolocationManager setLocation should set location with basic coordinates" name="GeolocationManager setLocation should set location with basic coordinates" time="0.001">
    </testcase>
    <testcase classname="GeolocationManager setLocation should set location with options" name="GeolocationManager setLocation should set location with options" time="0">
    </testcase>
    <testcase classname="GeolocationManager setLocation should return error for invalid coordinates" name="GeolocationManager setLocation should return error for invalid coordinates" time="0.001">
    </testcase>
    <testcase classname="GeolocationManager setLocationByCity should set location for known city" name="GeolocationManager setLocationByCity should set location for known city" time="0">
    </testcase>
    <testcase classname="GeolocationManager setLocationByCity should return error for unknown city" name="GeolocationManager setLocationByCity should return error for unknown city" time="0.001">
    </testcase>
    <testcase classname="GeolocationManager setLocationByCity should handle case-insensitive city names" name="GeolocationManager setLocationByCity should handle case-insensitive city names" time="0">
    </testcase>
    <testcase classname="GeolocationManager setLocationByCity should handle partial city names" name="GeolocationManager setLocationByCity should handle partial city names" time="0">
    </testcase>
    <testcase classname="GeolocationManager getLocation should return complete location object" name="GeolocationManager getLocation should return complete location object" time="0.001">
    </testcase>
    <testcase classname="GeolocationManager getLocation should include current timestamp" name="GeolocationManager getLocation should include current timestamp" time="0.003">
    </testcase>
    <testcase classname="GeolocationManager enableSpoofing / disableSpoofing should enable spoofing" name="GeolocationManager enableSpoofing / disableSpoofing should enable spoofing" time="0.005">
    </testcase>
    <testcase classname="GeolocationManager enableSpoofing / disableSpoofing should disable spoofing" name="GeolocationManager enableSpoofing / disableSpoofing should disable spoofing" time="0.001">
    </testcase>
    <testcase classname="GeolocationManager getPresetLocations should return all presets without filter" name="GeolocationManager getPresetLocations should return all presets without filter" time="0.001">
    </testcase>
    <testcase classname="GeolocationManager getPresetLocations should filter by country" name="GeolocationManager getPresetLocations should filter by country" time="0">
    </testcase>
    <testcase classname="GeolocationManager getPresetLocations should filter by region" name="GeolocationManager getPresetLocations should filter by region" time="0">
    </testcase>
    <testcase classname="GeolocationManager Watch Position Simulation should add watcher and return ID" name="GeolocationManager Watch Position Simulation should add watcher and return ID" time="0.001">
    </testcase>
    <testcase classname="GeolocationManager Watch Position Simulation should remove watcher" name="GeolocationManager Watch Position Simulation should remove watcher" time="0">
    </testcase>
    <testcase classname="GeolocationManager Watch Position Simulation should notify watchers on location change when enabled" name="GeolocationManager Watch Position Simulation should notify watchers on location change when enabled" time="0">
    </testcase>
    <testcase classname="GeolocationManager Watch Position Simulation should not notify watchers when disabled" name="GeolocationManager Watch Position Simulation should not notify watchers when disabled" time="0">
    </testcase>
    <testcase classname="GeolocationManager Script Generation should return disabled comment when spoofing disabled" name="GeolocationManager Script Generation should return disabled comment when spoofing disabled" time="0">
    </testcase>
    <testcase classname="GeolocationManager Script Generation should generate geolocation spoof script when enabled" name="GeolocationManager Script Generation should generate geolocation spoof script when enabled" time="0.001">
    </testcase>
    <testcase classname="GeolocationManager Script Generation should generate timezone spoof script when enabled" name="GeolocationManager Script Generation should generate timezone spoof script when enabled" time="0">
    </testcase>
    <testcase classname="GeolocationManager Script Generation should generate full spoof script" name="GeolocationManager Script Generation should generate full spoof script" time="0.001">
    </testcase>
    <testcase classname="GeolocationManager calculateDistance (static) should calculate distance between two points" name="GeolocationManager calculateDistance (static) should calculate distance between two points" time="0">
    </testcase>
    <testcase classname="GeolocationManager calculateDistance (static) should return 0 for same location" name="GeolocationManager calculateDistance (static) should return 0 for same location" time="0">
    </testcase>
    <testcase classname="GeolocationManager addNoise should add noise to coordinates" name="GeolocationManager addNoise should add noise to coordinates" time="0">
    </testcase>
    <testcase classname="GeolocationManager getStatus should return status object" name="GeolocationManager getStatus should return status object" time="0.001">
    </testcase>
    <testcase classname="GeolocationManager reset should reset to default location" name="GeolocationManager reset should reset to default location" time="0.001">
    </testcase>
    <testcase classname="GeolocationManager reset should clear watchers" name="GeolocationManager reset should clear watchers" time="0">
    </testcase>
    <testcase classname="GeolocationManager cleanup should clear all watchers" name="GeolocationManager cleanup should clear all watchers" time="0.001">
    </testcase>
    <testcase classname="Geolocation Presets getAllPresets should return array of presets" name="Geolocation Presets getAllPresets should return array of presets" time="0">
    </testcase>
    <testcase classname="Geolocation Presets getAllPresets should include timezone offset" name="Geolocation Presets getAllPresets should include timezone offset" time="0.006">
    </testcase>
    <testcase classname="Geolocation Presets findPresetByName should find exact match" name="Geolocation Presets findPresetByName should find exact match" time="0.001">
    </testcase>
    <testcase classname="Geolocation Presets findPresetByName should be case-insensitive" name="Geolocation Presets findPresetByName should be case-insensitive" time="0">
    </testcase>
    <testcase classname="Geolocation Presets findPresetByName should find partial match" name="Geolocation Presets findPresetByName should find partial match" time="0">
    </testcase>
    <testcase classname="Geolocation Presets findPresetByName should return null for unknown city" name="Geolocation Presets findPresetByName should return null for unknown city" time="0">
    </testcase>
    <testcase classname="Geolocation Presets findPresetByName should return null for empty input" name="Geolocation Presets findPresetByName should return null for empty input" time="0">
    </testcase>
    <testcase classname="Geolocation Presets getTimezoneOffset should return correct offset for known timezones" name="Geolocation Presets getTimezoneOffset should return correct offset for known timezones" time="0.001">
    </testcase>
    <testcase classname="Geolocation Presets getTimezoneOffset should return 0 for unknown timezone" name="Geolocation Presets getTimezoneOffset should return 0 for unknown timezone" time="0">
    </testcase>
    <testcase classname="Geolocation Presets getPresetsByCountry should filter by country" name="Geolocation Presets getPresetsByCountry should filter by country" time="0">
    </testcase>
    <testcase classname="Geolocation Presets getPresetsByCountry should be case-insensitive" name="Geolocation Presets getPresetsByCountry should be case-insensitive" time="0">
    </testcase>
    <testcase classname="Geolocation Presets getPresetsByCountry should return empty array for unknown country" name="Geolocation Presets getPresetsByCountry should return empty array for unknown country" time="0">
    </testcase>
    <testcase classname="Geolocation Presets getPresetsByCountry should return empty array for empty input" name="Geolocation Presets getPresetsByCountry should return empty array for empty input" time="0">
    </testcase>
    <testcase classname="Geolocation Presets getPresetsByRegion should filter by region" name="Geolocation Presets getPresetsByRegion should filter by region" time="0">
    </testcase>
    <testcase classname="Geolocation Presets getPresetsByRegion should handle different region formats" name="Geolocation Presets getPresetsByRegion should handle different region formats" time="0">
    </testcase>
    <testcase classname="Geolocation Presets getPresetsByRegion should return empty array for unknown region" name="Geolocation Presets getPresetsByRegion should return empty array for unknown region" time="0">
    </testcase>
    <testcase classname="Singleton Instance should export singleton instance" name="Singleton Instance should export singleton instance" time="0.001">
    </testcase>
    <testcase classname="Singleton Instance should be the same instance" name="Singleton Instance should be the same instance" time="0">
    </testcase>
  </testsuite>
  <testsuite name="DeviceFingerprinter" errors="0" failures="0" skipped="0" timestamp="2026-05-11T06:17:22" time="0.062" tests="59">
    <testcase classname="DeviceFingerprinter Profile Retrieval should get profile by ID" name="DeviceFingerprinter Profile Retrieval should get profile by ID" time="0">
    </testcase>
    <testcase classname="DeviceFingerprinter Profile Retrieval should return null for non-existent profile" name="DeviceFingerprinter Profile Retrieval should return null for non-existent profile" time="0">
    </testcase>
    <testcase classname="DeviceFingerprinter Profile Retrieval should get current profile after application" name="DeviceFingerprinter Profile Retrieval should get current profile after application" time="0.001">
    </testcase>
    <testcase classname="DeviceFingerprinter Profile Retrieval should return null when no profile applied" name="DeviceFingerprinter Profile Retrieval should return null when no profile applied" time="0">
    </testcase>
    <testcase classname="DeviceFingerprinter Random Profile Selection should get random profile" name="DeviceFingerprinter Random Profile Selection should get random profile" time="0">
    </testcase>
    <testcase classname="DeviceFingerprinter Random Profile Selection should filter by OS" name="DeviceFingerprinter Random Profile Selection should filter by OS" time="0.001">
    </testcase>
    <testcase classname="DeviceFingerprinter Random Profile Selection should filter by browser" name="DeviceFingerprinter Random Profile Selection should filter by browser" time="0">
    </testcase>
    <testcase classname="DeviceFingerprinter Random Profile Selection should filter by device type" name="DeviceFingerprinter Random Profile Selection should filter by device type" time="0">
    </testcase>
    <testcase classname="DeviceFingerprinter Random Profile Selection should return null for impossible filter" name="DeviceFingerprinter Random Profile Selection should return null for impossible filter" time="0">
    </testcase>
    <testcase classname="DeviceFingerprinter Random Profile Selection should combine filters" name="DeviceFingerprinter Random Profile Selection should combine filters" time="0.001">
    </testcase>
    <testcase classname="DeviceFingerprinter Fingerprint Application should apply fingerprint successfully" name="DeviceFingerprinter Fingerprint Application should apply fingerprint successfully" time="0">
    </testcase>
    <testcase classname="DeviceFingerprinter Fingerprint Application should include screen properties" name="DeviceFingerprinter Fingerprint Application should include screen properties" time="0">
    </testcase>
    <testcase classname="DeviceFingerprinter Fingerprint Application should include navigator properties" name="DeviceFingerprinter Fingerprint Application should include navigator properties" time="0.001">
    </testcase>
    <testcase classname="DeviceFingerprinter Fingerprint Application should include WebGL properties" name="DeviceFingerprinter Fingerprint Application should include WebGL properties" time="0">
    </testcase>
    <testcase classname="DeviceFingerprinter Fingerprint Application should set webdriver to false" name="DeviceFingerprinter Fingerprint Application should set webdriver to false" time="0">
    </testcase>
    <testcase classname="DeviceFingerprinter Fingerprint Application should throw error for invalid profile" name="DeviceFingerprinter Fingerprint Application should throw error for invalid profile" time="0.016">
    </testcase>
    <testcase classname="DeviceFingerprinter Fingerprint Application should randomize minor versions if requested" name="DeviceFingerprinter Fingerprint Application should randomize minor versions if requested" time="0.001">
    </testcase>
    <testcase classname="DeviceFingerprinter Randomize Device should randomize device with fingerprint" name="DeviceFingerprinter Randomize Device should randomize device with fingerprint" time="0">
    </testcase>
    <testcase classname="DeviceFingerprinter Randomize Device should randomize with filter constraints" name="DeviceFingerprinter Randomize Device should randomize with filter constraints" time="0">
    </testcase>
    <testcase classname="DeviceFingerprinter Randomize Device should throw error when no profiles match filter" name="DeviceFingerprinter Randomize Device should throw error when no profiles match filter" time="0.001">
    </testcase>
    <testcase classname="DeviceFingerprinter Fingerprint Consistency should validate consistent fingerprint" name="DeviceFingerprinter Fingerprint Consistency should validate consistent fingerprint" time="0">
    </testcase>
    <testcase classname="DeviceFingerprinter Fingerprint Consistency should detect when no profile applied" name="DeviceFingerprinter Fingerprint Consistency should detect when no profile applied" time="0.001">
    </testcase>
    <testcase classname="DeviceFingerprinter Fingerprint Consistency should check OS/browser compatibility" name="DeviceFingerprinter Fingerprint Consistency should check OS/browser compatibility" time="0">
    </testcase>
    <testcase classname="DeviceFingerprinter Fingerprint Consistency should check screen resolution realism" name="DeviceFingerprinter Fingerprint Consistency should check screen resolution realism" time="0">
    </testcase>
    <testcase classname="DeviceFingerprinter Profile History should track profile history" name="DeviceFingerprinter Profile History should track profile history" time="0">
    </testcase>
    <testcase classname="DeviceFingerprinter Profile History should limit history by default" name="DeviceFingerprinter Profile History should limit history by default" time="0.001">
    </testcase>
    <testcase classname="DeviceFingerprinter Profile History should respect custom limit" name="DeviceFingerprinter Profile History should respect custom limit" time="0.002">
    </testcase>
    <testcase classname="DeviceFingerprinter Profile History should clear history" name="DeviceFingerprinter Profile History should clear history" time="0">
    </testcase>
    <testcase classname="DeviceFingerprinter Profile Listing should list all profiles with metadata" name="DeviceFingerprinter Profile Listing should list all profiles with metadata" time="0">
    </testcase>
    <testcase classname="DeviceFingerprinter Profile Listing should include required metadata" name="DeviceFingerprinter Profile Listing should include required metadata" time="0.001">
    </testcase>
    <testcase classname="DeviceFingerprinter Profile Listing should match profile count" name="DeviceFingerprinter Profile Listing should match profile count" time="0">
    </testcase>
    <testcase classname="DeviceFingerprinter Profile Statistics should calculate profile statistics" name="DeviceFingerprinter Profile Statistics should calculate profile statistics" time="0">
    </testcase>
    <testcase classname="DeviceFingerprinter Profile Statistics should have correct OS distribution" name="DeviceFingerprinter Profile Statistics should have correct OS distribution" time="0.001">
    </testcase>
    <testcase classname="DeviceFingerprinter Profile Statistics should have correct device type distribution" name="DeviceFingerprinter Profile Statistics should have correct device type distribution" time="0">
    </testcase>
    <testcase classname="DeviceFingerprinter Profile Statistics should sum to total profiles" name="DeviceFingerprinter Profile Statistics should sum to total profiles" time="0">
    </testcase>
    <testcase classname="DeviceFingerprinter Resolution Realism should validate realistic mobile resolution" name="DeviceFingerprinter Resolution Realism should validate realistic mobile resolution" time="0">
    </testcase>
    <testcase classname="DeviceFingerprinter Resolution Realism should validate realistic desktop resolution" name="DeviceFingerprinter Resolution Realism should validate realistic desktop resolution" time="0">
    </testcase>
    <testcase classname="DeviceFingerprinter Resolution Realism should reject unrealistic mobile resolution" name="DeviceFingerprinter Resolution Realism should reject unrealistic mobile resolution" time="0.001">
    </testcase>
    <testcase classname="DeviceFingerprinter Resolution Realism should accept wide range of realistic desktop resolutions" name="DeviceFingerprinter Resolution Realism should accept wide range of realistic desktop resolutions" time="0">
    </testcase>
    <testcase classname="DeviceFingerprinter OS/Browser Compatibility should verify Safari on iOS" name="DeviceFingerprinter OS/Browser Compatibility should verify Safari on iOS" time="0">
    </testcase>
    <testcase classname="DeviceFingerprinter OS/Browser Compatibility should verify Chrome on Android" name="DeviceFingerprinter OS/Browser Compatibility should verify Chrome on Android" time="0">
    </testcase>
    <testcase classname="DeviceFingerprinter OS/Browser Compatibility should reject Chrome on iOS" name="DeviceFingerprinter OS/Browser Compatibility should reject Chrome on iOS" time="0">
    </testcase>
    <testcase classname="DeviceFingerprinter OS/Browser Compatibility should reject Safari on Windows" name="DeviceFingerprinter OS/Browser Compatibility should reject Safari on Windows" time="0">
    </testcase>
    <testcase classname="DeviceFingerprinter OS/Browser Compatibility should accept multiple browsers on desktop" name="DeviceFingerprinter OS/Browser Compatibility should accept multiple browsers on desktop" time="0.001">
    </testcase>
    <testcase classname="DeviceFingerprinter Profile Data Integrity should have complete iPhone profile" name="DeviceFingerprinter Profile Data Integrity should have complete iPhone profile" time="0.001">
    </testcase>
    <testcase classname="DeviceFingerprinter Profile Data Integrity should have valid screen properties" name="DeviceFingerprinter Profile Data Integrity should have valid screen properties" time="0">
    </testcase>
    <testcase classname="DeviceFingerprinter Profile Data Integrity should have positive hardware concurrency" name="DeviceFingerprinter Profile Data Integrity should have positive hardware concurrency" time="0.001">
    </testcase>
    <testcase classname="DeviceFingerprinter Profile Data Integrity should have valid fonts array" name="DeviceFingerprinter Profile Data Integrity should have valid fonts array" time="0">
    </testcase>
    <testcase classname="DeviceFingerprinter Edge Cases should handle custom profile database" name="DeviceFingerprinter Edge Cases should handle custom profile database" time="0">
    </testcase>
    <testcase classname="DeviceFingerprinter Edge Cases should handle empty profile history limit" name="DeviceFingerprinter Edge Cases should handle empty profile history limit" time="0">
    </testcase>
    <testcase classname="DeviceFingerprinter Edge Cases should handle very large history limit" name="DeviceFingerprinter Edge Cases should handle very large history limit" time="0">
    </testcase>
    <testcase classname="DeviceFingerprinter Integration should support complete workflow" name="DeviceFingerprinter Integration should support complete workflow" time="0.001">
    </testcase>
    <testcase classname="DeviceFingerprinter Integration should support device rotation" name="DeviceFingerprinter Integration should support device rotation" time="0">
    </testcase>
    <testcase classname="DeviceFingerprinter Integration should provide statistics after rotation" name="DeviceFingerprinter Integration should provide statistics after rotation" time="0">
    </testcase>
    <testcase classname="DeviceFingerprinter Performance should get profile quickly" name="DeviceFingerprinter Performance should get profile quickly" time="0.001">
    </testcase>
    <testcase classname="DeviceFingerprinter Performance should generate random profile quickly" name="DeviceFingerprinter Performance should generate random profile quickly" time="0">
    </testcase>
    <testcase classname="DeviceFingerprinter Performance should apply fingerprint quickly" name="DeviceFingerprinter Performance should apply fingerprint quickly" time="0">
    </testcase>
    <testcase classname="DeviceFingerprinter Performance should validate consistency quickly" name="DeviceFingerprinter Performance should validate consistency quickly" time="0">
    </testcase>
    <testcase classname="DeviceFingerprinter Performance should calculate stats quickly" name="DeviceFingerprinter Performance should calculate stats quickly" time="0">
    </testcase>
  </testsuite>
  <testsuite name="DynamicFingerprintProfile" errors="0" failures="0" skipped="0" timestamp="2026-05-11T06:17:22" time="0.082" tests="61">
    <testcase classname="DynamicFingerprintProfile Profile Generation should generate a random profile" name="DynamicFingerprintProfile Profile Generation should generate a random profile" time="0.001">
    </testcase>
    <testcase classname="DynamicFingerprintProfile Profile Generation should generate Windows profiles" name="DynamicFingerprintProfile Profile Generation should generate Windows profiles" time="0">
    </testcase>
    <testcase classname="DynamicFingerprintProfile Profile Generation should generate macOS profiles" name="DynamicFingerprintProfile Profile Generation should generate macOS profiles" time="0.001">
    </testcase>
    <testcase classname="DynamicFingerprintProfile Profile Generation should generate iOS profiles" name="DynamicFingerprintProfile Profile Generation should generate iOS profiles" time="0.001">
    </testcase>
    <testcase classname="DynamicFingerprintProfile Profile Generation should generate Android profiles" name="DynamicFingerprintProfile Profile Generation should generate Android profiles" time="0">
    </testcase>
    <testcase classname="DynamicFingerprintProfile Profile Generation should generate Linux profiles" name="DynamicFingerprintProfile Profile Generation should generate Linux profiles" time="0.001">
    </testcase>
    <testcase classname="DynamicFingerprintProfile Profile Coherence should validate iOS only has Safari" name="DynamicFingerprintProfile Profile Coherence should validate iOS only has Safari" time="0">
    </testcase>
    <testcase classname="DynamicFingerprintProfile Profile Coherence should validate macOS doesn&apos;t have impossible combinations" name="DynamicFingerprintProfile Profile Coherence should validate macOS doesn&apos;t have impossible combinations" time="0.001">
    </testcase>
    <testcase classname="DynamicFingerprintProfile Profile Coherence should validate desktop device types have no touch" name="DynamicFingerprintProfile Profile Coherence should validate desktop device types have no touch" time="0">
    </testcase>
    <testcase classname="DynamicFingerprintProfile Profile Coherence should validate mobile device types have touch" name="DynamicFingerprintProfile Profile Coherence should validate mobile device types have touch" time="0.001">
    </testcase>
    <testcase classname="DynamicFingerprintProfile Profile Coherence should validate screen resolutions are realistic" name="DynamicFingerprintProfile Profile Coherence should validate screen resolutions are realistic" time="0.001">
    </testcase>
    <testcase classname="DynamicFingerprintProfile Profile Coherence should validate DPR is realistic" name="DynamicFingerprintProfile Profile Coherence should validate DPR is realistic" time="0">
    </testcase>
    <testcase classname="DynamicFingerprintProfile Profile Coherence should validate timezone format" name="DynamicFingerprintProfile Profile Coherence should validate timezone format" time="0">
    </testcase>
    <testcase classname="DynamicFingerprintProfile Profile Coherence should validate language format" name="DynamicFingerprintProfile Profile Coherence should validate language format" time="0.001">
    </testcase>
    <testcase classname="DynamicFingerprintProfile Fingerprint Evolution should evolve fingerprint realistically" name="DynamicFingerprintProfile Fingerprint Evolution should evolve fingerprint realistically" time="0">
    </testcase>
    <testcase classname="DynamicFingerprintProfile Fingerprint Evolution should track interaction count" name="DynamicFingerprintProfile Fingerprint Evolution should track interaction count" time="0.001">
    </testcase>
    <testcase classname="DynamicFingerprintProfile Fingerprint Evolution should track evolution history" name="DynamicFingerprintProfile Fingerprint Evolution should track evolution history" time="0.001">
    </testcase>
    <testcase classname="DynamicFingerprintProfile Fingerprint Evolution should simulate GPU upgrades periodically" name="DynamicFingerprintProfile Fingerprint Evolution should simulate GPU upgrades periodically" time="0">
    </testcase>
    <testcase classname="DynamicFingerprintProfile Fingerprint Evolution should upgrade Chrome version realistically" name="DynamicFingerprintProfile Fingerprint Evolution should upgrade Chrome version realistically" time="0.001">
    </testcase>
    <testcase classname="DynamicFingerprintProfile Profile Retirement should retire old profiles" name="DynamicFingerprintProfile Profile Retirement should retire old profiles" time="0.001">
    </testcase>
    <testcase classname="DynamicFingerprintProfile Profile Retirement should reset interaction count after retirement" name="DynamicFingerprintProfile Profile Retirement should reset interaction count after retirement" time="0">
    </testcase>
    <testcase classname="DynamicFingerprintProfile Profile Retirement should generate new profile with different specs" name="DynamicFingerprintProfile Profile Retirement should generate new profile with different specs" time="0.001">
    </testcase>
    <testcase classname="DynamicFingerprintProfile Profile Age Tracking should track profile age" name="DynamicFingerprintProfile Profile Age Tracking should track profile age" time="0.001">
    </testcase>
    <testcase classname="DynamicFingerprintProfile Profile Age Tracking should report healthy status when young" name="DynamicFingerprintProfile Profile Age Tracking should report healthy status when young" time="0">
    </testcase>
    <testcase classname="DynamicFingerprintProfile Profile Age Tracking should report aging status when old" name="DynamicFingerprintProfile Profile Age Tracking should report aging status when old" time="0.001">
    </testcase>
    <testcase classname="DynamicFingerprintProfile Profile Age Tracking should calculate percentage correctly" name="DynamicFingerprintProfile Profile Age Tracking should calculate percentage correctly" time="0">
    </testcase>
    <testcase classname="DynamicFingerprintProfile Fingerprint Drift Analysis should analyze fingerprint drift" name="DynamicFingerprintProfile Fingerprint Drift Analysis should analyze fingerprint drift" time="0.001">
    </testcase>
    <testcase classname="DynamicFingerprintProfile Fingerprint Drift Analysis should report drift within expected range" name="DynamicFingerprintProfile Fingerprint Drift Analysis should report drift within expected range" time="0">
    </testcase>
    <testcase classname="DynamicFingerprintProfile Fingerprint Drift Analysis should handle insufficient history" name="DynamicFingerprintProfile Fingerprint Drift Analysis should handle insufficient history" time="0">
    </testcase>
    <testcase classname="DynamicFingerprintProfile Coherence Analysis should analyze overall coherence" name="DynamicFingerprintProfile Coherence Analysis should analyze overall coherence" time="0.007">
    </testcase>
    <testcase classname="DynamicFingerprintProfile Coherence Analysis should validate OS/Browser coherence" name="DynamicFingerprintProfile Coherence Analysis should validate OS/Browser coherence" time="0">
    </testcase>
    <testcase classname="DynamicFingerprintProfile Coherence Analysis should flag impossible OS/Browser combos" name="DynamicFingerprintProfile Coherence Analysis should flag impossible OS/Browser combos" time="0.001">
    </testcase>
    <testcase classname="DynamicFingerprintProfile Coherence Analysis should check screen/DPR coherence" name="DynamicFingerprintProfile Coherence Analysis should check screen/DPR coherence" time="0">
    </testcase>
    <testcase classname="DynamicFingerprintProfile Coherence Analysis should check GPU coherence" name="DynamicFingerprintProfile Coherence Analysis should check GPU coherence" time="0">
    </testcase>
    <testcase classname="DynamicFingerprintProfile Coherence Analysis should flag Apple GPU on non-macOS" name="DynamicFingerprintProfile Coherence Analysis should flag Apple GPU on non-macOS" time="0">
    </testcase>
    <testcase classname="DynamicFingerprintProfile Coherence Analysis should check locale coherence" name="DynamicFingerprintProfile Coherence Analysis should check locale coherence" time="0.001">
    </testcase>
    <testcase classname="DynamicFingerprintProfile Baseline Comparison should compare with baseline" name="DynamicFingerprintProfile Baseline Comparison should compare with baseline" time="0">
    </testcase>
    <testcase classname="DynamicFingerprintProfile Baseline Comparison should track changes" name="DynamicFingerprintProfile Baseline Comparison should track changes" time="0">
    </testcase>
    <testcase classname="DynamicFingerprintProfile Device Coherence Validation should fix iOS non-Safari browsers to Safari" name="DynamicFingerprintProfile Device Coherence Validation should fix iOS non-Safari browsers to Safari" time="0.001">
    </testcase>
    <testcase classname="DynamicFingerprintProfile Device Coherence Validation should preserve valid combinations" name="DynamicFingerprintProfile Device Coherence Validation should preserve valid combinations" time="0">
    </testcase>
    <testcase classname="DynamicFingerprintProfile Device Coherence Validation should fix Windows non-standard browsers" name="DynamicFingerprintProfile Device Coherence Validation should fix Windows non-standard browsers" time="0">
    </testcase>
    <testcase classname="DynamicFingerprintProfile GPU Upgrades should upgrade Intel GPUs" name="DynamicFingerprintProfile GPU Upgrades should upgrade Intel GPUs" time="0">
    </testcase>
    <testcase classname="DynamicFingerprintProfile GPU Upgrades should upgrade NVIDIA GPUs" name="DynamicFingerprintProfile GPU Upgrades should upgrade NVIDIA GPUs" time="0.001">
    </testcase>
    <testcase classname="DynamicFingerprintProfile GPU Upgrades should upgrade Apple GPUs" name="DynamicFingerprintProfile GPU Upgrades should upgrade Apple GPUs" time="0">
    </testcase>
    <testcase classname="DynamicFingerprintProfile GPU Upgrades should preserve unknown GPUs" name="DynamicFingerprintProfile GPU Upgrades should preserve unknown GPUs" time="0">
    </testcase>
    <testcase classname="DynamicFingerprintProfile Chrome Version Upgrades should upgrade Chrome realistically" name="DynamicFingerprintProfile Chrome Version Upgrades should upgrade Chrome realistically" time="0">
    </testcase>
    <testcase classname="DynamicFingerprintProfile History Tracking should track evolution history" name="DynamicFingerprintProfile History Tracking should track evolution history" time="0.001">
    </testcase>
    <testcase classname="DynamicFingerprintProfile History Tracking should respect history limit" name="DynamicFingerprintProfile History Tracking should respect history limit" time="0">
    </testcase>
    <testcase classname="DynamicFingerprintProfile History Tracking should contain profile data in history" name="DynamicFingerprintProfile History Tracking should contain profile data in history" time="0.001">
    </testcase>
    <testcase classname="DynamicFingerprintProfile Fingerprint Retrieval should get current fingerprint" name="DynamicFingerprintProfile Fingerprint Retrieval should get current fingerprint" time="0">
    </testcase>
    <testcase classname="DynamicFingerprintProfile Fingerprint Retrieval should return copy not reference" name="DynamicFingerprintProfile Fingerprint Retrieval should return copy not reference" time="0">
    </testcase>
    <testcase classname="DynamicFingerprintProfile Similarity Calculation should calculate perfect similarity" name="DynamicFingerprintProfile Similarity Calculation should calculate perfect similarity" time="0.001">
    </testcase>
    <testcase classname="DynamicFingerprintProfile Similarity Calculation should calculate partial similarity" name="DynamicFingerprintProfile Similarity Calculation should calculate partial similarity" time="0">
    </testcase>
    <testcase classname="DynamicFingerprintProfile Similarity Calculation should handle empty objects" name="DynamicFingerprintProfile Similarity Calculation should handle empty objects" time="0">
    </testcase>
    <testcase classname="DynamicFingerprintProfile Performance should evolve fingerprint quickly" name="DynamicFingerprintProfile Performance should evolve fingerprint quickly" time="0.001">
    </testcase>
    <testcase classname="DynamicFingerprintProfile Performance should analyze coherence quickly" name="DynamicFingerprintProfile Performance should analyze coherence quickly" time="0.001">
    </testcase>
    <testcase classname="DynamicFingerprintProfile Performance should calculate drift efficiently" name="DynamicFingerprintProfile Performance should calculate drift efficiently" time="0.004">
    </testcase>
    <testcase classname="DynamicFingerprintProfile Edge Cases should handle 0% age gracefully" name="DynamicFingerprintProfile Edge Cases should handle 0% age gracefully" time="0">
    </testcase>
    <testcase classname="DynamicFingerprintProfile Edge Cases should handle 100% age gracefully" name="DynamicFingerprintProfile Edge Cases should handle 100% age gracefully" time="0.001">
    </testcase>
    <testcase classname="DynamicFingerprintProfile Edge Cases should handle rapid retirement and new profile" name="DynamicFingerprintProfile Edge Cases should handle rapid retirement and new profile" time="0">
    </testcase>
    <testcase classname="DynamicFingerprintProfile Edge Cases should maintain device type coherence throughout evolution" name="DynamicFingerprintProfile Edge Cases should maintain device type coherence throughout evolution" time="0.003">
    </testcase>
  </testsuite>
  <testsuite name="Proxy Manager Module" errors="0" failures="0" skipped="0" timestamp="2026-05-11T06:17:22" time="0.111" tests="76">
    <testcase classname="Proxy Manager Module PROXY_TYPES should define all supported proxy types" name="Proxy Manager Module PROXY_TYPES should define all supported proxy types" time="0.001">
    </testcase>
    <testcase classname="Proxy Manager Module PROXY_TYPES should have correct values" name="Proxy Manager Module PROXY_TYPES should have correct values" time="0">
    </testcase>
    <testcase classname="Proxy Manager Module ProxyManager Constructor should initialize with default values" name="Proxy Manager Module ProxyManager Constructor should initialize with default values" time="0.001">
    </testcase>
    <testcase classname="Proxy Manager Module ProxyManager Constructor should initialize empty auth credentials map" name="Proxy Manager Module ProxyManager Constructor should initialize empty auth credentials map" time="0">
    </testcase>
    <testcase classname="Proxy Manager Module ProxyManager Constructor should initialize empty proxy stats map" name="Proxy Manager Module ProxyManager Constructor should initialize empty proxy stats map" time="0.001">
    </testcase>
    <testcase classname="Proxy Manager Module validateProxy should return invalid for null config" name="Proxy Manager Module validateProxy should return invalid for null config" time="0">
    </testcase>
    <testcase classname="Proxy Manager Module validateProxy should return invalid for undefined config" name="Proxy Manager Module validateProxy should return invalid for undefined config" time="0">
    </testcase>
    <testcase classname="Proxy Manager Module validateProxy should require host" name="Proxy Manager Module validateProxy should require host" time="0.001">
    </testcase>
    <testcase classname="Proxy Manager Module validateProxy should require port" name="Proxy Manager Module validateProxy should require port" time="0">
    </testcase>
    <testcase classname="Proxy Manager Module validateProxy should validate port range" name="Proxy Manager Module validateProxy should validate port range" time="0">
    </testcase>
    <testcase classname="Proxy Manager Module validateProxy should accept valid port numbers" name="Proxy Manager Module validateProxy should accept valid port numbers" time="0.001">
    </testcase>
    <testcase classname="Proxy Manager Module validateProxy should validate proxy type" name="Proxy Manager Module validateProxy should validate proxy type" time="0">
    </testcase>
    <testcase classname="Proxy Manager Module validateProxy should accept valid proxy types" name="Proxy Manager Module validateProxy should accept valid proxy types" time="0.001">
    </testcase>
    <testcase classname="Proxy Manager Module validateProxy should require username for auth" name="Proxy Manager Module validateProxy should require username for auth" time="0">
    </testcase>
    <testcase classname="Proxy Manager Module validateProxy should require password for auth" name="Proxy Manager Module validateProxy should require password for auth" time="0.001">
    </testcase>
    <testcase classname="Proxy Manager Module validateProxy should accept valid auth credentials" name="Proxy Manager Module validateProxy should accept valid auth credentials" time="0.001">
    </testcase>
    <testcase classname="Proxy Manager Module formatProxyUrl should format HTTP proxy URL" name="Proxy Manager Module formatProxyUrl should format HTTP proxy URL" time="0">
    </testcase>
    <testcase classname="Proxy Manager Module formatProxyUrl should format HTTPS proxy URL as HTTP" name="Proxy Manager Module formatProxyUrl should format HTTPS proxy URL as HTTP" time="0">
    </testcase>
    <testcase classname="Proxy Manager Module formatProxyUrl should format SOCKS5 proxy URL" name="Proxy Manager Module formatProxyUrl should format SOCKS5 proxy URL" time="0">
    </testcase>
    <testcase classname="Proxy Manager Module formatProxyUrl should format SOCKS4 proxy URL" name="Proxy Manager Module formatProxyUrl should format SOCKS4 proxy URL" time="0">
    </testcase>
    <testcase classname="Proxy Manager Module formatProxyUrl should default to HTTP type" name="Proxy Manager Module formatProxyUrl should default to HTTP type" time="0.001">
    </testcase>
    <testcase classname="Proxy Manager Module getProxyRules should return direct for null config" name="Proxy Manager Module getProxyRules should return direct for null config" time="0">
    </testcase>
    <testcase classname="Proxy Manager Module getProxyRules should return direct for direct type" name="Proxy Manager Module getProxyRules should return direct for direct type" time="0">
    </testcase>
    <testcase classname="Proxy Manager Module getProxyRules should format HTTP proxy rules" name="Proxy Manager Module getProxyRules should format HTTP proxy rules" time="0">
    </testcase>
    <testcase classname="Proxy Manager Module getProxyRules should format SOCKS5 proxy rules" name="Proxy Manager Module getProxyRules should format SOCKS5 proxy rules" time="0">
    </testcase>
    <testcase classname="Proxy Manager Module getProxyRules should format SOCKS4 proxy rules" name="Proxy Manager Module getProxyRules should format SOCKS4 proxy rules" time="0">
    </testcase>
    <testcase classname="Proxy Manager Module setProxy should validate proxy config" name="Proxy Manager Module setProxy should validate proxy config" time="0.001">
    </testcase>
    <testcase classname="Proxy Manager Module setProxy should set valid proxy" name="Proxy Manager Module setProxy should set valid proxy" time="0.011">
    </testcase>
    <testcase classname="Proxy Manager Module setProxy should store current proxy config" name="Proxy Manager Module setProxy should store current proxy config" time="0.001">
    </testcase>
    <testcase classname="Proxy Manager Module setProxy should set isEnabled to true" name="Proxy Manager Module setProxy should set isEnabled to true" time="0.001">
    </testcase>
    <testcase classname="Proxy Manager Module setProxy should store auth credentials" name="Proxy Manager Module setProxy should store auth credentials" time="0">
    </testcase>
    <testcase classname="Proxy Manager Module setProxy should initialize proxy stats" name="Proxy Manager Module setProxy should initialize proxy stats" time="0.001">
    </testcase>
    <testcase classname="Proxy Manager Module setProxy should call Electron session.setProxy" name="Proxy Manager Module setProxy should call Electron session.setProxy" time="0">
    </testcase>
    <testcase classname="Proxy Manager Module clearProxy should clear current proxy" name="Proxy Manager Module clearProxy should clear current proxy" time="0.001">
    </testcase>
    <testcase classname="Proxy Manager Module clearProxy should set isEnabled to false" name="Proxy Manager Module clearProxy should set isEnabled to false" time="0.001">
    </testcase>
    <testcase classname="Proxy Manager Module clearProxy should stop rotation" name="Proxy Manager Module clearProxy should stop rotation" time="0.001">
    </testcase>
    <testcase classname="Proxy Manager Module clearProxy should return success" name="Proxy Manager Module clearProxy should return success" time="0.001">
    </testcase>
    <testcase classname="Proxy Manager Module getProxyStatus should return disabled status when no proxy set" name="Proxy Manager Module getProxyStatus should return disabled status when no proxy set" time="0">
    </testcase>
    <testcase classname="Proxy Manager Module getProxyStatus should return enabled status with proxy info" name="Proxy Manager Module getProxyStatus should return enabled status with proxy info" time="0.001">
    </testcase>
    <testcase classname="Proxy Manager Module getProxyStatus should include hasAuth flag" name="Proxy Manager Module getProxyStatus should include hasAuth flag" time="0">
    </testcase>
    <testcase classname="Proxy Manager Module getProxyStatus should include rotation info" name="Proxy Manager Module getProxyStatus should include rotation info" time="0.001">
    </testcase>
    <testcase classname="Proxy Manager Module setProxyList should require array" name="Proxy Manager Module setProxyList should require array" time="0">
    </testcase>
    <testcase classname="Proxy Manager Module setProxyList should set valid proxies" name="Proxy Manager Module setProxyList should set valid proxies" time="0">
    </testcase>
    <testcase classname="Proxy Manager Module setProxyList should track invalid proxies" name="Proxy Manager Module setProxyList should track invalid proxies" time="0.001">
    </testcase>
    <testcase classname="Proxy Manager Module setProxyList should reset rotation index" name="Proxy Manager Module setProxyList should reset rotation index" time="0.001">
    </testcase>
    <testcase classname="Proxy Manager Module addProxy should add valid proxy" name="Proxy Manager Module addProxy should add valid proxy" time="0.001">
    </testcase>
    <testcase classname="Proxy Manager Module addProxy should reject invalid proxy" name="Proxy Manager Module addProxy should reject invalid proxy" time="0">
    </testcase>
    <testcase classname="Proxy Manager Module addProxy should add multiple proxies" name="Proxy Manager Module addProxy should add multiple proxies" time="0.001">
    </testcase>
    <testcase classname="Proxy Manager Module removeProxy should remove existing proxy" name="Proxy Manager Module removeProxy should remove existing proxy" time="0.002">
    </testcase>
    <testcase classname="Proxy Manager Module removeProxy should fail for non-existent proxy" name="Proxy Manager Module removeProxy should fail for non-existent proxy" time="0">
    </testcase>
    <testcase classname="Proxy Manager Module removeProxy should adjust rotation index if needed" name="Proxy Manager Module removeProxy should adjust rotation index if needed" time="0.001">
    </testcase>
    <testcase classname="Proxy Manager Module rotateProxy should fail with empty proxy list" name="Proxy Manager Module rotateProxy should fail with empty proxy list" time="0">
    </testcase>
    <testcase classname="Proxy Manager Module rotateProxy should rotate to next proxy sequentially" name="Proxy Manager Module rotateProxy should rotate to next proxy sequentially" time="0.001">
    </testcase>
    <testcase classname="Proxy Manager Module rotateProxy should wrap around to beginning" name="Proxy Manager Module rotateProxy should wrap around to beginning" time="0.002">
    </testcase>
    <testcase classname="Proxy Manager Module rotateProxy should support random mode" name="Proxy Manager Module rotateProxy should support random mode" time="0.012">
    </testcase>
    <testcase classname="Proxy Manager Module rotateProxy should reset request count after rotation" name="Proxy Manager Module rotateProxy should reset request count after rotation" time="0.001">
    </testcase>
    <testcase classname="Proxy Manager Module startRotation should require at least 2 proxies" name="Proxy Manager Module startRotation should require at least 2 proxies" time="0.001">
    </testcase>
    <testcase classname="Proxy Manager Module startRotation should start rotation with valid config" name="Proxy Manager Module startRotation should start rotation with valid config" time="0.001">
    </testcase>
    <testcase classname="Proxy Manager Module startRotation should accept rotation options" name="Proxy Manager Module startRotation should accept rotation options" time="0.002">
    </testcase>
    <testcase classname="Proxy Manager Module startRotation should stop existing rotation before starting new one" name="Proxy Manager Module startRotation should stop existing rotation before starting new one" time="0.003">
    </testcase>
    <testcase classname="Proxy Manager Module stopRotation should stop active rotation" name="Proxy Manager Module stopRotation should stop active rotation" time="0.001">
    </testcase>
    <testcase classname="Proxy Manager Module stopRotation should succeed even if rotation not active" name="Proxy Manager Module stopRotation should succeed even if rotation not active" time="0">
    </testcase>
    <testcase classname="Proxy Manager Module onRequest should increment request count" name="Proxy Manager Module onRequest should increment request count" time="0.001">
    </testcase>
    <testcase classname="Proxy Manager Module onRequest should update proxy stats" name="Proxy Manager Module onRequest should update proxy stats" time="0">
    </testcase>
    <testcase classname="Proxy Manager Module onRequest should trigger rotation based on request count" name="Proxy Manager Module onRequest should trigger rotation based on request count" time="0.002">
    </testcase>
    <testcase classname="Proxy Manager Module recordResult should record success" name="Proxy Manager Module recordResult should record success" time="0">
    </testcase>
    <testcase classname="Proxy Manager Module recordResult should record failure" name="Proxy Manager Module recordResult should record failure" time="0.001">
    </testcase>
    <testcase classname="Proxy Manager Module recordResult should accumulate results" name="Proxy Manager Module recordResult should accumulate results" time="0">
    </testcase>
    <testcase classname="Proxy Manager Module getStats should return empty object when no stats" name="Proxy Manager Module getStats should return empty object when no stats" time="0.001">
    </testcase>
    <testcase classname="Proxy Manager Module getStats should return stats for all proxies" name="Proxy Manager Module getStats should return stats for all proxies" time="0">
    </testcase>
    <testcase classname="Proxy Manager Module testProxy should validate proxy config" name="Proxy Manager Module testProxy should validate proxy config" time="0.001">
    </testcase>
    <testcase classname="Proxy Manager Module testProxy should test valid proxy" name="Proxy Manager Module testProxy should test valid proxy" time="0">
    </testcase>
    <testcase classname="Proxy Manager Module testProxy should restore previous proxy after test" name="Proxy Manager Module testProxy should restore previous proxy after test" time="0.001">
    </testcase>
    <testcase classname="Proxy Manager Module testProxy should clear proxy if none was set before test" name="Proxy Manager Module testProxy should clear proxy if none was set before test" time="0.001">
    </testcase>
    <testcase classname="Proxy Manager Module setupAuthHandler should do nothing with invalid window" name="Proxy Manager Module setupAuthHandler should do nothing with invalid window" time="0.002">
    </testcase>
    <testcase classname="Proxy Manager Module setupAuthHandler should register login handler with valid window" name="Proxy Manager Module setupAuthHandler should register login handler with valid window" time="0.001">
    </testcase>
  </testsuite>
  <testsuite name="NetworkAnalysisManager" errors="0" failures="0" skipped="0" timestamp="2026-05-11T06:17:22" time="0.121" tests="22">
    <testcase classname="NetworkAnalysisManager initialization should initialize with default options" name="NetworkAnalysisManager initialization should initialize with default options" time="0.004">
    </testcase>
    <testcase classname="NetworkAnalysisManager initialization should accept custom options" name="NetworkAnalysisManager initialization should accept custom options" time="0.006">
    </testcase>
    <testcase classname="NetworkAnalysisManager capture control should start capture successfully" name="NetworkAnalysisManager capture control should start capture successfully" time="0.006">
    </testcase>
    <testcase classname="NetworkAnalysisManager capture control should return error if capture already in progress" name="NetworkAnalysisManager capture control should return error if capture already in progress" time="0.003">
    </testcase>
    <testcase classname="NetworkAnalysisManager capture control should stop capture successfully" name="NetworkAnalysisManager capture control should stop capture successfully" time="0.004">
    </testcase>
    <testcase classname="NetworkAnalysisManager capture control should return error if no capture in progress" name="NetworkAnalysisManager capture control should return error if no capture in progress" time="0.003">
    </testcase>
    <testcase classname="NetworkAnalysisManager getRequests should return empty array when no requests" name="NetworkAnalysisManager getRequests should return empty array when no requests" time="0.003">
    </testcase>
    <testcase classname="NetworkAnalysisManager getRequests should accept filter options" name="NetworkAnalysisManager getRequests should accept filter options" time="0.003">
    </testcase>
    <testcase classname="NetworkAnalysisManager getRequestsByDomain should return grouped requests" name="NetworkAnalysisManager getRequestsByDomain should return grouped requests" time="0.003">
    </testcase>
    <testcase classname="NetworkAnalysisManager getSlowRequests should accept custom threshold" name="NetworkAnalysisManager getSlowRequests should accept custom threshold" time="0.005">
    </testcase>
    <testcase classname="NetworkAnalysisManager getSlowRequests should use default threshold" name="NetworkAnalysisManager getSlowRequests should use default threshold" time="0.003">
    </testcase>
    <testcase classname="NetworkAnalysisManager getFailedRequests should return failed requests" name="NetworkAnalysisManager getFailedRequests should return failed requests" time="0.003">
    </testcase>
    <testcase classname="NetworkAnalysisManager getStatistics should return capture statistics" name="NetworkAnalysisManager getStatistics should return capture statistics" time="0.003">
    </testcase>
    <testcase classname="NetworkAnalysisManager getStatus should return current status" name="NetworkAnalysisManager getStatus should return current status" time="0.003">
    </testcase>
    <testcase classname="NetworkAnalysisManager getStatus should reflect capture state" name="NetworkAnalysisManager getStatus should reflect capture state" time="0.004">
    </testcase>
    <testcase classname="NetworkAnalysisManager clearCapture should clear all captured data" name="NetworkAnalysisManager clearCapture should clear all captured data" time="0.004">
    </testcase>
    <testcase classname="NetworkAnalysisManager exportCapture should export captured data" name="NetworkAnalysisManager exportCapture should export captured data" time="0.003">
    </testcase>
    <testcase classname="NetworkAnalysisManager setMaxRequests should update max requests" name="NetworkAnalysisManager setMaxRequests should update max requests" time="0.003">
    </testcase>
    <testcase classname="NetworkAnalysisManager setMaxRequests should reject invalid values" name="NetworkAnalysisManager setMaxRequests should reject invalid values" time="0.003">
    </testcase>
    <testcase classname="NetworkAnalysisManager security analysis getSecurityHeadersList should return headers" name="NetworkAnalysisManager security analysis getSecurityHeadersList should return headers" time="0.003">
    </testcase>
    <testcase classname="NetworkAnalysisManager security analysis getCSPDirectivesList should return directives" name="NetworkAnalysisManager security analysis getCSPDirectivesList should return directives" time="0.003">
    </testcase>
    <testcase classname="NetworkAnalysisManager cleanup should stop capture and clear data" name="NetworkAnalysisManager cleanup should stop capture and clear data" time="0.005">
    </testcase>
  </testsuite>
  <testsuite name="Tab Class" errors="0" failures="0" skipped="0" timestamp="2026-05-11T06:17:22" time="0.091" tests="67">
    <testcase classname="Tab Class Constructor should create a tab with default values" name="Tab Class Constructor should create a tab with default values" time="0.002">
    </testcase>
    <testcase classname="Tab Class Constructor should create a tab with custom values" name="Tab Class Constructor should create a tab with custom values" time="0">
    </testcase>
    <testcase classname="Tab Class toJSON should return serializable representation" name="Tab Class toJSON should return serializable representation" time="0.001">
    </testcase>
    <testcase classname="Tab Class update should update allowed fields" name="Tab Class update should update allowed fields" time="0.001">
    </testcase>
    <testcase classname="Tab Class update should not update disallowed fields" name="Tab Class update should not update disallowed fields" time="0">
    </testcase>
    <testcase classname="Tab Class Navigation History should add URL to history" name="Tab Class Navigation History should add URL to history" time="0">
    </testcase>
    <testcase classname="Tab Class Navigation History should not add duplicate consecutive URLs" name="Tab Class Navigation History should not add duplicate consecutive URLs" time="0">
    </testcase>
    <testcase classname="Tab Class Navigation History should navigate back in history" name="Tab Class Navigation History should navigate back in history" time="0">
    </testcase>
    <testcase classname="Tab Class Navigation History should navigate forward in history" name="Tab Class Navigation History should navigate forward in history" time="0">
    </testcase>
    <testcase classname="Tab Class Navigation History should truncate forward history when navigating from middle" name="Tab Class Navigation History should truncate forward history when navigating from middle" time="0">
    </testcase>
    <testcase classname="Tab Class Navigation History should limit history size" name="Tab Class Navigation History should limit history size" time="0">
    </testcase>
    <testcase classname="Tab Class Navigation History should return null when cannot go back" name="Tab Class Navigation History should return null when cannot go back" time="0">
    </testcase>
    <testcase classname="Tab Class Navigation History should return null when cannot go forward" name="Tab Class Navigation History should return null when cannot go forward" time="0.001">
    </testcase>
    <testcase classname="TabManager Constructor should initialize with default values" name="TabManager Constructor should initialize with default values" time="0.027">
    </testcase>
    <testcase classname="TabManager Constructor should accept custom options" name="TabManager Constructor should accept custom options" time="0.001">
    </testcase>
    <testcase classname="TabManager createTab should create a new tab" name="TabManager createTab should create a new tab" time="0">
    </testcase>
    <testcase classname="TabManager createTab should use home page as default URL" name="TabManager createTab should use home page as default URL" time="0.001">
    </testcase>
    <testcase classname="TabManager createTab should make first tab active by default" name="TabManager createTab should make first tab active by default" time="0">
    </testcase>
    <testcase classname="TabManager createTab should respect active option" name="TabManager createTab should respect active option" time="0.001">
    </testcase>
    <testcase classname="TabManager createTab should fail when max tabs reached" name="TabManager createTab should fail when max tabs reached" time="0">
    </testcase>
    <testcase classname="TabManager createTab should emit tab-created event" name="TabManager createTab should emit tab-created event" time="0.001">
    </testcase>
    <testcase classname="TabManager closeTab should close an existing tab" name="TabManager closeTab should close an existing tab" time="0">
    </testcase>
    <testcase classname="TabManager closeTab should fail for non-existent tab" name="TabManager closeTab should fail for non-existent tab" time="0.001">
    </testcase>
    <testcase classname="TabManager closeTab should not close pinned tab" name="TabManager closeTab should not close pinned tab" time="0">
    </testcase>
    <testcase classname="TabManager closeTab should switch to adjacent tab when closing active tab" name="TabManager closeTab should switch to adjacent tab when closing active tab" time="0.001">
    </testcase>
    <testcase classname="TabManager closeTab should emit tab-closed event" name="TabManager closeTab should emit tab-closed event" time="0">
    </testcase>
    <testcase classname="TabManager switchTab should switch to existing tab" name="TabManager switchTab should switch to existing tab" time="0">
    </testcase>
    <testcase classname="TabManager switchTab should fail for non-existent tab" name="TabManager switchTab should fail for non-existent tab" time="0.001">
    </testcase>
    <testcase classname="TabManager switchTab should emit tab-switched event" name="TabManager switchTab should emit tab-switched event" time="0">
    </testcase>
    <testcase classname="TabManager listTabs should list all tabs" name="TabManager listTabs should list all tabs" time="0">
    </testcase>
    <testcase classname="TabManager listTabs should filter by session ID" name="TabManager listTabs should filter by session ID" time="0.001">
    </testcase>
    <testcase classname="TabManager getTabInfo should return tab info" name="TabManager getTabInfo should return tab info" time="0">
    </testcase>
    <testcase classname="TabManager getTabInfo should return null for non-existent tab" name="TabManager getTabInfo should return null for non-existent tab" time="0">
    </testcase>
    <testcase classname="TabManager getTab should be alias for getTabInfo" name="TabManager getTab should be alias for getTabInfo" time="0.001">
    </testcase>
    <testcase classname="TabManager getAllTabs should return array of all tabs" name="TabManager getAllTabs should return array of all tabs" time="0">
    </testcase>
    <testcase classname="TabManager updateTab should update tab properties" name="TabManager updateTab should update tab properties" time="0.001">
    </testcase>
    <testcase classname="TabManager updateTab should fail for non-existent tab" name="TabManager updateTab should fail for non-existent tab" time="0">
    </testcase>
    <testcase classname="TabManager updateTab should emit tab-updated event" name="TabManager updateTab should emit tab-updated event" time="0">
    </testcase>
    <testcase classname="TabManager navigateTab should navigate tab to URL" name="TabManager navigateTab should navigate tab to URL" time="0.001">
    </testcase>
    <testcase classname="TabManager navigateTab should normalize URL without protocol" name="TabManager navigateTab should normalize URL without protocol" time="0">
    </testcase>
    <testcase classname="TabManager navigateTab should search for text without dots" name="TabManager navigateTab should search for text without dots" time="0">
    </testcase>
    <testcase classname="TabManager navigateTab should use active tab if no tabId provided" name="TabManager navigateTab should use active tab if no tabId provided" time="0">
    </testcase>
    <testcase classname="TabManager goBack / goForward should go back in history" name="TabManager goBack / goForward should go back in history" time="0.001">
    </testcase>
    <testcase classname="TabManager goBack / goForward should go forward in history" name="TabManager goBack / goForward should go forward in history" time="0">
    </testcase>
    <testcase classname="TabManager reloadTab should reload tab" name="TabManager reloadTab should reload tab" time="0.001">
    </testcase>
    <testcase classname="TabManager duplicateTab should create duplicate of tab" name="TabManager duplicateTab should create duplicate of tab" time="0">
    </testcase>
    <testcase classname="TabManager pinTab should pin a tab" name="TabManager pinTab should pin a tab" time="0.001">
    </testcase>
    <testcase classname="TabManager pinTab should unpin a tab" name="TabManager pinTab should unpin a tab" time="0">
    </testcase>
    <testcase classname="TabManager pinTab should move pinned tab to beginning" name="TabManager pinTab should move pinned tab to beginning" time="0">
    </testcase>
    <testcase classname="TabManager muteTab should mute a tab" name="TabManager muteTab should mute a tab" time="0.001">
    </testcase>
    <testcase classname="TabManager setZoom should set zoom level" name="TabManager setZoom should set zoom level" time="0">
    </testcase>
    <testcase classname="TabManager setZoom should clamp zoom level" name="TabManager setZoom should clamp zoom level" time="0">
    </testcase>
    <testcase classname="TabManager moveTab should move tab to new position" name="TabManager moveTab should move tab to new position" time="0.001">
    </testcase>
    <testcase classname="TabManager closeOtherTabs should close all tabs except specified" name="TabManager closeOtherTabs should close all tabs except specified" time="0">
    </testcase>
    <testcase classname="TabManager closeOtherTabs should not close pinned tabs" name="TabManager closeOtherTabs should not close pinned tabs" time="0.001">
    </testcase>
    <testcase classname="TabManager closeTabsToRight should close tabs to the right" name="TabManager closeTabsToRight should close tabs to the right" time="0">
    </testcase>
    <testcase classname="TabManager getActiveTab should return active tab" name="TabManager getActiveTab should return active tab" time="0">
    </testcase>
    <testcase classname="TabManager getActiveTab should return null when no tabs" name="TabManager getActiveTab should return null when no tabs" time="0.001">
    </testcase>
    <testcase classname="TabManager nextTab / previousTab should switch to next tab" name="TabManager nextTab / previousTab should switch to next tab" time="0">
    </testcase>
    <testcase classname="TabManager nextTab / previousTab should wrap around to first tab" name="TabManager nextTab / previousTab should wrap around to first tab" time="0">
    </testcase>
    <testcase classname="TabManager nextTab / previousTab should switch to previous tab" name="TabManager nextTab / previousTab should switch to previous tab" time="0.001">
    </testcase>
    <testcase classname="TabManager switchToTabIndex should switch to tab at index" name="TabManager switchToTabIndex should switch to tab at index" time="0">
    </testcase>
    <testcase classname="TabManager switchToTabIndex should switch to last tab with index 0" name="TabManager switchToTabIndex should switch to last tab with index 0" time="0">
    </testcase>
    <testcase classname="TabManager serialize / restore should serialize tabs" name="TabManager serialize / restore should serialize tabs" time="0">
    </testcase>
    <testcase classname="TabManager serialize / restore should restore tabs" name="TabManager serialize / restore should restore tabs" time="0">
    </testcase>
    <testcase classname="TabManager serialize / restore should fail with invalid data" name="TabManager serialize / restore should fail with invalid data" time="0.001">
    </testcase>
    <testcase classname="TabManager cleanup should clear all tabs" name="TabManager cleanup should clear all tabs" time="0">
    </testcase>
  </testsuite>
  <testsuite name="NetworkForensicsCollector" errors="0" failures="0" skipped="0" timestamp="2026-05-11T06:17:22" time="0.11" tests="90">
    <testcase classname="NetworkForensicsCollector Initialization should create collector with default options" name="NetworkForensicsCollector Initialization should create collector with default options" time="0">
    </testcase>
    <testcase classname="NetworkForensicsCollector Initialization should create collector with custom options" name="NetworkForensicsCollector Initialization should create collector with custom options" time="0">
    </testcase>
    <testcase classname="NetworkForensicsCollector Initialization should generate unique session ID" name="NetworkForensicsCollector Initialization should generate unique session ID" time="0">
    </testcase>
    <testcase classname="NetworkForensicsCollector Initialization should initialize empty storage" name="NetworkForensicsCollector Initialization should initialize empty storage" time="0.001">
    </testcase>
    <testcase classname="NetworkForensicsCollector Capture Control should start capture" name="NetworkForensicsCollector Capture Control should start capture" time="0">
    </testcase>
    <testcase classname="NetworkForensicsCollector Capture Control should throw error if capture already active" name="NetworkForensicsCollector Capture Control should throw error if capture already active" time="0.041">
    </testcase>
    <testcase classname="NetworkForensicsCollector Capture Control should stop capture" name="NetworkForensicsCollector Capture Control should stop capture" time="0">
    </testcase>
    <testcase classname="NetworkForensicsCollector Capture Control should throw error if capture not active" name="NetworkForensicsCollector Capture Control should throw error if capture not active" time="0.001">
    </testcase>
    <testcase classname="NetworkForensicsCollector Capture Control should get capture status" name="NetworkForensicsCollector Capture Control should get capture status" time="0">
    </testcase>
    <testcase classname="NetworkForensicsCollector Capture Control should emit captureStarted event" name="NetworkForensicsCollector Capture Control should emit captureStarted event" time="0.001">
    </testcase>
    <testcase classname="NetworkForensicsCollector Capture Control should emit captureStopped event" name="NetworkForensicsCollector Capture Control should emit captureStopped event" time="0">
    </testcase>
    <testcase classname="NetworkForensicsCollector DNS Query Capture should capture DNS query" name="NetworkForensicsCollector DNS Query Capture should capture DNS query" time="0.001">
    </testcase>
    <testcase classname="NetworkForensicsCollector DNS Query Capture should capture DNS query with default values" name="NetworkForensicsCollector DNS Query Capture should capture DNS query with default values" time="0">
    </testcase>
    <testcase classname="NetworkForensicsCollector DNS Query Capture should increment DNS query count" name="NetworkForensicsCollector DNS Query Capture should increment DNS query count" time="0.001">
    </testcase>
    <testcase classname="NetworkForensicsCollector DNS Query Capture should get DNS queries" name="NetworkForensicsCollector DNS Query Capture should get DNS queries" time="0">
    </testcase>
    <testcase classname="NetworkForensicsCollector DNS Query Capture should filter DNS queries by hostname" name="NetworkForensicsCollector DNS Query Capture should filter DNS queries by hostname" time="0">
    </testcase>
    <testcase classname="NetworkForensicsCollector DNS Query Capture should filter DNS queries by type" name="NetworkForensicsCollector DNS Query Capture should filter DNS queries by type" time="0.001">
    </testcase>
    <testcase classname="NetworkForensicsCollector DNS Query Capture should filter DNS queries by cached status" name="NetworkForensicsCollector DNS Query Capture should filter DNS queries by cached status" time="0">
    </testcase>
    <testcase classname="NetworkForensicsCollector DNS Query Capture should analyze DNS queries" name="NetworkForensicsCollector DNS Query Capture should analyze DNS queries" time="0.001">
    </testcase>
    <testcase classname="NetworkForensicsCollector DNS Query Capture should limit DNS query storage" name="NetworkForensicsCollector DNS Query Capture should limit DNS query storage" time="0">
    </testcase>
    <testcase classname="NetworkForensicsCollector DNS Query Capture should emit dnsQueryCaptured event" name="NetworkForensicsCollector DNS Query Capture should emit dnsQueryCaptured event" time="0">
    </testcase>
    <testcase classname="NetworkForensicsCollector TLS Certificate Capture should capture TLS certificate" name="NetworkForensicsCollector TLS Certificate Capture should capture TLS certificate" time="0.001">
    </testcase>
    <testcase classname="NetworkForensicsCollector TLS Certificate Capture should capture certificate with default values" name="NetworkForensicsCollector TLS Certificate Capture should capture certificate with default values" time="0">
    </testcase>
    <testcase classname="NetworkForensicsCollector TLS Certificate Capture should increment certificate count" name="NetworkForensicsCollector TLS Certificate Capture should increment certificate count" time="0">
    </testcase>
    <testcase classname="NetworkForensicsCollector TLS Certificate Capture should get TLS certificates" name="NetworkForensicsCollector TLS Certificate Capture should get TLS certificates" time="0.001">
    </testcase>
    <testcase classname="NetworkForensicsCollector TLS Certificate Capture should filter certificates by hostname" name="NetworkForensicsCollector TLS Certificate Capture should filter certificates by hostname" time="0">
    </testcase>
    <testcase classname="NetworkForensicsCollector TLS Certificate Capture should filter certificates by validity" name="NetworkForensicsCollector TLS Certificate Capture should filter certificates by validity" time="0">
    </testcase>
    <testcase classname="NetworkForensicsCollector TLS Certificate Capture should analyze TLS certificates" name="NetworkForensicsCollector TLS Certificate Capture should analyze TLS certificates" time="0.001">
    </testcase>
    <testcase classname="NetworkForensicsCollector TLS Certificate Capture should limit certificate storage" name="NetworkForensicsCollector TLS Certificate Capture should limit certificate storage" time="0">
    </testcase>
    <testcase classname="NetworkForensicsCollector TLS Certificate Capture should emit certificateCaptured event" name="NetworkForensicsCollector TLS Certificate Capture should emit certificateCaptured event" time="0">
    </testcase>
    <testcase classname="NetworkForensicsCollector WebSocket Connection Tracking should capture WebSocket connection" name="NetworkForensicsCollector WebSocket Connection Tracking should capture WebSocket connection" time="0">
    </testcase>
    <testcase classname="NetworkForensicsCollector WebSocket Connection Tracking should generate connection ID if not provided" name="NetworkForensicsCollector WebSocket Connection Tracking should generate connection ID if not provided" time="0">
    </testcase>
    <testcase classname="NetworkForensicsCollector WebSocket Connection Tracking should update WebSocket connection" name="NetworkForensicsCollector WebSocket Connection Tracking should update WebSocket connection" time="0.001">
    </testcase>
    <testcase classname="NetworkForensicsCollector WebSocket Connection Tracking should throw error when updating non-existent connection" name="NetworkForensicsCollector WebSocket Connection Tracking should throw error when updating non-existent connection" time="0">
    </testcase>
    <testcase classname="NetworkForensicsCollector WebSocket Connection Tracking should get WebSocket connections" name="NetworkForensicsCollector WebSocket Connection Tracking should get WebSocket connections" time="0">
    </testcase>
    <testcase classname="NetworkForensicsCollector WebSocket Connection Tracking should filter connections by URL" name="NetworkForensicsCollector WebSocket Connection Tracking should filter connections by URL" time="0.001">
    </testcase>
    <testcase classname="NetworkForensicsCollector WebSocket Connection Tracking should filter connections by state" name="NetworkForensicsCollector WebSocket Connection Tracking should filter connections by state" time="0">
    </testcase>
    <testcase classname="NetworkForensicsCollector WebSocket Connection Tracking should analyze WebSocket connections" name="NetworkForensicsCollector WebSocket Connection Tracking should analyze WebSocket connections" time="0.001">
    </testcase>
    <testcase classname="NetworkForensicsCollector WebSocket Connection Tracking should limit WebSocket connection storage" name="NetworkForensicsCollector WebSocket Connection Tracking should limit WebSocket connection storage" time="0">
    </testcase>
    <testcase classname="NetworkForensicsCollector WebSocket Connection Tracking should emit websocketConnectionCaptured event" name="NetworkForensicsCollector WebSocket Connection Tracking should emit websocketConnectionCaptured event" time="0">
    </testcase>
    <testcase classname="NetworkForensicsCollector HTTP Header Analysis should capture HTTP headers" name="NetworkForensicsCollector HTTP Header Analysis should capture HTTP headers" time="0.001">
    </testcase>
    <testcase classname="NetworkForensicsCollector HTTP Header Analysis should extract security headers" name="NetworkForensicsCollector HTTP Header Analysis should extract security headers" time="0">
    </testcase>
    <testcase classname="NetworkForensicsCollector HTTP Header Analysis should get HTTP headers" name="NetworkForensicsCollector HTTP Header Analysis should get HTTP headers" time="0.001">
    </testcase>
    <testcase classname="NetworkForensicsCollector HTTP Header Analysis should filter headers by URL" name="NetworkForensicsCollector HTTP Header Analysis should filter headers by URL" time="0">
    </testcase>
    <testcase classname="NetworkForensicsCollector HTTP Header Analysis should filter headers by method" name="NetworkForensicsCollector HTTP Header Analysis should filter headers by method" time="0">
    </testcase>
    <testcase classname="NetworkForensicsCollector HTTP Header Analysis should analyze HTTP headers" name="NetworkForensicsCollector HTTP Header Analysis should analyze HTTP headers" time="0.001">
    </testcase>
    <testcase classname="NetworkForensicsCollector HTTP Header Analysis should limit HTTP header storage" name="NetworkForensicsCollector HTTP Header Analysis should limit HTTP header storage" time="0">
    </testcase>
    <testcase classname="NetworkForensicsCollector HTTP Header Analysis should emit httpHeadersCaptured event" name="NetworkForensicsCollector HTTP Header Analysis should emit httpHeadersCaptured event" time="0">
    </testcase>
    <testcase classname="NetworkForensicsCollector Cookie Tracking should capture cookie" name="NetworkForensicsCollector Cookie Tracking should capture cookie" time="0">
    </testcase>
    <testcase classname="NetworkForensicsCollector Cookie Tracking should capture cookie with provenance" name="NetworkForensicsCollector Cookie Tracking should capture cookie with provenance" time="0">
    </testcase>
    <testcase classname="NetworkForensicsCollector Cookie Tracking should get cookies" name="NetworkForensicsCollector Cookie Tracking should get cookies" time="0.003">
    </testcase>
    <testcase classname="NetworkForensicsCollector Cookie Tracking should filter cookies by domain" name="NetworkForensicsCollector Cookie Tracking should filter cookies by domain" time="0">
    </testcase>
    <testcase classname="NetworkForensicsCollector Cookie Tracking should filter cookies by security flags" name="NetworkForensicsCollector Cookie Tracking should filter cookies by security flags" time="0.001">
    </testcase>
    <testcase classname="NetworkForensicsCollector Cookie Tracking should get cookie provenance" name="NetworkForensicsCollector Cookie Tracking should get cookie provenance" time="0">
    </testcase>
    <testcase classname="NetworkForensicsCollector Cookie Tracking should return null for non-existent cookie provenance" name="NetworkForensicsCollector Cookie Tracking should return null for non-existent cookie provenance" time="0.001">
    </testcase>
    <testcase classname="NetworkForensicsCollector Cookie Tracking should analyze cookies" name="NetworkForensicsCollector Cookie Tracking should analyze cookies" time="0">
    </testcase>
    <testcase classname="NetworkForensicsCollector Cookie Tracking should limit cookie storage" name="NetworkForensicsCollector Cookie Tracking should limit cookie storage" time="0">
    </testcase>
    <testcase classname="NetworkForensicsCollector Cookie Tracking should emit cookieCaptured event" name="NetworkForensicsCollector Cookie Tracking should emit cookieCaptured event" time="0">
    </testcase>
    <testcase classname="NetworkForensicsCollector Performance Metrics should capture performance metric" name="NetworkForensicsCollector Performance Metrics should capture performance metric" time="0">
    </testcase>
    <testcase classname="NetworkForensicsCollector Performance Metrics should get performance metrics" name="NetworkForensicsCollector Performance Metrics should get performance metrics" time="0.001">
    </testcase>
    <testcase classname="NetworkForensicsCollector Performance Metrics should filter metrics by type" name="NetworkForensicsCollector Performance Metrics should filter metrics by type" time="0">
    </testcase>
    <testcase classname="NetworkForensicsCollector Performance Metrics should filter metrics by name" name="NetworkForensicsCollector Performance Metrics should filter metrics by name" time="0">
    </testcase>
    <testcase classname="NetworkForensicsCollector Performance Metrics should emit performanceMetricCaptured event" name="NetworkForensicsCollector Performance Metrics should emit performanceMetricCaptured event" time="0.001">
    </testcase>
    <testcase classname="NetworkForensicsCollector Statistics should get statistics" name="NetworkForensicsCollector Statistics should get statistics" time="0">
    </testcase>
    <testcase classname="NetworkForensicsCollector Statistics should include capture status in statistics" name="NetworkForensicsCollector Statistics should include capture status in statistics" time="0.001">
    </testcase>
    <testcase classname="NetworkForensicsCollector Export should export as JSON" name="NetworkForensicsCollector Export should export as JSON" time="0.001">
    </testcase>
    <testcase classname="NetworkForensicsCollector Export should export as CSV" name="NetworkForensicsCollector Export should export as CSV" time="0.001">
    </testcase>
    <testcase classname="NetworkForensicsCollector Export should export as HTML" name="NetworkForensicsCollector Export should export as HTML" time="0">
    </testcase>
    <testcase classname="NetworkForensicsCollector Export should export timeline" name="NetworkForensicsCollector Export should export timeline" time="0.001">
    </testcase>
    <testcase classname="NetworkForensicsCollector Export should support selective data inclusion" name="NetworkForensicsCollector Export should support selective data inclusion" time="0.001">
    </testcase>
    <testcase classname="NetworkForensicsCollector Export should include analysis by default" name="NetworkForensicsCollector Export should include analysis by default" time="0">
    </testcase>
    <testcase classname="NetworkForensicsCollector Export should exclude analysis when requested" name="NetworkForensicsCollector Export should exclude analysis when requested" time="0.001">
    </testcase>
    <testcase classname="NetworkForensicsCollector Export should generate report hash" name="NetworkForensicsCollector Export should generate report hash" time="0.001">
    </testcase>
    <testcase classname="NetworkForensicsCollector Export should throw error for unsupported format" name="NetworkForensicsCollector Export should throw error for unsupported format" time="0.001">
    </testcase>
    <testcase classname="NetworkForensicsCollector Timeline should add events to timeline" name="NetworkForensicsCollector Timeline should add events to timeline" time="0">
    </testcase>
    <testcase classname="NetworkForensicsCollector Timeline should include event type in timeline" name="NetworkForensicsCollector Timeline should include event type in timeline" time="0">
    </testcase>
    <testcase classname="NetworkForensicsCollector Timeline should include event hash in timeline" name="NetworkForensicsCollector Timeline should include event hash in timeline" time="0">
    </testcase>
    <testcase classname="NetworkForensicsCollector Timeline should respect enableTimeline option" name="NetworkForensicsCollector Timeline should respect enableTimeline option" time="0.001">
    </testcase>
    <testcase classname="NetworkForensicsCollector Chain of Custody should record capture start modification" name="NetworkForensicsCollector Chain of Custody should record capture start modification" time="0">
    </testcase>
    <testcase classname="NetworkForensicsCollector Chain of Custody should record capture stop modification" name="NetworkForensicsCollector Chain of Custody should record capture stop modification" time="0">
    </testcase>
    <testcase classname="NetworkForensicsCollector Chain of Custody should record clear all modification" name="NetworkForensicsCollector Chain of Custody should record clear all modification" time="0">
    </testcase>
    <testcase classname="NetworkForensicsCollector Chain of Custody should include timestamps in modifications" name="NetworkForensicsCollector Chain of Custody should include timestamps in modifications" time="0">
    </testcase>
    <testcase classname="NetworkForensicsCollector Cleanup should clear all data" name="NetworkForensicsCollector Cleanup should clear all data" time="0.001">
    </testcase>
    <testcase classname="NetworkForensicsCollector Cleanup should reset statistics on clear" name="NetworkForensicsCollector Cleanup should reset statistics on clear" time="0">
    </testcase>
    <testcase classname="NetworkForensicsCollector Cleanup should emit dataCleared event" name="NetworkForensicsCollector Cleanup should emit dataCleared event" time="0">
    </testcase>
    <testcase classname="NetworkForensicsCollector Hash Verification should generate hash for captured data" name="NetworkForensicsCollector Hash Verification should generate hash for captured data" time="0.001">
    </testcase>
    <testcase classname="NetworkForensicsCollector Hash Verification should update hash on connection update" name="NetworkForensicsCollector Hash Verification should update hash on connection update" time="0">
    </testcase>
    <testcase classname="NetworkForensicsCollector Hash Verification should respect enableHashing option" name="NetworkForensicsCollector Hash Verification should respect enableHashing option" time="0">
    </testcase>
    <testcase classname="NetworkForensicsCollector Constants should export FORENSICS_TYPES" name="NetworkForensicsCollector Constants should export FORENSICS_TYPES" time="0">
    </testcase>
    <testcase classname="NetworkForensicsCollector Constants should export EXPORT_FORMATS" name="NetworkForensicsCollector Constants should export EXPORT_FORMATS" time="0.001">
    </testcase>
  </testsuite>
  <testsuite name="CookieManager" errors="0" failures="0" skipped="0" timestamp="2026-05-11T06:17:22" time="0.088" tests="49">
    <testcase classname="CookieManager Constructor should use provided session" name="CookieManager Constructor should use provided session" time="0.001">
    </testcase>
    <testcase classname="CookieManager Constructor should use default session if none provided" name="CookieManager Constructor should use default session if none provided" time="0">
    </testcase>
    <testcase classname="CookieManager setSession should update the session" name="CookieManager setSession should update the session" time="0">
    </testcase>
    <testcase classname="CookieManager getCookies should get cookies for URL" name="CookieManager getCookies should get cookies for URL" time="0.001">
    </testcase>
    <testcase classname="CookieManager getCookies should return error when URL is missing" name="CookieManager getCookies should return error when URL is missing" time="0">
    </testcase>
    <testcase classname="CookieManager getAllCookies should get all cookies" name="CookieManager getAllCookies should get all cookies" time="0">
    </testcase>
    <testcase classname="CookieManager getAllCookies should apply filter" name="CookieManager getAllCookies should apply filter" time="0.001">
    </testcase>
    <testcase classname="CookieManager setCookie should set a cookie" name="CookieManager setCookie should set a cookie" time="0">
    </testcase>
    <testcase classname="CookieManager setCookie should require url and name" name="CookieManager setCookie should require url and name" time="0.001">
    </testcase>
    <testcase classname="CookieManager setCookies should set multiple cookies" name="CookieManager setCookies should set multiple cookies" time="0">
    </testcase>
    <testcase classname="CookieManager setCookies should handle failures" name="CookieManager setCookies should handle failures" time="0">
    </testcase>
    <testcase classname="CookieManager setCookies should require array input" name="CookieManager setCookies should require array input" time="0.001">
    </testcase>
    <testcase classname="CookieManager deleteCookie should delete a cookie" name="CookieManager deleteCookie should delete a cookie" time="0">
    </testcase>
    <testcase classname="CookieManager deleteCookie should require url and name" name="CookieManager deleteCookie should require url and name" time="0">
    </testcase>
    <testcase classname="CookieManager clearCookies should clear all cookies" name="CookieManager clearCookies should clear all cookies" time="0.001">
    </testcase>
    <testcase classname="CookieManager clearCookies should clear cookies for specific domain" name="CookieManager clearCookies should clear cookies for specific domain" time="0">
    </testcase>
    <testcase classname="CookieManager buildCookieUrl should build https URL for secure cookie" name="CookieManager buildCookieUrl should build https URL for secure cookie" time="0">
    </testcase>
    <testcase classname="CookieManager buildCookieUrl should build http URL for non-secure cookie" name="CookieManager buildCookieUrl should build http URL for non-secure cookie" time="0">
    </testcase>
    <testcase classname="CookieManager buildCookieUrl should handle domain with leading dot" name="CookieManager buildCookieUrl should handle domain with leading dot" time="0">
    </testcase>
    <testcase classname="CookieManager Export Functions exportCookies should export to JSON format" name="CookieManager Export Functions exportCookies should export to JSON format" time="0.001">
    </testcase>
    <testcase classname="CookieManager Export Functions exportCookies should export to Netscape format" name="CookieManager Export Functions exportCookies should export to Netscape format" time="0.001">
    </testcase>
    <testcase classname="CookieManager Export Functions exportCookies should export to EditThisCookie format" name="CookieManager Export Functions exportCookies should export to EditThisCookie format" time="0.001">
    </testcase>
    <testcase classname="CookieManager Export Functions exportCookies should fail for unknown format" name="CookieManager Export Functions exportCookies should fail for unknown format" time="0">
    </testcase>
    <testcase classname="CookieManager Export Functions exportToJSON should produce valid JSON" name="CookieManager Export Functions exportToJSON should produce valid JSON" time="0">
    </testcase>
    <testcase classname="CookieManager Export Functions exportToNetscape should produce valid Netscape format" name="CookieManager Export Functions exportToNetscape should produce valid Netscape format" time="0">
    </testcase>
    <testcase classname="CookieManager Export Functions exportToNetscape should handle session cookies (no expiration)" name="CookieManager Export Functions exportToNetscape should handle session cookies (no expiration)" time="0.001">
    </testcase>
    <testcase classname="CookieManager Export Functions exportToEditThisCookie should produce EditThisCookie format" name="CookieManager Export Functions exportToEditThisCookie should produce EditThisCookie format" time="0">
    </testcase>
    <testcase classname="CookieManager Export Functions exportToEditThisCookie should set hostOnly correctly" name="CookieManager Export Functions exportToEditThisCookie should set hostOnly correctly" time="0">
    </testcase>
    <testcase classname="CookieManager Import Functions detectFormat should detect Netscape format" name="CookieManager Import Functions detectFormat should detect Netscape format" time="0">
    </testcase>
    <testcase classname="CookieManager Import Functions detectFormat should detect JSON array format" name="CookieManager Import Functions detectFormat should detect JSON array format" time="0">
    </testcase>
    <testcase classname="CookieManager Import Functions detectFormat should detect EditThisCookie format" name="CookieManager Import Functions detectFormat should detect EditThisCookie format" time="0">
    </testcase>
    <testcase classname="CookieManager Import Functions importCookies should import JSON cookies" name="CookieManager Import Functions importCookies should import JSON cookies" time="0">
    </testcase>
    <testcase classname="CookieManager Import Functions importCookies should import Netscape cookies" name="CookieManager Import Functions importCookies should import Netscape cookies" time="0.001">
    </testcase>
    <testcase classname="CookieManager Import Functions importCookies should auto-detect format" name="CookieManager Import Functions importCookies should auto-detect format" time="0">
    </testcase>
    <testcase classname="CookieManager Import Functions importCookies should fail for unknown format" name="CookieManager Import Functions importCookies should fail for unknown format" time="0">
    </testcase>
    <testcase classname="CookieManager Import Functions importCookies should fail for empty data" name="CookieManager Import Functions importCookies should fail for empty data" time="0">
    </testcase>
    <testcase classname="CookieManager Import Functions parseJSON should parse valid JSON" name="CookieManager Import Functions parseJSON should parse valid JSON" time="0">
    </testcase>
    <testcase classname="CookieManager Import Functions parseJSON should throw error for invalid JSON" name="CookieManager Import Functions parseJSON should throw error for invalid JSON" time="0.037">
    </testcase>
    <testcase classname="CookieManager Import Functions parseNetscape should parse valid Netscape format" name="CookieManager Import Functions parseNetscape should parse valid Netscape format" time="0">
    </testcase>
    <testcase classname="CookieManager Import Functions parseNetscape should skip comment lines" name="CookieManager Import Functions parseNetscape should skip comment lines" time="0">
    </testcase>
    <testcase classname="CookieManager Import Functions parseNetscape should skip invalid lines" name="CookieManager Import Functions parseNetscape should skip invalid lines" time="0">
    </testcase>
    <testcase classname="CookieManager Import Functions parseEditThisCookie should parse EditThisCookie format" name="CookieManager Import Functions parseEditThisCookie should parse EditThisCookie format" time="0">
    </testcase>
    <testcase classname="CookieManager File Operations exportToFile should be a function" name="CookieManager File Operations exportToFile should be a function" time="0">
    </testcase>
    <testcase classname="CookieManager File Operations importFromFile should be a function" name="CookieManager File Operations importFromFile should be a function" time="0">
    </testcase>
    <testcase classname="CookieManager getCookiesForDomain should get cookies for domain" name="CookieManager getCookiesForDomain should get cookies for domain" time="0.001">
    </testcase>
    <testcase classname="CookieManager getCookiesForDomain should return all cookies when no domain provided" name="CookieManager getCookiesForDomain should return all cookies when no domain provided" time="0">
    </testcase>
    <testcase classname="CookieManager getStats should return cookie statistics" name="CookieManager getStats should return cookie statistics" time="0.001">
    </testcase>
    <testcase classname="CookieManager getFormats should return available formats" name="CookieManager getFormats should return available formats" time="0">
    </testcase>
    <testcase classname="CookieManager flushCookies should flush cookie store" name="CookieManager flushCookies should flush cookie store" time="0">
    </testcase>
  </testsuite>
  <testsuite name="Fingerprint Evasion Module" errors="0" failures="0" skipped="0" timestamp="2026-05-11T06:17:22" time="0.086" tests="47">
    <testcase classname="Fingerprint Evasion Module Constants VIEWPORT_SIZES should contain valid viewport configurations" name="Fingerprint Evasion Module Constants VIEWPORT_SIZES should contain valid viewport configurations" time="0.004">
    </testcase>
    <testcase classname="Fingerprint Evasion Module Constants USER_AGENTS should contain valid user agent strings" name="Fingerprint Evasion Module Constants USER_AGENTS should contain valid user agent strings" time="0.002">
    </testcase>
    <testcase classname="Fingerprint Evasion Module Constants PLATFORMS should contain valid platform strings" name="Fingerprint Evasion Module Constants PLATFORMS should contain valid platform strings" time="0">
    </testcase>
    <testcase classname="Fingerprint Evasion Module Constants LANGUAGES should contain valid language configurations" name="Fingerprint Evasion Module Constants LANGUAGES should contain valid language configurations" time="0.001">
    </testcase>
    <testcase classname="Fingerprint Evasion Module Constants TIMEZONES should contain valid timezone configurations" name="Fingerprint Evasion Module Constants TIMEZONES should contain valid timezone configurations" time="0.004">
    </testcase>
    <testcase classname="Fingerprint Evasion Module Constants SCREEN_CONFIGS should contain valid screen configurations" name="Fingerprint Evasion Module Constants SCREEN_CONFIGS should contain valid screen configurations" time="0.003">
    </testcase>
    <testcase classname="Fingerprint Evasion Module Constants WEBGL_RENDERERS should contain valid GPU renderer strings" name="Fingerprint Evasion Module Constants WEBGL_RENDERERS should contain valid GPU renderer strings" time="0.001">
    </testcase>
    <testcase classname="Fingerprint Evasion Module Constants WEBGL_VENDORS should contain valid GPU vendor strings" name="Fingerprint Evasion Module Constants WEBGL_VENDORS should contain valid GPU vendor strings" time="0">
    </testcase>
    <testcase classname="Fingerprint Evasion Module getRandomViewport should return a viewport object with width and height" name="Fingerprint Evasion Module getRandomViewport should return a viewport object with width and height" time="0">
    </testcase>
    <testcase classname="Fingerprint Evasion Module getRandomViewport should return viewport with reasonable dimensions" name="Fingerprint Evasion Module getRandomViewport should return viewport with reasonable dimensions" time="0.019">
    </testcase>
    <testcase classname="Fingerprint Evasion Module getRandomViewport should add slight randomization to base viewport sizes" name="Fingerprint Evasion Module getRandomViewport should add slight randomization to base viewport sizes" time="0">
    </testcase>
    <testcase classname="Fingerprint Evasion Module getRandomViewport should return different results on multiple calls" name="Fingerprint Evasion Module getRandomViewport should return different results on multiple calls" time="0.001">
    </testcase>
    <testcase classname="Fingerprint Evasion Module getRealisticUserAgent should return a valid user agent string" name="Fingerprint Evasion Module getRealisticUserAgent should return a valid user agent string" time="0">
    </testcase>
    <testcase classname="Fingerprint Evasion Module getRealisticUserAgent should return a user agent from the predefined list" name="Fingerprint Evasion Module getRealisticUserAgent should return a user agent from the predefined list" time="0.002">
    </testcase>
    <testcase classname="Fingerprint Evasion Module getRealisticUserAgent should include browser identifier" name="Fingerprint Evasion Module getRealisticUserAgent should include browser identifier" time="0.002">
    </testcase>
    <testcase classname="Fingerprint Evasion Module getRealisticUserAgent should include OS identifier" name="Fingerprint Evasion Module getRealisticUserAgent should include OS identifier" time="0.001">
    </testcase>
    <testcase classname="Fingerprint Evasion Module getEvasionScript should return a non-empty string" name="Fingerprint Evasion Module getEvasionScript should return a non-empty string" time="0">
    </testcase>
    <testcase classname="Fingerprint Evasion Module getEvasionScript should contain navigator.webdriver override" name="Fingerprint Evasion Module getEvasionScript should contain navigator.webdriver override" time="0">
    </testcase>
    <testcase classname="Fingerprint Evasion Module getEvasionScript should contain navigator.platform override" name="Fingerprint Evasion Module getEvasionScript should contain navigator.platform override" time="0">
    </testcase>
    <testcase classname="Fingerprint Evasion Module getEvasionScript should contain navigator.languages override" name="Fingerprint Evasion Module getEvasionScript should contain navigator.languages override" time="0">
    </testcase>
    <testcase classname="Fingerprint Evasion Module getEvasionScript should contain plugins override" name="Fingerprint Evasion Module getEvasionScript should contain plugins override" time="0">
    </testcase>
    <testcase classname="Fingerprint Evasion Module getEvasionScript should contain window.chrome override" name="Fingerprint Evasion Module getEvasionScript should contain window.chrome override" time="0.001">
    </testcase>
    <testcase classname="Fingerprint Evasion Module getEvasionScript should contain screen property overrides" name="Fingerprint Evasion Module getEvasionScript should contain screen property overrides" time="0">
    </testcase>
    <testcase classname="Fingerprint Evasion Module getEvasionScript should contain WebGL fingerprint evasion" name="Fingerprint Evasion Module getEvasionScript should contain WebGL fingerprint evasion" time="0">
    </testcase>
    <testcase classname="Fingerprint Evasion Module getEvasionScript should contain canvas fingerprint evasion" name="Fingerprint Evasion Module getEvasionScript should contain canvas fingerprint evasion" time="0.001">
    </testcase>
    <testcase classname="Fingerprint Evasion Module getEvasionScript should contain audio fingerprint evasion" name="Fingerprint Evasion Module getEvasionScript should contain audio fingerprint evasion" time="0">
    </testcase>
    <testcase classname="Fingerprint Evasion Module getEvasionScript should contain timezone override" name="Fingerprint Evasion Module getEvasionScript should contain timezone override" time="0">
    </testcase>
    <testcase classname="Fingerprint Evasion Module getEvasionScript should remove automation traces" name="Fingerprint Evasion Module getEvasionScript should remove automation traces" time="0">
    </testcase>
    <testcase classname="Fingerprint Evasion Module getEvasionScript should handle iframe contentWindow" name="Fingerprint Evasion Module getEvasionScript should handle iframe contentWindow" time="0.001">
    </testcase>
    <testcase classname="Fingerprint Evasion Module getEvasionScript should be a valid IIFE" name="Fingerprint Evasion Module getEvasionScript should be a valid IIFE" time="0">
    </testcase>
    <testcase classname="Fingerprint Evasion Module getEvasionScript should produce different scripts on each call due to random values" name="Fingerprint Evasion Module getEvasionScript should produce different scripts on each call due to random values" time="0">
    </testcase>
    <testcase classname="Fingerprint Evasion Module getFingerprintConfig should return a complete fingerprint configuration" name="Fingerprint Evasion Module getFingerprintConfig should return a complete fingerprint configuration" time="0.001">
    </testcase>
    <testcase classname="Fingerprint Evasion Module getFingerprintConfig should return valid viewport configuration" name="Fingerprint Evasion Module getFingerprintConfig should return valid viewport configuration" time="0">
    </testcase>
    <testcase classname="Fingerprint Evasion Module getFingerprintConfig should return valid user agent" name="Fingerprint Evasion Module getFingerprintConfig should return valid user agent" time="0.001">
    </testcase>
    <testcase classname="Fingerprint Evasion Module getFingerprintConfig should return valid platform" name="Fingerprint Evasion Module getFingerprintConfig should return valid platform" time="0">
    </testcase>
    <testcase classname="Fingerprint Evasion Module getFingerprintConfig should return valid languages array" name="Fingerprint Evasion Module getFingerprintConfig should return valid languages array" time="0">
    </testcase>
    <testcase classname="Fingerprint Evasion Module getFingerprintConfig should return valid timezone" name="Fingerprint Evasion Module getFingerprintConfig should return valid timezone" time="0">
    </testcase>
    <testcase classname="Fingerprint Evasion Module getFingerprintConfig should return valid screen configuration" name="Fingerprint Evasion Module getFingerprintConfig should return valid screen configuration" time="0.001">
    </testcase>
    <testcase classname="Fingerprint Evasion Module getFingerprintConfig should return valid WebGL strings" name="Fingerprint Evasion Module getFingerprintConfig should return valid WebGL strings" time="0">
    </testcase>
    <testcase classname="Fingerprint Evasion Module getFingerprintConfig should produce different configurations on each call" name="Fingerprint Evasion Module getFingerprintConfig should produce different configurations on each call" time="0">
    </testcase>
    <testcase classname="Fingerprint Evasion Module Consistency Checks screen config should match viewport sizes" name="Fingerprint Evasion Module Consistency Checks screen config should match viewport sizes" time="0.001">
    </testcase>
    <testcase classname="Fingerprint Evasion Module Consistency Checks user agents should match common browser patterns" name="Fingerprint Evasion Module Consistency Checks user agents should match common browser patterns" time="0">
    </testcase>
    <testcase classname="Fingerprint Evasion Module Consistency Checks timezone names should be valid IANA timezone names" name="Fingerprint Evasion Module Consistency Checks timezone names should be valid IANA timezone names" time="0.001">
    </testcase>
    <testcase classname="Fingerprint Evasion Module Consistency Checks WebGL vendors and renderers should be compatible pairs" name="Fingerprint Evasion Module Consistency Checks WebGL vendors and renderers should be compatible pairs" time="0">
    </testcase>
    <testcase classname="Fingerprint Evasion Module Evasion Script Syntax script should be syntactically valid JavaScript" name="Fingerprint Evasion Module Evasion Script Syntax script should be syntactically valid JavaScript" time="0.001">
    </testcase>
    <testcase classname="Fingerprint Evasion Module Evasion Script Syntax script should not contain undefined variables in substitutions" name="Fingerprint Evasion Module Evasion Script Syntax script should not contain undefined variables in substitutions" time="0">
    </testcase>
    <testcase classname="Fingerprint Evasion Module Evasion Script Syntax script should properly escape strings" name="Fingerprint Evasion Module Evasion Script Syntax script should properly escape strings" time="0.006">
    </testcase>
  </testsuite>
  <testsuite name="ScreenshotManager" errors="0" failures="0" skipped="0" timestamp="2026-05-11T06:17:23" time="0.064" tests="79">
    <testcase classname="ScreenshotManager initialization should initialize with main window" name="ScreenshotManager initialization should initialize with main window" time="0.004">
    </testcase>
    <testcase classname="ScreenshotManager initialization should setup IPC listeners" name="ScreenshotManager initialization should setup IPC listeners" time="0">
    </testcase>
    <testcase classname="ScreenshotManager initialization should generate unique request IDs" name="ScreenshotManager initialization should generate unique request IDs" time="0.001">
    </testcase>
    <testcase classname="ScreenshotManager FORMAT_CONFIG should have PNG configuration" name="ScreenshotManager FORMAT_CONFIG should have PNG configuration" time="0">
    </testcase>
    <testcase classname="ScreenshotManager FORMAT_CONFIG should have JPEG configuration" name="ScreenshotManager FORMAT_CONFIG should have JPEG configuration" time="0.001">
    </testcase>
    <testcase classname="ScreenshotManager FORMAT_CONFIG should have WebP configuration" name="ScreenshotManager FORMAT_CONFIG should have WebP configuration" time="0">
    </testcase>
    <testcase classname="ScreenshotManager QUALITY_PRESETS should have forensic preset" name="ScreenshotManager QUALITY_PRESETS should have forensic preset" time="0">
    </testcase>
    <testcase classname="ScreenshotManager QUALITY_PRESETS should have web preset" name="ScreenshotManager QUALITY_PRESETS should have web preset" time="0.001">
    </testcase>
    <testcase classname="ScreenshotManager QUALITY_PRESETS should have thumbnail preset" name="ScreenshotManager QUALITY_PRESETS should have thumbnail preset" time="0">
    </testcase>
    <testcase classname="ScreenshotManager QUALITY_PRESETS should have archival preset" name="ScreenshotManager QUALITY_PRESETS should have archival preset" time="0">
    </testcase>
    <testcase classname="ScreenshotManager QUALITY_PRESETS all presets should have descriptions" name="ScreenshotManager QUALITY_PRESETS all presets should have descriptions" time="0.001">
    </testcase>
    <testcase classname="ScreenshotManager PII_PATTERNS should have email pattern" name="ScreenshotManager PII_PATTERNS should have email pattern" time="0.001">
    </testcase>
    <testcase classname="ScreenshotManager PII_PATTERNS should have phone pattern" name="ScreenshotManager PII_PATTERNS should have phone pattern" time="0">
    </testcase>
    <testcase classname="ScreenshotManager PII_PATTERNS should have SSN pattern" name="ScreenshotManager PII_PATTERNS should have SSN pattern" time="0">
    </testcase>
    <testcase classname="ScreenshotManager PII_PATTERNS should have credit card pattern" name="ScreenshotManager PII_PATTERNS should have credit card pattern" time="0.001">
    </testcase>
    <testcase classname="ScreenshotManager PII_PATTERNS should have IP address pattern" name="ScreenshotManager PII_PATTERNS should have IP address pattern" time="0">
    </testcase>
    <testcase classname="ScreenshotManager ANNOTATION_TYPES should have text annotation type" name="ScreenshotManager ANNOTATION_TYPES should have text annotation type" time="0.001">
    </testcase>
    <testcase classname="ScreenshotManager ANNOTATION_TYPES should have rectangle annotation type" name="ScreenshotManager ANNOTATION_TYPES should have rectangle annotation type" time="0">
    </testcase>
    <testcase classname="ScreenshotManager ANNOTATION_TYPES should have arrow annotation type" name="ScreenshotManager ANNOTATION_TYPES should have arrow annotation type" time="0">
    </testcase>
    <testcase classname="ScreenshotManager ANNOTATION_TYPES should have blur annotation type" name="ScreenshotManager ANNOTATION_TYPES should have blur annotation type" time="0">
    </testcase>
    <testcase classname="ScreenshotManager ANNOTATION_TYPES should have highlight annotation type" name="ScreenshotManager ANNOTATION_TYPES should have highlight annotation type" time="0">
    </testcase>
    <testcase classname="ScreenshotManager validateAnnotation should validate correct text annotation" name="ScreenshotManager validateAnnotation should validate correct text annotation" time="0">
    </testcase>
    <testcase classname="ScreenshotManager validateAnnotation should reject annotation with missing type" name="ScreenshotManager validateAnnotation should reject annotation with missing type" time="0">
    </testcase>
    <testcase classname="ScreenshotManager validateAnnotation should reject annotation with unknown type" name="ScreenshotManager validateAnnotation should reject annotation with unknown type" time="0.001">
    </testcase>
    <testcase classname="ScreenshotManager validateAnnotation should reject annotation with missing required field" name="ScreenshotManager validateAnnotation should reject annotation with missing required field" time="0">
    </testcase>
    <testcase classname="ScreenshotManager validateAnnotation should validate arrow annotation" name="ScreenshotManager validateAnnotation should validate arrow annotation" time="0">
    </testcase>
    <testcase classname="ScreenshotManager applyAnnotationDefaults should apply defaults to text annotation" name="ScreenshotManager applyAnnotationDefaults should apply defaults to text annotation" time="0">
    </testcase>
    <testcase classname="ScreenshotManager applyAnnotationDefaults should not override provided values" name="ScreenshotManager applyAnnotationDefaults should not override provided values" time="0.001">
    </testcase>
    <testcase classname="ScreenshotManager applyAnnotationDefaults should handle unknown annotation type" name="ScreenshotManager applyAnnotationDefaults should handle unknown annotation type" time="0">
    </testcase>
    <testcase classname="ScreenshotManager captureViewport should capture viewport with default options" name="ScreenshotManager captureViewport should capture viewport with default options" time="0.001">
    </testcase>
    <testcase classname="ScreenshotManager captureViewport should capture viewport with custom format" name="ScreenshotManager captureViewport should capture viewport with custom format" time="0">
    </testcase>
    <testcase classname="ScreenshotManager captureViewport should capture viewport with custom quality" name="ScreenshotManager captureViewport should capture viewport with custom quality" time="0">
    </testcase>
    <testcase classname="ScreenshotManager captureFullPage should capture full page with default options" name="ScreenshotManager captureFullPage should capture full page with default options" time="0.001">
    </testcase>
    <testcase classname="ScreenshotManager captureFullPage should capture full page with custom scroll delay" name="ScreenshotManager captureFullPage should capture full page with custom scroll delay" time="0">
    </testcase>
    <testcase classname="ScreenshotManager captureElement should capture element with selector" name="ScreenshotManager captureElement should capture element with selector" time="0">
    </testcase>
    <testcase classname="ScreenshotManager captureElement should capture element with padding" name="ScreenshotManager captureElement should capture element with padding" time="0.001">
    </testcase>
    <testcase classname="ScreenshotManager captureArea should capture area with coordinates" name="ScreenshotManager captureArea should capture area with coordinates" time="0">
    </testcase>
    <testcase classname="ScreenshotManager captureArea should reject invalid area (missing x)" name="ScreenshotManager captureArea should reject invalid area (missing x)" time="0">
    </testcase>
    <testcase classname="ScreenshotManager captureArea should reject invalid area (missing width)" name="ScreenshotManager captureArea should reject invalid area (missing width)" time="0.001">
    </testcase>
    <testcase classname="ScreenshotManager compareScreenshots should compare two screenshots" name="ScreenshotManager compareScreenshots should compare two screenshots" time="0">
    </testcase>
    <testcase classname="ScreenshotManager compareScreenshots should reject when imageData1 is missing" name="ScreenshotManager compareScreenshots should reject when imageData1 is missing" time="0">
    </testcase>
    <testcase classname="ScreenshotManager compareScreenshots should accept custom threshold" name="ScreenshotManager compareScreenshots should accept custom threshold" time="0.001">
    </testcase>
    <testcase classname="ScreenshotManager stitchScreenshots should stitch screenshots vertically" name="ScreenshotManager stitchScreenshots should stitch screenshots vertically" time="0">
    </testcase>
    <testcase classname="ScreenshotManager stitchScreenshots should stitch screenshots horizontally" name="ScreenshotManager stitchScreenshots should stitch screenshots horizontally" time="0">
    </testcase>
    <testcase classname="ScreenshotManager stitchScreenshots should reject empty array" name="ScreenshotManager stitchScreenshots should reject empty array" time="0.001">
    </testcase>
    <testcase classname="ScreenshotManager stitchScreenshots should accept gap parameter" name="ScreenshotManager stitchScreenshots should accept gap parameter" time="0">
    </testcase>
    <testcase classname="ScreenshotManager extractTextFromScreenshot should extract text with default language" name="ScreenshotManager extractTextFromScreenshot should extract text with default language" time="0">
    </testcase>
    <testcase classname="ScreenshotManager extractTextFromScreenshot should extract text with custom language" name="ScreenshotManager extractTextFromScreenshot should extract text with custom language" time="0.001">
    </testcase>
    <testcase classname="ScreenshotManager extractTextFromScreenshot should reject missing imageData" name="ScreenshotManager extractTextFromScreenshot should reject missing imageData" time="0">
    </testcase>
    <testcase classname="ScreenshotManager extractTextFromScreenshot should accept overlay option" name="ScreenshotManager extractTextFromScreenshot should accept overlay option" time="0">
    </testcase>
    <testcase classname="ScreenshotManager captureWithHighlights should capture with element highlights" name="ScreenshotManager captureWithHighlights should capture with element highlights" time="0.001">
    </testcase>
    <testcase classname="ScreenshotManager captureWithHighlights should reject empty selectors array" name="ScreenshotManager captureWithHighlights should reject empty selectors array" time="0">
    </testcase>
    <testcase classname="ScreenshotManager captureWithHighlights should accept custom highlight options" name="ScreenshotManager captureWithHighlights should accept custom highlight options" time="0">
    </testcase>
    <testcase classname="ScreenshotManager captureWithBlur should capture with PII blurring" name="ScreenshotManager captureWithBlur should capture with PII blurring" time="0.001">
    </testcase>
    <testcase classname="ScreenshotManager captureWithBlur should accept custom blur patterns" name="ScreenshotManager captureWithBlur should accept custom blur patterns" time="0">
    </testcase>
    <testcase classname="ScreenshotManager captureWithBlur should accept custom selectors for blurring" name="ScreenshotManager captureWithBlur should accept custom selectors for blurring" time="0.002">
    </testcase>
    <testcase classname="ScreenshotManager enrichMetadata should enrich screenshot metadata" name="ScreenshotManager enrichMetadata should enrich screenshot metadata" time="0.001">
    </testcase>
    <testcase classname="ScreenshotManager enrichMetadata should include custom metadata" name="ScreenshotManager enrichMetadata should include custom metadata" time="0">
    </testcase>
    <testcase classname="ScreenshotManager enrichMetadata should reject missing imageData" name="ScreenshotManager enrichMetadata should reject missing imageData" time="0">
    </testcase>
    <testcase classname="ScreenshotManager enrichMetadata should include browser context in metadata" name="ScreenshotManager enrichMetadata should include browser context in metadata" time="0.001">
    </testcase>
    <testcase classname="ScreenshotManager calculateSimilarity should calculate screenshot similarity" name="ScreenshotManager calculateSimilarity should calculate screenshot similarity" time="0">
    </testcase>
    <testcase classname="ScreenshotManager calculateSimilarity should accept custom comparison method" name="ScreenshotManager calculateSimilarity should accept custom comparison method" time="0">
    </testcase>
    <testcase classname="ScreenshotManager captureElementWithContext should capture element with context" name="ScreenshotManager captureElementWithContext should capture element with context" time="0.001">
    </testcase>
    <testcase classname="ScreenshotManager captureElementWithContext should reject missing selector" name="ScreenshotManager captureElementWithContext should reject missing selector" time="0">
    </testcase>
    <testcase classname="ScreenshotManager captureElementWithContext should accept custom context padding" name="ScreenshotManager captureElementWithContext should accept custom context padding" time="0">
    </testcase>
    <testcase classname="ScreenshotManager captureScrolling should capture scrolling screenshot" name="ScreenshotManager captureScrolling should capture scrolling screenshot" time="0.001">
    </testcase>
    <testcase classname="ScreenshotManager captureScrolling should accept custom scroll options" name="ScreenshotManager captureScrolling should accept custom scroll options" time="0">
    </testcase>
    <testcase classname="ScreenshotManager configureQuality should configure forensic preset" name="ScreenshotManager configureQuality should configure forensic preset" time="0">
    </testcase>
    <testcase classname="ScreenshotManager configureQuality should configure web preset" name="ScreenshotManager configureQuality should configure web preset" time="0">
    </testcase>
    <testcase classname="ScreenshotManager configureQuality should reject unknown preset" name="ScreenshotManager configureQuality should reject unknown preset" time="0">
    </testcase>
    <testcase classname="ScreenshotManager getQualityPresets should return all quality presets" name="ScreenshotManager getQualityPresets should return all quality presets" time="0">
    </testcase>
    <testcase classname="ScreenshotManager getPIIPatterns should return all PII patterns" name="ScreenshotManager getPIIPatterns should return all PII patterns" time="0.001">
    </testcase>
    <testcase classname="ScreenshotManager getSupportedFormats should return supported formats" name="ScreenshotManager getSupportedFormats should return supported formats" time="0">
    </testcase>
    <testcase classname="ScreenshotManager getFormatConfig should return config for valid format" name="ScreenshotManager getFormatConfig should return config for valid format" time="0">
    </testcase>
    <testcase classname="ScreenshotManager getFormatConfig should return default config for invalid format" name="ScreenshotManager getFormatConfig should return default config for invalid format" time="0.001">
    </testcase>
    <testcase classname="ScreenshotManager cleanup should clear pending requests" name="ScreenshotManager cleanup should clear pending requests" time="0">
    </testcase>
    <testcase classname="ScreenshotManager timeout handling should timeout viewport screenshot after 30 seconds" name="ScreenshotManager timeout handling should timeout viewport screenshot after 30 seconds" time="0.001">
    </testcase>
    <testcase classname="ScreenshotManager timeout handling should timeout full page screenshot after 120 seconds" name="ScreenshotManager timeout handling should timeout full page screenshot after 120 seconds" time="0.001">
    </testcase>
    <testcase classname="ScreenshotManager timeout handling should timeout comparison after 60 seconds" name="ScreenshotManager timeout handling should timeout comparison after 60 seconds" time="0">
    </testcase>
  </testsuite>
  <testsuite name="ACTION_TYPES Enumeration" errors="0" failures="0" skipped="0" timestamp="2026-05-11T06:17:23" time="0.065" tests="96">
    <testcase classname="ACTION_TYPES Enumeration should define all action types" name="ACTION_TYPES Enumeration should define all action types" time="0.002">
    </testcase>
    <testcase classname="ACTION_TYPES Enumeration should have correct action type values" name="ACTION_TYPES Enumeration should have correct action type values" time="0">
    </testcase>
    <testcase classname="Action Class Constructor should create action with default values" name="Action Class Constructor should create action with default values" time="0.002">
    </testcase>
    <testcase classname="Action Class Constructor should create action with custom values" name="Action Class Constructor should create action with custom values" time="0">
    </testcase>
    <testcase classname="Action Class toJSON should serialize action to plain object" name="Action Class toJSON should serialize action to plain object" time="0.001">
    </testcase>
    <testcase classname="Action Class fromJSON should create Action from plain object" name="Action Class fromJSON should create Action from plain object" time="0.001">
    </testcase>
    <testcase classname="Action Class Static factory methods navigate should create navigate action" name="Action Class Static factory methods navigate should create navigate action" time="0">
    </testcase>
    <testcase classname="Action Class Static factory methods navigate should accept waitForLoad option" name="Action Class Static factory methods navigate should accept waitForLoad option" time="0">
    </testcase>
    <testcase classname="Action Class Static factory methods click should create click action" name="Action Class Static factory methods click should create click action" time="0.001">
    </testcase>
    <testcase classname="Action Class Static factory methods click should accept click options" name="Action Class Static factory methods click should accept click options" time="0">
    </testcase>
    <testcase classname="Action Class Static factory methods type should create type action" name="Action Class Static factory methods type should create type action" time="0.001">
    </testcase>
    <testcase classname="Action Class Static factory methods type should accept type options" name="Action Class Static factory methods type should accept type options" time="0">
    </testcase>
    <testcase classname="Action Class Static factory methods scroll should create scroll action" name="Action Class Static factory methods scroll should create scroll action" time="0">
    </testcase>
    <testcase classname="Action Class Static factory methods scroll should accept selector for element scroll" name="Action Class Static factory methods scroll should accept selector for element scroll" time="0.001">
    </testcase>
    <testcase classname="Action Class Static factory methods wait should create wait action with duration" name="Action Class Static factory methods wait should create wait action with duration" time="0">
    </testcase>
    <testcase classname="Action Class Static factory methods wait should create wait action with selector" name="Action Class Static factory methods wait should create wait action with selector" time="0">
    </testcase>
    <testcase classname="Action Class Static factory methods wait should create wait action with condition" name="Action Class Static factory methods wait should create wait action with condition" time="0">
    </testcase>
    <testcase classname="Action Class Static factory methods screenshot should create screenshot action" name="Action Class Static factory methods screenshot should create screenshot action" time="0.002">
    </testcase>
    <testcase classname="Action Class Static factory methods screenshot should accept screenshot options" name="Action Class Static factory methods screenshot should accept screenshot options" time="0.001">
    </testcase>
    <testcase classname="Action Class Static factory methods executeScript should create execute script action" name="Action Class Static factory methods executeScript should create execute script action" time="0">
    </testcase>
    <testcase classname="Action Class Static factory methods executeScript should accept script options" name="Action Class Static factory methods executeScript should accept script options" time="0">
    </testcase>
    <testcase classname="Action Class Static factory methods keyPress should create key press action" name="Action Class Static factory methods keyPress should create key press action" time="0.001">
    </testcase>
    <testcase classname="Action Class Static factory methods keyPress should accept key press options" name="Action Class Static factory methods keyPress should accept key press options" time="0">
    </testcase>
    <testcase classname="Action Class Static factory methods hover should create hover action" name="Action Class Static factory methods hover should create hover action" time="0">
    </testcase>
    <testcase classname="Action Class Static factory methods select should create select action" name="Action Class Static factory methods select should create select action" time="0.001">
    </testcase>
    <testcase classname="Action Class Static factory methods select should accept array of values" name="Action Class Static factory methods select should accept array of values" time="0">
    </testcase>
    <testcase classname="Action Class Static factory methods assert should create assert action" name="Action Class Static factory methods assert should create assert action" time="0">
    </testcase>
    <testcase classname="Action Class Static factory methods assert should accept assertion options" name="Action Class Static factory methods assert should accept assertion options" time="0.001">
    </testcase>
    <testcase classname="Action Class Static factory methods comment should create comment action" name="Action Class Static factory methods comment should create comment action" time="0">
    </testcase>
    <testcase classname="Action Class substituteVariables should substitute variables in string data" name="Action Class substituteVariables should substitute variables in string data" time="0">
    </testcase>
    <testcase classname="Action Class substituteVariables should substitute multiple variables" name="Action Class substituteVariables should substitute multiple variables" time="0">
    </testcase>
    <testcase classname="Action Class substituteVariables should preserve unmatched variables" name="Action Class substituteVariables should preserve unmatched variables" time="0.001">
    </testcase>
    <testcase classname="Action Class substituteVariables should return new Action instance" name="Action Class substituteVariables should return new Action instance" time="0">
    </testcase>
    <testcase classname="Action Class substituteVariables should handle nested objects" name="Action Class substituteVariables should handle nested objects" time="0">
    </testcase>
    <testcase classname="Action Class substituteVariables should handle arrays" name="Action Class substituteVariables should handle arrays" time="0">
    </testcase>
    <testcase classname="ActionSerializer toJSON / fromJSON should serialize actions to JSON string" name="ActionSerializer toJSON / fromJSON should serialize actions to JSON string" time="0.001">
    </testcase>
    <testcase classname="ActionSerializer toJSON / fromJSON should deserialize actions from JSON string" name="ActionSerializer toJSON / fromJSON should deserialize actions from JSON string" time="0">
    </testcase>
    <testcase classname="ActionSerializer toPythonSelenium should generate Python Selenium script with imports" name="ActionSerializer toPythonSelenium should generate Python Selenium script with imports" time="0.001">
    </testcase>
    <testcase classname="ActionSerializer toPythonSelenium should generate setup code" name="ActionSerializer toPythonSelenium should generate setup code" time="0">
    </testcase>
    <testcase classname="ActionSerializer toPythonSelenium should generate cleanup code" name="ActionSerializer toPythonSelenium should generate cleanup code" time="0">
    </testcase>
    <testcase classname="ActionSerializer toPythonSelenium should convert navigate action" name="ActionSerializer toPythonSelenium should convert navigate action" time="0">
    </testcase>
    <testcase classname="ActionSerializer toPythonSelenium should convert click action" name="ActionSerializer toPythonSelenium should convert click action" time="0">
    </testcase>
    <testcase classname="ActionSerializer toPythonSelenium should convert type action" name="ActionSerializer toPythonSelenium should convert type action" time="0">
    </testcase>
    <testcase classname="ActionSerializer toPythonSelenium should convert type action with clearFirst" name="ActionSerializer toPythonSelenium should convert type action with clearFirst" time="0">
    </testcase>
    <testcase classname="ActionSerializer toPythonSelenium should convert scroll action" name="ActionSerializer toPythonSelenium should convert scroll action" time="0">
    </testcase>
    <testcase classname="ActionSerializer toPythonSelenium should convert scroll to element action" name="ActionSerializer toPythonSelenium should convert scroll to element action" time="0">
    </testcase>
    <testcase classname="ActionSerializer toPythonSelenium should convert wait duration action" name="ActionSerializer toPythonSelenium should convert wait duration action" time="0">
    </testcase>
    <testcase classname="ActionSerializer toPythonSelenium should convert wait selector action" name="ActionSerializer toPythonSelenium should convert wait selector action" time="0">
    </testcase>
    <testcase classname="ActionSerializer toPythonSelenium should convert screenshot action" name="ActionSerializer toPythonSelenium should convert screenshot action" time="0">
    </testcase>
    <testcase classname="ActionSerializer toPythonSelenium should convert key press action" name="ActionSerializer toPythonSelenium should convert key press action" time="0">
    </testcase>
    <testcase classname="ActionSerializer toPythonSelenium should convert hover action" name="ActionSerializer toPythonSelenium should convert hover action" time="0">
    </testcase>
    <testcase classname="ActionSerializer toPythonSelenium should convert select action" name="ActionSerializer toPythonSelenium should convert select action" time="0.001">
    </testcase>
    <testcase classname="ActionSerializer toPythonSelenium should convert comment action" name="ActionSerializer toPythonSelenium should convert comment action" time="0">
    </testcase>
    <testcase classname="ActionSerializer toPythonSelenium should use custom variable names" name="ActionSerializer toPythonSelenium should use custom variable names" time="0">
    </testcase>
    <testcase classname="ActionSerializer toPythonSelenium should exclude imports when specified" name="ActionSerializer toPythonSelenium should exclude imports when specified" time="0">
    </testcase>
    <testcase classname="ActionSerializer toPythonSelenium should exclude setup when specified" name="ActionSerializer toPythonSelenium should exclude setup when specified" time="0.001">
    </testcase>
    <testcase classname="ActionSerializer toPythonSelenium should escape special characters in strings" name="ActionSerializer toPythonSelenium should escape special characters in strings" time="0">
    </testcase>
    <testcase classname="ActionSerializer toJavaScriptPuppeteer should generate Puppeteer script with imports" name="ActionSerializer toJavaScriptPuppeteer should generate Puppeteer script with imports" time="0">
    </testcase>
    <testcase classname="ActionSerializer toJavaScriptPuppeteer should generate async IIFE wrapper" name="ActionSerializer toJavaScriptPuppeteer should generate async IIFE wrapper" time="0">
    </testcase>
    <testcase classname="ActionSerializer toJavaScriptPuppeteer should generate browser launch and page creation" name="ActionSerializer toJavaScriptPuppeteer should generate browser launch and page creation" time="0">
    </testcase>
    <testcase classname="ActionSerializer toJavaScriptPuppeteer should convert navigate action" name="ActionSerializer toJavaScriptPuppeteer should convert navigate action" time="0.001">
    </testcase>
    <testcase classname="ActionSerializer toJavaScriptPuppeteer should convert click action" name="ActionSerializer toJavaScriptPuppeteer should convert click action" time="0">
    </testcase>
    <testcase classname="ActionSerializer toJavaScriptPuppeteer should convert type action" name="ActionSerializer toJavaScriptPuppeteer should convert type action" time="0">
    </testcase>
    <testcase classname="ActionSerializer toJavaScriptPuppeteer should convert type with clearFirst" name="ActionSerializer toJavaScriptPuppeteer should convert type with clearFirst" time="0">
    </testcase>
    <testcase classname="ActionSerializer toJavaScriptPuppeteer should convert scroll action" name="ActionSerializer toJavaScriptPuppeteer should convert scroll action" time="0.001">
    </testcase>
    <testcase classname="ActionSerializer toJavaScriptPuppeteer should convert wait duration action" name="ActionSerializer toJavaScriptPuppeteer should convert wait duration action" time="0">
    </testcase>
    <testcase classname="ActionSerializer toJavaScriptPuppeteer should convert wait selector action" name="ActionSerializer toJavaScriptPuppeteer should convert wait selector action" time="0">
    </testcase>
    <testcase classname="ActionSerializer toJavaScriptPuppeteer should convert screenshot action" name="ActionSerializer toJavaScriptPuppeteer should convert screenshot action" time="0">
    </testcase>
    <testcase classname="ActionSerializer toJavaScriptPuppeteer should convert key press action" name="ActionSerializer toJavaScriptPuppeteer should convert key press action" time="0.001">
    </testcase>
    <testcase classname="ActionSerializer toJavaScriptPuppeteer should convert hover action" name="ActionSerializer toJavaScriptPuppeteer should convert hover action" time="0">
    </testcase>
    <testcase classname="ActionSerializer toJavaScriptPuppeteer should convert select action" name="ActionSerializer toJavaScriptPuppeteer should convert select action" time="0">
    </testcase>
    <testcase classname="ActionSerializer toJavaScriptPuppeteer should convert comment action" name="ActionSerializer toJavaScriptPuppeteer should convert comment action" time="0">
    </testcase>
    <testcase classname="ActionSerializer toJavaScriptPuppeteer should use custom variable names" name="ActionSerializer toJavaScriptPuppeteer should use custom variable names" time="0">
    </testcase>
    <testcase classname="ActionSerializer toJavaScriptPuppeteer should close browser at end" name="ActionSerializer toJavaScriptPuppeteer should close browser at end" time="0.001">
    </testcase>
    <testcase classname="ActionSerializer toPlaywright should generate Playwright script with imports" name="ActionSerializer toPlaywright should generate Playwright script with imports" time="0">
    </testcase>
    <testcase classname="ActionSerializer toPlaywright should generate browser context and page" name="ActionSerializer toPlaywright should generate browser context and page" time="0">
    </testcase>
    <testcase classname="ActionSerializer toPlaywright should convert navigate action" name="ActionSerializer toPlaywright should convert navigate action" time="0">
    </testcase>
    <testcase classname="ActionSerializer toPlaywright should convert click action" name="ActionSerializer toPlaywright should convert click action" time="0.001">
    </testcase>
    <testcase classname="ActionSerializer toPlaywright should convert type action" name="ActionSerializer toPlaywright should convert type action" time="0">
    </testcase>
    <testcase classname="ActionSerializer toPlaywright should use fill for type with clearFirst" name="ActionSerializer toPlaywright should use fill for type with clearFirst" time="0">
    </testcase>
    <testcase classname="ActionSerializer toPlaywright should convert scroll to element with locator" name="ActionSerializer toPlaywright should convert scroll to element with locator" time="0">
    </testcase>
    <testcase classname="ActionSerializer toPlaywright should convert wait duration action" name="ActionSerializer toPlaywright should convert wait duration action" time="0">
    </testcase>
    <testcase classname="ActionSerializer toPlaywright should convert wait selector action" name="ActionSerializer toPlaywright should convert wait selector action" time="0.001">
    </testcase>
    <testcase classname="ActionSerializer toPlaywright should convert screenshot action" name="ActionSerializer toPlaywright should convert screenshot action" time="0">
    </testcase>
    <testcase classname="ActionSerializer toPlaywright should convert key press action" name="ActionSerializer toPlaywright should convert key press action" time="0">
    </testcase>
    <testcase classname="ActionSerializer toPlaywright should convert hover action" name="ActionSerializer toPlaywright should convert hover action" time="0">
    </testcase>
    <testcase classname="ActionSerializer toPlaywright should convert select action with selectOption" name="ActionSerializer toPlaywright should convert select action with selectOption" time="0">
    </testcase>
    <testcase classname="ActionSerializer toPlaywright should convert comment action" name="ActionSerializer toPlaywright should convert comment action" time="0">
    </testcase>
    <testcase classname="ActionSerializer toPlaywright should use custom variable names" name="ActionSerializer toPlaywright should use custom variable names" time="0">
    </testcase>
    <testcase classname="ActionSerializer toPlaywright should close browser at end" name="ActionSerializer toPlaywright should close browser at end" time="0">
    </testcase>
    <testcase classname="ActionSerializer toPlaywright should exclude imports when specified" name="ActionSerializer toPlaywright should exclude imports when specified" time="0">
    </testcase>
    <testcase classname="ActionSerializer toPlaywright should exclude setup when specified" name="ActionSerializer toPlaywright should exclude setup when specified" time="0.001">
    </testcase>
    <testcase classname="ActionSerializer Edge cases should handle empty action list" name="ActionSerializer Edge cases should handle empty action list" time="0">
    </testcase>
    <testcase classname="ActionSerializer Edge cases should handle unsupported action types" name="ActionSerializer Edge cases should handle unsupported action types" time="0">
    </testcase>
    <testcase classname="ActionSerializer Edge cases should escape quotes in strings" name="ActionSerializer Edge cases should escape quotes in strings" time="0.002">
    </testcase>
    <testcase classname="ActionSerializer Edge cases should escape newlines in strings" name="ActionSerializer Edge cases should escape newlines in strings" time="0">
    </testcase>
  </testsuite>
  <testsuite name="PageMonitor" errors="0" failures="0" skipped="0" timestamp="2026-05-11T06:17:23" time="0.061" tests="75">
    <testcase classname="PageMonitor Initialization should create PageMonitor instance" name="PageMonitor Initialization should create PageMonitor instance" time="0">
    </testcase>
    <testcase classname="PageMonitor Initialization should initialize empty collections" name="PageMonitor Initialization should initialize empty collections" time="0.001">
    </testcase>
    <testcase classname="PageMonitor Initialization should setup IPC listeners" name="PageMonitor Initialization should setup IPC listeners" time="0">
    </testcase>
    <testcase classname="PageMonitor Initialization should initialize counters to 0" name="PageMonitor Initialization should initialize counters to 0" time="0.001">
    </testcase>
    <testcase classname="PageMonitor ID Generation should generate unique request IDs" name="PageMonitor ID Generation should generate unique request IDs" time="0">
    </testcase>
    <testcase classname="PageMonitor ID Generation should generate unique monitor IDs" name="PageMonitor ID Generation should generate unique monitor IDs" time="0.002">
    </testcase>
    <testcase classname="PageMonitor ID Generation should increment counters for each ID" name="PageMonitor ID Generation should increment counters for each ID" time="0">
    </testcase>
    <testcase classname="PageMonitor Start Monitoring should start monitoring with default config" name="PageMonitor Start Monitoring should start monitoring with default config" time="0.001">
    </testcase>
    <testcase classname="PageMonitor Start Monitoring should start monitoring with custom config" name="PageMonitor Start Monitoring should start monitoring with custom config" time="0.001">
    </testcase>
    <testcase classname="PageMonitor Start Monitoring should store monitor in monitors map" name="PageMonitor Start Monitoring should store monitor in monitors map" time="0">
    </testcase>
    <testcase classname="PageMonitor Start Monitoring should set monitor status to ACTIVE" name="PageMonitor Start Monitoring should set monitor status to ACTIVE" time="0">
    </testcase>
    <testcase classname="PageMonitor Start Monitoring should schedule monitoring if interval is set" name="PageMonitor Start Monitoring should schedule monitoring if interval is set" time="0.001">
    </testcase>
    <testcase classname="PageMonitor Start Monitoring should not schedule if interval is 0" name="PageMonitor Start Monitoring should not schedule if interval is 0" time="0">
    </testcase>
    <testcase classname="PageMonitor Start Monitoring should handle snapshot capture failure" name="PageMonitor Start Monitoring should handle snapshot capture failure" time="0">
    </testcase>
    <testcase classname="PageMonitor Start Monitoring should validate URL if provided" name="PageMonitor Start Monitoring should validate URL if provided" time="0.001">
    </testcase>
    <testcase classname="PageMonitor Start Monitoring should initialize statistics" name="PageMonitor Start Monitoring should initialize statistics" time="0">
    </testcase>
    <testcase classname="PageMonitor Stop Monitoring should stop active monitor" name="PageMonitor Stop Monitoring should stop active monitor" time="0.001">
    </testcase>
    <testcase classname="PageMonitor Stop Monitoring should clear schedule when stopping" name="PageMonitor Stop Monitoring should clear schedule when stopping" time="0">
    </testcase>
    <testcase classname="PageMonitor Stop Monitoring should return error for invalid monitor ID" name="PageMonitor Stop Monitoring should return error for invalid monitor ID" time="0">
    </testcase>
    <testcase classname="PageMonitor Stop Monitoring should include statistics in stop result" name="PageMonitor Stop Monitoring should include statistics in stop result" time="0">
    </testcase>
    <testcase classname="PageMonitor Pause and Resume Monitoring should pause active monitor" name="PageMonitor Pause and Resume Monitoring should pause active monitor" time="0.001">
    </testcase>
    <testcase classname="PageMonitor Pause and Resume Monitoring should resume paused monitor" name="PageMonitor Pause and Resume Monitoring should resume paused monitor" time="0">
    </testcase>
    <testcase classname="PageMonitor Pause and Resume Monitoring should not resume non-paused monitor" name="PageMonitor Pause and Resume Monitoring should not resume non-paused monitor" time="0.001">
    </testcase>
    <testcase classname="PageMonitor Pause and Resume Monitoring should clear schedule when pausing" name="PageMonitor Pause and Resume Monitoring should clear schedule when pausing" time="0">
    </testcase>
    <testcase classname="PageMonitor Change Detection - Hash Method should detect content hash changes" name="PageMonitor Change Detection - Hash Method should detect content hash changes" time="0.001">
    </testcase>
    <testcase classname="PageMonitor Change Detection - Hash Method should not detect changes when hashes match" name="PageMonitor Change Detection - Hash Method should not detect changes when hashes match" time="0">
    </testcase>
    <testcase classname="PageMonitor Change Detection - Hash Method should detect zone hash changes" name="PageMonitor Change Detection - Hash Method should detect zone hash changes" time="0">
    </testcase>
    <testcase classname="PageMonitor Change Detection - DOM Method should detect element count changes" name="PageMonitor Change Detection - DOM Method should detect element count changes" time="0">
    </testcase>
    <testcase classname="PageMonitor Change Detection - DOM Method should detect added elements" name="PageMonitor Change Detection - DOM Method should detect added elements" time="0.001">
    </testcase>
    <testcase classname="PageMonitor Change Detection - DOM Method should detect removed elements" name="PageMonitor Change Detection - DOM Method should detect removed elements" time="0">
    </testcase>
    <testcase classname="PageMonitor Change Detection - Text Method should detect text content changes" name="PageMonitor Change Detection - Text Method should detect text content changes" time="0">
    </testcase>
    <testcase classname="PageMonitor Change Detection - Text Method should not detect changes when text matches" name="PageMonitor Change Detection - Text Method should not detect changes when text matches" time="0">
    </testcase>
    <testcase classname="PageMonitor Change Detection - Text Method should calculate text length delta" name="PageMonitor Change Detection - Text Method should calculate text length delta" time="0.001">
    </testcase>
    <testcase classname="PageMonitor Change Detection - Attribute Method should detect attribute changes" name="PageMonitor Change Detection - Attribute Method should detect attribute changes" time="0">
    </testcase>
    <testcase classname="PageMonitor Change Detection - Attribute Method should not detect changes when attributes match" name="PageMonitor Change Detection - Attribute Method should not detect changes when attributes match" time="0">
    </testcase>
    <testcase classname="PageMonitor Change Detection - Structure Method should detect structure changes" name="PageMonitor Change Detection - Structure Method should detect structure changes" time="0">
    </testcase>
    <testcase classname="PageMonitor Change Detection - Structure Method should not detect changes when structure matches" name="PageMonitor Change Detection - Structure Method should not detect changes when structure matches" time="0.001">
    </testcase>
    <testcase classname="PageMonitor Change Deduplication should deduplicate identical changes" name="PageMonitor Change Deduplication should deduplicate identical changes" time="0">
    </testcase>
    <testcase classname="PageMonitor Change Deduplication should keep changes with different selectors" name="PageMonitor Change Deduplication should keep changes with different selectors" time="0">
    </testcase>
    <testcase classname="PageMonitor Change Categorization should categorize changes by type" name="PageMonitor Change Categorization should categorize changes by type" time="0">
    </testcase>
    <testcase classname="PageMonitor Change Categorization should create empty arrays for unused categories" name="PageMonitor Change Categorization should create empty arrays for unused categories" time="0.001">
    </testcase>
    <testcase classname="PageMonitor Change Summary should generate summary with counts" name="PageMonitor Change Summary should generate summary with counts" time="0">
    </testcase>
    <testcase classname="PageMonitor Change Summary should handle no changes" name="PageMonitor Change Summary should handle no changes" time="0">
    </testcase>
    <testcase classname="PageMonitor Significance Calculation should calculate significance for changes" name="PageMonitor Significance Calculation should calculate significance for changes" time="0.001">
    </testcase>
    <testcase classname="PageMonitor Significance Calculation should weight structure changes higher" name="PageMonitor Significance Calculation should weight structure changes higher" time="0">
    </testcase>
    <testcase classname="PageMonitor Significance Calculation should return 0 for no changes" name="PageMonitor Significance Calculation should return 0 for no changes" time="0">
    </testcase>
    <testcase classname="PageMonitor Get Page Changes should return changes for monitor" name="PageMonitor Get Page Changes should return changes for monitor" time="0.001">
    </testcase>
    <testcase classname="PageMonitor Get Page Changes should support pagination" name="PageMonitor Get Page Changes should support pagination" time="0">
    </testcase>
    <testcase classname="PageMonitor Get Page Changes should filter by time range" name="PageMonitor Get Page Changes should filter by time range" time="0">
    </testcase>
    <testcase classname="PageMonitor Get Page Changes should return error for invalid monitor" name="PageMonitor Get Page Changes should return error for invalid monitor" time="0.001">
    </testcase>
    <testcase classname="PageMonitor Get Monitoring Schedule should return schedule information" name="PageMonitor Get Monitoring Schedule should return schedule information" time="0">
    </testcase>
    <testcase classname="PageMonitor Get Monitoring Schedule should indicate inactive schedule" name="PageMonitor Get Monitoring Schedule should indicate inactive schedule" time="0">
    </testcase>
    <testcase classname="PageMonitor Configure Change Detection should update detection methods" name="PageMonitor Configure Change Detection should update detection methods" time="0.001">
    </testcase>
    <testcase classname="PageMonitor Configure Change Detection should update threshold" name="PageMonitor Configure Change Detection should update threshold" time="0">
    </testcase>
    <testcase classname="PageMonitor Configure Change Detection should reschedule if interval changes" name="PageMonitor Configure Change Detection should reschedule if interval changes" time="0">
    </testcase>
    <testcase classname="PageMonitor Export Change Report should export report in JSON format" name="PageMonitor Export Change Report should export report in JSON format" time="0.001">
    </testcase>
    <testcase classname="PageMonitor Export Change Report should export report in CSV format" name="PageMonitor Export Change Report should export report in CSV format" time="0">
    </testcase>
    <testcase classname="PageMonitor Export Change Report should export report in HTML format" name="PageMonitor Export Change Report should export report in HTML format" time="0.001">
    </testcase>
    <testcase classname="PageMonitor Export Change Report should export report in Markdown format" name="PageMonitor Export Change Report should export report in Markdown format" time="0">
    </testcase>
    <testcase classname="PageMonitor Export Change Report should reject unsupported format" name="PageMonitor Export Change Report should reject unsupported format" time="0">
    </testcase>
    <testcase classname="PageMonitor Get Monitoring Statistics should return comprehensive statistics" name="PageMonitor Get Monitoring Statistics should return comprehensive statistics" time="0.003">
    </testcase>
    <testcase classname="PageMonitor Get Monitoring Statistics should include changes by type" name="PageMonitor Get Monitoring Statistics should include changes by type" time="0">
    </testcase>
    <testcase classname="PageMonitor Monitoring Zones should add monitoring zone" name="PageMonitor Monitoring Zones should add monitoring zone" time="0">
    </testcase>
    <testcase classname="PageMonitor Monitoring Zones should not add duplicate zone" name="PageMonitor Monitoring Zones should not add duplicate zone" time="0">
    </testcase>
    <testcase classname="PageMonitor Monitoring Zones should remove monitoring zone" name="PageMonitor Monitoring Zones should remove monitoring zone" time="0">
    </testcase>
    <testcase classname="PageMonitor Monitoring Zones should return error for invalid zone ID" name="PageMonitor Monitoring Zones should return error for invalid zone ID" time="0">
    </testcase>
    <testcase classname="PageMonitor List Monitored Pages should list all monitors" name="PageMonitor List Monitored Pages should list all monitors" time="0.001">
    </testcase>
    <testcase classname="PageMonitor List Monitored Pages should count active and paused monitors" name="PageMonitor List Monitored Pages should count active and paused monitors" time="0">
    </testcase>
    <testcase classname="PageMonitor List Monitored Pages should return empty list when no monitors" name="PageMonitor List Monitored Pages should return empty list when no monitors" time="0">
    </testcase>
    <testcase classname="PageMonitor Cleanup should cleanup specific monitor" name="PageMonitor Cleanup should cleanup specific monitor" time="0.001">
    </testcase>
    <testcase classname="PageMonitor Cleanup should cleanup all monitors" name="PageMonitor Cleanup should cleanup all monitors" time="0">
    </testcase>
    <testcase classname="PageMonitor Cleanup should clear schedules on cleanup" name="PageMonitor Cleanup should clear schedules on cleanup" time="0">
    </testcase>
    <testcase classname="PageMonitor Constants should export DETECTION_METHODS" name="PageMonitor Constants should export DETECTION_METHODS" time="0.001">
    </testcase>
    <testcase classname="PageMonitor Constants should export CHANGE_TYPES" name="PageMonitor Constants should export CHANGE_TYPES" time="0">
    </testcase>
    <testcase classname="PageMonitor Constants should export MONITOR_STATUS" name="PageMonitor Constants should export MONITOR_STATUS" time="0">
    </testcase>
  </testsuite>
  <testsuite name="SSLConfigParser" errors="0" failures="0" skipped="0" timestamp="2026-05-11T06:17:23" time="0.061" tests="62">
    <testcase classname="SSLConfigParser SSL Configuration Options Parsing should disable SSL by default" name="SSLConfigParser SSL Configuration Options Parsing should disable SSL by default" time="0.001">
    </testcase>
    <testcase classname="SSLConfigParser SSL Configuration Options Parsing should enable SSL when ssl option is true" name="SSLConfigParser SSL Configuration Options Parsing should enable SSL when ssl option is true" time="0">
    </testcase>
    <testcase classname="SSLConfigParser SSL Configuration Options Parsing should enable SSL when secure option is true" name="SSLConfigParser SSL Configuration Options Parsing should enable SSL when secure option is true" time="0">
    </testcase>
    <testcase classname="SSLConfigParser SSL Configuration Options Parsing should enable SSL when cert and key are provided" name="SSLConfigParser SSL Configuration Options Parsing should enable SSL when cert and key are provided" time="0">
    </testcase>
    <testcase classname="SSLConfigParser SSL Configuration Options Parsing should enable SSL when certPath and keyPath are provided" name="SSLConfigParser SSL Configuration Options Parsing should enable SSL when certPath and keyPath are provided" time="0.001">
    </testcase>
    <testcase classname="SSLConfigParser SSL Configuration Options Parsing should enable SSL when protocol is wss" name="SSLConfigParser SSL Configuration Options Parsing should enable SSL when protocol is wss" time="0">
    </testcase>
    <testcase classname="SSLConfigParser SSL Configuration Options Parsing should enable SSL when protocol is https" name="SSLConfigParser SSL Configuration Options Parsing should enable SSL when protocol is https" time="0">
    </testcase>
    <testcase classname="SSLConfigParser SSL Configuration Options Parsing should parse CA certificate path" name="SSLConfigParser SSL Configuration Options Parsing should parse CA certificate path" time="0">
    </testcase>
    <testcase classname="SSLConfigParser SSL Configuration Options Parsing should parse passphrase option" name="SSLConfigParser SSL Configuration Options Parsing should parse passphrase option" time="0">
    </testcase>
    <testcase classname="SSLConfigParser SSL Configuration Options Parsing should set rejectUnauthorized to true by default" name="SSLConfigParser SSL Configuration Options Parsing should set rejectUnauthorized to true by default" time="0">
    </testcase>
    <testcase classname="SSLConfigParser SSL Configuration Options Parsing should allow disabling rejectUnauthorized" name="SSLConfigParser SSL Configuration Options Parsing should allow disabling rejectUnauthorized" time="0">
    </testcase>
    <testcase classname="SSLConfigParser SSL Configuration Options Parsing should parse TLS version options" name="SSLConfigParser SSL Configuration Options Parsing should parse TLS version options" time="0">
    </testcase>
    <testcase classname="SSLConfigParser SSL Configuration Options Parsing should default to TLSv1.2 minimum version" name="SSLConfigParser SSL Configuration Options Parsing should default to TLSv1.2 minimum version" time="0">
    </testcase>
    <testcase classname="SSLConfigParser SSL Configuration Options Parsing should parse cipher suite option" name="SSLConfigParser SSL Configuration Options Parsing should parse cipher suite option" time="0">
    </testcase>
    <testcase classname="SSLConfigParser getProtocol() should return ws for non-SSL connections" name="SSLConfigParser getProtocol() should return ws for non-SSL connections" time="0">
    </testcase>
    <testcase classname="SSLConfigParser getProtocol() should return wss for SSL connections" name="SSLConfigParser getProtocol() should return wss for SSL connections" time="0.001">
    </testcase>
    <testcase classname="SSLConfigParser getProtocol() should return wss when certificates are configured" name="SSLConfigParser getProtocol() should return wss when certificates are configured" time="0">
    </testcase>
    <testcase classname="SSLConfigParser getConnectionUrl() should return ws:// URL for non-SSL connections" name="SSLConfigParser getConnectionUrl() should return ws:// URL for non-SSL connections" time="0">
    </testcase>
    <testcase classname="SSLConfigParser getConnectionUrl() should return wss:// URL for SSL connections" name="SSLConfigParser getConnectionUrl() should return wss:// URL for SSL connections" time="0">
    </testcase>
    <testcase classname="SSLConfigParser getConnectionUrl() should use custom host and port" name="SSLConfigParser getConnectionUrl() should use custom host and port" time="0">
    </testcase>
    <testcase classname="SSLConfigParser getConnectionUrl() should construct URL correctly with default parameters" name="SSLConfigParser getConnectionUrl() should construct URL correctly with default parameters" time="0.001">
    </testcase>
    <testcase classname="SSLConfigParser isSslEnabled() should return false when SSL is not configured" name="SSLConfigParser isSslEnabled() should return false when SSL is not configured" time="0">
    </testcase>
    <testcase classname="SSLConfigParser isSslEnabled() should return true when SSL is explicitly enabled" name="SSLConfigParser isSslEnabled() should return true when SSL is explicitly enabled" time="0">
    </testcase>
    <testcase classname="SSLConfigParser isSslEnabled() should return true when certificates are provided" name="SSLConfigParser isSslEnabled() should return true when certificates are provided" time="0">
    </testcase>
    <testcase classname="SSLConfigParser loadCertificates() should return null when SSL is not enabled" name="SSLConfigParser loadCertificates() should return null when SSL is not enabled" time="0">
    </testcase>
    <testcase classname="SSLConfigParser loadCertificates() should load certificate and key files" name="SSLConfigParser loadCertificates() should load certificate and key files" time="0.001">
    </testcase>
    <testcase classname="SSLConfigParser loadCertificates() should load CA certificate when provided" name="SSLConfigParser loadCertificates() should load CA certificate when provided" time="0">
    </testcase>
    <testcase classname="SSLConfigParser loadCertificates() should throw error when certificate file not found" name="SSLConfigParser loadCertificates() should throw error when certificate file not found" time="0.019">
    </testcase>
    <testcase classname="SSLConfigParser loadCertificates() should throw error when key file not found" name="SSLConfigParser loadCertificates() should throw error when key file not found" time="0">
    </testcase>
    <testcase classname="SSLConfigParser loadCertificates() should throw error when CA file not found" name="SSLConfigParser loadCertificates() should throw error when CA file not found" time="0.001">
    </testcase>
    <testcase classname="SSLConfigParser loadCertificates() should include passphrase in SSL options" name="SSLConfigParser loadCertificates() should include passphrase in SSL options" time="0">
    </testcase>
    <testcase classname="SSLConfigParser loadCertificates() should include TLS version settings in SSL options" name="SSLConfigParser loadCertificates() should include TLS version settings in SSL options" time="0">
    </testcase>
    <testcase classname="SSLConfigParser loadCertificates() should include cipher settings in SSL options" name="SSLConfigParser loadCertificates() should include cipher settings in SSL options" time="0.001">
    </testcase>
    <testcase classname="SSLConfigParser loadCertificates() should set rejectUnauthorized in SSL options" name="SSLConfigParser loadCertificates() should set rejectUnauthorized in SSL options" time="0">
    </testcase>
    <testcase classname="SSLConfigParser validate() should validate non-SSL configuration as valid" name="SSLConfigParser validate() should validate non-SSL configuration as valid" time="0">
    </testcase>
    <testcase classname="SSLConfigParser validate() should report error when SSL enabled without certificate" name="SSLConfigParser validate() should report error when SSL enabled without certificate" time="0">
    </testcase>
    <testcase classname="SSLConfigParser validate() should report error when SSL enabled without key" name="SSLConfigParser validate() should report error when SSL enabled without key" time="0.001">
    </testcase>
    <testcase classname="SSLConfigParser validate() should validate complete SSL configuration" name="SSLConfigParser validate() should validate complete SSL configuration" time="0">
    </testcase>
    <testcase classname="SSLConfigParser validate() should report error for invalid minimum TLS version" name="SSLConfigParser validate() should report error for invalid minimum TLS version" time="0">
    </testcase>
    <testcase classname="SSLConfigParser validate() should report error for invalid maximum TLS version" name="SSLConfigParser validate() should report error for invalid maximum TLS version" time="0">
    </testcase>
    <testcase classname="SSLConfigParser validate() should accept valid TLS versions" name="SSLConfigParser validate() should accept valid TLS versions" time="0">
    </testcase>
    <testcase classname="SSLConfigParser getSummary() should return configuration summary" name="SSLConfigParser getSummary() should return configuration summary" time="0.001">
    </testcase>
    <testcase classname="SSLConfigParser getSummary() should return minimal summary for non-SSL configuration" name="SSLConfigParser getSummary() should return minimal summary for non-SSL configuration" time="0">
    </testcase>
    <testcase classname="isSslEnabled helper function should return false for empty options" name="isSslEnabled helper function should return false for empty options" time="0">
    </testcase>
    <testcase classname="isSslEnabled helper function should return true when ssl is true" name="isSslEnabled helper function should return true when ssl is true" time="0.001">
    </testcase>
    <testcase classname="isSslEnabled helper function should return true when secure is true" name="isSslEnabled helper function should return true when secure is true" time="0">
    </testcase>
    <testcase classname="isSslEnabled helper function should return true when cert and key are provided" name="isSslEnabled helper function should return true when cert and key are provided" time="0">
    </testcase>
    <testcase classname="isSslEnabled helper function should return false when only cert is provided" name="isSslEnabled helper function should return false when only cert is provided" time="0">
    </testcase>
    <testcase classname="isSslEnabled helper function should return false when only key is provided" name="isSslEnabled helper function should return false when only key is provided" time="0">
    </testcase>
    <testcase classname="isSslEnabled helper function should return true when protocol is wss" name="isSslEnabled helper function should return true when protocol is wss" time="0">
    </testcase>
    <testcase classname="isSslEnabled helper function should return true when protocol is https" name="isSslEnabled helper function should return true when protocol is https" time="0.001">
    </testcase>
    <testcase classname="isSslEnabled helper function should return false when protocol is ws" name="isSslEnabled helper function should return false when protocol is ws" time="0">
    </testcase>
    <testcase classname="isSslEnabled helper function should return false when protocol is http" name="isSslEnabled helper function should return false when protocol is http" time="0">
    </testcase>
    <testcase classname="SSL Error Handling should handle CERT_HAS_EXPIRED error type" name="SSL Error Handling should handle CERT_HAS_EXPIRED error type" time="0">
    </testcase>
    <testcase classname="SSL Error Handling should handle DEPTH_ZERO_SELF_SIGNED_CERT error type" name="SSL Error Handling should handle DEPTH_ZERO_SELF_SIGNED_CERT error type" time="0">
    </testcase>
    <testcase classname="SSL Error Handling should handle UNABLE_TO_VERIFY_LEAF_SIGNATURE error type" name="SSL Error Handling should handle UNABLE_TO_VERIFY_LEAF_SIGNATURE error type" time="0">
    </testcase>
    <testcase classname="SSL Error Handling should handle SELF_SIGNED_CERT_IN_CHAIN error type" name="SSL Error Handling should handle SELF_SIGNED_CERT_IN_CHAIN error type" time="0.001">
    </testcase>
    <testcase classname="SSL Connection URL Building should build correct WSS URL for localhost" name="SSL Connection URL Building should build correct WSS URL for localhost" time="0">
    </testcase>
    <testcase classname="SSL Connection URL Building should build correct WS URL for localhost" name="SSL Connection URL Building should build correct WS URL for localhost" time="0">
    </testcase>
    <testcase classname="SSL Connection URL Building should build correct URL with IPv4 address" name="SSL Connection URL Building should build correct URL with IPv4 address" time="0">
    </testcase>
    <testcase classname="SSL Connection URL Building should build correct URL with domain name" name="SSL Connection URL Building should build correct URL with domain name" time="0">
    </testcase>
    <testcase classname="SSL Connection URL Building should handle IPv6 addresses" name="SSL Connection URL Building should handle IPv6 addresses" time="0">
    </testcase>
  </testsuite>
  <testsuite name="TechnologyManager" errors="0" failures="0" skipped="0" timestamp="2026-05-11T06:17:23" time="0.059" tests="11">
    <testcase classname="TechnologyManager initialization should initialize with default options" name="TechnologyManager initialization should initialize with default options" time="0.004">
    </testcase>
    <testcase classname="TechnologyManager initialization should accept custom options" name="TechnologyManager initialization should accept custom options" time="0.001">
    </testcase>
    <testcase classname="TechnologyManager detectTechnologies should return error when disabled" name="TechnologyManager detectTechnologies should return error when disabled" time="0.001">
    </testcase>
    <testcase classname="TechnologyManager detectTechnologies should return error when page data is missing" name="TechnologyManager detectTechnologies should return error when page data is missing" time="0.001">
    </testcase>
    <testcase classname="TechnologyManager detectTechnologies should detect jQuery from script URL" name="TechnologyManager detectTechnologies should detect jQuery from script URL" time="0.01">
    </testcase>
    <testcase classname="TechnologyManager detectTechnologies should detect WordPress from meta generator" name="TechnologyManager detectTechnologies should detect WordPress from meta generator" time="0.007">
    </testcase>
    <testcase classname="TechnologyManager detectTechnologies should detect React from HTML patterns" name="TechnologyManager detectTechnologies should detect React from HTML patterns" time="0.001">
    </testcase>
    <testcase classname="TechnologyManager getCategories should return available categories" name="TechnologyManager getCategories should return available categories" time="0.002">
    </testcase>
    <testcase classname="TechnologyManager getTechnologyInfo should return error when name is missing" name="TechnologyManager getTechnologyInfo should return error when name is missing" time="0">
    </testcase>
    <testcase classname="TechnologyManager getTechnologyInfo should return info for known technology" name="TechnologyManager getTechnologyInfo should return info for known technology" time="0.001">
    </testcase>
    <testcase classname="TechnologyManager caching should cache detection results" name="TechnologyManager caching should cache detection results" time="0.001">
    </testcase>
  </testsuite>
  <testsuite name="MCP Server Integration" errors="0" failures="0" skipped="0" timestamp="2026-05-11T06:17:23" time="0.043" tests="47">
    <testcase classname="MCP Server Integration WebSocket Command Compatibility Navigation Commands navigate command exists and is callable" name="MCP Server Integration WebSocket Command Compatibility Navigation Commands navigate command exists and is callable" time="0.001">
    </testcase>
    <testcase classname="MCP Server Integration WebSocket Command Compatibility Navigation Commands get_url command exists and is callable" name="MCP Server Integration WebSocket Command Compatibility Navigation Commands get_url command exists and is callable" time="0">
    </testcase>
    <testcase classname="MCP Server Integration WebSocket Command Compatibility Navigation Commands get_title command exists and is callable" name="MCP Server Integration WebSocket Command Compatibility Navigation Commands get_title command exists and is callable" time="0">
    </testcase>
    <testcase classname="MCP Server Integration WebSocket Command Compatibility Navigation Commands go_back command exists and is callable" name="MCP Server Integration WebSocket Command Compatibility Navigation Commands go_back command exists and is callable" time="0">
    </testcase>
    <testcase classname="MCP Server Integration WebSocket Command Compatibility Navigation Commands go_forward command exists and is callable" name="MCP Server Integration WebSocket Command Compatibility Navigation Commands go_forward command exists and is callable" time="0">
    </testcase>
    <testcase classname="MCP Server Integration WebSocket Command Compatibility Navigation Commands reload command exists and is callable" name="MCP Server Integration WebSocket Command Compatibility Navigation Commands reload command exists and is callable" time="0">
    </testcase>
    <testcase classname="MCP Server Integration WebSocket Command Compatibility Interaction Commands click command exists and is callable" name="MCP Server Integration WebSocket Command Compatibility Interaction Commands click command exists and is callable" time="0.002">
    </testcase>
    <testcase classname="MCP Server Integration WebSocket Command Compatibility Interaction Commands fill command exists and is callable" name="MCP Server Integration WebSocket Command Compatibility Interaction Commands fill command exists and is callable" time="0.001">
    </testcase>
    <testcase classname="MCP Server Integration WebSocket Command Compatibility Interaction Commands type command exists and is callable" name="MCP Server Integration WebSocket Command Compatibility Interaction Commands type command exists and is callable" time="0">
    </testcase>
    <testcase classname="MCP Server Integration WebSocket Command Compatibility Interaction Commands select command exists and is callable" name="MCP Server Integration WebSocket Command Compatibility Interaction Commands select command exists and is callable" time="0">
    </testcase>
    <testcase classname="MCP Server Integration WebSocket Command Compatibility Interaction Commands scroll command exists and is callable" name="MCP Server Integration WebSocket Command Compatibility Interaction Commands scroll command exists and is callable" time="0">
    </testcase>
    <testcase classname="MCP Server Integration WebSocket Command Compatibility Interaction Commands hover command exists and is callable" name="MCP Server Integration WebSocket Command Compatibility Interaction Commands hover command exists and is callable" time="0">
    </testcase>
    <testcase classname="MCP Server Integration WebSocket Command Compatibility Content Extraction Commands get_content command exists and is callable" name="MCP Server Integration WebSocket Command Compatibility Content Extraction Commands get_content command exists and is callable" time="0">
    </testcase>
    <testcase classname="MCP Server Integration WebSocket Command Compatibility Content Extraction Commands get_page_state command exists and is callable" name="MCP Server Integration WebSocket Command Compatibility Content Extraction Commands get_page_state command exists and is callable" time="0">
    </testcase>
    <testcase classname="MCP Server Integration WebSocket Command Compatibility Content Extraction Commands extract_metadata command exists and is callable" name="MCP Server Integration WebSocket Command Compatibility Content Extraction Commands extract_metadata command exists and is callable" time="0">
    </testcase>
    <testcase classname="MCP Server Integration WebSocket Command Compatibility Content Extraction Commands extract_links command exists and is callable" name="MCP Server Integration WebSocket Command Compatibility Content Extraction Commands extract_links command exists and is callable" time="0">
    </testcase>
    <testcase classname="MCP Server Integration WebSocket Command Compatibility Content Extraction Commands extract_forms command exists and is callable" name="MCP Server Integration WebSocket Command Compatibility Content Extraction Commands extract_forms command exists and is callable" time="0.001">
    </testcase>
    <testcase classname="MCP Server Integration WebSocket Command Compatibility Content Extraction Commands extract_images command exists and is callable" name="MCP Server Integration WebSocket Command Compatibility Content Extraction Commands extract_images command exists and is callable" time="0">
    </testcase>
    <testcase classname="MCP Server Integration WebSocket Command Compatibility Cookie Commands get_cookies command exists and is callable" name="MCP Server Integration WebSocket Command Compatibility Cookie Commands get_cookies command exists and is callable" time="0">
    </testcase>
    <testcase classname="MCP Server Integration WebSocket Command Compatibility Cookie Commands set_cookies command exists and is callable" name="MCP Server Integration WebSocket Command Compatibility Cookie Commands set_cookies command exists and is callable" time="0">
    </testcase>
    <testcase classname="MCP Server Integration WebSocket Command Compatibility Cookie Commands clear_cookies command exists and is callable" name="MCP Server Integration WebSocket Command Compatibility Cookie Commands clear_cookies command exists and is callable" time="0.001">
    </testcase>
    <testcase classname="MCP Server Integration WebSocket Command Compatibility Profile Commands get_profiles command exists and is callable" name="MCP Server Integration WebSocket Command Compatibility Profile Commands get_profiles command exists and is callable" time="0">
    </testcase>
    <testcase classname="MCP Server Integration WebSocket Command Compatibility Profile Commands switch_profile command exists and is callable" name="MCP Server Integration WebSocket Command Compatibility Profile Commands switch_profile command exists and is callable" time="0">
    </testcase>
    <testcase classname="MCP Server Integration WebSocket Command Compatibility Profile Commands create_profile command exists and is callable" name="MCP Server Integration WebSocket Command Compatibility Profile Commands create_profile command exists and is callable" time="0">
    </testcase>
    <testcase classname="MCP Server Integration WebSocket Command Compatibility Proxy/Tor Commands set_proxy command exists and is callable" name="MCP Server Integration WebSocket Command Compatibility Proxy/Tor Commands set_proxy command exists and is callable" time="0.001">
    </testcase>
    <testcase classname="MCP Server Integration WebSocket Command Compatibility Proxy/Tor Commands tor_rebuild_circuit command exists and is callable" name="MCP Server Integration WebSocket Command Compatibility Proxy/Tor Commands tor_rebuild_circuit command exists and is callable" time="0">
    </testcase>
    <testcase classname="MCP Server Integration WebSocket Command Compatibility Proxy/Tor Commands tor_set_exit_country command exists and is callable" name="MCP Server Integration WebSocket Command Compatibility Proxy/Tor Commands tor_set_exit_country command exists and is callable" time="0">
    </testcase>
    <testcase classname="MCP Server Integration WebSocket Command Compatibility Data Detection Commands (Phase 13) detect_data_types command exists and is callable" name="MCP Server Integration WebSocket Command Compatibility Data Detection Commands (Phase 13) detect_data_types command exists and is callable" time="0">
    </testcase>
    <testcase classname="MCP Server Integration WebSocket Command Compatibility Data Detection Commands (Phase 13) ingest_selected command exists and is callable" name="MCP Server Integration WebSocket Command Compatibility Data Detection Commands (Phase 13) ingest_selected command exists and is callable" time="0.001">
    </testcase>
    <testcase classname="MCP Server Integration WebSocket Command Compatibility Data Detection Commands (Phase 13) get_ingestion_stats command exists and is callable" name="MCP Server Integration WebSocket Command Compatibility Data Detection Commands (Phase 13) get_ingestion_stats command exists and is callable" time="0">
    </testcase>
    <testcase classname="MCP Server Integration WebSocket Command Compatibility Image Analysis Commands (Phase 14) extract_image_metadata command exists and is callable" name="MCP Server Integration WebSocket Command Compatibility Image Analysis Commands (Phase 14) extract_image_metadata command exists and is callable" time="0">
    </testcase>
    <testcase classname="MCP Server Integration WebSocket Command Compatibility Image Analysis Commands (Phase 14) extract_image_text command exists and is callable" name="MCP Server Integration WebSocket Command Compatibility Image Analysis Commands (Phase 14) extract_image_text command exists and is callable" time="0">
    </testcase>
    <testcase classname="MCP Server Integration WebSocket Command Compatibility Image Analysis Commands (Phase 14) extract_page_images command exists and is callable" name="MCP Server Integration WebSocket Command Compatibility Image Analysis Commands (Phase 14) extract_page_images command exists and is callable" time="0">
    </testcase>
    <testcase classname="MCP Server Integration WebSocket Command Compatibility Technology Detection Commands detect_technologies command exists and is callable" name="MCP Server Integration WebSocket Command Compatibility Technology Detection Commands detect_technologies command exists and is callable" time="0.001">
    </testcase>
    <testcase classname="MCP Server Integration WebSocket Command Compatibility Network Analysis Commands start_network_capture command exists and is callable" name="MCP Server Integration WebSocket Command Compatibility Network Analysis Commands start_network_capture command exists and is callable" time="0">
    </testcase>
    <testcase classname="MCP Server Integration WebSocket Command Compatibility Network Analysis Commands stop_network_capture command exists and is callable" name="MCP Server Integration WebSocket Command Compatibility Network Analysis Commands stop_network_capture command exists and is callable" time="0">
    </testcase>
    <testcase classname="MCP Server Integration WebSocket Command Compatibility Network Analysis Commands get_network_requests command exists and is callable" name="MCP Server Integration WebSocket Command Compatibility Network Analysis Commands get_network_requests command exists and is callable" time="0">
    </testcase>
    <testcase classname="MCP Server Integration MCP Tool Schema Compliance all tool names follow snake_case convention" name="MCP Server Integration MCP Tool Schema Compliance all tool names follow snake_case convention" time="0.002">
    </testcase>
    <testcase classname="MCP Server Integration MCP Tool Schema Compliance all tool names start with browser_ prefix" name="MCP Server Integration MCP Tool Schema Compliance all tool names start with browser_ prefix" time="0.002">
    </testcase>
    <testcase classname="MCP Server Integration MCP Tool Schema Compliance tool names are unique" name="MCP Server Integration MCP Tool Schema Compliance tool names are unique" time="0">
    </testcase>
    <testcase classname="MCP Server Integration MCP Tool Schema Compliance correct number of tools defined" name="MCP Server Integration MCP Tool Schema Compliance correct number of tools defined" time="0">
    </testcase>
    <testcase classname="MCP Server Integration MCP Resource URIs resource URIs follow browser:// scheme" name="MCP Server Integration MCP Resource URIs resource URIs follow browser:// scheme" time="0.002">
    </testcase>
    <testcase classname="MCP Server Integration MCP Resource URIs resource URIs are valid" name="MCP Server Integration MCP Resource URIs resource URIs are valid" time="0">
    </testcase>
    <testcase classname="Browser Connection Class Connection Management default connection settings are correct" name="Browser Connection Class Connection Management default connection settings are correct" time="0">
    </testcase>
    <testcase classname="Browser Connection Class Connection Management WebSocket URL is properly formatted" name="Browser Connection Class Connection Management WebSocket URL is properly formatted" time="0">
    </testcase>
    <testcase classname="Browser Connection Class Command Protocol command message format is correct" name="Browser Connection Class Command Protocol command message format is correct" time="0">
    </testcase>
    <testcase classname="Browser Connection Class Command Protocol command IDs are sequential strings" name="Browser Connection Class Command Protocol command IDs are sequential strings" time="0">
    </testcase>
  </testsuite>
  <testsuite name="Navigation Handler" errors="0" failures="0" skipped="0" timestamp="2026-05-11T06:17:23" time="0.034" tests="31">
    <testcase classname="Navigation Handler WebRequest Handler Setup should have webRequest.on method available" name="Navigation Handler WebRequest Handler Setup should have webRequest.on method available" time="0.001">
    </testcase>
    <testcase classname="Navigation Handler WebRequest Handler Setup should register onBeforeRequest handler" name="Navigation Handler WebRequest Handler Setup should register onBeforeRequest handler" time="0.001">
    </testcase>
    <testcase classname="Navigation Handler WebRequest Handler Setup should register onBeforeSendHeaders handler" name="Navigation Handler WebRequest Handler Setup should register onBeforeSendHeaders handler" time="0">
    </testcase>
    <testcase classname="Navigation Handler WebRequest Handler Setup should register onHeadersReceived handler" name="Navigation Handler WebRequest Handler Setup should register onHeadersReceived handler" time="0">
    </testcase>
    <testcase classname="Navigation Handler WebRequest Handler Setup should register onCompleted handler" name="Navigation Handler WebRequest Handler Setup should register onCompleted handler" time="0.001">
    </testcase>
    <testcase classname="Navigation Handler WebRequest Handler Setup should register onErrorOccurred handler" name="Navigation Handler WebRequest Handler Setup should register onErrorOccurred handler" time="0">
    </testcase>
    <testcase classname="Navigation Handler WebContents Navigation Events should listen for did-navigate event" name="Navigation Handler WebContents Navigation Events should listen for did-navigate event" time="0">
    </testcase>
    <testcase classname="Navigation Handler WebContents Navigation Events should listen for did-navigate-in-page event" name="Navigation Handler WebContents Navigation Events should listen for did-navigate-in-page event" time="0">
    </testcase>
    <testcase classname="Navigation Handler WebContents Navigation Events should listen for will-navigate event" name="Navigation Handler WebContents Navigation Events should listen for will-navigate event" time="0">
    </testcase>
    <testcase classname="Navigation Handler WebContents Navigation Events should listen for did-start-loading event" name="Navigation Handler WebContents Navigation Events should listen for did-start-loading event" time="0.001">
    </testcase>
    <testcase classname="Navigation Handler WebContents Navigation Events should listen for did-stop-loading event" name="Navigation Handler WebContents Navigation Events should listen for did-stop-loading event" time="0">
    </testcase>
    <testcase classname="Navigation Handler WebContents Navigation Events should listen for did-fail-load event" name="Navigation Handler WebContents Navigation Events should listen for did-fail-load event" time="0">
    </testcase>
    <testcase classname="Navigation Handler Navigation Control should load URL" name="Navigation Handler Navigation Control should load URL" time="0">
    </testcase>
    <testcase classname="Navigation Handler Navigation Control should load file" name="Navigation Handler Navigation Control should load file" time="0.001">
    </testcase>
    <testcase classname="Navigation Handler Navigation Control should go back" name="Navigation Handler Navigation Control should go back" time="0">
    </testcase>
    <testcase classname="Navigation Handler Navigation Control should go forward" name="Navigation Handler Navigation Control should go forward" time="0">
    </testcase>
    <testcase classname="Navigation Handler Navigation Control should reload" name="Navigation Handler Navigation Control should reload" time="0">
    </testcase>
    <testcase classname="Navigation Handler Navigation Control should reload ignoring cache" name="Navigation Handler Navigation Control should reload ignoring cache" time="0.001">
    </testcase>
    <testcase classname="Navigation Handler Navigation Control should stop loading" name="Navigation Handler Navigation Control should stop loading" time="0">
    </testcase>
    <testcase classname="Navigation Handler Navigation State should get current URL" name="Navigation Handler Navigation State should get current URL" time="0.001">
    </testcase>
    <testcase classname="Navigation Handler Navigation State should get page title" name="Navigation Handler Navigation State should get page title" time="0">
    </testcase>
    <testcase classname="Navigation Handler Navigation State should check if loading" name="Navigation Handler Navigation State should check if loading" time="0.001">
    </testcase>
    <testcase classname="Navigation Handler Navigation State should check if can go back" name="Navigation Handler Navigation State should check if can go back" time="0">
    </testcase>
    <testcase classname="Navigation Handler Navigation State should check if can go forward" name="Navigation Handler Navigation State should check if can go forward" time="0">
    </testcase>
    <testcase classname="Navigation Handler Session from WebContents should access session from webContents" name="Navigation Handler Session from WebContents should access session from webContents" time="0.001">
    </testcase>
    <testcase classname="Navigation Handler Session from WebContents should access webRequest from session" name="Navigation Handler Session from WebContents should access webRequest from session" time="0">
    </testcase>
    <testcase classname="Navigation Handler Generic WebRequest.on Handler should support generic on() method" name="Navigation Handler Generic WebRequest.on Handler should support generic on() method" time="0">
    </testcase>
    <testcase classname="Navigation Handler Generic WebRequest.on Handler should support on() without filter" name="Navigation Handler Generic WebRequest.on Handler should support on() without filter" time="0.001">
    </testcase>
    <testcase classname="Navigation Handler Request Interception should allow modifying request headers" name="Navigation Handler Request Interception should allow modifying request headers" time="0">
    </testcase>
    <testcase classname="Navigation Handler Request Interception should allow cancelling requests" name="Navigation Handler Request Interception should allow cancelling requests" time="0">
    </testcase>
    <testcase classname="Navigation Handler Request Interception should allow redirecting requests" name="Navigation Handler Request Interception should allow redirecting requests" time="0">
    </testcase>
  </testsuite>
  <testsuite name="ExtractionManager" errors="0" failures="0" skipped="0" timestamp="2026-05-11T06:17:23" time="0.053" tests="18">
    <testcase classname="ExtractionManager initialization should initialize with parsers" name="ExtractionManager initialization should initialize with parsers" time="0.001">
    </testcase>
    <testcase classname="ExtractionManager initialization should initialize stats" name="ExtractionManager initialization should initialize stats" time="0">
    </testcase>
    <testcase classname="ExtractionManager extractMetadata should extract title" name="ExtractionManager extractMetadata should extract title" time="0.002">
    </testcase>
    <testcase classname="ExtractionManager extractMetadata should extract meta description" name="ExtractionManager extractMetadata should extract meta description" time="0.001">
    </testcase>
    <testcase classname="ExtractionManager extractMetadata should extract Open Graph tags" name="ExtractionManager extractMetadata should extract Open Graph tags" time="0">
    </testcase>
    <testcase classname="ExtractionManager extractMetadata should return error for invalid HTML" name="ExtractionManager extractMetadata should return error for invalid HTML" time="0.001">
    </testcase>
    <testcase classname="ExtractionManager extractLinks should extract internal and external links" name="ExtractionManager extractLinks should extract internal and external links" time="0.001">
    </testcase>
    <testcase classname="ExtractionManager extractLinks should categorize different link types" name="ExtractionManager extractLinks should categorize different link types" time="0.001">
    </testcase>
    <testcase classname="ExtractionManager extractForms should extract form fields" name="ExtractionManager extractForms should extract form fields" time="0.006">
    </testcase>
    <testcase classname="ExtractionManager extractImages should extract images with attributes" name="ExtractionManager extractImages should extract images with attributes" time="0.002">
    </testcase>
    <testcase classname="ExtractionManager extractImages should handle lazy-loaded images" name="ExtractionManager extractImages should handle lazy-loaded images" time="0.001">
    </testcase>
    <testcase classname="ExtractionManager extractScripts should extract external scripts" name="ExtractionManager extractScripts should extract external scripts" time="0.003">
    </testcase>
    <testcase classname="ExtractionManager extractScripts should detect common libraries" name="ExtractionManager extractScripts should detect common libraries" time="0">
    </testcase>
    <testcase classname="ExtractionManager extractStructuredData should extract JSON-LD" name="ExtractionManager extractStructuredData should extract JSON-LD" time="0.001">
    </testcase>
    <testcase classname="ExtractionManager extractAll should extract all content types" name="ExtractionManager extractAll should extract all content types" time="0.002">
    </testcase>
    <testcase classname="ExtractionManager resolveUrl should resolve relative URLs" name="ExtractionManager resolveUrl should resolve relative URLs" time="0.001">
    </testcase>
    <testcase classname="ExtractionManager resolveUrl should handle absolute URLs" name="ExtractionManager resolveUrl should handle absolute URLs" time="0">
    </testcase>
    <testcase classname="ExtractionManager resolveUrl should handle protocol-relative URLs" name="ExtractionManager resolveUrl should handle protocol-relative URLs" time="0">
    </testcase>
  </testsuite>
  <testsuite name="Keyboard Shortcuts" errors="0" failures="0" skipped="0" timestamp="2026-05-11T06:17:23" time="0.028" tests="21">
    <testcase classname="Keyboard Shortcuts GlobalShortcut Mock should have register method" name="Keyboard Shortcuts GlobalShortcut Mock should have register method" time="0">
    </testcase>
    <testcase classname="Keyboard Shortcuts GlobalShortcut Mock should have registerAll method" name="Keyboard Shortcuts GlobalShortcut Mock should have registerAll method" time="0">
    </testcase>
    <testcase classname="Keyboard Shortcuts GlobalShortcut Mock should have unregister method" name="Keyboard Shortcuts GlobalShortcut Mock should have unregister method" time="0.001">
    </testcase>
    <testcase classname="Keyboard Shortcuts GlobalShortcut Mock should have unregisterAll method" name="Keyboard Shortcuts GlobalShortcut Mock should have unregisterAll method" time="0">
    </testcase>
    <testcase classname="Keyboard Shortcuts GlobalShortcut Mock should have isRegistered method" name="Keyboard Shortcuts GlobalShortcut Mock should have isRegistered method" time="0">
    </testcase>
    <testcase classname="Keyboard Shortcuts Registering Shortcuts should register a single shortcut" name="Keyboard Shortcuts Registering Shortcuts should register a single shortcut" time="0">
    </testcase>
    <testcase classname="Keyboard Shortcuts Registering Shortcuts should register multiple shortcuts with registerAll" name="Keyboard Shortcuts Registering Shortcuts should register multiple shortcuts with registerAll" time="0.001">
    </testcase>
    <testcase classname="Keyboard Shortcuts Registering Shortcuts should register common browser shortcuts" name="Keyboard Shortcuts Registering Shortcuts should register common browser shortcuts" time="0">
    </testcase>
    <testcase classname="Keyboard Shortcuts Registering Shortcuts should register navigation shortcuts" name="Keyboard Shortcuts Registering Shortcuts should register navigation shortcuts" time="0">
    </testcase>
    <testcase classname="Keyboard Shortcuts Unregistering Shortcuts should unregister a single shortcut" name="Keyboard Shortcuts Unregistering Shortcuts should unregister a single shortcut" time="0">
    </testcase>
    <testcase classname="Keyboard Shortcuts Unregistering Shortcuts should unregister all shortcuts" name="Keyboard Shortcuts Unregistering Shortcuts should unregister all shortcuts" time="0.001">
    </testcase>
    <testcase classname="Keyboard Shortcuts Checking Registered Shortcuts should check if shortcut is registered" name="Keyboard Shortcuts Checking Registered Shortcuts should check if shortcut is registered" time="0">
    </testcase>
    <testcase classname="Keyboard Shortcuts Checking Registered Shortcuts should return false for unregistered shortcut" name="Keyboard Shortcuts Checking Registered Shortcuts should return false for unregistered shortcut" time="0">
    </testcase>
    <testcase classname="Keyboard Shortcuts Shortcut Lifecycle should handle app quit cleanup" name="Keyboard Shortcuts Shortcut Lifecycle should handle app quit cleanup" time="0">
    </testcase>
    <testcase classname="Keyboard Shortcuts Shortcut Lifecycle should handle window blur cleanup" name="Keyboard Shortcuts Shortcut Lifecycle should handle window blur cleanup" time="0.001">
    </testcase>
    <testcase classname="Keyboard Shortcuts Tab Navigation Shortcuts should register tab switching shortcuts" name="Keyboard Shortcuts Tab Navigation Shortcuts should register tab switching shortcuts" time="0">
    </testcase>
    <testcase classname="Keyboard Shortcuts Tab Navigation Shortcuts should register tab navigation shortcuts" name="Keyboard Shortcuts Tab Navigation Shortcuts should register tab navigation shortcuts" time="0">
    </testcase>
    <testcase classname="Keyboard Shortcuts Zoom Shortcuts should register zoom shortcuts" name="Keyboard Shortcuts Zoom Shortcuts should register zoom shortcuts" time="0">
    </testcase>
    <testcase classname="Keyboard Shortcuts Find Shortcuts should register find shortcuts" name="Keyboard Shortcuts Find Shortcuts should register find shortcuts" time="0.001">
    </testcase>
    <testcase classname="Keyboard Shortcuts Window Management Shortcuts should register window management shortcuts" name="Keyboard Shortcuts Window Management Shortcuts should register window management shortcuts" time="0">
    </testcase>
    <testcase classname="Keyboard Shortcuts History Shortcuts should register history shortcuts" name="Keyboard Shortcuts History Shortcuts should register history shortcuts" time="0">
    </testcase>
  </testsuite>
  <testsuite name="ScreenshotManager - Headless Mode" errors="0" failures="0" skipped="0" timestamp="2026-05-11T06:16:55" time="30.111" tests="17">
    <testcase classname="ScreenshotManager - Headless Mode Headless Mode Detection should detect headless mode from HEADLESS env var" name="ScreenshotManager - Headless Mode Headless Mode Detection should detect headless mode from HEADLESS env var" time="0.001">
    </testcase>
    <testcase classname="ScreenshotManager - Headless Mode Headless Mode Detection should detect headless mode from missing DISPLAY" name="ScreenshotManager - Headless Mode Headless Mode Detection should detect headless mode from missing DISPLAY" time="0.044">
    </testcase>
    <testcase classname="ScreenshotManager - Headless Mode Headless Mode Detection should detect headless mode from process arguments" name="ScreenshotManager - Headless Mode Headless Mode Detection should detect headless mode from process arguments" time="0.005">
    </testcase>
    <testcase classname="ScreenshotManager - Headless Mode Headless Screenshot Capture should capture viewport in headless mode with valid image" name="ScreenshotManager - Headless Mode Headless Screenshot Capture should capture viewport in headless mode with valid image" time="0.001">
    </testcase>
    <testcase classname="ScreenshotManager - Headless Mode Headless Screenshot Capture should return error for empty image in headless mode" name="ScreenshotManager - Headless Mode Headless Screenshot Capture should return error for empty image in headless mode" time="0.001">
    </testcase>
    <testcase classname="ScreenshotManager - Headless Mode Headless Screenshot Capture should use cached frame as fallback in headless mode" name="ScreenshotManager - Headless Mode Headless Screenshot Capture should use cached frame as fallback in headless mode" time="0.001">
    </testcase>
    <testcase classname="ScreenshotManager - Headless Mode Headless Screenshot Capture should use GUI mode capture when not in headless" name="ScreenshotManager - Headless Mode Headless Screenshot Capture should use GUI mode capture when not in headless" time="30.01">
    </testcase>
    <testcase classname="ScreenshotManager - Headless Mode Frame Caching should cache last rendered frame" name="ScreenshotManager - Headless Mode Frame Caching should cache last rendered frame" time="0.002">
    </testcase>
    <testcase classname="ScreenshotManager - Headless Mode Frame Caching should return false if frame caching fails" name="ScreenshotManager - Headless Mode Frame Caching should return false if frame caching fails" time="0.002">
    </testcase>
    <testcase classname="ScreenshotManager - Headless Mode Frame Caching should not cache in non-headless mode" name="ScreenshotManager - Headless Mode Frame Caching should not cache in non-headless mode" time="0">
    </testcase>
    <testcase classname="ScreenshotManager - Headless Mode Headless Mode Status should provide accurate headless mode status" name="ScreenshotManager - Headless Mode Headless Mode Status should provide accurate headless mode status" time="0.002">
    </testcase>
    <testcase classname="ScreenshotManager - Headless Mode Headless Mode Status should provide GUI recommendations when not in headless" name="ScreenshotManager - Headless Mode Headless Mode Status should provide GUI recommendations when not in headless" time="0">
    </testcase>
    <testcase classname="ScreenshotManager - Headless Mode Headless Alternative Method Detection should set xvfb as alternative method" name="ScreenshotManager - Headless Mode Headless Alternative Method Detection should set xvfb as alternative method" time="0.002">
    </testcase>
    <testcase classname="ScreenshotManager - Headless Mode Headless Alternative Method Detection should set offscreen as alternative method" name="ScreenshotManager - Headless Mode Headless Alternative Method Detection should set offscreen as alternative method" time="0.001">
    </testcase>
    <testcase classname="ScreenshotManager - Headless Mode Headless Alternative Method Detection should validate alternative method values" name="ScreenshotManager - Headless Mode Headless Alternative Method Detection should validate alternative method values" time="0">
    </testcase>
    <testcase classname="ScreenshotManager - Headless Mode Cleanup should clear cached frame on cleanup" name="ScreenshotManager - Headless Mode Cleanup should clear cached frame on cleanup" time="0">
    </testcase>
    <testcase classname="ScreenshotManager - Headless Mode Cleanup should clear pending requests on cleanup" name="ScreenshotManager - Headless Mode Cleanup should clear pending requests on cleanup" time="0.001">
    </testcase>
  </testsuite>
  <testsuite name="Humanize Module" errors="0" failures="0" skipped="0" timestamp="2026-05-11T06:17:11" time="18.565" tests="60">
    <testcase classname="Humanize Module humanDelay should return a promise" name="Humanize Module humanDelay should return a promise" time="0.001">
    </testcase>
    <testcase classname="Humanize Module humanDelay should resolve within expected time range" name="Humanize Module humanDelay should resolve within expected time range" time="0.051">
    </testcase>
    <testcase classname="Humanize Module humanDelay should use default values when no arguments provided" name="Humanize Module humanDelay should use default values when no arguments provided" time="0.1">
    </testcase>
    <testcase classname="Humanize Module humanDelay should produce variable delays" name="Humanize Module humanDelay should produce variable delays" time="0.926">
    </testcase>
    <testcase classname="Humanize Module normalDelay should return a promise" name="Humanize Module normalDelay should return a promise" time="0">
    </testcase>
    <testcase classname="Humanize Module normalDelay should resolve within reasonable time" name="Humanize Module normalDelay should resolve within reasonable time" time="0.136">
    </testcase>
    <testcase classname="Humanize Module normalDelay should follow approximately normal distribution" name="Humanize Module normalDelay should follow approximately normal distribution" time="4.951">
    </testcase>
    <testcase classname="Humanize Module humanType should return the typed text" name="Humanize Module humanType should return the typed text" time="0.653">
    </testcase>
    <testcase classname="Humanize Module humanType should handle empty string" name="Humanize Module humanType should handle empty string" time="0">
    </testcase>
    <testcase classname="Humanize Module humanType should handle special characters" name="Humanize Module humanType should handle special characters" time="1.281">
    </testcase>
    <testcase classname="Humanize Module humanType should handle unicode characters" name="Humanize Module humanType should handle unicode characters" time="0.287">
    </testcase>
    <testcase classname="Humanize Module humanType should take time proportional to text length" name="Humanize Module humanType should take time proportional to text length" time="0.26">
    </testcase>
    <testcase classname="Humanize Module humanType should respect timing options" name="Humanize Module humanType should respect timing options" time="0.101">
    </testcase>
    <testcase classname="Humanize Module humanType should handle punctuation with pauses" name="Humanize Module humanType should handle punctuation with pauses" time="0.105">
    </testcase>
    <testcase classname="Humanize Module generateMousePath should return an array of points" name="Humanize Module generateMousePath should return an array of points" time="0.001">
    </testcase>
    <testcase classname="Humanize Module generateMousePath should start at the start point" name="Humanize Module generateMousePath should start at the start point" time="0.001">
    </testcase>
    <testcase classname="Humanize Module generateMousePath should end near the end point" name="Humanize Module generateMousePath should end near the end point" time="0.001">
    </testcase>
    <testcase classname="Humanize Module generateMousePath should generate smooth path with intermediate points" name="Humanize Module generateMousePath should generate smooth path with intermediate points" time="0">
    </testcase>
    <testcase classname="Humanize Module generateMousePath should follow a curved path (Bezier)" name="Humanize Module generateMousePath should follow a curved path (Bezier)" time="0">
    </testcase>
    <testcase classname="Humanize Module generateMousePath should add jitter to points" name="Humanize Module generateMousePath should add jitter to points" time="0">
    </testcase>
    <testcase classname="Humanize Module generateMousePath should handle zero distance" name="Humanize Module generateMousePath should handle zero distance" time="0.001">
    </testcase>
    <testcase classname="Humanize Module generateMousePath should handle negative coordinates" name="Humanize Module generateMousePath should handle negative coordinates" time="0">
    </testcase>
    <testcase classname="Humanize Module humanMouseMove should return a promise that resolves to a path" name="Humanize Module humanMouseMove should return a promise that resolves to a path" time="0.215">
    </testcase>
    <testcase classname="Humanize Module humanMouseMove should take time to complete" name="Humanize Module humanMouseMove should take time to complete" time="0.158">
    </testcase>
    <testcase classname="Humanize Module humanMouseMove should support overshoot option" name="Humanize Module humanMouseMove should support overshoot option" time="0.04">
    </testcase>
    <testcase classname="Humanize Module getMouseMoveScript should return a string" name="Humanize Module getMouseMoveScript should return a string" time="0">
    </testcase>
    <testcase classname="Humanize Module getMouseMoveScript should contain mouse event dispatch" name="Humanize Module getMouseMoveScript should contain mouse event dispatch" time="0">
    </testcase>
    <testcase classname="Humanize Module getMouseMoveScript should be an async IIFE" name="Humanize Module getMouseMoveScript should be an async IIFE" time="0">
    </testcase>
    <testcase classname="Humanize Module getMouseMoveScript should include path generation" name="Humanize Module getMouseMoveScript should include path generation" time="0">
    </testcase>
    <testcase classname="Humanize Module humanScroll should return scroll parameters" name="Humanize Module humanScroll should return scroll parameters" time="0.063">
    </testcase>
    <testcase classname="Humanize Module humanScroll should return reasonable scroll amount" name="Humanize Module humanScroll should return reasonable scroll amount" time="0.118">
    </testcase>
    <testcase classname="Humanize Module humanScroll should respect specified amount" name="Humanize Module humanScroll should respect specified amount" time="0.142">
    </testcase>
    <testcase classname="Humanize Module humanScroll should respect direction option" name="Humanize Module humanScroll should respect direction option" time="0.196">
    </testcase>
    <testcase classname="Humanize Module getScrollScript should return a string" name="Humanize Module getScrollScript should return a string" time="0">
    </testcase>
    <testcase classname="Humanize Module getScrollScript should contain scroll command" name="Humanize Module getScrollScript should contain scroll command" time="0">
    </testcase>
    <testcase classname="Humanize Module getScrollScript should support smooth scrolling option" name="Humanize Module getScrollScript should support smooth scrolling option" time="0">
    </testcase>
    <testcase classname="Humanize Module getScrollScript should support jitter option for realism" name="Humanize Module getScrollScript should support jitter option for realism" time="0.001">
    </testcase>
    <testcase classname="Humanize Module getClickTiming should return timing object" name="Humanize Module getClickTiming should return timing object" time="0">
    </testcase>
    <testcase classname="Humanize Module getClickTiming should return reasonable delay values" name="Humanize Module getClickTiming should return reasonable delay values" time="0.001">
    </testcase>
    <testcase classname="Humanize Module getClickTiming should produce variable timings" name="Humanize Module getClickTiming should produce variable timings" time="0">
    </testcase>
    <testcase classname="Humanize Module getClickScript should return a string" name="Humanize Module getClickScript should return a string" time="0">
    </testcase>
    <testcase classname="Humanize Module getClickScript should contain click event dispatch" name="Humanize Module getClickScript should contain click event dispatch" time="0">
    </testcase>
    <testcase classname="Humanize Module getClickScript should include selector" name="Humanize Module getClickScript should include selector" time="0.001">
    </testcase>
    <testcase classname="Humanize Module getClickScript should escape special characters in selector" name="Humanize Module getClickScript should escape special characters in selector" time="0">
    </testcase>
    <testcase classname="Humanize Module getClickScript should be an async IIFE" name="Humanize Module getClickScript should be an async IIFE" time="0">
    </testcase>
    <testcase classname="Humanize Module getClickScript should include error handling" name="Humanize Module getClickScript should include error handling" time="0">
    </testcase>
    <testcase classname="Humanize Module getTypeScript should return a string" name="Humanize Module getTypeScript should return a string" time="0">
    </testcase>
    <testcase classname="Humanize Module getTypeScript should contain input events" name="Humanize Module getTypeScript should contain input events" time="0.001">
    </testcase>
    <testcase classname="Humanize Module getTypeScript should include the selector" name="Humanize Module getTypeScript should include the selector" time="0">
    </testcase>
    <testcase classname="Humanize Module getTypeScript should include the value" name="Humanize Module getTypeScript should include the value" time="0">
    </testcase>
    <testcase classname="Humanize Module getTypeScript should be an async IIFE" name="Humanize Module getTypeScript should be an async IIFE" time="0">
    </testcase>
    <testcase classname="Humanize Module getTypeScript should include realistic typing delays" name="Humanize Module getTypeScript should include realistic typing delays" time="0">
    </testcase>
    <testcase classname="Humanize Module getTypeScript should dispatch change event at end" name="Humanize Module getTypeScript should dispatch change event at end" time="0">
    </testcase>
    <testcase classname="Humanize Module humanPause should return a promise" name="Humanize Module humanPause should return a promise" time="0.001">
    </testcase>
    <testcase classname="Humanize Module humanPause should take time to resolve" name="Humanize Module humanPause should take time to resolve" time="1.455">
    </testcase>
    <testcase classname="Humanize Module humanPause should produce variable pause durations" name="Humanize Module humanPause should produce variable pause durations" time="7.038">
    </testcase>
    <testcase classname="Humanize Module getRandomActionSequence should return a string action type" name="Humanize Module getRandomActionSequence should return a string action type" time="0">
    </testcase>
    <testcase classname="Humanize Module getRandomActionSequence should return valid action types" name="Humanize Module getRandomActionSequence should return valid action types" time="0.007">
    </testcase>
    <testcase classname="Humanize Module getRandomActionSequence should produce varied results" name="Humanize Module getRandomActionSequence should produce varied results" time="0">
    </testcase>
    <testcase classname="Humanize Module Integration should work together for realistic interaction" name="Humanize Module Integration should work together for realistic interaction" time="0.236">
    </testcase>
  </testsuite>
  <testsuite name="Network Request Coordination Integration Tests" errors="0" failures="1" skipped="0" timestamp="2026-05-11T06:16:43" time="60.116" tests="1">
    <testcase classname="Network Request Coordination Integration Tests should pass all network coordination tests" name="Network Request Coordination Integration Tests should pass all network coordination tests" time="60.001">
      <failure>Error: thrown: &quot;Exceeded timeout of 60000 ms for a test.
Add a timeout value to this test to increase the timeout, if this is a long-running test. See https://jestjs.io/docs/api#testname-fn-timeout.&quot;
    at /home/devel/basset-hound-browser/tests/integration/extension-communication/network-coordination.test.js:922:29
    at _dispatchDescribe (/home/devel/basset-hound-browser/node_modules/jest-circus/build/index.js:91:26)
    at describe (/home/devel/basset-hound-browser/node_modules/jest-circus/build/index.js:55:5)
    at Object.describe (/home/devel/basset-hound-browser/tests/integration/extension-communication/network-coordination.test.js:915:1)
    at Runtime._execModule (/home/devel/basset-hound-browser/node_modules/jest-runtime/build/index.js:1439:24)
    at Runtime._loadModule (/home/devel/basset-hound-browser/node_modules/jest-runtime/build/index.js:1022:12)
    at Runtime.requireModule (/home/devel/basset-hound-browser/node_modules/jest-runtime/build/index.js:882:12)
    at jestAdapter (/home/devel/basset-hound-browser/node_modules/jest-circus/build/legacy-code-todo-rewrite/jestAdapter.js:77:13)
    at processTicksAndRejections (node:internal/process/task_queues:95:5)
    at runTestInternal (/home/devel/basset-hound-browser/node_modules/jest-runner/build/runTest.js:367:16)
    at runTest (/home/devel/basset-hound-browser/node_modules/jest-runner/build/runTest.js:444:34)
    at Object.worker (/home/devel/basset-hound-browser/node_modules/jest-runner/build/testWorker.js:106:12)</failure>
    </testcase>
  </testsuite>
  <testsuite name="End-to-End Full Workflow Tests" errors="0" failures="11" skipped="0" timestamp="2026-05-11T06:16:43" time="60.196" tests="11">
    <testcase classname="End-to-End Full Workflow Tests Complete Form Automation Workflow should complete a full form submission workflow" name="End-to-End Full Workflow Tests Complete Form Automation Workflow should complete a full form submission workflow" time="0.001">
      <failure>Error: thrown: &quot;Exceeded timeout of 60000 ms for a hook.
Add a timeout value to this test to increase the timeout, if this is a long-running test. See https://jestjs.io/docs/api#testname-fn-timeout.&quot;
    at beforeAll (/home/devel/basset-hound-browser/tests/e2e/full-workflow.test.js:36:3)
    at _dispatchDescribe (/home/devel/basset-hound-browser/node_modules/jest-circus/build/index.js:91:26)
    at describe (/home/devel/basset-hound-browser/node_modules/jest-circus/build/index.js:55:5)
    at Object.describeE2E (/home/devel/basset-hound-browser/tests/e2e/full-workflow.test.js:24:1)
    at Runtime._execModule (/home/devel/basset-hound-browser/node_modules/jest-runtime/build/index.js:1439:24)
    at Runtime._loadModule (/home/devel/basset-hound-browser/node_modules/jest-runtime/build/index.js:1022:12)
    at Runtime.requireModule (/home/devel/basset-hound-browser/node_modules/jest-runtime/build/index.js:882:12)
    at jestAdapter (/home/devel/basset-hound-browser/node_modules/jest-circus/build/legacy-code-todo-rewrite/jestAdapter.js:77:13)
    at processTicksAndRejections (node:internal/process/task_queues:95:5)
    at runTestInternal (/home/devel/basset-hound-browser/node_modules/jest-runner/build/runTest.js:367:16)
    at runTest (/home/devel/basset-hound-browser/node_modules/jest-runner/build/runTest.js:444:34)
    at Object.worker (/home/devel/basset-hound-browser/node_modules/jest-runner/build/testWorker.js:106:12)</failure>
    </testcase>
    <testcase classname="End-to-End Full Workflow Tests Multi-Page Navigation Workflow should navigate through multiple pages and maintain state" name="End-to-End Full Workflow Tests Multi-Page Navigation Workflow should navigate through multiple pages and maintain state" time="0">
      <failure>Error: thrown: &quot;Exceeded timeout of 60000 ms for a hook.
Add a timeout value to this test to increase the timeout, if this is a long-running test. See https://jestjs.io/docs/api#testname-fn-timeout.&quot;
    at beforeAll (/home/devel/basset-hound-browser/tests/e2e/full-workflow.test.js:36:3)
    at _dispatchDescribe (/home/devel/basset-hound-browser/node_modules/jest-circus/build/index.js:91:26)
    at describe (/home/devel/basset-hound-browser/node_modules/jest-circus/build/index.js:55:5)
    at Object.describeE2E (/home/devel/basset-hound-browser/tests/e2e/full-workflow.test.js:24:1)
    at Runtime._execModule (/home/devel/basset-hound-browser/node_modules/jest-runtime/build/index.js:1439:24)
    at Runtime._loadModule (/home/devel/basset-hound-browser/node_modules/jest-runtime/build/index.js:1022:12)
    at Runtime.requireModule (/home/devel/basset-hound-browser/node_modules/jest-runtime/build/index.js:882:12)
    at jestAdapter (/home/devel/basset-hound-browser/node_modules/jest-circus/build/legacy-code-todo-rewrite/jestAdapter.js:77:13)
    at processTicksAndRejections (node:internal/process/task_queues:95:5)
    at runTestInternal (/home/devel/basset-hound-browser/node_modules/jest-runner/build/runTest.js:367:16)
    at runTest (/home/devel/basset-hound-browser/node_modules/jest-runner/build/runTest.js:444:34)
    at Object.worker (/home/devel/basset-hound-browser/node_modules/jest-runner/build/testWorker.js:106:12)</failure>
    </testcase>
    <testcase classname="End-to-End Full Workflow Tests Bot Detection Evasion Workflow should pass all bot detection checks while browsing" name="End-to-End Full Workflow Tests Bot Detection Evasion Workflow should pass all bot detection checks while browsing" time="0">
      <failure>Error: thrown: &quot;Exceeded timeout of 60000 ms for a hook.
Add a timeout value to this test to increase the timeout, if this is a long-running test. See https://jestjs.io/docs/api#testname-fn-timeout.&quot;
    at beforeAll (/home/devel/basset-hound-browser/tests/e2e/full-workflow.test.js:36:3)
    at _dispatchDescribe (/home/devel/basset-hound-browser/node_modules/jest-circus/build/index.js:91:26)
    at describe (/home/devel/basset-hound-browser/node_modules/jest-circus/build/index.js:55:5)
    at Object.describeE2E (/home/devel/basset-hound-browser/tests/e2e/full-workflow.test.js:24:1)
    at Runtime._execModule (/home/devel/basset-hound-browser/node_modules/jest-runtime/build/index.js:1439:24)
    at Runtime._loadModule (/home/devel/basset-hound-browser/node_modules/jest-runtime/build/index.js:1022:12)
    at Runtime.requireModule (/home/devel/basset-hound-browser/node_modules/jest-runtime/build/index.js:882:12)
    at jestAdapter (/home/devel/basset-hound-browser/node_modules/jest-circus/build/legacy-code-todo-rewrite/jestAdapter.js:77:13)
    at processTicksAndRejections (node:internal/process/task_queues:95:5)
    at runTestInternal (/home/devel/basset-hound-browser/node_modules/jest-runner/build/runTest.js:367:16)
    at runTest (/home/devel/basset-hound-browser/node_modules/jest-runner/build/runTest.js:444:34)
    at Object.worker (/home/devel/basset-hound-browser/node_modules/jest-runner/build/testWorker.js:106:12)</failure>
    </testcase>
    <testcase classname="End-to-End Full Workflow Tests Cookie and Session Management Workflow should set and retrieve cookies correctly" name="End-to-End Full Workflow Tests Cookie and Session Management Workflow should set and retrieve cookies correctly" time="0">
      <failure>Error: thrown: &quot;Exceeded timeout of 60000 ms for a hook.
Add a timeout value to this test to increase the timeout, if this is a long-running test. See https://jestjs.io/docs/api#testname-fn-timeout.&quot;
    at beforeAll (/home/devel/basset-hound-browser/tests/e2e/full-workflow.test.js:36:3)
    at _dispatchDescribe (/home/devel/basset-hound-browser/node_modules/jest-circus/build/index.js:91:26)
    at describe (/home/devel/basset-hound-browser/node_modules/jest-circus/build/index.js:55:5)
    at Object.describeE2E (/home/devel/basset-hound-browser/tests/e2e/full-workflow.test.js:24:1)
    at Runtime._execModule (/home/devel/basset-hound-browser/node_modules/jest-runtime/build/index.js:1439:24)
    at Runtime._loadModule (/home/devel/basset-hound-browser/node_modules/jest-runtime/build/index.js:1022:12)
    at Runtime.requireModule (/home/devel/basset-hound-browser/node_modules/jest-runtime/build/index.js:882:12)
    at jestAdapter (/home/devel/basset-hound-browser/node_modules/jest-circus/build/legacy-code-todo-rewrite/jestAdapter.js:77:13)
    at processTicksAndRejections (node:internal/process/task_queues:95:5)
    at runTestInternal (/home/devel/basset-hound-browser/node_modules/jest-runner/build/runTest.js:367:16)
    at runTest (/home/devel/basset-hound-browser/node_modules/jest-runner/build/runTest.js:444:34)
    at Object.worker (/home/devel/basset-hound-browser/node_modules/jest-runner/build/testWorker.js:106:12)</failure>
    </testcase>
    <testcase classname="End-to-End Full Workflow Tests Screenshot Capture Workflow should capture screenshots in different formats" name="End-to-End Full Workflow Tests Screenshot Capture Workflow should capture screenshots in different formats" time="0">
      <failure>Error: thrown: &quot;Exceeded timeout of 60000 ms for a hook.
Add a timeout value to this test to increase the timeout, if this is a long-running test. See https://jestjs.io/docs/api#testname-fn-timeout.&quot;
    at beforeAll (/home/devel/basset-hound-browser/tests/e2e/full-workflow.test.js:36:3)
    at _dispatchDescribe (/home/devel/basset-hound-browser/node_modules/jest-circus/build/index.js:91:26)
    at describe (/home/devel/basset-hound-browser/node_modules/jest-circus/build/index.js:55:5)
    at Object.describeE2E (/home/devel/basset-hound-browser/tests/e2e/full-workflow.test.js:24:1)
    at Runtime._execModule (/home/devel/basset-hound-browser/node_modules/jest-runtime/build/index.js:1439:24)
    at Runtime._loadModule (/home/devel/basset-hound-browser/node_modules/jest-runtime/build/index.js:1022:12)
    at Runtime.requireModule (/home/devel/basset-hound-browser/node_modules/jest-runtime/build/index.js:882:12)
    at jestAdapter (/home/devel/basset-hound-browser/node_modules/jest-circus/build/legacy-code-todo-rewrite/jestAdapter.js:77:13)
    at processTicksAndRejections (node:internal/process/task_queues:95:5)
    at runTestInternal (/home/devel/basset-hound-browser/node_modules/jest-runner/build/runTest.js:367:16)
    at runTest (/home/devel/basset-hound-browser/node_modules/jest-runner/build/runTest.js:444:34)
    at Object.worker (/home/devel/basset-hound-browser/node_modules/jest-runner/build/testWorker.js:106:12)</failure>
    </testcase>
    <testcase classname="End-to-End Full Workflow Tests Scroll and Content Extraction Workflow should scroll and extract content from page" name="End-to-End Full Workflow Tests Scroll and Content Extraction Workflow should scroll and extract content from page" time="0">
      <failure>Error: thrown: &quot;Exceeded timeout of 60000 ms for a hook.
Add a timeout value to this test to increase the timeout, if this is a long-running test. See https://jestjs.io/docs/api#testname-fn-timeout.&quot;
    at beforeAll (/home/devel/basset-hound-browser/tests/e2e/full-workflow.test.js:36:3)
    at _dispatchDescribe (/home/devel/basset-hound-browser/node_modules/jest-circus/build/index.js:91:26)
    at describe (/home/devel/basset-hound-browser/node_modules/jest-circus/build/index.js:55:5)
    at Object.describeE2E (/home/devel/basset-hound-browser/tests/e2e/full-workflow.test.js:24:1)
    at Runtime._execModule (/home/devel/basset-hound-browser/node_modules/jest-runtime/build/index.js:1439:24)
    at Runtime._loadModule (/home/devel/basset-hound-browser/node_modules/jest-runtime/build/index.js:1022:12)
    at Runtime.requireModule (/home/devel/basset-hound-browser/node_modules/jest-runtime/build/index.js:882:12)
    at jestAdapter (/home/devel/basset-hound-browser/node_modules/jest-circus/build/legacy-code-todo-rewrite/jestAdapter.js:77:13)
    at processTicksAndRejections (node:internal/process/task_queues:95:5)
    at runTestInternal (/home/devel/basset-hound-browser/node_modules/jest-runner/build/runTest.js:367:16)
    at runTest (/home/devel/basset-hound-browser/node_modules/jest-runner/build/runTest.js:444:34)
    at Object.worker (/home/devel/basset-hound-browser/node_modules/jest-runner/build/testWorker.js:106:12)</failure>
    </testcase>
    <testcase classname="End-to-End Full Workflow Tests Human-like Interaction Workflow should perform human-like interactions" name="End-to-End Full Workflow Tests Human-like Interaction Workflow should perform human-like interactions" time="0">
      <failure>Error: thrown: &quot;Exceeded timeout of 60000 ms for a hook.
Add a timeout value to this test to increase the timeout, if this is a long-running test. See https://jestjs.io/docs/api#testname-fn-timeout.&quot;
    at beforeAll (/home/devel/basset-hound-browser/tests/e2e/full-workflow.test.js:36:3)
    at _dispatchDescribe (/home/devel/basset-hound-browser/node_modules/jest-circus/build/index.js:91:26)
    at describe (/home/devel/basset-hound-browser/node_modules/jest-circus/build/index.js:55:5)
    at Object.describeE2E (/home/devel/basset-hound-browser/tests/e2e/full-workflow.test.js:24:1)
    at Runtime._execModule (/home/devel/basset-hound-browser/node_modules/jest-runtime/build/index.js:1439:24)
    at Runtime._loadModule (/home/devel/basset-hound-browser/node_modules/jest-runtime/build/index.js:1022:12)
    at Runtime.requireModule (/home/devel/basset-hound-browser/node_modules/jest-runtime/build/index.js:882:12)
    at jestAdapter (/home/devel/basset-hound-browser/node_modules/jest-circus/build/legacy-code-todo-rewrite/jestAdapter.js:77:13)
    at processTicksAndRejections (node:internal/process/task_queues:95:5)
    at runTestInternal (/home/devel/basset-hound-browser/node_modules/jest-runner/build/runTest.js:367:16)
    at runTest (/home/devel/basset-hound-browser/node_modules/jest-runner/build/runTest.js:444:34)
    at Object.worker (/home/devel/basset-hound-browser/node_modules/jest-runner/build/testWorker.js:106:12)</failure>
    </testcase>
    <testcase classname="End-to-End Full Workflow Tests Error Recovery Workflow should recover from errors gracefully" name="End-to-End Full Workflow Tests Error Recovery Workflow should recover from errors gracefully" time="0">
      <failure>Error: thrown: &quot;Exceeded timeout of 60000 ms for a hook.
Add a timeout value to this test to increase the timeout, if this is a long-running test. See https://jestjs.io/docs/api#testname-fn-timeout.&quot;
    at beforeAll (/home/devel/basset-hound-browser/tests/e2e/full-workflow.test.js:36:3)
    at _dispatchDescribe (/home/devel/basset-hound-browser/node_modules/jest-circus/build/index.js:91:26)
    at describe (/home/devel/basset-hound-browser/node_modules/jest-circus/build/index.js:55:5)
    at Object.describeE2E (/home/devel/basset-hound-browser/tests/e2e/full-workflow.test.js:24:1)
    at Runtime._execModule (/home/devel/basset-hound-browser/node_modules/jest-runtime/build/index.js:1439:24)
    at Runtime._loadModule (/home/devel/basset-hound-browser/node_modules/jest-runtime/build/index.js:1022:12)
    at Runtime.requireModule (/home/devel/basset-hound-browser/node_modules/jest-runtime/build/index.js:882:12)
    at jestAdapter (/home/devel/basset-hound-browser/node_modules/jest-circus/build/legacy-code-todo-rewrite/jestAdapter.js:77:13)
    at processTicksAndRejections (node:internal/process/task_queues:95:5)
    at runTestInternal (/home/devel/basset-hound-browser/node_modules/jest-runner/build/runTest.js:367:16)
    at runTest (/home/devel/basset-hound-browser/node_modules/jest-runner/build/runTest.js:444:34)
    at Object.worker (/home/devel/basset-hound-browser/node_modules/jest-runner/build/testWorker.js:106:12)</failure>
    </testcase>
    <testcase classname="End-to-End Full Workflow Tests Concurrent Operations Workflow should handle multiple concurrent commands" name="End-to-End Full Workflow Tests Concurrent Operations Workflow should handle multiple concurrent commands" time="0.001">
      <failure>Error: thrown: &quot;Exceeded timeout of 60000 ms for a hook.
Add a timeout value to this test to increase the timeout, if this is a long-running test. See https://jestjs.io/docs/api#testname-fn-timeout.&quot;
    at beforeAll (/home/devel/basset-hound-browser/tests/e2e/full-workflow.test.js:36:3)
    at _dispatchDescribe (/home/devel/basset-hound-browser/node_modules/jest-circus/build/index.js:91:26)
    at describe (/home/devel/basset-hound-browser/node_modules/jest-circus/build/index.js:55:5)
    at Object.describeE2E (/home/devel/basset-hound-browser/tests/e2e/full-workflow.test.js:24:1)
    at Runtime._execModule (/home/devel/basset-hound-browser/node_modules/jest-runtime/build/index.js:1439:24)
    at Runtime._loadModule (/home/devel/basset-hound-browser/node_modules/jest-runtime/build/index.js:1022:12)
    at Runtime.requireModule (/home/devel/basset-hound-browser/node_modules/jest-runtime/build/index.js:882:12)
    at jestAdapter (/home/devel/basset-hound-browser/node_modules/jest-circus/build/legacy-code-todo-rewrite/jestAdapter.js:77:13)
    at processTicksAndRejections (node:internal/process/task_queues:95:5)
    at runTestInternal (/home/devel/basset-hound-browser/node_modules/jest-runner/build/runTest.js:367:16)
    at runTest (/home/devel/basset-hound-browser/node_modules/jest-runner/build/runTest.js:444:34)
    at Object.worker (/home/devel/basset-hound-browser/node_modules/jest-runner/build/testWorker.js:106:12)</failure>
    </testcase>
    <testcase classname="End-to-End Full Workflow Tests Complete Automation Session Workflow should complete a full automation session" name="End-to-End Full Workflow Tests Complete Automation Session Workflow should complete a full automation session" time="0">
      <failure>Error: thrown: &quot;Exceeded timeout of 60000 ms for a hook.
Add a timeout value to this test to increase the timeout, if this is a long-running test. See https://jestjs.io/docs/api#testname-fn-timeout.&quot;
    at beforeAll (/home/devel/basset-hound-browser/tests/e2e/full-workflow.test.js:36:3)
    at _dispatchDescribe (/home/devel/basset-hound-browser/node_modules/jest-circus/build/index.js:91:26)
    at describe (/home/devel/basset-hound-browser/node_modules/jest-circus/build/index.js:55:5)
    at Object.describeE2E (/home/devel/basset-hound-browser/tests/e2e/full-workflow.test.js:24:1)
    at Runtime._execModule (/home/devel/basset-hound-browser/node_modules/jest-runtime/build/index.js:1439:24)
    at Runtime._loadModule (/home/devel/basset-hound-browser/node_modules/jest-runtime/build/index.js:1022:12)
    at Runtime.requireModule (/home/devel/basset-hound-browser/node_modules/jest-runtime/build/index.js:882:12)
    at jestAdapter (/home/devel/basset-hound-browser/node_modules/jest-circus/build/legacy-code-todo-rewrite/jestAdapter.js:77:13)
    at processTicksAndRejections (node:internal/process/task_queues:95:5)
    at runTestInternal (/home/devel/basset-hound-browser/node_modules/jest-runner/build/runTest.js:367:16)
    at runTest (/home/devel/basset-hound-browser/node_modules/jest-runner/build/runTest.js:444:34)
    at Object.worker (/home/devel/basset-hound-browser/node_modules/jest-runner/build/testWorker.js:106:12)</failure>
    </testcase>
    <testcase classname="End-to-End Full Workflow Tests Performance and Timing Workflow should complete operations within reasonable time" name="End-to-End Full Workflow Tests Performance and Timing Workflow should complete operations within reasonable time" time="0">
      <failure>Error: thrown: &quot;Exceeded timeout of 60000 ms for a hook.
Add a timeout value to this test to increase the timeout, if this is a long-running test. See https://jestjs.io/docs/api#testname-fn-timeout.&quot;
    at beforeAll (/home/devel/basset-hound-browser/tests/e2e/full-workflow.test.js:36:3)
    at _dispatchDescribe (/home/devel/basset-hound-browser/node_modules/jest-circus/build/index.js:91:26)
    at describe (/home/devel/basset-hound-browser/node_modules/jest-circus/build/index.js:55:5)
    at Object.describeE2E (/home/devel/basset-hound-browser/tests/e2e/full-workflow.test.js:24:1)
    at Runtime._execModule (/home/devel/basset-hound-browser/node_modules/jest-runtime/build/index.js:1439:24)
    at Runtime._loadModule (/home/devel/basset-hound-browser/node_modules/jest-runtime/build/index.js:1022:12)
    at Runtime.requireModule (/home/devel/basset-hound-browser/node_modules/jest-runtime/build/index.js:882:12)
    at jestAdapter (/home/devel/basset-hound-browser/node_modules/jest-circus/build/legacy-code-todo-rewrite/jestAdapter.js:77:13)
    at processTicksAndRejections (node:internal/process/task_queues:95:5)
    at runTestInternal (/home/devel/basset-hound-browser/node_modules/jest-runner/build/runTest.js:367:16)
    at runTest (/home/devel/basset-hound-browser/node_modules/jest-runner/build/runTest.js:444:34)
    at Object.worker (/home/devel/basset-hound-browser/node_modules/jest-runner/build/testWorker.js:106:12)</failure>
    </testcase>
    <testcase classname=" Test execution failure: could be caused by test hooks like &apos;afterAll&apos;." name=" Test execution failure: could be caused by test hooks like &apos;afterAll&apos;." time="0">
      <failure>{&quot;message&quot;:&quot;&quot;,&quot;stack&quot;:&quot;Error: listen EADDRINUSE: address already in use :::8765\n    at Server.setupListenHandle [as _listen2] (node:net:1817:16)\n    at listenInCluster (node:net:1865:12)\n    at Server.listen (node:net:1953:7)\n    at new WebSocketServer (/home/devel/basset-hound-browser/node_modules/ws/lib/websocket-server.js:106:20)\n    at /home/devel/basset-hound-browser/tests/integration/harness/test-server.js:81:20\n    at new Promise (&lt;anonymous&gt;)\n    at TestServer.start (/home/devel/basset-hound-browser/tests/integration/harness/test-server.js:74:12)\n    at Object.start (/home/devel/basset-hound-browser/tests/e2e/full-workflow.test.js:41:22)\n    at Promise.then.completed (/home/devel/basset-hound-browser/node_modules/jest-circus/build/utils.js:298:28)\n    at new Promise (&lt;anonymous&gt;)\n    at callAsyncCircusFn (/home/devel/basset-hound-browser/node_modules/jest-circus/build/utils.js:231:10)\n    at _callCircusHook (/home/devel/basset-hound-browser/node_modules/jest-circus/build/run.js:281:40)\n    at processTicksAndRejections (node:internal/process/task_queues:95:5)\n    at _runTestsForDescribeBlock (/home/devel/basset-hound-browser/node_modules/jest-circus/build/run.js:95:7)\n    at _runTestsForDescribeBlock (/home/devel/basset-hound-browser/node_modules/jest-circus/build/run.js:121:9)\n    at run (/home/devel/basset-hound-browser/node_modules/jest-circus/build/run.js:71:3)\n    at runAndTransformResultsToJestFormat (/home/devel/basset-hound-browser/node_modules/jest-circus/build/legacy-code-todo-rewrite/jestAdapterInit.js:122:21)\n    at jestAdapter (/home/devel/basset-hound-browser/node_modules/jest-circus/build/legacy-code-todo-rewrite/jestAdapter.js:79:19)\n    at runTestInternal (/home/devel/basset-hound-browser/node_modules/jest-runner/build/runTest.js:367:16)\n    at runTest (/home/devel/basset-hound-browser/node_modules/jest-runner/build/runTest.js:444:34)\n    at Object.worker (/home/devel/basset-hound-browser/node_modules/jest-runner/build/testWorker.js:106:12)&quot;}</failure>
    </testcase>
  </testsuite>
  <testsuite name="WebSocket Connection Integration Tests" errors="0" failures="1" skipped="0" timestamp="2026-05-11T06:16:46" time="60.075" tests="1">
    <testcase classname="WebSocket Connection Integration Tests should pass all WebSocket connection tests" name="WebSocket Connection Integration Tests should pass all WebSocket connection tests" time="60.004">
      <failure>Error: connect ECONNREFUSED 127.0.0.1:59999
    at TCPConnectWrap.afterConnect [as oncomplete] (node:net:1555:16)</failure>
      <failure>Error: connect ECONNREFUSED 127.0.0.1:8770
    at TCPConnectWrap.afterConnect [as oncomplete] (node:net:1555:16)</failure>
      <failure>Error: connect ECONNREFUSED 127.0.0.1:8770
    at TCPConnectWrap.afterConnect [as oncomplete] (node:net:1555:16)</failure>
      <failure>Error: connect ECONNREFUSED 127.0.0.1:8770
    at TCPConnectWrap.afterConnect [as oncomplete] (node:net:1555:16)</failure>
      <failure>Error: connect ECONNREFUSED 127.0.0.1:8770
    at TCPConnectWrap.afterConnect [as oncomplete] (node:net:1555:16)</failure>
      <failure>Error: connect ECONNREFUSED 127.0.0.1:8770
    at TCPConnectWrap.afterConnect [as oncomplete] (node:net:1555:16)</failure>
      <failure>Error: connect ECONNREFUSED 127.0.0.1:8770
    at TCPConnectWrap.afterConnect [as oncomplete] (node:net:1555:16)</failure>
      <failure>Error: connect ECONNREFUSED 127.0.0.1:8770
    at TCPConnectWrap.afterConnect [as oncomplete] (node:net:1555:16)</failure>
      <failure>Error: connect ECONNREFUSED 127.0.0.1:8770
    at TCPConnectWrap.afterConnect [as oncomplete] (node:net:1555:16)</failure>
      <failure>Error: connect ECONNREFUSED 127.0.0.1:8770
    at TCPConnectWrap.afterConnect [as oncomplete] (node:net:1555:16)</failure>
      <failure>Error: thrown: &quot;Exceeded timeout of 60000 ms for a test.
Add a timeout value to this test to increase the timeout, if this is a long-running test. See https://jestjs.io/docs/api#testname-fn-timeout.&quot;
    at /home/devel/basset-hound-browser/tests/integration/extension-communication/websocket-connection.test.js:513:29
    at _dispatchDescribe (/home/devel/basset-hound-browser/node_modules/jest-circus/build/index.js:91:26)
    at describe (/home/devel/basset-hound-browser/node_modules/jest-circus/build/index.js:55:5)
    at Object.describe (/home/devel/basset-hound-browser/tests/integration/extension-communication/websocket-connection.test.js:506:1)
    at Runtime._execModule (/home/devel/basset-hound-browser/node_modules/jest-runtime/build/index.js:1439:24)
    at Runtime._loadModule (/home/devel/basset-hound-browser/node_modules/jest-runtime/build/index.js:1022:12)
    at Runtime.requireModule (/home/devel/basset-hound-browser/node_modules/jest-runtime/build/index.js:882:12)
    at jestAdapter (/home/devel/basset-hound-browser/node_modules/jest-circus/build/legacy-code-todo-rewrite/jestAdapter.js:77:13)
    at processTicksAndRejections (node:internal/process/task_queues:95:5)
    at runTestInternal (/home/devel/basset-hound-browser/node_modules/jest-runner/build/runTest.js:367:16)
    at runTest (/home/devel/basset-hound-browser/node_modules/jest-runner/build/runTest.js:444:34)
    at Object.worker (/home/devel/basset-hound-browser/node_modules/jest-runner/build/testWorker.js:106:12)</failure>
    </testcase>
  </testsuite>
  <testsuite name="Basset Hound Integration Tests" errors="0" failures="1" skipped="0" timestamp="2026-05-11T06:16:43" time="85.589" tests="1">
    <testcase classname="Basset Hound Integration Tests integration tests require running Basset Hound Browser" name="Basset Hound Integration Tests integration tests require running Basset Hound Browser" time="85.476">
      <failure>Error: expect(received).toBe(expected) // Object.is equality

Expected: true
Received: false
    at Object.toBe (/home/devel/basset-hound-browser/tests/integration.test.js:950:21)
    at processTicksAndRejections (node:internal/process/task_queues:95:5)</failure>
    </testcase>
  </testsuite>
  <testsuite name="HeadlessAuthenticationManager" errors="0" failures="0" skipped="0" timestamp="2026-05-11T06:16:50" time="80.572" tests="34">
    <testcase classname="HeadlessAuthenticationManager Flow Registration should register a new auth flow" name="HeadlessAuthenticationManager Flow Registration should register a new auth flow" time="0.001">
    </testcase>
    <testcase classname="HeadlessAuthenticationManager Flow Registration should require flow type" name="HeadlessAuthenticationManager Flow Registration should require flow type" time="0.03">
    </testcase>
    <testcase classname="HeadlessAuthenticationManager Flow Registration should require steps array" name="HeadlessAuthenticationManager Flow Registration should require steps array" time="0.001">
    </testcase>
    <testcase classname="HeadlessAuthenticationManager Flow Registration should list all registered flows" name="HeadlessAuthenticationManager Flow Registration should list all registered flows" time="0">
    </testcase>
    <testcase classname="HeadlessAuthenticationManager Authentication Flow Execution should execute auth flow successfully" name="HeadlessAuthenticationManager Authentication Flow Execution should execute auth flow successfully" time="6.413">
    </testcase>
    <testcase classname="HeadlessAuthenticationManager Authentication Flow Execution should handle variable substitution" name="HeadlessAuthenticationManager Authentication Flow Execution should handle variable substitution" time="9.016">
    </testcase>
    <testcase classname="HeadlessAuthenticationManager Authentication Flow Execution should fail when flow not found" name="HeadlessAuthenticationManager Authentication Flow Execution should fail when flow not found" time="0.001">
    </testcase>
    <testcase classname="HeadlessAuthenticationManager Authentication Flow Execution should track execution duration" name="HeadlessAuthenticationManager Authentication Flow Execution should track execution duration" time="5.285">
    </testcase>
    <testcase classname="HeadlessAuthenticationManager Authentication Flow Execution should track step results" name="HeadlessAuthenticationManager Authentication Flow Execution should track step results" time="5.087">
    </testcase>
    <testcase classname="HeadlessAuthenticationManager Login Form Filling should fill username and password fields" name="HeadlessAuthenticationManager Login Form Filling should fill username and password fields" time="5.94">
    </testcase>
    <testcase classname="HeadlessAuthenticationManager Login Form Filling should handle additional fields" name="HeadlessAuthenticationManager Login Form Filling should handle additional fields" time="7.049">
    </testcase>
    <testcase classname="HeadlessAuthenticationManager Login Form Filling should support different typing variance" name="HeadlessAuthenticationManager Login Form Filling should support different typing variance" time="3.638">
    </testcase>
    <testcase classname="HeadlessAuthenticationManager MFA Handling should handle MFA step with code" name="HeadlessAuthenticationManager MFA Handling should handle MFA step with code" time="3.231">
    </testcase>
    <testcase classname="HeadlessAuthenticationManager MFA Handling should succeed with MFA code provided" name="HeadlessAuthenticationManager MFA Handling should succeed with MFA code provided" time="3.188">
    </testcase>
    <testcase classname="HeadlessAuthenticationManager CAPTCHA Handling should detect when CAPTCHA is not present" name="HeadlessAuthenticationManager CAPTCHA Handling should detect when CAPTCHA is not present" time="0">
    </testcase>
    <testcase classname="HeadlessAuthenticationManager CAPTCHA Handling should handle reCAPTCHA v2" name="HeadlessAuthenticationManager CAPTCHA Handling should handle reCAPTCHA v2" time="0.001">
    </testcase>
    <testcase classname="HeadlessAuthenticationManager CAPTCHA Handling should handle hCaptcha" name="HeadlessAuthenticationManager CAPTCHA Handling should handle hCaptcha" time="0">
    </testcase>
    <testcase classname="HeadlessAuthenticationManager CAPTCHA Handling should pause for manual solving of image puzzle" name="HeadlessAuthenticationManager CAPTCHA Handling should pause for manual solving of image puzzle" time="0.001">
    </testcase>
    <testcase classname="HeadlessAuthenticationManager Success Detection should detect successful authentication" name="HeadlessAuthenticationManager Success Detection should detect successful authentication" time="0">
    </testcase>
    <testcase classname="HeadlessAuthenticationManager Success Detection should try multiple success indicators" name="HeadlessAuthenticationManager Success Detection should try multiple success indicators" time="10.032">
    </testcase>
    <testcase classname="HeadlessAuthenticationManager Session Management should verify and cache sessions" name="HeadlessAuthenticationManager Session Management should verify and cache sessions" time="0.001">
    </testcase>
    <testcase classname="HeadlessAuthenticationManager Session Management should retrieve cached session" name="HeadlessAuthenticationManager Session Management should retrieve cached session" time="0">
    </testcase>
    <testcase classname="HeadlessAuthenticationManager Session Management should clear expired sessions" name="HeadlessAuthenticationManager Session Management should clear expired sessions" time="0.001">
    </testcase>
    <testcase classname="HeadlessAuthenticationManager Error Handling should detect and handle errors" name="HeadlessAuthenticationManager Error Handling should detect and handle errors" time="0">
    </testcase>
    <testcase classname="HeadlessAuthenticationManager Error Handling should support form clearing on error" name="HeadlessAuthenticationManager Error Handling should support form clearing on error" time="0.001">
    </testcase>
    <testcase classname="HeadlessAuthenticationManager Custom Scripts should execute custom JavaScript" name="HeadlessAuthenticationManager Custom Scripts should execute custom JavaScript" time="0">
    </testcase>
    <testcase classname="HeadlessAuthenticationManager Custom Scripts should support variable substitution in scripts" name="HeadlessAuthenticationManager Custom Scripts should support variable substitution in scripts" time="0">
    </testcase>
    <testcase classname="HeadlessAuthenticationManager Retry Logic should retry failed steps with backoff" name="HeadlessAuthenticationManager Retry Logic should retry failed steps with backoff" time="6.745">
    </testcase>
    <testcase classname="HeadlessAuthenticationManager Redirection Handling should detect URL redirect" name="HeadlessAuthenticationManager Redirection Handling should detect URL redirect" time="0">
    </testcase>
    <testcase classname="HeadlessAuthenticationManager Complex Workflows should execute multi-step OAuth flow" name="HeadlessAuthenticationManager Complex Workflows should execute multi-step OAuth flow" time="4.836">
    </testcase>
    <testcase classname="HeadlessAuthenticationManager Performance should complete auth flow within reasonable time" name="HeadlessAuthenticationManager Performance should complete auth flow within reasonable time" time="4.579">
    </testcase>
    <testcase classname="HeadlessAuthenticationManager Edge Cases should handle missing selectors gracefully" name="HeadlessAuthenticationManager Edge Cases should handle missing selectors gracefully" time="0">
    </testcase>
    <testcase classname="HeadlessAuthenticationManager Edge Cases should handle empty context variables" name="HeadlessAuthenticationManager Edge Cases should handle empty context variables" time="5.444">
    </testcase>
    <testcase classname="HeadlessAuthenticationManager Edge Cases should generate unique execution IDs" name="HeadlessAuthenticationManager Edge Cases should generate unique execution IDs" time="0.001">
    </testcase>
  </testsuite>
  <testsuite name="PROFILES" errors="0" failures="10" skipped="0" timestamp="2026-05-11T06:16:42" time="184.757" tests="95">
    <testcase classname="PROFILES should have stealth profile" name="PROFILES should have stealth profile" time="0.006">
    </testcase>
    <testcase classname="PROFILES should have balanced profile" name="PROFILES should have balanced profile" time="0.001">
    </testcase>
    <testcase classname="PROFILES should have aggressive profile" name="PROFILES should have aggressive profile" time="0">
    </testcase>
    <testcase classname="PROFILES should have single profile" name="PROFILES should have single profile" time="0">
    </testcase>
    <testcase classname="PROFILES all profiles should have required properties" name="PROFILES all profiles should have required properties" time="0.018">
    </testcase>
    <testcase classname="ResourceMonitor Constructor should create monitor with default options" name="ResourceMonitor Constructor should create monitor with default options" time="0.001">
    </testcase>
    <testcase classname="ResourceMonitor Constructor should create monitor with custom options" name="ResourceMonitor Constructor should create monitor with custom options" time="0.004">
    </testcase>
    <testcase classname="ResourceMonitor Constructor should create monitor with monitoring disabled" name="ResourceMonitor Constructor should create monitor with monitoring disabled" time="0.001">
    </testcase>
    <testcase classname="ResourceMonitor Constructor should initialize statistics" name="ResourceMonitor Constructor should initialize statistics" time="0.001">
    </testcase>
    <testcase classname="ResourceMonitor Constructor should start monitoring when enabled" name="ResourceMonitor Constructor should start monitoring when enabled" time="0.001">
    </testcase>
    <testcase classname="ResourceMonitor start() and stop() should start monitoring" name="ResourceMonitor start() and stop() should start monitoring" time="0">
    </testcase>
    <testcase classname="ResourceMonitor start() and stop() should not create duplicate timers" name="ResourceMonitor start() and stop() should not create duplicate timers" time="0.004">
    </testcase>
    <testcase classname="ResourceMonitor start() and stop() should stop monitoring" name="ResourceMonitor start() and stop() should stop monitoring" time="0">
    </testcase>
    <testcase classname="ResourceMonitor Resource Checking should perform resource checks" name="ResourceMonitor Resource Checking should perform resource checks" time="0.152">
    </testcase>
    <testcase classname="ResourceMonitor Resource Checking should track peak memory usage" name="ResourceMonitor Resource Checking should track peak memory usage" time="0.152">
    </testcase>
    <testcase classname="ResourceMonitor Resource Checking should track peak CPU usage" name="ResourceMonitor Resource Checking should track peak CPU usage" time="0.15">
    </testcase>
    <testcase classname="ResourceMonitor Resource Checking should emit threshold-exceeded event when memory limit exceeded" name="ResourceMonitor Resource Checking should emit threshold-exceeded event when memory limit exceeded" time="0.051">
    </testcase>
    <testcase classname="ResourceMonitor Resource Checking should increment threshold exceeded counter" name="ResourceMonitor Resource Checking should increment threshold exceeded counter" time="0.153">
    </testcase>
    <testcase classname="ResourceMonitor getStats() should return current statistics" name="ResourceMonitor getStats() should return current statistics" time="0.002">
    </testcase>
    <testcase classname="ResourceMonitor getStats() should return copy of stats" name="ResourceMonitor getStats() should return copy of stats" time="0">
    </testcase>
    <testcase classname="ResourceMonitor isHealthy() should return true when under limits" name="ResourceMonitor isHealthy() should return true when under limits" time="0.001">
    </testcase>
    <testcase classname="ResourceMonitor isHealthy() should return false when memory exceeds limit" name="ResourceMonitor isHealthy() should return false when memory exceeds limit" time="0">
    </testcase>
    <testcase classname="ResourceMonitor isHealthy() should return false when CPU exceeds limit" name="ResourceMonitor isHealthy() should return false when CPU exceeds limit" time="0.003">
    </testcase>
    <testcase classname="MultiPageManager Initialization should create manager with stealth profile" name="MultiPageManager Initialization should create manager with stealth profile" time="0.001">
    </testcase>
    <testcase classname="MultiPageManager Initialization should create manager with balanced profile" name="MultiPageManager Initialization should create manager with balanced profile" time="0.001">
    </testcase>
    <testcase classname="MultiPageManager Initialization should create manager with aggressive profile" name="MultiPageManager Initialization should create manager with aggressive profile" time="0">
    </testcase>
    <testcase classname="MultiPageManager Initialization should create manager with single profile" name="MultiPageManager Initialization should create manager with single profile" time="0.001">
    </testcase>
    <testcase classname="MultiPageManager Initialization should verify configuration settings match profile" name="MultiPageManager Initialization should verify configuration settings match profile" time="0.003">
    </testcase>
    <testcase classname="MultiPageManager Page Management - Create Page should create page successfully" name="MultiPageManager Page Management - Create Page should create page successfully" time="0.001">
    </testcase>
    <testcase classname="MultiPageManager Page Management - Create Page should create multiple pages up to limit" name="MultiPageManager Page Management - Create Page should create multiple pages up to limit" time="0.001">
    </testcase>
    <testcase classname="MultiPageManager Page Management - Create Page should fail when exceeding page limit" name="MultiPageManager Page Management - Create Page should fail when exceeding page limit" time="0.067">
    </testcase>
    <testcase classname="MultiPageManager Page Management - Create Page should set first page as active" name="MultiPageManager Page Management - Create Page should set first page as active" time="0.001">
    </testcase>
    <testcase classname="MultiPageManager Page Management - Create Page should not change active page for subsequent creations" name="MultiPageManager Page Management - Create Page should not change active page for subsequent creations" time="0.001">
    </testcase>
    <testcase classname="MultiPageManager Page Management - Create Page should emit page-created event" name="MultiPageManager Page Management - Create Page should emit page-created event" time="0">
    </testcase>
    <testcase classname="MultiPageManager Page Management - Create Page should store page metadata" name="MultiPageManager Page Management - Create Page should store page metadata" time="0.002">
    </testcase>
    <testcase classname="MultiPageManager Page Management - Create Page should increment statistics" name="MultiPageManager Page Management - Create Page should increment statistics" time="0">
    </testcase>
    <testcase classname="MultiPageManager Page Management - Create Page should fail when resources exhausted" name="MultiPageManager Page Management - Create Page should fail when resources exhausted" time="0.002">
    </testcase>
    <testcase classname="MultiPageManager Page Management - Destroy Page should destroy page successfully" name="MultiPageManager Page Management - Destroy Page should destroy page successfully" time="0.001">
    </testcase>
    <testcase classname="MultiPageManager Page Management - Destroy Page should fail to destroy non-existent page" name="MultiPageManager Page Management - Destroy Page should fail to destroy non-existent page" time="0.001">
    </testcase>
    <testcase classname="MultiPageManager Page Management - Destroy Page should remove active page and clear activePageId" name="MultiPageManager Page Management - Destroy Page should remove active page and clear activePageId" time="0.001">
    </testcase>
    <testcase classname="MultiPageManager Page Management - Destroy Page should emit page-destroyed event" name="MultiPageManager Page Management - Destroy Page should emit page-destroyed event" time="0.002">
      <failure>Error: Test functions cannot both take a &apos;done&apos; callback and return something. Either use a &apos;done&apos; callback, or return a promise.
Returned value: Promise {}
    at test (/home/devel/basset-hound-browser/tests/unit/multi-page-manager.test.js:492:5)
    at _dispatchDescribe (/home/devel/basset-hound-browser/node_modules/jest-circus/build/index.js:91:26)
    at describe (/home/devel/basset-hound-browser/node_modules/jest-circus/build/index.js:55:5)
    at describe (/home/devel/basset-hound-browser/tests/unit/multi-page-manager.test.js:469:3)
    at _dispatchDescribe (/home/devel/basset-hound-browser/node_modules/jest-circus/build/index.js:91:26)
    at describe (/home/devel/basset-hound-browser/node_modules/jest-circus/build/index.js:55:5)
    at Object.describe (/home/devel/basset-hound-browser/tests/unit/multi-page-manager.test.js:347:1)
    at Runtime._execModule (/home/devel/basset-hound-browser/node_modules/jest-runtime/build/index.js:1439:24)
    at Runtime._loadModule (/home/devel/basset-hound-browser/node_modules/jest-runtime/build/index.js:1022:12)
    at Runtime.requireModule (/home/devel/basset-hound-browser/node_modules/jest-runtime/build/index.js:882:12)
    at jestAdapter (/home/devel/basset-hound-browser/node_modules/jest-circus/build/legacy-code-todo-rewrite/jestAdapter.js:77:13)
    at processTicksAndRejections (node:internal/process/task_queues:95:5)
    at runTestInternal (/home/devel/basset-hound-browser/node_modules/jest-runner/build/runTest.js:367:16)
    at runTest (/home/devel/basset-hound-browser/node_modules/jest-runner/build/runTest.js:444:34)
    at Object.worker (/home/devel/basset-hound-browser/node_modules/jest-runner/build/testWorker.js:106:12)</failure>
    </testcase>
    <testcase classname="MultiPageManager Page Management - Destroy Page should increment statistics" name="MultiPageManager Page Management - Destroy Page should increment statistics" time="0.001">
    </testcase>
    <testcase classname="MultiPageManager Page Management - Set Active Page should set active page successfully" name="MultiPageManager Page Management - Set Active Page should set active page successfully" time="0.001">
    </testcase>
    <testcase classname="MultiPageManager Page Management - Set Active Page should fail to set non-existent page as active" name="MultiPageManager Page Management - Set Active Page should fail to set non-existent page as active" time="0.001">
    </testcase>
    <testcase classname="MultiPageManager Page Management - Set Active Page should switch between active pages" name="MultiPageManager Page Management - Set Active Page should switch between active pages" time="0.006">
    </testcase>
    <testcase classname="MultiPageManager Page Management - Set Active Page should emit active-page-changed event" name="MultiPageManager Page Management - Set Active Page should emit active-page-changed event" time="0">
      <failure>Error: Test functions cannot both take a &apos;done&apos; callback and return something. Either use a &apos;done&apos; callback, or return a promise.
Returned value: Promise {}
    at test (/home/devel/basset-hound-browser/tests/unit/multi-page-manager.test.js:537:5)
    at _dispatchDescribe (/home/devel/basset-hound-browser/node_modules/jest-circus/build/index.js:91:26)
    at describe (/home/devel/basset-hound-browser/node_modules/jest-circus/build/index.js:55:5)
    at describe (/home/devel/basset-hound-browser/tests/unit/multi-page-manager.test.js:509:3)
    at _dispatchDescribe (/home/devel/basset-hound-browser/node_modules/jest-circus/build/index.js:91:26)
    at describe (/home/devel/basset-hound-browser/node_modules/jest-circus/build/index.js:55:5)
    at Object.describe (/home/devel/basset-hound-browser/tests/unit/multi-page-manager.test.js:347:1)
    at Runtime._execModule (/home/devel/basset-hound-browser/node_modules/jest-runtime/build/index.js:1439:24)
    at Runtime._loadModule (/home/devel/basset-hound-browser/node_modules/jest-runtime/build/index.js:1022:12)
    at Runtime.requireModule (/home/devel/basset-hound-browser/node_modules/jest-runtime/build/index.js:882:12)
    at jestAdapter (/home/devel/basset-hound-browser/node_modules/jest-circus/build/legacy-code-todo-rewrite/jestAdapter.js:77:13)
    at processTicksAndRejections (node:internal/process/task_queues:95:5)
    at runTestInternal (/home/devel/basset-hound-browser/node_modules/jest-runner/build/runTest.js:367:16)
    at runTest (/home/devel/basset-hound-browser/node_modules/jest-runner/build/runTest.js:444:34)
    at Object.worker (/home/devel/basset-hound-browser/node_modules/jest-runner/build/testWorker.js:106:12)</failure>
    </testcase>
    <testcase classname="MultiPageManager Page Management - Set Active Page should add view to window" name="MultiPageManager Page Management - Set Active Page should add view to window" time="0">
    </testcase>
    <testcase classname="MultiPageManager Page Management - List Pages should list all pages" name="MultiPageManager Page Management - List Pages should list all pages" time="0">
    </testcase>
    <testcase classname="MultiPageManager Page Management - List Pages should return empty array when no pages" name="MultiPageManager Page Management - List Pages should return empty array when no pages" time="0">
    </testcase>
    <testcase classname="MultiPageManager Page Management - List Pages should include page details" name="MultiPageManager Page Management - List Pages should include page details" time="0">
    </testcase>
    <testcase classname="MultiPageManager Page Management - Get Page Info should get page info successfully" name="MultiPageManager Page Management - Get Page Info should get page info successfully" time="0.001">
    </testcase>
    <testcase classname="MultiPageManager Page Management - Get Page Info should return null for non-existent page" name="MultiPageManager Page Management - Get Page Info should return null for non-existent page" time="0">
    </testcase>
    <testcase classname="MultiPageManager Page Management - Close All Pages should close all pages" name="MultiPageManager Page Management - Close All Pages should close all pages" time="0">
    </testcase>
    <testcase classname="MultiPageManager Page Management - Close All Pages should return zero when no pages to close" name="MultiPageManager Page Management - Close All Pages should return zero when no pages to close" time="0">
    </testcase>
    <testcase classname="MultiPageManager Page Management - Close Other Pages should close other pages and keep specific ones" name="MultiPageManager Page Management - Close Other Pages should close other pages and keep specific ones" time="0.001">
    </testcase>
    <testcase classname="MultiPageManager Page Management - Close Other Pages should close all pages when keep list is empty" name="MultiPageManager Page Management - Close Other Pages should close all pages when keep list is empty" time="0">
    </testcase>
    <testcase classname="MultiPageManager Navigation - Single Page should navigate single page successfully" name="MultiPageManager Navigation - Single Page should navigate single page successfully" time="0.017">
    </testcase>
    <testcase classname="MultiPageManager Navigation - Single Page should fail to navigate non-existent page" name="MultiPageManager Navigation - Single Page should fail to navigate non-existent page" time="0">
    </testcase>
    <testcase classname="MultiPageManager Navigation - Single Page should emit page-loaded event" name="MultiPageManager Navigation - Single Page should emit page-loaded event" time="0.018">
      <failure>Error: Test functions cannot both take a &apos;done&apos; callback and return something. Either use a &apos;done&apos; callback, or return a promise.
Returned value: Promise {}
    at test (/home/devel/basset-hound-browser/tests/unit/multi-page-manager.test.js:678:5)
    at _dispatchDescribe (/home/devel/basset-hound-browser/node_modules/jest-circus/build/index.js:91:26)
    at describe (/home/devel/basset-hound-browser/node_modules/jest-circus/build/index.js:55:5)
    at describe (/home/devel/basset-hound-browser/tests/unit/multi-page-manager.test.js:659:3)
    at _dispatchDescribe (/home/devel/basset-hound-browser/node_modules/jest-circus/build/index.js:91:26)
    at describe (/home/devel/basset-hound-browser/node_modules/jest-circus/build/index.js:55:5)
    at Object.describe (/home/devel/basset-hound-browser/tests/unit/multi-page-manager.test.js:347:1)
    at Runtime._execModule (/home/devel/basset-hound-browser/node_modules/jest-runtime/build/index.js:1439:24)
    at Runtime._loadModule (/home/devel/basset-hound-browser/node_modules/jest-runtime/build/index.js:1022:12)
    at Runtime.requireModule (/home/devel/basset-hound-browser/node_modules/jest-runtime/build/index.js:882:12)
    at jestAdapter (/home/devel/basset-hound-browser/node_modules/jest-circus/build/legacy-code-todo-rewrite/jestAdapter.js:77:13)
    at processTicksAndRejections (node:internal/process/task_queues:95:5)
    at runTestInternal (/home/devel/basset-hound-browser/node_modules/jest-runner/build/runTest.js:367:16)
    at runTest (/home/devel/basset-hound-browser/node_modules/jest-runner/build/runTest.js:444:34)
    at Object.worker (/home/devel/basset-hound-browser/node_modules/jest-runner/build/testWorker.js:106:12)</failure>
    </testcase>
    <testcase classname="MultiPageManager Navigation - Multiple Pages Concurrently should navigate multiple pages concurrently" name="MultiPageManager Navigation - Multiple Pages Concurrently should navigate multiple pages concurrently" time="0.017">
    </testcase>
    <testcase classname="MultiPageManager Navigation - Batch Navigation should handle batch navigation" name="MultiPageManager Navigation - Batch Navigation should handle batch navigation" time="0.016">
    </testcase>
    <testcase classname="MultiPageManager Navigation - Queue When Limits Exceeded should queue navigation when limits exceeded" name="MultiPageManager Navigation - Queue When Limits Exceeded should queue navigation when limits exceeded" time="0.001">
      <failure>Error: expect(received).toBeGreaterThan(expected)

Expected: &gt; 0
Received:   0
    at Object.toBeGreaterThan (/home/devel/basset-hound-browser/tests/unit/multi-page-manager.test.js:752:46)</failure>
    </testcase>
    <testcase classname="MultiPageManager Navigation - Queue When Limits Exceeded should emit navigation-queued event" name="MultiPageManager Navigation - Queue When Limits Exceeded should emit navigation-queued event" time="60.002">
      <failure>Error: thrown: &quot;Exceeded timeout of 60000 ms for a test while waiting for `done()` to be called.
Add a timeout value to this test to increase the timeout, if this is a long-running test. See https://jestjs.io/docs/api#testname-fn-timeout.&quot;
    at test (/home/devel/basset-hound-browser/tests/unit/multi-page-manager.test.js:758:5)
    at _dispatchDescribe (/home/devel/basset-hound-browser/node_modules/jest-circus/build/index.js:91:26)
    at describe (/home/devel/basset-hound-browser/node_modules/jest-circus/build/index.js:55:5)
    at describe (/home/devel/basset-hound-browser/tests/unit/multi-page-manager.test.js:733:3)
    at _dispatchDescribe (/home/devel/basset-hound-browser/node_modules/jest-circus/build/index.js:91:26)
    at describe (/home/devel/basset-hound-browser/node_modules/jest-circus/build/index.js:55:5)
    at Object.describe (/home/devel/basset-hound-browser/tests/unit/multi-page-manager.test.js:347:1)
    at Runtime._execModule (/home/devel/basset-hound-browser/node_modules/jest-runtime/build/index.js:1439:24)
    at Runtime._loadModule (/home/devel/basset-hound-browser/node_modules/jest-runtime/build/index.js:1022:12)
    at Runtime.requireModule (/home/devel/basset-hound-browser/node_modules/jest-runtime/build/index.js:882:12)
    at jestAdapter (/home/devel/basset-hound-browser/node_modules/jest-circus/build/legacy-code-todo-rewrite/jestAdapter.js:77:13)
    at processTicksAndRejections (node:internal/process/task_queues:95:5)
    at runTestInternal (/home/devel/basset-hound-browser/node_modules/jest-runner/build/runTest.js:367:16)
    at runTest (/home/devel/basset-hound-browser/node_modules/jest-runner/build/runTest.js:444:34)
    at Object.worker (/home/devel/basset-hound-browser/node_modules/jest-runner/build/testWorker.js:106:12)</failure>
    </testcase>
    <testcase classname="MultiPageManager Navigation - Process Queue After Completion should process navigation queue after completion" name="MultiPageManager Navigation - Process Queue After Completion should process navigation queue after completion" time="0.016">
    </testcase>
    <testcase classname="MultiPageManager Navigation - Rate Limiting Per Domain should apply rate limiting per domain" name="MultiPageManager Navigation - Rate Limiting Per Domain should apply rate limiting per domain" time="1.019">
    </testcase>
    <testcase classname="MultiPageManager Navigation - Rate Limiting Per Domain should not rate limit different domains" name="MultiPageManager Navigation - Rate Limiting Per Domain should not rate limit different domains" time="0.016">
    </testcase>
    <testcase classname="MultiPageManager Navigation - Rate Limiting Per Domain should emit rate-limit-delay event" name="MultiPageManager Navigation - Rate Limiting Per Domain should emit rate-limit-delay event" time="0.017">
      <failure>Error: Test functions cannot both take a &apos;done&apos; callback and return something. Either use a &apos;done&apos; callback, or return a promise.
Returned value: Promise {}
    at test (/home/devel/basset-hound-browser/tests/unit/multi-page-manager.test.js:834:5)
    at _dispatchDescribe (/home/devel/basset-hound-browser/node_modules/jest-circus/build/index.js:91:26)
    at describe (/home/devel/basset-hound-browser/node_modules/jest-circus/build/index.js:55:5)
    at describe (/home/devel/basset-hound-browser/tests/unit/multi-page-manager.test.js:798:3)
    at _dispatchDescribe (/home/devel/basset-hound-browser/node_modules/jest-circus/build/index.js:91:26)
    at describe (/home/devel/basset-hound-browser/node_modules/jest-circus/build/index.js:55:5)
    at Object.describe (/home/devel/basset-hound-browser/tests/unit/multi-page-manager.test.js:347:1)
    at Runtime._execModule (/home/devel/basset-hound-browser/node_modules/jest-runtime/build/index.js:1439:24)
    at Runtime._loadModule (/home/devel/basset-hound-browser/node_modules/jest-runtime/build/index.js:1022:12)
    at Runtime.requireModule (/home/devel/basset-hound-browser/node_modules/jest-runtime/build/index.js:882:12)
    at jestAdapter (/home/devel/basset-hound-browser/node_modules/jest-circus/build/legacy-code-todo-rewrite/jestAdapter.js:77:13)
    at processTicksAndRejections (node:internal/process/task_queues:95:5)
    at runTestInternal (/home/devel/basset-hound-browser/node_modules/jest-runner/build/runTest.js:367:16)
    at runTest (/home/devel/basset-hound-browser/node_modules/jest-runner/build/runTest.js:444:34)
    at Object.worker (/home/devel/basset-hound-browser/node_modules/jest-runner/build/testWorker.js:106:12)</failure>
    </testcase>
    <testcase classname="MultiPageManager Navigation - Rate Limiting Per Domain should increment rate limit delay statistics" name="MultiPageManager Navigation - Rate Limiting Per Domain should increment rate limit delay statistics" time="1.015">
      <failure>Error: WebContents destroyed
    at MockWebContents.loadURL (/home/devel/basset-hound-browser/tests/unit/multi-page-manager.test.js:30:13)
    at MultiPageManager.loadURL [as navigatePage] (/home/devel/basset-hound-browser/multi-page/multi-page-manager.js:382:35)
    at Object.&lt;anonymous&gt; (/home/devel/basset-hound-browser/tests/unit/multi-page-manager.test.js:845:7)</failure>
    </testcase>
    <testcase classname="MultiPageManager Navigation - Failure Handling should handle navigation failure" name="MultiPageManager Navigation - Failure Handling should handle navigation failure" time="0">
    </testcase>
    <testcase classname="MultiPageManager Navigation - Failure Handling should emit page-load-failed event" name="MultiPageManager Navigation - Failure Handling should emit page-load-failed event" time="0.011">
      <failure>Error: Test functions cannot both take a &apos;done&apos; callback and return something. Either use a &apos;done&apos; callback, or return a promise.
Returned value: Promise {}
    at test (/home/devel/basset-hound-browser/tests/unit/multi-page-manager.test.js:878:5)
    at _dispatchDescribe (/home/devel/basset-hound-browser/node_modules/jest-circus/build/index.js:91:26)
    at describe (/home/devel/basset-hound-browser/node_modules/jest-circus/build/index.js:55:5)
    at describe (/home/devel/basset-hound-browser/tests/unit/multi-page-manager.test.js:860:3)
    at _dispatchDescribe (/home/devel/basset-hound-browser/node_modules/jest-circus/build/index.js:91:26)
    at describe (/home/devel/basset-hound-browser/node_modules/jest-circus/build/index.js:55:5)
    at Object.describe (/home/devel/basset-hound-browser/tests/unit/multi-page-manager.test.js:347:1)
    at Runtime._execModule (/home/devel/basset-hound-browser/node_modules/jest-runtime/build/index.js:1439:24)
    at Runtime._loadModule (/home/devel/basset-hound-browser/node_modules/jest-runtime/build/index.js:1022:12)
    at Runtime.requireModule (/home/devel/basset-hound-browser/node_modules/jest-runtime/build/index.js:882:12)
    at jestAdapter (/home/devel/basset-hound-browser/node_modules/jest-circus/build/legacy-code-todo-rewrite/jestAdapter.js:77:13)
    at processTicksAndRejections (node:internal/process/task_queues:95:5)
    at runTestInternal (/home/devel/basset-hound-browser/node_modules/jest-runner/build/runTest.js:367:16)
    at runTest (/home/devel/basset-hound-browser/node_modules/jest-runner/build/runTest.js:444:34)
    at Object.worker (/home/devel/basset-hound-browser/node_modules/jest-runner/build/testWorker.js:106:12)</failure>
    </testcase>
    <testcase classname="MultiPageManager Navigation - Failure Handling should increment navigation failed statistics" name="MultiPageManager Navigation - Failure Handling should increment navigation failed statistics" time="0.066">
    </testcase>
    <testcase classname="MultiPageManager JavaScript Execution - Single Page should execute code on specific page" name="MultiPageManager JavaScript Execution - Single Page should execute code on specific page" time="0">
    </testcase>
    <testcase classname="MultiPageManager JavaScript Execution - Single Page should fail to execute on non-existent page" name="MultiPageManager JavaScript Execution - Single Page should fail to execute on non-existent page" time="0.001">
    </testcase>
    <testcase classname="MultiPageManager JavaScript Execution - Multiple Pages should execute on multiple pages" name="MultiPageManager JavaScript Execution - Multiple Pages should execute on multiple pages" time="0.001">
    </testcase>
    <testcase classname="MultiPageManager JavaScript Execution - Error Handling should handle execution errors" name="MultiPageManager JavaScript Execution - Error Handling should handle execution errors" time="0">
    </testcase>
    <testcase classname="MultiPageManager JavaScript Execution - Error Handling should handle execution on destroyed page" name="MultiPageManager JavaScript Execution - Error Handling should handle execution on destroyed page" time="0.001">
    </testcase>
    <testcase classname="MultiPageManager Screenshots - Specific Page should capture screenshot from specific page" name="MultiPageManager Screenshots - Specific Page should capture screenshot from specific page" time="0">
    </testcase>
    <testcase classname="MultiPageManager Screenshots - Specific Page should fail to capture from non-existent page" name="MultiPageManager Screenshots - Specific Page should fail to capture from non-existent page" time="0.001">
    </testcase>
    <testcase classname="MultiPageManager Screenshots - Multiple Pages should capture from multiple pages" name="MultiPageManager Screenshots - Multiple Pages should capture from multiple pages" time="0.001">
    </testcase>
    <testcase classname="MultiPageManager Screenshots - Inactive Pages should capture from inactive pages" name="MultiPageManager Screenshots - Inactive Pages should capture from inactive pages" time="0.001">
    </testcase>
    <testcase classname="MultiPageManager Statistics - Pages Created/Destroyed should track pages created" name="MultiPageManager Statistics - Pages Created/Destroyed should track pages created" time="0">
    </testcase>
    <testcase classname="MultiPageManager Statistics - Pages Created/Destroyed should track pages destroyed" name="MultiPageManager Statistics - Pages Created/Destroyed should track pages destroyed" time="0">
    </testcase>
    <testcase classname="MultiPageManager Statistics - Navigations Completed/Failed should track navigations completed" name="MultiPageManager Statistics - Navigations Completed/Failed should track navigations completed" time="0.032">
    </testcase>
    <testcase classname="MultiPageManager Statistics - Navigations Completed/Failed should track navigations failed" name="MultiPageManager Statistics - Navigations Completed/Failed should track navigations failed" time="0.051">
    </testcase>
    <testcase classname="MultiPageManager Statistics - Rate Limit Delays should track rate limit delays" name="MultiPageManager Statistics - Rate Limit Delays should track rate limit delays" time="1.016">
    </testcase>
    <testcase classname="MultiPageManager Statistics - Resource Threshold Hits should track resource threshold hits" name="MultiPageManager Statistics - Resource Threshold Hits should track resource threshold hits" time="60.004">
      <failure>Error: expect(received).toBeGreaterThan(expected)

Expected: &gt; 0
Received:   0
    at Timeout.toBeGreaterThan [as _onTimeout] (/home/devel/basset-hound-browser/tests/unit/multi-page-manager.test.js:1113:45)
    at listOnTimeout (node:internal/timers:569:17)
    at processTimers (node:internal/timers:512:7)</failure>
      <failure>Error: thrown: &quot;Exceeded timeout of 60000 ms for a test while waiting for `done()` to be called.
Add a timeout value to this test to increase the timeout, if this is a long-running test. See https://jestjs.io/docs/api#testname-fn-timeout.&quot;
    at test (/home/devel/basset-hound-browser/tests/unit/multi-page-manager.test.js:1110:5)
    at _dispatchDescribe (/home/devel/basset-hound-browser/node_modules/jest-circus/build/index.js:91:26)
    at describe (/home/devel/basset-hound-browser/node_modules/jest-circus/build/index.js:55:5)
    at describe (/home/devel/basset-hound-browser/tests/unit/multi-page-manager.test.js:1101:3)
    at _dispatchDescribe (/home/devel/basset-hound-browser/node_modules/jest-circus/build/index.js:91:26)
    at describe (/home/devel/basset-hound-browser/node_modules/jest-circus/build/index.js:55:5)
    at Object.describe (/home/devel/basset-hound-browser/tests/unit/multi-page-manager.test.js:347:1)
    at Runtime._execModule (/home/devel/basset-hound-browser/node_modules/jest-runtime/build/index.js:1439:24)
    at Runtime._loadModule (/home/devel/basset-hound-browser/node_modules/jest-runtime/build/index.js:1022:12)
    at Runtime.requireModule (/home/devel/basset-hound-browser/node_modules/jest-runtime/build/index.js:882:12)
    at jestAdapter (/home/devel/basset-hound-browser/node_modules/jest-circus/build/legacy-code-todo-rewrite/jestAdapter.js:77:13)
    at processTicksAndRejections (node:internal/process/task_queues:95:5)
    at runTestInternal (/home/devel/basset-hound-browser/node_modules/jest-runner/build/runTest.js:367:16)
    at runTest (/home/devel/basset-hound-browser/node_modules/jest-runner/build/runTest.js:444:34)
    at Object.worker (/home/devel/basset-hound-browser/node_modules/jest-runner/build/testWorker.js:106:12)</failure>
    </testcase>
    <testcase classname="MultiPageManager Configuration - Update Dynamically should update configuration dynamically" name="MultiPageManager Configuration - Update Dynamically should update configuration dynamically" time="0.002">
    </testcase>
    <testcase classname="MultiPageManager Configuration - Update Dynamically should emit config-updated event" name="MultiPageManager Configuration - Update Dynamically should emit config-updated event" time="0">
    </testcase>
    <testcase classname="MultiPageManager Configuration - Verify Changes Apply should apply memory limit changes" name="MultiPageManager Configuration - Verify Changes Apply should apply memory limit changes" time="0">
    </testcase>
    <testcase classname="MultiPageManager Configuration - Verify Changes Apply should apply CPU limit changes" name="MultiPageManager Configuration - Verify Changes Apply should apply CPU limit changes" time="0.001">
    </testcase>
    <testcase classname="MultiPageManager Configuration - Profile Switching should switch to stealth profile settings" name="MultiPageManager Configuration - Profile Switching should switch to stealth profile settings" time="0.001">
    </testcase>
    <testcase classname="MultiPageManager Configuration - Profile Switching should switch to aggressive profile settings" name="MultiPageManager Configuration - Profile Switching should switch to aggressive profile settings" time="0">
    </testcase>
    <testcase classname="MultiPageManager Shutdown should shutdown gracefully" name="MultiPageManager Shutdown should shutdown gracefully" time="0.001">
    </testcase>
    <testcase classname="MultiPageManager Shutdown should emit shutdown event" name="MultiPageManager Shutdown should emit shutdown event" time="60.055">
      <failure>Error: thrown: &quot;Exceeded timeout of 60000 ms for a test while waiting for `done()` to be called.
Add a timeout value to this test to increase the timeout, if this is a long-running test. See https://jestjs.io/docs/api#testname-fn-timeout.&quot;
    at test (/home/devel/basset-hound-browser/tests/unit/multi-page-manager.test.js:1201:5)
    at _dispatchDescribe (/home/devel/basset-hound-browser/node_modules/jest-circus/build/index.js:91:26)
    at describe (/home/devel/basset-hound-browser/node_modules/jest-circus/build/index.js:55:5)
    at describe (/home/devel/basset-hound-browser/tests/unit/multi-page-manager.test.js:1186:3)
    at _dispatchDescribe (/home/devel/basset-hound-browser/node_modules/jest-circus/build/index.js:91:26)
    at describe (/home/devel/basset-hound-browser/node_modules/jest-circus/build/index.js:55:5)
    at Object.describe (/home/devel/basset-hound-browser/tests/unit/multi-page-manager.test.js:347:1)
    at Runtime._execModule (/home/devel/basset-hound-browser/node_modules/jest-runtime/build/index.js:1439:24)
    at Runtime._loadModule (/home/devel/basset-hound-browser/node_modules/jest-runtime/build/index.js:1022:12)
    at Runtime.requireModule (/home/devel/basset-hound-browser/node_modules/jest-runtime/build/index.js:882:12)
    at jestAdapter (/home/devel/basset-hound-browser/node_modules/jest-circus/build/legacy-code-todo-rewrite/jestAdapter.js:77:13)
    at processTicksAndRejections (node:internal/process/task_queues:95:5)
    at runTestInternal (/home/devel/basset-hound-browser/node_modules/jest-runner/build/runTest.js:367:16)
    at runTest (/home/devel/basset-hound-browser/node_modules/jest-runner/build/runTest.js:444:34)
    at Object.worker (/home/devel/basset-hound-browser/node_modules/jest-runner/build/testWorker.js:106:12)</failure>
    </testcase>
    <testcase classname="MultiPageManager Shutdown should clear rate limiters" name="MultiPageManager Shutdown should clear rate limiters" time="0.016">
    </testcase>
  </testsuite>
  <testsuite name="WebSocketServer" errors="0" failures="39" skipped="0" timestamp="2026-05-11T06:16:42" time="198.764" tests="40">
    <testcase classname="WebSocketServer Server Initialization should create WebSocket server on specified port" name="WebSocketServer Server Initialization should create WebSocket server on specified port" time="0.271">
    </testcase>
    <testcase classname="WebSocketServer Server Initialization should accept client connections" name="WebSocketServer Server Initialization should accept client connections" time="5.062">
      <failure>Error: Client connection timeout
    at Timeout._onTimeout (/home/devel/basset-hound-browser/tests/unit/websocket-server.test.js:204:14)
    at listOnTimeout (node:internal/timers:569:17)
    at processTimers (node:internal/timers:512:7)</failure>
    </testcase>
    <testcase classname="WebSocketServer Server Initialization should assign unique client IDs" name="WebSocketServer Server Initialization should assign unique client IDs" time="5.057">
      <failure>Error: Timeout
    at Timeout._onTimeout (/home/devel/basset-hound-browser/tests/unit/websocket-server.test.js:377:49)
    at listOnTimeout (node:internal/timers:569:17)
    at processTimers (node:internal/timers:512:7)</failure>
    </testcase>
    <testcase classname="WebSocketServer Command Handling ping command should return pong" name="WebSocketServer Command Handling ping command should return pong" time="5.061">
      <failure>Error: Client connection timeout
    at Timeout._onTimeout (/home/devel/basset-hound-browser/tests/unit/websocket-server.test.js:204:14)
    at listOnTimeout (node:internal/timers:569:17)
    at processTimers (node:internal/timers:512:7)</failure>
    </testcase>
    <testcase classname="WebSocketServer Command Handling status command should return server status" name="WebSocketServer Command Handling status command should return server status" time="5.058">
      <failure>Error: Client connection timeout
    at Timeout._onTimeout (/home/devel/basset-hound-browser/tests/unit/websocket-server.test.js:204:14)
    at listOnTimeout (node:internal/timers:569:17)
    at processTimers (node:internal/timers:512:7)</failure>
    </testcase>
    <testcase classname="WebSocketServer Command Handling unknown command should return error" name="WebSocketServer Command Handling unknown command should return error" time="5.065">
      <failure>Error: Client connection timeout
    at Timeout._onTimeout (/home/devel/basset-hound-browser/tests/unit/websocket-server.test.js:204:14)
    at listOnTimeout (node:internal/timers:569:17)
    at processTimers (node:internal/timers:512:7)</failure>
    </testcase>
    <testcase classname="WebSocketServer Command Handling navigate command should require URL" name="WebSocketServer Command Handling navigate command should require URL" time="5.057">
      <failure>Error: Client connection timeout
    at Timeout._onTimeout (/home/devel/basset-hound-browser/tests/unit/websocket-server.test.js:204:14)
    at listOnTimeout (node:internal/timers:569:17)
    at processTimers (node:internal/timers:512:7)</failure>
    </testcase>
    <testcase classname="WebSocketServer Command Handling click command should require selector" name="WebSocketServer Command Handling click command should require selector" time="5.062">
      <failure>Error: Client connection timeout
    at Timeout._onTimeout (/home/devel/basset-hound-browser/tests/unit/websocket-server.test.js:204:14)
    at listOnTimeout (node:internal/timers:569:17)
    at processTimers (node:internal/timers:512:7)</failure>
    </testcase>
    <testcase classname="WebSocketServer Command Handling fill command should require selector and value" name="WebSocketServer Command Handling fill command should require selector and value" time="5.062">
      <failure>Error: Client connection timeout
    at Timeout._onTimeout (/home/devel/basset-hound-browser/tests/unit/websocket-server.test.js:204:14)
    at listOnTimeout (node:internal/timers:569:17)
    at processTimers (node:internal/timers:512:7)</failure>
    </testcase>
    <testcase classname="WebSocketServer Command Handling execute_script command should require script" name="WebSocketServer Command Handling execute_script command should require script" time="5.064">
      <failure>Error: Client connection timeout
    at Timeout._onTimeout (/home/devel/basset-hound-browser/tests/unit/websocket-server.test.js:204:14)
    at listOnTimeout (node:internal/timers:569:17)
    at processTimers (node:internal/timers:512:7)</failure>
    </testcase>
    <testcase classname="WebSocketServer Command Handling wait_for_element command should require selector" name="WebSocketServer Command Handling wait_for_element command should require selector" time="5.061">
      <failure>Error: Client connection timeout
    at Timeout._onTimeout (/home/devel/basset-hound-browser/tests/unit/websocket-server.test.js:204:14)
    at listOnTimeout (node:internal/timers:569:17)
    at processTimers (node:internal/timers:512:7)</failure>
    </testcase>
    <testcase classname="WebSocketServer Command Handling get_cookies command should require URL" name="WebSocketServer Command Handling get_cookies command should require URL" time="5.059">
      <failure>Error: Client connection timeout
    at Timeout._onTimeout (/home/devel/basset-hound-browser/tests/unit/websocket-server.test.js:204:14)
    at listOnTimeout (node:internal/timers:569:17)
    at processTimers (node:internal/timers:512:7)</failure>
    </testcase>
    <testcase classname="WebSocketServer Command Handling set_cookies command should require cookies array" name="WebSocketServer Command Handling set_cookies command should require cookies array" time="5.059">
      <failure>Error: Client connection timeout
    at Timeout._onTimeout (/home/devel/basset-hound-browser/tests/unit/websocket-server.test.js:204:14)
    at listOnTimeout (node:internal/timers:569:17)
    at processTimers (node:internal/timers:512:7)</failure>
    </testcase>
    <testcase classname="WebSocketServer Proxy Commands set_proxy should require host and port" name="WebSocketServer Proxy Commands set_proxy should require host and port" time="5.057">
      <failure>Error: Client connection timeout
    at Timeout._onTimeout (/home/devel/basset-hound-browser/tests/unit/websocket-server.test.js:204:14)
    at listOnTimeout (node:internal/timers:569:17)
    at processTimers (node:internal/timers:512:7)</failure>
    </testcase>
    <testcase classname="WebSocketServer Proxy Commands get_proxy_status should return proxy status" name="WebSocketServer Proxy Commands get_proxy_status should return proxy status" time="5.06">
      <failure>Error: Client connection timeout
    at Timeout._onTimeout (/home/devel/basset-hound-browser/tests/unit/websocket-server.test.js:204:14)
    at listOnTimeout (node:internal/timers:569:17)
    at processTimers (node:internal/timers:512:7)</failure>
    </testcase>
    <testcase classname="WebSocketServer Proxy Commands set_proxy_list should require proxies array" name="WebSocketServer Proxy Commands set_proxy_list should require proxies array" time="5.064">
      <failure>Error: Client connection timeout
    at Timeout._onTimeout (/home/devel/basset-hound-browser/tests/unit/websocket-server.test.js:204:14)
    at listOnTimeout (node:internal/timers:569:17)
    at processTimers (node:internal/timers:512:7)</failure>
    </testcase>
    <testcase classname="WebSocketServer Screenshot Commands screenshot_element should require selector" name="WebSocketServer Screenshot Commands screenshot_element should require selector" time="5.059">
      <failure>Error: Client connection timeout
    at Timeout._onTimeout (/home/devel/basset-hound-browser/tests/unit/websocket-server.test.js:204:14)
    at listOnTimeout (node:internal/timers:569:17)
    at processTimers (node:internal/timers:512:7)</failure>
    </testcase>
    <testcase classname="WebSocketServer Screenshot Commands screenshot_area should require coordinates" name="WebSocketServer Screenshot Commands screenshot_area should require coordinates" time="5.059">
      <failure>Error: Client connection timeout
    at Timeout._onTimeout (/home/devel/basset-hound-browser/tests/unit/websocket-server.test.js:204:14)
    at listOnTimeout (node:internal/timers:569:17)
    at processTimers (node:internal/timers:512:7)</failure>
    </testcase>
    <testcase classname="WebSocketServer Screenshot Commands screenshot_formats should return supported formats" name="WebSocketServer Screenshot Commands screenshot_formats should return supported formats" time="5.06">
      <failure>Error: Client connection timeout
    at Timeout._onTimeout (/home/devel/basset-hound-browser/tests/unit/websocket-server.test.js:204:14)
    at listOnTimeout (node:internal/timers:569:17)
    at processTimers (node:internal/timers:512:7)</failure>
    </testcase>
    <testcase classname="WebSocketServer Recording Commands recording_status should return current status" name="WebSocketServer Recording Commands recording_status should return current status" time="5.062">
      <failure>Error: Client connection timeout
    at Timeout._onTimeout (/home/devel/basset-hound-browser/tests/unit/websocket-server.test.js:204:14)
    at listOnTimeout (node:internal/timers:569:17)
    at processTimers (node:internal/timers:512:7)</failure>
    </testcase>
    <testcase classname="WebSocketServer Recording Commands recording_formats should return formats and quality presets" name="WebSocketServer Recording Commands recording_formats should return formats and quality presets" time="5.062">
      <failure>Error: Client connection timeout
    at Timeout._onTimeout (/home/devel/basset-hound-browser/tests/unit/websocket-server.test.js:204:14)
    at listOnTimeout (node:internal/timers:569:17)
    at processTimers (node:internal/timers:512:7)</failure>
    </testcase>
    <testcase classname="WebSocketServer Session Management list_sessions should return sessions" name="WebSocketServer Session Management list_sessions should return sessions" time="5.058">
      <failure>Error: Client connection timeout
    at Timeout._onTimeout (/home/devel/basset-hound-browser/tests/unit/websocket-server.test.js:204:14)
    at listOnTimeout (node:internal/timers:569:17)
    at processTimers (node:internal/timers:512:7)</failure>
    </testcase>
    <testcase classname="WebSocketServer Session Management get_session_info should return session details" name="WebSocketServer Session Management get_session_info should return session details" time="5.061">
      <failure>Error: Client connection timeout
    at Timeout._onTimeout (/home/devel/basset-hound-browser/tests/unit/websocket-server.test.js:204:14)
    at listOnTimeout (node:internal/timers:569:17)
    at processTimers (node:internal/timers:512:7)</failure>
    </testcase>
    <testcase classname="WebSocketServer Tab Management list_tabs should return tabs" name="WebSocketServer Tab Management list_tabs should return tabs" time="5.07">
      <failure>Error: Client connection timeout
    at Timeout._onTimeout (/home/devel/basset-hound-browser/tests/unit/websocket-server.test.js:204:14)
    at listOnTimeout (node:internal/timers:569:17)
    at processTimers (node:internal/timers:512:7)</failure>
    </testcase>
    <testcase classname="WebSocketServer Tab Management get_active_tab should return active tab" name="WebSocketServer Tab Management get_active_tab should return active tab" time="5.078">
      <failure>Error: Client connection timeout
    at Timeout._onTimeout (/home/devel/basset-hound-browser/tests/unit/websocket-server.test.js:204:14)
    at listOnTimeout (node:internal/timers:569:17)
    at processTimers (node:internal/timers:512:7)</failure>
    </testcase>
    <testcase classname="WebSocketServer Tab Management close_tab should require tab ID" name="WebSocketServer Tab Management close_tab should require tab ID" time="5.065">
      <failure>Error: Client connection timeout
    at Timeout._onTimeout (/home/devel/basset-hound-browser/tests/unit/websocket-server.test.js:204:14)
    at listOnTimeout (node:internal/timers:569:17)
    at processTimers (node:internal/timers:512:7)</failure>
    </testcase>
    <testcase classname="WebSocketServer Tab Management navigate_tab should require URL" name="WebSocketServer Tab Management navigate_tab should require URL" time="5.057">
      <failure>Error: Client connection timeout
    at Timeout._onTimeout (/home/devel/basset-hound-browser/tests/unit/websocket-server.test.js:204:14)
    at listOnTimeout (node:internal/timers:569:17)
    at processTimers (node:internal/timers:512:7)</failure>
    </testcase>
    <testcase classname="WebSocketServer Keyboard Commands key_press should require key" name="WebSocketServer Keyboard Commands key_press should require key" time="5.062">
      <failure>Error: Client connection timeout
    at Timeout._onTimeout (/home/devel/basset-hound-browser/tests/unit/websocket-server.test.js:204:14)
    at listOnTimeout (node:internal/timers:569:17)
    at processTimers (node:internal/timers:512:7)</failure>
    </testcase>
    <testcase classname="WebSocketServer Keyboard Commands key_combination should require keys array" name="WebSocketServer Keyboard Commands key_combination should require keys array" time="5.061">
      <failure>Error: Client connection timeout
    at Timeout._onTimeout (/home/devel/basset-hound-browser/tests/unit/websocket-server.test.js:204:14)
    at listOnTimeout (node:internal/timers:569:17)
    at processTimers (node:internal/timers:512:7)</failure>
    </testcase>
    <testcase classname="WebSocketServer Keyboard Commands type_text should require text" name="WebSocketServer Keyboard Commands type_text should require text" time="5.061">
      <failure>Error: Client connection timeout
    at Timeout._onTimeout (/home/devel/basset-hound-browser/tests/unit/websocket-server.test.js:204:14)
    at listOnTimeout (node:internal/timers:569:17)
    at processTimers (node:internal/timers:512:7)</failure>
    </testcase>
    <testcase classname="WebSocketServer Keyboard Commands keyboard_layouts should return available layouts" name="WebSocketServer Keyboard Commands keyboard_layouts should return available layouts" time="5.062">
      <failure>Error: Client connection timeout
    at Timeout._onTimeout (/home/devel/basset-hound-browser/tests/unit/websocket-server.test.js:204:14)
    at listOnTimeout (node:internal/timers:569:17)
    at processTimers (node:internal/timers:512:7)</failure>
    </testcase>
    <testcase classname="WebSocketServer Keyboard Commands special_keys should return available keys" name="WebSocketServer Keyboard Commands special_keys should return available keys" time="5.057">
      <failure>Error: Client connection timeout
    at Timeout._onTimeout (/home/devel/basset-hound-browser/tests/unit/websocket-server.test.js:204:14)
    at listOnTimeout (node:internal/timers:569:17)
    at processTimers (node:internal/timers:512:7)</failure>
    </testcase>
    <testcase classname="WebSocketServer Mouse Commands mouse_move should require coordinates" name="WebSocketServer Mouse Commands mouse_move should require coordinates" time="5.059">
      <failure>Error: Client connection timeout
    at Timeout._onTimeout (/home/devel/basset-hound-browser/tests/unit/websocket-server.test.js:204:14)
    at listOnTimeout (node:internal/timers:569:17)
    at processTimers (node:internal/timers:512:7)</failure>
    </testcase>
    <testcase classname="WebSocketServer Mouse Commands mouse_click should require coordinates" name="WebSocketServer Mouse Commands mouse_click should require coordinates" time="5.059">
      <failure>Error: Client connection timeout
    at Timeout._onTimeout (/home/devel/basset-hound-browser/tests/unit/websocket-server.test.js:204:14)
    at listOnTimeout (node:internal/timers:569:17)
    at processTimers (node:internal/timers:512:7)</failure>
    </testcase>
    <testcase classname="WebSocketServer Mouse Commands mouse_drag should require start and end coordinates" name="WebSocketServer Mouse Commands mouse_drag should require start and end coordinates" time="5.06">
      <failure>Error: Client connection timeout
    at Timeout._onTimeout (/home/devel/basset-hound-browser/tests/unit/websocket-server.test.js:204:14)
    at listOnTimeout (node:internal/timers:569:17)
    at processTimers (node:internal/timers:512:7)</failure>
    </testcase>
    <testcase classname="WebSocketServer Mouse Commands click_at_element should require selector" name="WebSocketServer Mouse Commands click_at_element should require selector" time="5.059">
      <failure>Error: Client connection timeout
    at Timeout._onTimeout (/home/devel/basset-hound-browser/tests/unit/websocket-server.test.js:204:14)
    at listOnTimeout (node:internal/timers:569:17)
    at processTimers (node:internal/timers:512:7)</failure>
    </testcase>
    <testcase classname="WebSocketServer Error Handling should handle malformed JSON gracefully" name="WebSocketServer Error Handling should handle malformed JSON gracefully" time="5.059">
      <failure>Error: Client connection timeout
    at Timeout._onTimeout (/home/devel/basset-hound-browser/tests/unit/websocket-server.test.js:204:14)
    at listOnTimeout (node:internal/timers:569:17)
    at processTimers (node:internal/timers:512:7)</failure>
    </testcase>
    <testcase classname="WebSocketServer Error Handling should handle missing command field" name="WebSocketServer Error Handling should handle missing command field" time="5.062">
      <failure>Error: Client connection timeout
    at Timeout._onTimeout (/home/devel/basset-hound-browser/tests/unit/websocket-server.test.js:204:14)
    at listOnTimeout (node:internal/timers:569:17)
    at processTimers (node:internal/timers:512:7)</failure>
    </testcase>
    <testcase classname="WebSocketServer Broadcast should broadcast to all connected clients" name="WebSocketServer Broadcast should broadcast to all connected clients" time="5.06">
      <failure>Error: Client connection timeout
    at Timeout._onTimeout (/home/devel/basset-hound-browser/tests/unit/websocket-server.test.js:204:14)
    at listOnTimeout (node:internal/timers:569:17)
    at processTimers (node:internal/timers:512:7)</failure>
    </testcase>
    <testcase classname="WebSocketServer Cleanup should close all connections on server close" name="WebSocketServer Cleanup should close all connections on server close" time="5.067">
      <failure>Error: Client connection timeout
    at Timeout._onTimeout (/home/devel/basset-hound-browser/tests/unit/websocket-server.test.js:204:14)
    at listOnTimeout (node:internal/timers:569:17)
    at processTimers (node:internal/timers:512:7)</failure>
    </testcase>
  </testsuite>
  <testsuite name="Tor Deployment - Docker Environment" errors="0" failures="6" skipped="0" timestamp="2026-05-11T06:16:48" time="300.345" tests="7">
    <testcase classname="Tor Deployment - Docker Environment Docker Network Isolation should connect to browser over Docker bridge network" name="Tor Deployment - Docker Environment Docker Network Isolation should connect to browser over Docker bridge network" time="0.004">
    </testcase>
    <testcase classname="Tor Deployment - Docker Environment Tor in Docker Container should initialize Tor in Docker environment" name="Tor Deployment - Docker Environment Tor in Docker Container should initialize Tor in Docker environment" time="60.001">
      <failure>Error: expect(received).toBe(expected) // Object.is equality

Expected: true
Received: false
    at WebSocket.toBe (/home/devel/basset-hound-browser/tests/deployment/tor-docker-deployment.test.js:54:34)
    at Object.onceWrapper (node:events:632:26)
    at WebSocket.emit (node:events:517:28)
    at Receiver.receiverOnMessage (/home/devel/basset-hound-browser/node_modules/ws/lib/websocket.js:1225:20)
    at Receiver.emit (node:events:517:28)
    at Receiver.dataMessage (/home/devel/basset-hound-browser/node_modules/ws/lib/receiver.js:596:14)
    at Receiver.getData (/home/devel/basset-hound-browser/node_modules/ws/lib/receiver.js:496:10)
    at Receiver.startLoop (/home/devel/basset-hound-browser/node_modules/ws/lib/receiver.js:167:16)
    at Receiver._write (/home/devel/basset-hound-browser/node_modules/ws/lib/receiver.js:94:10)
    at writeOrBuffer (node:internal/streams/writable:392:12)
    at _write (node:internal/streams/writable:333:10)
    at Receiver.Writable.write (node:internal/streams/writable:337:10)
    at Socket.socketOnData (/home/devel/basset-hound-browser/node_modules/ws/lib/websocket.js:1360:35)
    at Socket.emit (node:events:517:28)
    at addChunk (node:internal/streams/readable:368:12)
    at readableAddChunk (node:internal/streams/readable:341:9)
    at Socket.Readable.push (node:internal/streams/readable:278:10)
    at TCP.onStreamRead (node:internal/stream_base_commons:190:23)</failure>
      <failure>Error: thrown: &quot;Exceeded timeout of 60000 ms for a test while waiting for `done()` to be called.
Add a timeout value to this test to increase the timeout, if this is a long-running test. See https://jestjs.io/docs/api#testname-fn-timeout.&quot;
    at it (/home/devel/basset-hound-browser/tests/deployment/tor-docker-deployment.test.js:41:5)
    at _dispatchDescribe (/home/devel/basset-hound-browser/node_modules/jest-circus/build/index.js:91:26)
    at describe (/home/devel/basset-hound-browser/node_modules/jest-circus/build/index.js:55:5)
    at describe (/home/devel/basset-hound-browser/tests/deployment/tor-docker-deployment.test.js:40:3)
    at _dispatchDescribe (/home/devel/basset-hound-browser/node_modules/jest-circus/build/index.js:91:26)
    at describe (/home/devel/basset-hound-browser/node_modules/jest-circus/build/index.js:55:5)
    at Object.describe (/home/devel/basset-hound-browser/tests/deployment/tor-docker-deployment.test.js:8:1)
    at Runtime._execModule (/home/devel/basset-hound-browser/node_modules/jest-runtime/build/index.js:1439:24)
    at Runtime._loadModule (/home/devel/basset-hound-browser/node_modules/jest-runtime/build/index.js:1022:12)
    at Runtime.requireModule (/home/devel/basset-hound-browser/node_modules/jest-runtime/build/index.js:882:12)
    at jestAdapter (/home/devel/basset-hound-browser/node_modules/jest-circus/build/legacy-code-todo-rewrite/jestAdapter.js:77:13)
    at processTicksAndRejections (node:internal/process/task_queues:95:5)
    at runTestInternal (/home/devel/basset-hound-browser/node_modules/jest-runner/build/runTest.js:367:16)
    at runTest (/home/devel/basset-hound-browser/node_modules/jest-runner/build/runTest.js:444:34)
    at Object.worker (/home/devel/basset-hound-browser/node_modules/jest-runner/build/testWorker.js:106:12)</failure>
    </testcase>
    <testcase classname="Tor Deployment - Docker Environment Tor in Docker Container should establish Tor circuit in container" name="Tor Deployment - Docker Environment Tor in Docker Container should establish Tor circuit in container" time="60.058">
      <failure>Error: thrown: &quot;Exceeded timeout of 60000 ms for a test while waiting for `done()` to be called.
Add a timeout value to this test to increase the timeout, if this is a long-running test. See https://jestjs.io/docs/api#testname-fn-timeout.&quot;
    at it (/home/devel/basset-hound-browser/tests/deployment/tor-docker-deployment.test.js:59:5)
    at _dispatchDescribe (/home/devel/basset-hound-browser/node_modules/jest-circus/build/index.js:91:26)
    at describe (/home/devel/basset-hound-browser/node_modules/jest-circus/build/index.js:55:5)
    at describe (/home/devel/basset-hound-browser/tests/deployment/tor-docker-deployment.test.js:40:3)
    at _dispatchDescribe (/home/devel/basset-hound-browser/node_modules/jest-circus/build/index.js:91:26)
    at describe (/home/devel/basset-hound-browser/node_modules/jest-circus/build/index.js:55:5)
    at Object.describe (/home/devel/basset-hound-browser/tests/deployment/tor-docker-deployment.test.js:8:1)
    at Runtime._execModule (/home/devel/basset-hound-browser/node_modules/jest-runtime/build/index.js:1439:24)
    at Runtime._loadModule (/home/devel/basset-hound-browser/node_modules/jest-runtime/build/index.js:1022:12)
    at Runtime.requireModule (/home/devel/basset-hound-browser/node_modules/jest-runtime/build/index.js:882:12)
    at jestAdapter (/home/devel/basset-hound-browser/node_modules/jest-circus/build/legacy-code-todo-rewrite/jestAdapter.js:77:13)
    at processTicksAndRejections (node:internal/process/task_queues:95:5)
    at runTestInternal (/home/devel/basset-hound-browser/node_modules/jest-runner/build/runTest.js:367:16)
    at runTest (/home/devel/basset-hound-browser/node_modules/jest-runner/build/runTest.js:444:34)
    at Object.worker (/home/devel/basset-hound-browser/node_modules/jest-runner/build/testWorker.js:106:12)</failure>
    </testcase>
    <testcase classname="Tor Deployment - Docker Environment Tor with Docker Volumes (Recording) should record to Docker mounted volume while using Tor" name="Tor Deployment - Docker Environment Tor with Docker Volumes (Recording) should record to Docker mounted volume while using Tor" time="0">
      <failure>Error: thrown: &quot;Exceeded timeout of 60000 ms for a hook while waiting for `done()` to be called.
Add a timeout value to this test to increase the timeout, if this is a long-running test. See https://jestjs.io/docs/api#testname-fn-timeout.&quot;
    at beforeAll (/home/devel/basset-hound-browser/tests/deployment/tor-docker-deployment.test.js:78:5)
    at _dispatchDescribe (/home/devel/basset-hound-browser/node_modules/jest-circus/build/index.js:91:26)
    at describe (/home/devel/basset-hound-browser/node_modules/jest-circus/build/index.js:55:5)
    at describe (/home/devel/basset-hound-browser/tests/deployment/tor-docker-deployment.test.js:77:3)
    at _dispatchDescribe (/home/devel/basset-hound-browser/node_modules/jest-circus/build/index.js:91:26)
    at describe (/home/devel/basset-hound-browser/node_modules/jest-circus/build/index.js:55:5)
    at Object.describe (/home/devel/basset-hound-browser/tests/deployment/tor-docker-deployment.test.js:8:1)
    at Runtime._execModule (/home/devel/basset-hound-browser/node_modules/jest-runtime/build/index.js:1439:24)
    at Runtime._loadModule (/home/devel/basset-hound-browser/node_modules/jest-runtime/build/index.js:1022:12)
    at Runtime.requireModule (/home/devel/basset-hound-browser/node_modules/jest-runtime/build/index.js:882:12)
    at jestAdapter (/home/devel/basset-hound-browser/node_modules/jest-circus/build/legacy-code-todo-rewrite/jestAdapter.js:77:13)
    at processTicksAndRejections (node:internal/process/task_queues:95:5)
    at runTestInternal (/home/devel/basset-hound-browser/node_modules/jest-runner/build/runTest.js:367:16)
    at runTest (/home/devel/basset-hound-browser/node_modules/jest-runner/build/runTest.js:444:34)
    at Object.worker (/home/devel/basset-hound-browser/node_modules/jest-runner/build/testWorker.js:106:12)</failure>
    </testcase>
    <testcase classname="Tor Deployment - Docker Environment Tor with Docker Volumes (Recording) should take screenshot and save to Docker volume" name="Tor Deployment - Docker Environment Tor with Docker Volumes (Recording) should take screenshot and save to Docker volume" time="0">
      <failure>Error: thrown: &quot;Exceeded timeout of 60000 ms for a hook while waiting for `done()` to be called.
Add a timeout value to this test to increase the timeout, if this is a long-running test. See https://jestjs.io/docs/api#testname-fn-timeout.&quot;
    at beforeAll (/home/devel/basset-hound-browser/tests/deployment/tor-docker-deployment.test.js:78:5)
    at _dispatchDescribe (/home/devel/basset-hound-browser/node_modules/jest-circus/build/index.js:91:26)
    at describe (/home/devel/basset-hound-browser/node_modules/jest-circus/build/index.js:55:5)
    at describe (/home/devel/basset-hound-browser/tests/deployment/tor-docker-deployment.test.js:77:3)
    at _dispatchDescribe (/home/devel/basset-hound-browser/node_modules/jest-circus/build/index.js:91:26)
    at describe (/home/devel/basset-hound-browser/node_modules/jest-circus/build/index.js:55:5)
    at Object.describe (/home/devel/basset-hound-browser/tests/deployment/tor-docker-deployment.test.js:8:1)
    at Runtime._execModule (/home/devel/basset-hound-browser/node_modules/jest-runtime/build/index.js:1439:24)
    at Runtime._loadModule (/home/devel/basset-hound-browser/node_modules/jest-runtime/build/index.js:1022:12)
    at Runtime.requireModule (/home/devel/basset-hound-browser/node_modules/jest-runtime/build/index.js:882:12)
    at jestAdapter (/home/devel/basset-hound-browser/node_modules/jest-circus/build/legacy-code-todo-rewrite/jestAdapter.js:77:13)
    at processTicksAndRejections (node:internal/process/task_queues:95:5)
    at runTestInternal (/home/devel/basset-hound-browser/node_modules/jest-runner/build/runTest.js:367:16)
    at runTest (/home/devel/basset-hound-browser/node_modules/jest-runner/build/runTest.js:444:34)
    at Object.worker (/home/devel/basset-hound-browser/node_modules/jest-runner/build/testWorker.js:106:12)</failure>
    </testcase>
    <testcase classname="Tor Deployment - Docker Environment Tor Circuit Management in Docker should renew Tor circuit in Docker" name="Tor Deployment - Docker Environment Tor Circuit Management in Docker should renew Tor circuit in Docker" time="0">
      <failure>Error: thrown: &quot;Exceeded timeout of 60000 ms for a hook while waiting for `done()` to be called.
Add a timeout value to this test to increase the timeout, if this is a long-running test. See https://jestjs.io/docs/api#testname-fn-timeout.&quot;
    at beforeAll (/home/devel/basset-hound-browser/tests/deployment/tor-docker-deployment.test.js:126:5)
    at _dispatchDescribe (/home/devel/basset-hound-browser/node_modules/jest-circus/build/index.js:91:26)
    at describe (/home/devel/basset-hound-browser/node_modules/jest-circus/build/index.js:55:5)
    at describe (/home/devel/basset-hound-browser/tests/deployment/tor-docker-deployment.test.js:125:3)
    at _dispatchDescribe (/home/devel/basset-hound-browser/node_modules/jest-circus/build/index.js:91:26)
    at describe (/home/devel/basset-hound-browser/node_modules/jest-circus/build/index.js:55:5)
    at Object.describe (/home/devel/basset-hound-browser/tests/deployment/tor-docker-deployment.test.js:8:1)
    at Runtime._execModule (/home/devel/basset-hound-browser/node_modules/jest-runtime/build/index.js:1439:24)
    at Runtime._loadModule (/home/devel/basset-hound-browser/node_modules/jest-runtime/build/index.js:1022:12)
    at Runtime.requireModule (/home/devel/basset-hound-browser/node_modules/jest-runtime/build/index.js:882:12)
    at jestAdapter (/home/devel/basset-hound-browser/node_modules/jest-circus/build/legacy-code-todo-rewrite/jestAdapter.js:77:13)
    at processTicksAndRejections (node:internal/process/task_queues:95:5)
    at runTestInternal (/home/devel/basset-hound-browser/node_modules/jest-runner/build/runTest.js:367:16)
    at runTest (/home/devel/basset-hound-browser/node_modules/jest-runner/build/runTest.js:444:34)
    at Object.worker (/home/devel/basset-hound-browser/node_modules/jest-runner/build/testWorker.js:106:12)</failure>
    </testcase>
    <testcase classname="Tor Deployment - Docker Environment Docker Cleanup should properly disable Tor on container shutdown" name="Tor Deployment - Docker Environment Docker Cleanup should properly disable Tor on container shutdown" time="60.06">
      <failure>Error: thrown: &quot;Exceeded timeout of 60000 ms for a test while waiting for `done()` to be called.
Add a timeout value to this test to increase the timeout, if this is a long-running test. See https://jestjs.io/docs/api#testname-fn-timeout.&quot;
    at it (/home/devel/basset-hound-browser/tests/deployment/tor-docker-deployment.test.js:155:5)
    at _dispatchDescribe (/home/devel/basset-hound-browser/node_modules/jest-circus/build/index.js:91:26)
    at describe (/home/devel/basset-hound-browser/node_modules/jest-circus/build/index.js:55:5)
    at describe (/home/devel/basset-hound-browser/tests/deployment/tor-docker-deployment.test.js:154:3)
    at _dispatchDescribe (/home/devel/basset-hound-browser/node_modules/jest-circus/build/index.js:91:26)
    at describe (/home/devel/basset-hound-browser/node_modules/jest-circus/build/index.js:55:5)
    at Object.describe (/home/devel/basset-hound-browser/tests/deployment/tor-docker-deployment.test.js:8:1)
    at Runtime._execModule (/home/devel/basset-hound-browser/node_modules/jest-runtime/build/index.js:1439:24)
    at Runtime._loadModule (/home/devel/basset-hound-browser/node_modules/jest-runtime/build/index.js:1022:12)
    at Runtime.requireModule (/home/devel/basset-hound-browser/node_modules/jest-runtime/build/index.js:882:12)
    at jestAdapter (/home/devel/basset-hound-browser/node_modules/jest-circus/build/legacy-code-todo-rewrite/jestAdapter.js:77:13)
    at processTicksAndRejections (node:internal/process/task_queues:95:5)
    at runTestInternal (/home/devel/basset-hound-browser/node_modules/jest-runner/build/runTest.js:367:16)
    at runTest (/home/devel/basset-hound-browser/node_modules/jest-runner/build/runTest.js:444:34)
    at Object.worker (/home/devel/basset-hound-browser/node_modules/jest-runner/build/testWorker.js:106:12)</failure>
    </testcase>
  </testsuite>
  <testsuite name="Tor Deployment - Headless Environment" errors="0" failures="8" skipped="0" timestamp="2026-05-11T06:16:47" time="420.116" tests="9">
    <testcase classname="Tor Deployment - Headless Environment Headless Startup with Tor should initialize headless browser with Tor disabled by default" name="Tor Deployment - Headless Environment Headless Startup with Tor should initialize headless browser with Tor disabled by default" time="0.001">
    </testcase>
    <testcase classname="Tor Deployment - Headless Environment Tor Control in Headless Mode should enable Tor in headless mode" name="Tor Deployment - Headless Environment Tor Control in Headless Mode should enable Tor in headless mode" time="60.001">
      <failure>Error: expect(received).toBe(expected) // Object.is equality

Expected: true
Received: false
    at WebSocket.toBe (/home/devel/basset-hound-browser/tests/deployment/tor-headless-deployment.test.js:52:34)
    at Object.onceWrapper (node:events:632:26)
    at WebSocket.emit (node:events:517:28)
    at Receiver.receiverOnMessage (/home/devel/basset-hound-browser/node_modules/ws/lib/websocket.js:1225:20)
    at Receiver.emit (node:events:517:28)
    at Receiver.dataMessage (/home/devel/basset-hound-browser/node_modules/ws/lib/receiver.js:596:14)
    at Receiver.getData (/home/devel/basset-hound-browser/node_modules/ws/lib/receiver.js:496:10)
    at Receiver.startLoop (/home/devel/basset-hound-browser/node_modules/ws/lib/receiver.js:167:16)
    at Receiver._write (/home/devel/basset-hound-browser/node_modules/ws/lib/receiver.js:94:10)
    at writeOrBuffer (node:internal/streams/writable:392:12)
    at _write (node:internal/streams/writable:333:10)
    at Receiver.Writable.write (node:internal/streams/writable:337:10)
    at Socket.socketOnData (/home/devel/basset-hound-browser/node_modules/ws/lib/websocket.js:1360:35)
    at Socket.emit (node:events:517:28)
    at addChunk (node:internal/streams/readable:368:12)
    at readableAddChunk (node:internal/streams/readable:341:9)
    at Socket.Readable.push (node:internal/streams/readable:278:10)
    at TCP.onStreamRead (node:internal/stream_base_commons:190:23)
    at TCP.callbackTrampoline (node:internal/async_hooks:128:17)</failure>
      <failure>Error: thrown: &quot;Exceeded timeout of 60000 ms for a test while waiting for `done()` to be called.
Add a timeout value to this test to increase the timeout, if this is a long-running test. See https://jestjs.io/docs/api#testname-fn-timeout.&quot;
    at it (/home/devel/basset-hound-browser/tests/deployment/tor-headless-deployment.test.js:41:5)
    at _dispatchDescribe (/home/devel/basset-hound-browser/node_modules/jest-circus/build/index.js:91:26)
    at describe (/home/devel/basset-hound-browser/node_modules/jest-circus/build/index.js:55:5)
    at describe (/home/devel/basset-hound-browser/tests/deployment/tor-headless-deployment.test.js:40:3)
    at _dispatchDescribe (/home/devel/basset-hound-browser/node_modules/jest-circus/build/index.js:91:26)
    at describe (/home/devel/basset-hound-browser/node_modules/jest-circus/build/index.js:55:5)
    at Object.describe (/home/devel/basset-hound-browser/tests/deployment/tor-headless-deployment.test.js:8:1)
    at Runtime._execModule (/home/devel/basset-hound-browser/node_modules/jest-runtime/build/index.js:1439:24)
    at Runtime._loadModule (/home/devel/basset-hound-browser/node_modules/jest-runtime/build/index.js:1022:12)
    at Runtime.requireModule (/home/devel/basset-hound-browser/node_modules/jest-runtime/build/index.js:882:12)
    at jestAdapter (/home/devel/basset-hound-browser/node_modules/jest-circus/build/legacy-code-todo-rewrite/jestAdapter.js:77:13)
    at processTicksAndRejections (node:internal/process/task_queues:95:5)
    at runTestInternal (/home/devel/basset-hound-browser/node_modules/jest-runner/build/runTest.js:367:16)
    at runTest (/home/devel/basset-hound-browser/node_modules/jest-runner/build/runTest.js:444:34)
    at Object.worker (/home/devel/basset-hound-browser/node_modules/jest-runner/build/testWorker.js:106:12)</failure>
    </testcase>
    <testcase classname="Tor Deployment - Headless Environment Tor Control in Headless Mode should renew Tor circuit in headless" name="Tor Deployment - Headless Environment Tor Control in Headless Mode should renew Tor circuit in headless" time="60.003">
      <failure>Error: thrown: &quot;Exceeded timeout of 60000 ms for a test while waiting for `done()` to be called.
Add a timeout value to this test to increase the timeout, if this is a long-running test. See https://jestjs.io/docs/api#testname-fn-timeout.&quot;
    at it (/home/devel/basset-hound-browser/tests/deployment/tor-headless-deployment.test.js:57:5)
    at _dispatchDescribe (/home/devel/basset-hound-browser/node_modules/jest-circus/build/index.js:91:26)
    at describe (/home/devel/basset-hound-browser/node_modules/jest-circus/build/index.js:55:5)
    at describe (/home/devel/basset-hound-browser/tests/deployment/tor-headless-deployment.test.js:40:3)
    at _dispatchDescribe (/home/devel/basset-hound-browser/node_modules/jest-circus/build/index.js:91:26)
    at describe (/home/devel/basset-hound-browser/node_modules/jest-circus/build/index.js:55:5)
    at Object.describe (/home/devel/basset-hound-browser/tests/deployment/tor-headless-deployment.test.js:8:1)
    at Runtime._execModule (/home/devel/basset-hound-browser/node_modules/jest-runtime/build/index.js:1439:24)
    at Runtime._loadModule (/home/devel/basset-hound-browser/node_modules/jest-runtime/build/index.js:1022:12)
    at Runtime.requireModule (/home/devel/basset-hound-browser/node_modules/jest-runtime/build/index.js:882:12)
    at jestAdapter (/home/devel/basset-hound-browser/node_modules/jest-circus/build/legacy-code-todo-rewrite/jestAdapter.js:77:13)
    at processTicksAndRejections (node:internal/process/task_queues:95:5)
    at runTestInternal (/home/devel/basset-hound-browser/node_modules/jest-runner/build/runTest.js:367:16)
    at runTest (/home/devel/basset-hound-browser/node_modules/jest-runner/build/runTest.js:444:34)
    at Object.worker (/home/devel/basset-hound-browser/node_modules/jest-runner/build/testWorker.js:106:12)</failure>
    </testcase>
    <testcase classname="Tor Deployment - Headless Environment Headless Recording with Tor should record session in headless mode with Tor" name="Tor Deployment - Headless Environment Headless Recording with Tor should record session in headless mode with Tor" time="0">
      <failure>Error: thrown: &quot;Exceeded timeout of 60000 ms for a hook while waiting for `done()` to be called.
Add a timeout value to this test to increase the timeout, if this is a long-running test. See https://jestjs.io/docs/api#testname-fn-timeout.&quot;
    at beforeAll (/home/devel/basset-hound-browser/tests/deployment/tor-headless-deployment.test.js:75:5)
    at _dispatchDescribe (/home/devel/basset-hound-browser/node_modules/jest-circus/build/index.js:91:26)
    at describe (/home/devel/basset-hound-browser/node_modules/jest-circus/build/index.js:55:5)
    at describe (/home/devel/basset-hound-browser/tests/deployment/tor-headless-deployment.test.js:74:3)
    at _dispatchDescribe (/home/devel/basset-hound-browser/node_modules/jest-circus/build/index.js:91:26)
    at describe (/home/devel/basset-hound-browser/node_modules/jest-circus/build/index.js:55:5)
    at Object.describe (/home/devel/basset-hound-browser/tests/deployment/tor-headless-deployment.test.js:8:1)
    at Runtime._execModule (/home/devel/basset-hound-browser/node_modules/jest-runtime/build/index.js:1439:24)
    at Runtime._loadModule (/home/devel/basset-hound-browser/node_modules/jest-runtime/build/index.js:1022:12)
    at Runtime.requireModule (/home/devel/basset-hound-browser/node_modules/jest-runtime/build/index.js:882:12)
    at jestAdapter (/home/devel/basset-hound-browser/node_modules/jest-circus/build/legacy-code-todo-rewrite/jestAdapter.js:77:13)
    at processTicksAndRejections (node:internal/process/task_queues:95:5)
    at runTestInternal (/home/devel/basset-hound-browser/node_modules/jest-runner/build/runTest.js:367:16)
    at runTest (/home/devel/basset-hound-browser/node_modules/jest-runner/build/runTest.js:444:34)
    at Object.worker (/home/devel/basset-hound-browser/node_modules/jest-runner/build/testWorker.js:106:12)</failure>
    </testcase>
    <testcase classname="Tor Deployment - Headless Environment Headless Recording with Tor should capture screenshots in headless with Tor" name="Tor Deployment - Headless Environment Headless Recording with Tor should capture screenshots in headless with Tor" time="0">
      <failure>Error: thrown: &quot;Exceeded timeout of 60000 ms for a hook while waiting for `done()` to be called.
Add a timeout value to this test to increase the timeout, if this is a long-running test. See https://jestjs.io/docs/api#testname-fn-timeout.&quot;
    at beforeAll (/home/devel/basset-hound-browser/tests/deployment/tor-headless-deployment.test.js:75:5)
    at _dispatchDescribe (/home/devel/basset-hound-browser/node_modules/jest-circus/build/index.js:91:26)
    at describe (/home/devel/basset-hound-browser/node_modules/jest-circus/build/index.js:55:5)
    at describe (/home/devel/basset-hound-browser/tests/deployment/tor-headless-deployment.test.js:74:3)
    at _dispatchDescribe (/home/devel/basset-hound-browser/node_modules/jest-circus/build/index.js:91:26)
    at describe (/home/devel/basset-hound-browser/node_modules/jest-circus/build/index.js:55:5)
    at Object.describe (/home/devel/basset-hound-browser/tests/deployment/tor-headless-deployment.test.js:8:1)
    at Runtime._execModule (/home/devel/basset-hound-browser/node_modules/jest-runtime/build/index.js:1439:24)
    at Runtime._loadModule (/home/devel/basset-hound-browser/node_modules/jest-runtime/build/index.js:1022:12)
    at Runtime.requireModule (/home/devel/basset-hound-browser/node_modules/jest-runtime/build/index.js:882:12)
    at jestAdapter (/home/devel/basset-hound-browser/node_modules/jest-circus/build/legacy-code-todo-rewrite/jestAdapter.js:77:13)
    at processTicksAndRejections (node:internal/process/task_queues:95:5)
    at runTestInternal (/home/devel/basset-hound-browser/node_modules/jest-runner/build/runTest.js:367:16)
    at runTest (/home/devel/basset-hound-browser/node_modules/jest-runner/build/runTest.js:444:34)
    at Object.worker (/home/devel/basset-hound-browser/node_modules/jest-runner/build/testWorker.js:106:12)</failure>
    </testcase>
    <testcase classname="Tor Deployment - Headless Environment Headless Memory &amp; Resource Management should report memory usage in headless mode" name="Tor Deployment - Headless Environment Headless Memory &amp; Resource Management should report memory usage in headless mode" time="60.005">
      <failure>Error: thrown: &quot;Exceeded timeout of 60000 ms for a test while waiting for `done()` to be called.
Add a timeout value to this test to increase the timeout, if this is a long-running test. See https://jestjs.io/docs/api#testname-fn-timeout.&quot;
    at it (/home/devel/basset-hound-browser/tests/deployment/tor-headless-deployment.test.js:123:5)
    at _dispatchDescribe (/home/devel/basset-hound-browser/node_modules/jest-circus/build/index.js:91:26)
    at describe (/home/devel/basset-hound-browser/node_modules/jest-circus/build/index.js:55:5)
    at describe (/home/devel/basset-hound-browser/tests/deployment/tor-headless-deployment.test.js:122:3)
    at _dispatchDescribe (/home/devel/basset-hound-browser/node_modules/jest-circus/build/index.js:91:26)
    at describe (/home/devel/basset-hound-browser/node_modules/jest-circus/build/index.js:55:5)
    at Object.describe (/home/devel/basset-hound-browser/tests/deployment/tor-headless-deployment.test.js:8:1)
    at Runtime._execModule (/home/devel/basset-hound-browser/node_modules/jest-runtime/build/index.js:1439:24)
    at Runtime._loadModule (/home/devel/basset-hound-browser/node_modules/jest-runtime/build/index.js:1022:12)
    at Runtime.requireModule (/home/devel/basset-hound-browser/node_modules/jest-runtime/build/index.js:882:12)
    at jestAdapter (/home/devel/basset-hound-browser/node_modules/jest-circus/build/legacy-code-todo-rewrite/jestAdapter.js:77:13)
    at processTicksAndRejections (node:internal/process/task_queues:95:5)
    at runTestInternal (/home/devel/basset-hound-browser/node_modules/jest-runner/build/runTest.js:367:16)
    at runTest (/home/devel/basset-hound-browser/node_modules/jest-runner/build/runTest.js:444:34)
    at Object.worker (/home/devel/basset-hound-browser/node_modules/jest-runner/build/testWorker.js:106:12)</failure>
    </testcase>
    <testcase classname="Tor Deployment - Headless Environment Headless Memory &amp; Resource Management should handle long-running sessions with Tor in headless" name="Tor Deployment - Headless Environment Headless Memory &amp; Resource Management should handle long-running sessions with Tor in headless" time="60.004">
      <failure>Error: thrown: &quot;Exceeded timeout of 60000 ms for a test while waiting for `done()` to be called.
Add a timeout value to this test to increase the timeout, if this is a long-running test. See https://jestjs.io/docs/api#testname-fn-timeout.&quot;
    at it (/home/devel/basset-hound-browser/tests/deployment/tor-headless-deployment.test.js:139:5)
    at _dispatchDescribe (/home/devel/basset-hound-browser/node_modules/jest-circus/build/index.js:91:26)
    at describe (/home/devel/basset-hound-browser/node_modules/jest-circus/build/index.js:55:5)
    at describe (/home/devel/basset-hound-browser/tests/deployment/tor-headless-deployment.test.js:122:3)
    at _dispatchDescribe (/home/devel/basset-hound-browser/node_modules/jest-circus/build/index.js:91:26)
    at describe (/home/devel/basset-hound-browser/node_modules/jest-circus/build/index.js:55:5)
    at Object.describe (/home/devel/basset-hound-browser/tests/deployment/tor-headless-deployment.test.js:8:1)
    at Runtime._execModule (/home/devel/basset-hound-browser/node_modules/jest-runtime/build/index.js:1439:24)
    at Runtime._loadModule (/home/devel/basset-hound-browser/node_modules/jest-runtime/build/index.js:1022:12)
    at Runtime.requireModule (/home/devel/basset-hound-browser/node_modules/jest-runtime/build/index.js:882:12)
    at jestAdapter (/home/devel/basset-hound-browser/node_modules/jest-circus/build/legacy-code-todo-rewrite/jestAdapter.js:77:13)
    at processTicksAndRejections (node:internal/process/task_queues:95:5)
    at runTestInternal (/home/devel/basset-hound-browser/node_modules/jest-runner/build/runTest.js:367:16)
    at runTest (/home/devel/basset-hound-browser/node_modules/jest-runner/build/runTest.js:444:34)
    at Object.worker (/home/devel/basset-hound-browser/node_modules/jest-runner/build/testWorker.js:106:12)</failure>
    </testcase>
    <testcase classname="Tor Deployment - Headless Environment Headless Auto Mode with Tor should use AUTO mode for intelligent Tor decisions" name="Tor Deployment - Headless Environment Headless Auto Mode with Tor should use AUTO mode for intelligent Tor decisions" time="60.005">
      <failure>Error: thrown: &quot;Exceeded timeout of 60000 ms for a test while waiting for `done()` to be called.
Add a timeout value to this test to increase the timeout, if this is a long-running test. See https://jestjs.io/docs/api#testname-fn-timeout.&quot;
    at it (/home/devel/basset-hound-browser/tests/deployment/tor-headless-deployment.test.js:170:5)
    at _dispatchDescribe (/home/devel/basset-hound-browser/node_modules/jest-circus/build/index.js:91:26)
    at describe (/home/devel/basset-hound-browser/node_modules/jest-circus/build/index.js:55:5)
    at describe (/home/devel/basset-hound-browser/tests/deployment/tor-headless-deployment.test.js:169:3)
    at _dispatchDescribe (/home/devel/basset-hound-browser/node_modules/jest-circus/build/index.js:91:26)
    at describe (/home/devel/basset-hound-browser/node_modules/jest-circus/build/index.js:55:5)
    at Object.describe (/home/devel/basset-hound-browser/tests/deployment/tor-headless-deployment.test.js:8:1)
    at Runtime._execModule (/home/devel/basset-hound-browser/node_modules/jest-runtime/build/index.js:1439:24)
    at Runtime._loadModule (/home/devel/basset-hound-browser/node_modules/jest-runtime/build/index.js:1022:12)
    at Runtime.requireModule (/home/devel/basset-hound-browser/node_modules/jest-runtime/build/index.js:882:12)
    at jestAdapter (/home/devel/basset-hound-browser/node_modules/jest-circus/build/legacy-code-todo-rewrite/jestAdapter.js:77:13)
    at processTicksAndRejections (node:internal/process/task_queues:95:5)
    at runTestInternal (/home/devel/basset-hound-browser/node_modules/jest-runner/build/runTest.js:367:16)
    at runTest (/home/devel/basset-hound-browser/node_modules/jest-runner/build/runTest.js:444:34)
    at Object.worker (/home/devel/basset-hound-browser/node_modules/jest-runner/build/testWorker.js:106:12)</failure>
    </testcase>
    <testcase classname="Tor Deployment - Headless Environment Headless Exit &amp; Cleanup should disable Tor on headless shutdown" name="Tor Deployment - Headless Environment Headless Exit &amp; Cleanup should disable Tor on headless shutdown" time="60.005">
      <failure>Error: thrown: &quot;Exceeded timeout of 60000 ms for a test while waiting for `done()` to be called.
Add a timeout value to this test to increase the timeout, if this is a long-running test. See https://jestjs.io/docs/api#testname-fn-timeout.&quot;
    at it (/home/devel/basset-hound-browser/tests/deployment/tor-headless-deployment.test.js:190:5)
    at _dispatchDescribe (/home/devel/basset-hound-browser/node_modules/jest-circus/build/index.js:91:26)
    at describe (/home/devel/basset-hound-browser/node_modules/jest-circus/build/index.js:55:5)
    at describe (/home/devel/basset-hound-browser/tests/deployment/tor-headless-deployment.test.js:189:3)
    at _dispatchDescribe (/home/devel/basset-hound-browser/node_modules/jest-circus/build/index.js:91:26)
    at describe (/home/devel/basset-hound-browser/node_modules/jest-circus/build/index.js:55:5)
    at Object.describe (/home/devel/basset-hound-browser/tests/deployment/tor-headless-deployment.test.js:8:1)
    at Runtime._execModule (/home/devel/basset-hound-browser/node_modules/jest-runtime/build/index.js:1439:24)
    at Runtime._loadModule (/home/devel/basset-hound-browser/node_modules/jest-runtime/build/index.js:1022:12)
    at Runtime.requireModule (/home/devel/basset-hound-browser/node_modules/jest-runtime/build/index.js:882:12)
    at jestAdapter (/home/devel/basset-hound-browser/node_modules/jest-circus/build/legacy-code-todo-rewrite/jestAdapter.js:77:13)
    at processTicksAndRejections (node:internal/process/task_queues:95:5)
    at runTestInternal (/home/devel/basset-hound-browser/node_modules/jest-runner/build/runTest.js:367:16)
    at runTest (/home/devel/basset-hound-browser/node_modules/jest-runner/build/runTest.js:444:34)
    at Object.worker (/home/devel/basset-hound-browser/node_modules/jest-runner/build/testWorker.js:106:12)</failure>
    </testcase>
  </testsuite>
  <testsuite name="Tor Deployment - Development Environment" errors="0" failures="9" skipped="0" timestamp="2026-05-11T06:16:47" time="420.428" tests="10">
    <testcase classname="Tor Deployment - Development Environment Tor Master Switch should initialize Tor in OFF mode" name="Tor Deployment - Development Environment Tor Master Switch should initialize Tor in OFF mode" time="0.002">
    </testcase>
    <testcase classname="Tor Deployment - Development Environment Tor Master Switch should enable Tor with ON mode" name="Tor Deployment - Development Environment Tor Master Switch should enable Tor with ON mode" time="60.004">
      <failure>Error: expect(received).toBe(expected) // Object.is equality

Expected: true
Received: false
    at WebSocket.toBe (/home/devel/basset-hound-browser/tests/deployment/tor-dev-deployment.test.js:55:34)
    at Object.onceWrapper (node:events:632:26)
    at WebSocket.emit (node:events:517:28)
    at Receiver.receiverOnMessage (/home/devel/basset-hound-browser/node_modules/ws/lib/websocket.js:1225:20)
    at Receiver.emit (node:events:517:28)
    at Receiver.dataMessage (/home/devel/basset-hound-browser/node_modules/ws/lib/receiver.js:596:14)
    at Receiver.getData (/home/devel/basset-hound-browser/node_modules/ws/lib/receiver.js:496:10)
    at Receiver.startLoop (/home/devel/basset-hound-browser/node_modules/ws/lib/receiver.js:167:16)
    at Receiver._write (/home/devel/basset-hound-browser/node_modules/ws/lib/receiver.js:94:10)
    at writeOrBuffer (node:internal/streams/writable:392:12)
    at _write (node:internal/streams/writable:333:10)
    at Receiver.Writable.write (node:internal/streams/writable:337:10)
    at Socket.socketOnData (/home/devel/basset-hound-browser/node_modules/ws/lib/websocket.js:1360:35)
    at Socket.emit (node:events:517:28)
    at addChunk (node:internal/streams/readable:368:12)
    at readableAddChunk (node:internal/streams/readable:341:9)
    at Socket.Readable.push (node:internal/streams/readable:278:10)
    at TCP.onStreamRead (node:internal/stream_base_commons:190:23)</failure>
      <failure>Error: thrown: &quot;Exceeded timeout of 60000 ms for a test while waiting for `done()` to be called.
Add a timeout value to this test to increase the timeout, if this is a long-running test. See https://jestjs.io/docs/api#testname-fn-timeout.&quot;
    at it (/home/devel/basset-hound-browser/tests/deployment/tor-dev-deployment.test.js:42:5)
    at _dispatchDescribe (/home/devel/basset-hound-browser/node_modules/jest-circus/build/index.js:91:26)
    at describe (/home/devel/basset-hound-browser/node_modules/jest-circus/build/index.js:55:5)
    at describe (/home/devel/basset-hound-browser/tests/deployment/tor-dev-deployment.test.js:25:3)
    at _dispatchDescribe (/home/devel/basset-hound-browser/node_modules/jest-circus/build/index.js:91:26)
    at describe (/home/devel/basset-hound-browser/node_modules/jest-circus/build/index.js:55:5)
    at Object.describe (/home/devel/basset-hound-browser/tests/deployment/tor-dev-deployment.test.js:8:1)
    at Runtime._execModule (/home/devel/basset-hound-browser/node_modules/jest-runtime/build/index.js:1439:24)
    at Runtime._loadModule (/home/devel/basset-hound-browser/node_modules/jest-runtime/build/index.js:1022:12)
    at Runtime.requireModule (/home/devel/basset-hound-browser/node_modules/jest-runtime/build/index.js:882:12)
    at jestAdapter (/home/devel/basset-hound-browser/node_modules/jest-circus/build/legacy-code-todo-rewrite/jestAdapter.js:77:13)
    at processTicksAndRejections (node:internal/process/task_queues:95:5)
    at runTestInternal (/home/devel/basset-hound-browser/node_modules/jest-runner/build/runTest.js:367:16)
    at runTest (/home/devel/basset-hound-browser/node_modules/jest-runner/build/runTest.js:444:34)
    at Object.worker (/home/devel/basset-hound-browser/node_modules/jest-runner/build/testWorker.js:106:12)</failure>
    </testcase>
    <testcase classname="Tor Deployment - Development Environment Tor Master Switch should switch to AUTO mode" name="Tor Deployment - Development Environment Tor Master Switch should switch to AUTO mode" time="60.004">
      <failure>Error: thrown: &quot;Exceeded timeout of 60000 ms for a test while waiting for `done()` to be called.
Add a timeout value to this test to increase the timeout, if this is a long-running test. See https://jestjs.io/docs/api#testname-fn-timeout.&quot;
    at it (/home/devel/basset-hound-browser/tests/deployment/tor-dev-deployment.test.js:60:5)
    at _dispatchDescribe (/home/devel/basset-hound-browser/node_modules/jest-circus/build/index.js:91:26)
    at describe (/home/devel/basset-hound-browser/node_modules/jest-circus/build/index.js:55:5)
    at describe (/home/devel/basset-hound-browser/tests/deployment/tor-dev-deployment.test.js:25:3)
    at _dispatchDescribe (/home/devel/basset-hound-browser/node_modules/jest-circus/build/index.js:91:26)
    at describe (/home/devel/basset-hound-browser/node_modules/jest-circus/build/index.js:55:5)
    at Object.describe (/home/devel/basset-hound-browser/tests/deployment/tor-dev-deployment.test.js:8:1)
    at Runtime._execModule (/home/devel/basset-hound-browser/node_modules/jest-runtime/build/index.js:1439:24)
    at Runtime._loadModule (/home/devel/basset-hound-browser/node_modules/jest-runtime/build/index.js:1022:12)
    at Runtime.requireModule (/home/devel/basset-hound-browser/node_modules/jest-runtime/build/index.js:882:12)
    at jestAdapter (/home/devel/basset-hound-browser/node_modules/jest-circus/build/legacy-code-todo-rewrite/jestAdapter.js:77:13)
    at processTicksAndRejections (node:internal/process/task_queues:95:5)
    at runTestInternal (/home/devel/basset-hound-browser/node_modules/jest-runner/build/runTest.js:367:16)
    at runTest (/home/devel/basset-hound-browser/node_modules/jest-runner/build/runTest.js:444:34)
    at Object.worker (/home/devel/basset-hound-browser/node_modules/jest-runner/build/testWorker.js:106:12)</failure>
    </testcase>
    <testcase classname="Tor Deployment - Development Environment Tor Master Switch should disable Tor with OFF mode" name="Tor Deployment - Development Environment Tor Master Switch should disable Tor with OFF mode" time="60.06">
      <failure>Error: thrown: &quot;Exceeded timeout of 60000 ms for a test while waiting for `done()` to be called.
Add a timeout value to this test to increase the timeout, if this is a long-running test. See https://jestjs.io/docs/api#testname-fn-timeout.&quot;
    at it (/home/devel/basset-hound-browser/tests/deployment/tor-dev-deployment.test.js:78:5)
    at _dispatchDescribe (/home/devel/basset-hound-browser/node_modules/jest-circus/build/index.js:91:26)
    at describe (/home/devel/basset-hound-browser/node_modules/jest-circus/build/index.js:55:5)
    at describe (/home/devel/basset-hound-browser/tests/deployment/tor-dev-deployment.test.js:25:3)
    at _dispatchDescribe (/home/devel/basset-hound-browser/node_modules/jest-circus/build/index.js:91:26)
    at describe (/home/devel/basset-hound-browser/node_modules/jest-circus/build/index.js:55:5)
    at Object.describe (/home/devel/basset-hound-browser/tests/deployment/tor-dev-deployment.test.js:8:1)
    at Runtime._execModule (/home/devel/basset-hound-browser/node_modules/jest-runtime/build/index.js:1439:24)
    at Runtime._loadModule (/home/devel/basset-hound-browser/node_modules/jest-runtime/build/index.js:1022:12)
    at Runtime.requireModule (/home/devel/basset-hound-browser/node_modules/jest-runtime/build/index.js:882:12)
    at jestAdapter (/home/devel/basset-hound-browser/node_modules/jest-circus/build/legacy-code-todo-rewrite/jestAdapter.js:77:13)
    at processTicksAndRejections (node:internal/process/task_queues:95:5)
    at runTestInternal (/home/devel/basset-hound-browser/node_modules/jest-runner/build/runTest.js:367:16)
    at runTest (/home/devel/basset-hound-browser/node_modules/jest-runner/build/runTest.js:444:34)
    at Object.worker (/home/devel/basset-hound-browser/node_modules/jest-runner/build/testWorker.js:106:12)</failure>
    </testcase>
    <testcase classname="Tor Deployment - Development Environment Tor Circuit Management should renew Tor circuit" name="Tor Deployment - Development Environment Tor Circuit Management should renew Tor circuit" time="0">
      <failure>Error: thrown: &quot;Exceeded timeout of 60000 ms for a hook while waiting for `done()` to be called.
Add a timeout value to this test to increase the timeout, if this is a long-running test. See https://jestjs.io/docs/api#testname-fn-timeout.&quot;
    at beforeAll (/home/devel/basset-hound-browser/tests/deployment/tor-dev-deployment.test.js:98:5)
    at _dispatchDescribe (/home/devel/basset-hound-browser/node_modules/jest-circus/build/index.js:91:26)
    at describe (/home/devel/basset-hound-browser/node_modules/jest-circus/build/index.js:55:5)
    at describe (/home/devel/basset-hound-browser/tests/deployment/tor-dev-deployment.test.js:97:3)
    at _dispatchDescribe (/home/devel/basset-hound-browser/node_modules/jest-circus/build/index.js:91:26)
    at describe (/home/devel/basset-hound-browser/node_modules/jest-circus/build/index.js:55:5)
    at Object.describe (/home/devel/basset-hound-browser/tests/deployment/tor-dev-deployment.test.js:8:1)
    at Runtime._execModule (/home/devel/basset-hound-browser/node_modules/jest-runtime/build/index.js:1439:24)
    at Runtime._loadModule (/home/devel/basset-hound-browser/node_modules/jest-runtime/build/index.js:1022:12)
    at Runtime.requireModule (/home/devel/basset-hound-browser/node_modules/jest-runtime/build/index.js:882:12)
    at jestAdapter (/home/devel/basset-hound-browser/node_modules/jest-circus/build/legacy-code-todo-rewrite/jestAdapter.js:77:13)
    at processTicksAndRejections (node:internal/process/task_queues:95:5)
    at runTestInternal (/home/devel/basset-hound-browser/node_modules/jest-runner/build/runTest.js:367:16)
    at runTest (/home/devel/basset-hound-browser/node_modules/jest-runner/build/runTest.js:444:34)
    at Object.worker (/home/devel/basset-hound-browser/node_modules/jest-runner/build/testWorker.js:106:12)</failure>
    </testcase>
    <testcase classname="Tor Deployment - Development Environment Tor Circuit Management should get current circuit info" name="Tor Deployment - Development Environment Tor Circuit Management should get current circuit info" time="0.001">
      <failure>Error: thrown: &quot;Exceeded timeout of 60000 ms for a hook while waiting for `done()` to be called.
Add a timeout value to this test to increase the timeout, if this is a long-running test. See https://jestjs.io/docs/api#testname-fn-timeout.&quot;
    at beforeAll (/home/devel/basset-hound-browser/tests/deployment/tor-dev-deployment.test.js:98:5)
    at _dispatchDescribe (/home/devel/basset-hound-browser/node_modules/jest-circus/build/index.js:91:26)
    at describe (/home/devel/basset-hound-browser/node_modules/jest-circus/build/index.js:55:5)
    at describe (/home/devel/basset-hound-browser/tests/deployment/tor-dev-deployment.test.js:97:3)
    at _dispatchDescribe (/home/devel/basset-hound-browser/node_modules/jest-circus/build/index.js:91:26)
    at describe (/home/devel/basset-hound-browser/node_modules/jest-circus/build/index.js:55:5)
    at Object.describe (/home/devel/basset-hound-browser/tests/deployment/tor-dev-deployment.test.js:8:1)
    at Runtime._execModule (/home/devel/basset-hound-browser/node_modules/jest-runtime/build/index.js:1439:24)
    at Runtime._loadModule (/home/devel/basset-hound-browser/node_modules/jest-runtime/build/index.js:1022:12)
    at Runtime.requireModule (/home/devel/basset-hound-browser/node_modules/jest-runtime/build/index.js:882:12)
    at jestAdapter (/home/devel/basset-hound-browser/node_modules/jest-circus/build/legacy-code-todo-rewrite/jestAdapter.js:77:13)
    at processTicksAndRejections (node:internal/process/task_queues:95:5)
    at runTestInternal (/home/devel/basset-hound-browser/node_modules/jest-runner/build/runTest.js:367:16)
    at runTest (/home/devel/basset-hound-browser/node_modules/jest-runner/build/runTest.js:444:34)
    at Object.worker (/home/devel/basset-hound-browser/node_modules/jest-runner/build/testWorker.js:106:12)</failure>
    </testcase>
    <testcase classname="Tor Deployment - Development Environment Tor with Recording Features should record session while using Tor" name="Tor Deployment - Development Environment Tor with Recording Features should record session while using Tor" time="0">
      <failure>Error: thrown: &quot;Exceeded timeout of 60000 ms for a hook while waiting for `done()` to be called.
Add a timeout value to this test to increase the timeout, if this is a long-running test. See https://jestjs.io/docs/api#testname-fn-timeout.&quot;
    at beforeAll (/home/devel/basset-hound-browser/tests/deployment/tor-dev-deployment.test.js:145:5)
    at _dispatchDescribe (/home/devel/basset-hound-browser/node_modules/jest-circus/build/index.js:91:26)
    at describe (/home/devel/basset-hound-browser/node_modules/jest-circus/build/index.js:55:5)
    at describe (/home/devel/basset-hound-browser/tests/deployment/tor-dev-deployment.test.js:144:3)
    at _dispatchDescribe (/home/devel/basset-hound-browser/node_modules/jest-circus/build/index.js:91:26)
    at describe (/home/devel/basset-hound-browser/node_modules/jest-circus/build/index.js:55:5)
    at Object.describe (/home/devel/basset-hound-browser/tests/deployment/tor-dev-deployment.test.js:8:1)
    at Runtime._execModule (/home/devel/basset-hound-browser/node_modules/jest-runtime/build/index.js:1439:24)
    at Runtime._loadModule (/home/devel/basset-hound-browser/node_modules/jest-runtime/build/index.js:1022:12)
    at Runtime.requireModule (/home/devel/basset-hound-browser/node_modules/jest-runtime/build/index.js:882:12)
    at jestAdapter (/home/devel/basset-hound-browser/node_modules/jest-circus/build/legacy-code-todo-rewrite/jestAdapter.js:77:13)
    at processTicksAndRejections (node:internal/process/task_queues:95:5)
    at runTestInternal (/home/devel/basset-hound-browser/node_modules/jest-runner/build/runTest.js:367:16)
    at runTest (/home/devel/basset-hound-browser/node_modules/jest-runner/build/runTest.js:444:34)
    at Object.worker (/home/devel/basset-hound-browser/node_modules/jest-runner/build/testWorker.js:106:12)</failure>
    </testcase>
    <testcase classname="Tor Deployment - Development Environment Tor with Recording Features should capture screenshot while using Tor" name="Tor Deployment - Development Environment Tor with Recording Features should capture screenshot while using Tor" time="0">
      <failure>Error: thrown: &quot;Exceeded timeout of 60000 ms for a hook while waiting for `done()` to be called.
Add a timeout value to this test to increase the timeout, if this is a long-running test. See https://jestjs.io/docs/api#testname-fn-timeout.&quot;
    at beforeAll (/home/devel/basset-hound-browser/tests/deployment/tor-dev-deployment.test.js:145:5)
    at _dispatchDescribe (/home/devel/basset-hound-browser/node_modules/jest-circus/build/index.js:91:26)
    at describe (/home/devel/basset-hound-browser/node_modules/jest-circus/build/index.js:55:5)
    at describe (/home/devel/basset-hound-browser/tests/deployment/tor-dev-deployment.test.js:144:3)
    at _dispatchDescribe (/home/devel/basset-hound-browser/node_modules/jest-circus/build/index.js:91:26)
    at describe (/home/devel/basset-hound-browser/node_modules/jest-circus/build/index.js:55:5)
    at Object.describe (/home/devel/basset-hound-browser/tests/deployment/tor-dev-deployment.test.js:8:1)
    at Runtime._execModule (/home/devel/basset-hound-browser/node_modules/jest-runtime/build/index.js:1439:24)
    at Runtime._loadModule (/home/devel/basset-hound-browser/node_modules/jest-runtime/build/index.js:1022:12)
    at Runtime.requireModule (/home/devel/basset-hound-browser/node_modules/jest-runtime/build/index.js:882:12)
    at jestAdapter (/home/devel/basset-hound-browser/node_modules/jest-circus/build/legacy-code-todo-rewrite/jestAdapter.js:77:13)
    at processTicksAndRejections (node:internal/process/task_queues:95:5)
    at runTestInternal (/home/devel/basset-hound-browser/node_modules/jest-runner/build/runTest.js:367:16)
    at runTest (/home/devel/basset-hound-browser/node_modules/jest-runner/build/runTest.js:444:34)
    at Object.worker (/home/devel/basset-hound-browser/node_modules/jest-runner/build/testWorker.js:106:12)</failure>
    </testcase>
    <testcase classname="Tor Deployment - Development Environment Tor - Mode Transitions should transition: OFF -&gt; ON -&gt; AUTO -&gt; OFF" name="Tor Deployment - Development Environment Tor - Mode Transitions should transition: OFF -&gt; ON -&gt; AUTO -&gt; OFF" time="60.054">
      <failure>Error: thrown: &quot;Exceeded timeout of 60000 ms for a test while waiting for `done()` to be called.
Add a timeout value to this test to increase the timeout, if this is a long-running test. See https://jestjs.io/docs/api#testname-fn-timeout.&quot;
    at it (/home/devel/basset-hound-browser/tests/deployment/tor-dev-deployment.test.js:193:5)
    at _dispatchDescribe (/home/devel/basset-hound-browser/node_modules/jest-circus/build/index.js:91:26)
    at describe (/home/devel/basset-hound-browser/node_modules/jest-circus/build/index.js:55:5)
    at describe (/home/devel/basset-hound-browser/tests/deployment/tor-dev-deployment.test.js:192:3)
    at _dispatchDescribe (/home/devel/basset-hound-browser/node_modules/jest-circus/build/index.js:91:26)
    at describe (/home/devel/basset-hound-browser/node_modules/jest-circus/build/index.js:55:5)
    at Object.describe (/home/devel/basset-hound-browser/tests/deployment/tor-dev-deployment.test.js:8:1)
    at Runtime._execModule (/home/devel/basset-hound-browser/node_modules/jest-runtime/build/index.js:1439:24)
    at Runtime._loadModule (/home/devel/basset-hound-browser/node_modules/jest-runtime/build/index.js:1022:12)
    at Runtime.requireModule (/home/devel/basset-hound-browser/node_modules/jest-runtime/build/index.js:882:12)
    at jestAdapter (/home/devel/basset-hound-browser/node_modules/jest-circus/build/legacy-code-todo-rewrite/jestAdapter.js:77:13)
    at processTicksAndRejections (node:internal/process/task_queues:95:5)
    at runTestInternal (/home/devel/basset-hound-browser/node_modules/jest-runner/build/runTest.js:367:16)
    at runTest (/home/devel/basset-hound-browser/node_modules/jest-runner/build/runTest.js:444:34)
    at Object.worker (/home/devel/basset-hound-browser/node_modules/jest-runner/build/testWorker.js:106:12)</failure>
    </testcase>
    <testcase classname="Tor Deployment - Development Environment Tor Performance should handle multiple requests over Tor circuit" name="Tor Deployment - Development Environment Tor Performance should handle multiple requests over Tor circuit" time="0">
      <failure>Error: thrown: &quot;Exceeded timeout of 60000 ms for a hook while waiting for `done()` to be called.
Add a timeout value to this test to increase the timeout, if this is a long-running test. See https://jestjs.io/docs/api#testname-fn-timeout.&quot;
    at beforeAll (/home/devel/basset-hound-browser/tests/deployment/tor-dev-deployment.test.js:225:5)
    at _dispatchDescribe (/home/devel/basset-hound-browser/node_modules/jest-circus/build/index.js:91:26)
    at describe (/home/devel/basset-hound-browser/node_modules/jest-circus/build/index.js:55:5)
    at describe (/home/devel/basset-hound-browser/tests/deployment/tor-dev-deployment.test.js:224:3)
    at _dispatchDescribe (/home/devel/basset-hound-browser/node_modules/jest-circus/build/index.js:91:26)
    at describe (/home/devel/basset-hound-browser/node_modules/jest-circus/build/index.js:55:5)
    at Object.describe (/home/devel/basset-hound-browser/tests/deployment/tor-dev-deployment.test.js:8:1)
    at Runtime._execModule (/home/devel/basset-hound-browser/node_modules/jest-runtime/build/index.js:1439:24)
    at Runtime._loadModule (/home/devel/basset-hound-browser/node_modules/jest-runtime/build/index.js:1022:12)
    at Runtime.requireModule (/home/devel/basset-hound-browser/node_modules/jest-runtime/build/index.js:882:12)
    at jestAdapter (/home/devel/basset-hound-browser/node_modules/jest-circus/build/legacy-code-todo-rewrite/jestAdapter.js:77:13)
    at processTicksAndRejections (node:internal/process/task_queues:95:5)
    at runTestInternal (/home/devel/basset-hound-browser/node_modules/jest-runner/build/runTest.js:367:16)
    at runTest (/home/devel/basset-hound-browser/node_modules/jest-runner/build/runTest.js:444:34)
    at Object.worker (/home/devel/basset-hound-browser/node_modules/jest-runner/build/testWorker.js:106:12)</failure>
    </testcase>
  </testsuite>
  <testsuite name="Full Forensic Workflow Integration" errors="0" failures="8" skipped="0" timestamp="2026-05-11T06:16:48" time="480.606" tests="8">
    <testcase classname="Full Forensic Workflow Integration Complete Investigation Workflow should initialize recording session" name="Full Forensic Workflow Integration Complete Investigation Workflow should initialize recording session" time="60.001">
      <failure>Error: expect(received).toBe(expected) // Object.is equality

Expected: &quot;forensic-workflow-1778480209096&quot;
Received: undefined
    at WebSocket.toBe (/home/devel/basset-hound-browser/tests/integration/full-forensic-workflow.test.js:36:38)
    at Object.onceWrapper (node:events:632:26)
    at WebSocket.emit (node:events:517:28)
    at WebSocket.emit (node:domain:489:12)
    at Receiver.receiverOnMessage (/home/devel/basset-hound-browser/node_modules/ws/lib/websocket.js:1225:20)
    at Receiver.emit (node:events:517:28)
    at Receiver.emit (node:domain:489:12)
    at Receiver.dataMessage (/home/devel/basset-hound-browser/node_modules/ws/lib/receiver.js:596:14)
    at Receiver.getData (/home/devel/basset-hound-browser/node_modules/ws/lib/receiver.js:496:10)
    at Receiver.startLoop (/home/devel/basset-hound-browser/node_modules/ws/lib/receiver.js:167:16)
    at Receiver._write (/home/devel/basset-hound-browser/node_modules/ws/lib/receiver.js:94:10)
    at writeOrBuffer (node:internal/streams/writable:392:12)
    at _write (node:internal/streams/writable:333:10)
    at Receiver.Writable.write (node:internal/streams/writable:337:10)
    at Socket.socketOnData (/home/devel/basset-hound-browser/node_modules/ws/lib/websocket.js:1360:35)
    at Socket.emit (node:events:517:28)
    at Socket.emit (node:domain:489:12)
    at addChunk (node:internal/streams/readable:368:12)
    at readableAddChunk (node:internal/streams/readable:341:9)
    at Socket.Readable.push (node:internal/streams/readable:278:10)
    at TCP.onStreamRead (node:internal/stream_base_commons:190:23)
    at TCP.callbackTrampoline (node:internal/async_hooks:128:17)</failure>
      <failure>Error: thrown: &quot;Exceeded timeout of 60000 ms for a test while waiting for `done()` to be called.
Add a timeout value to this test to increase the timeout, if this is a long-running test. See https://jestjs.io/docs/api#testname-fn-timeout.&quot;
    at it (/home/devel/basset-hound-browser/tests/integration/full-forensic-workflow.test.js:24:5)
    at _dispatchDescribe (/home/devel/basset-hound-browser/node_modules/jest-circus/build/index.js:91:26)
    at describe (/home/devel/basset-hound-browser/node_modules/jest-circus/build/index.js:55:5)
    at describe (/home/devel/basset-hound-browser/tests/integration/full-forensic-workflow.test.js:23:3)
    at _dispatchDescribe (/home/devel/basset-hound-browser/node_modules/jest-circus/build/index.js:91:26)
    at describe (/home/devel/basset-hound-browser/node_modules/jest-circus/build/index.js:55:5)
    at Object.describe (/home/devel/basset-hound-browser/tests/integration/full-forensic-workflow.test.js:8:1)
    at Runtime._execModule (/home/devel/basset-hound-browser/node_modules/jest-runtime/build/index.js:1439:24)
    at Runtime._loadModule (/home/devel/basset-hound-browser/node_modules/jest-runtime/build/index.js:1022:12)
    at Runtime.requireModule (/home/devel/basset-hound-browser/node_modules/jest-runtime/build/index.js:882:12)
    at jestAdapter (/home/devel/basset-hound-browser/node_modules/jest-circus/build/legacy-code-todo-rewrite/jestAdapter.js:77:13)
    at processTicksAndRejections (node:internal/process/task_queues:95:5)
    at runTestInternal (/home/devel/basset-hound-browser/node_modules/jest-runner/build/runTest.js:367:16)
    at runTest (/home/devel/basset-hound-browser/node_modules/jest-runner/build/runTest.js:444:34)
    at Object.worker (/home/devel/basset-hound-browser/node_modules/jest-runner/build/testWorker.js:106:12)</failure>
    </testcase>
    <testcase classname="Full Forensic Workflow Integration Complete Investigation Workflow should enable Tor for anonymous investigation" name="Full Forensic Workflow Integration Complete Investigation Workflow should enable Tor for anonymous investigation" time="60.053">
      <failure>Error: thrown: &quot;Exceeded timeout of 60000 ms for a test while waiting for `done()` to be called.
Add a timeout value to this test to increase the timeout, if this is a long-running test. See https://jestjs.io/docs/api#testname-fn-timeout.&quot;
    at it (/home/devel/basset-hound-browser/tests/integration/full-forensic-workflow.test.js:41:5)
    at _dispatchDescribe (/home/devel/basset-hound-browser/node_modules/jest-circus/build/index.js:91:26)
    at describe (/home/devel/basset-hound-browser/node_modules/jest-circus/build/index.js:55:5)
    at describe (/home/devel/basset-hound-browser/tests/integration/full-forensic-workflow.test.js:23:3)
    at _dispatchDescribe (/home/devel/basset-hound-browser/node_modules/jest-circus/build/index.js:91:26)
    at describe (/home/devel/basset-hound-browser/node_modules/jest-circus/build/index.js:55:5)
    at Object.describe (/home/devel/basset-hound-browser/tests/integration/full-forensic-workflow.test.js:8:1)
    at Runtime._execModule (/home/devel/basset-hound-browser/node_modules/jest-runtime/build/index.js:1439:24)
    at Runtime._loadModule (/home/devel/basset-hound-browser/node_modules/jest-runtime/build/index.js:1022:12)
    at Runtime.requireModule (/home/devel/basset-hound-browser/node_modules/jest-runtime/build/index.js:882:12)
    at jestAdapter (/home/devel/basset-hound-browser/node_modules/jest-circus/build/legacy-code-todo-rewrite/jestAdapter.js:77:13)
    at processTicksAndRejections (node:internal/process/task_queues:95:5)
    at runTestInternal (/home/devel/basset-hound-browser/node_modules/jest-runner/build/runTest.js:367:16)
    at runTest (/home/devel/basset-hound-browser/node_modules/jest-runner/build/runTest.js:444:34)
    at Object.worker (/home/devel/basset-hound-browser/node_modules/jest-runner/build/testWorker.js:106:12)</failure>
    </testcase>
    <testcase classname="Full Forensic Workflow Integration Complete Investigation Workflow should navigate to target URL" name="Full Forensic Workflow Integration Complete Investigation Workflow should navigate to target URL" time="60.058">
      <failure>Error: thrown: &quot;Exceeded timeout of 60000 ms for a test while waiting for `done()` to be called.
Add a timeout value to this test to increase the timeout, if this is a long-running test. See https://jestjs.io/docs/api#testname-fn-timeout.&quot;
    at it (/home/devel/basset-hound-browser/tests/integration/full-forensic-workflow.test.js:57:5)
    at _dispatchDescribe (/home/devel/basset-hound-browser/node_modules/jest-circus/build/index.js:91:26)
    at describe (/home/devel/basset-hound-browser/node_modules/jest-circus/build/index.js:55:5)
    at describe (/home/devel/basset-hound-browser/tests/integration/full-forensic-workflow.test.js:23:3)
    at _dispatchDescribe (/home/devel/basset-hound-browser/node_modules/jest-circus/build/index.js:91:26)
    at describe (/home/devel/basset-hound-browser/node_modules/jest-circus/build/index.js:55:5)
    at Object.describe (/home/devel/basset-hound-browser/tests/integration/full-forensic-workflow.test.js:8:1)
    at Runtime._execModule (/home/devel/basset-hound-browser/node_modules/jest-runtime/build/index.js:1439:24)
    at Runtime._loadModule (/home/devel/basset-hound-browser/node_modules/jest-runtime/build/index.js:1022:12)
    at Runtime.requireModule (/home/devel/basset-hound-browser/node_modules/jest-runtime/build/index.js:882:12)
    at jestAdapter (/home/devel/basset-hound-browser/node_modules/jest-circus/build/legacy-code-todo-rewrite/jestAdapter.js:77:13)
    at processTicksAndRejections (node:internal/process/task_queues:95:5)
    at runTestInternal (/home/devel/basset-hound-browser/node_modules/jest-runner/build/runTest.js:367:16)
    at runTest (/home/devel/basset-hound-browser/node_modules/jest-runner/build/runTest.js:444:34)
    at Object.worker (/home/devel/basset-hound-browser/node_modules/jest-runner/build/testWorker.js:106:12)</failure>
    </testcase>
    <testcase classname="Full Forensic Workflow Integration Complete Investigation Workflow should capture initial screenshot" name="Full Forensic Workflow Integration Complete Investigation Workflow should capture initial screenshot" time="60.061">
      <failure>Error: thrown: &quot;Exceeded timeout of 60000 ms for a test while waiting for `done()` to be called.
Add a timeout value to this test to increase the timeout, if this is a long-running test. See https://jestjs.io/docs/api#testname-fn-timeout.&quot;
    at it (/home/devel/basset-hound-browser/tests/integration/full-forensic-workflow.test.js:76:5)
    at _dispatchDescribe (/home/devel/basset-hound-browser/node_modules/jest-circus/build/index.js:91:26)
    at describe (/home/devel/basset-hound-browser/node_modules/jest-circus/build/index.js:55:5)
    at describe (/home/devel/basset-hound-browser/tests/integration/full-forensic-workflow.test.js:23:3)
    at _dispatchDescribe (/home/devel/basset-hound-browser/node_modules/jest-circus/build/index.js:91:26)
    at describe (/home/devel/basset-hound-browser/node_modules/jest-circus/build/index.js:55:5)
    at Object.describe (/home/devel/basset-hound-browser/tests/integration/full-forensic-workflow.test.js:8:1)
    at Runtime._execModule (/home/devel/basset-hound-browser/node_modules/jest-runtime/build/index.js:1439:24)
    at Runtime._loadModule (/home/devel/basset-hound-browser/node_modules/jest-runtime/build/index.js:1022:12)
    at Runtime.requireModule (/home/devel/basset-hound-browser/node_modules/jest-runtime/build/index.js:882:12)
    at jestAdapter (/home/devel/basset-hound-browser/node_modules/jest-circus/build/legacy-code-todo-rewrite/jestAdapter.js:77:13)
    at processTicksAndRejections (node:internal/process/task_queues:95:5)
    at runTestInternal (/home/devel/basset-hound-browser/node_modules/jest-runner/build/runTest.js:367:16)
    at runTest (/home/devel/basset-hound-browser/node_modules/jest-runner/build/runTest.js:444:34)
    at Object.worker (/home/devel/basset-hound-browser/node_modules/jest-runner/build/testWorker.js:106:12)</failure>
    </testcase>
    <testcase classname="Full Forensic Workflow Integration Complete Investigation Workflow should perform deep site analysis" name="Full Forensic Workflow Integration Complete Investigation Workflow should perform deep site analysis" time="60.061">
      <failure>Error: thrown: &quot;Exceeded timeout of 60000 ms for a test while waiting for `done()` to be called.
Add a timeout value to this test to increase the timeout, if this is a long-running test. See https://jestjs.io/docs/api#testname-fn-timeout.&quot;
    at it (/home/devel/basset-hound-browser/tests/integration/full-forensic-workflow.test.js:92:5)
    at _dispatchDescribe (/home/devel/basset-hound-browser/node_modules/jest-circus/build/index.js:91:26)
    at describe (/home/devel/basset-hound-browser/node_modules/jest-circus/build/index.js:55:5)
    at describe (/home/devel/basset-hound-browser/tests/integration/full-forensic-workflow.test.js:23:3)
    at _dispatchDescribe (/home/devel/basset-hound-browser/node_modules/jest-circus/build/index.js:91:26)
    at describe (/home/devel/basset-hound-browser/node_modules/jest-circus/build/index.js:55:5)
    at Object.describe (/home/devel/basset-hound-browser/tests/integration/full-forensic-workflow.test.js:8:1)
    at Runtime._execModule (/home/devel/basset-hound-browser/node_modules/jest-runtime/build/index.js:1439:24)
    at Runtime._loadModule (/home/devel/basset-hound-browser/node_modules/jest-runtime/build/index.js:1022:12)
    at Runtime.requireModule (/home/devel/basset-hound-browser/node_modules/jest-runtime/build/index.js:882:12)
    at jestAdapter (/home/devel/basset-hound-browser/node_modules/jest-circus/build/legacy-code-todo-rewrite/jestAdapter.js:77:13)
    at processTicksAndRejections (node:internal/process/task_queues:95:5)
    at runTestInternal (/home/devel/basset-hound-browser/node_modules/jest-runner/build/runTest.js:367:16)
    at runTest (/home/devel/basset-hound-browser/node_modules/jest-runner/build/runTest.js:444:34)
    at Object.worker (/home/devel/basset-hound-browser/node_modules/jest-runner/build/testWorker.js:106:12)</failure>
    </testcase>
    <testcase classname="Full Forensic Workflow Integration Complete Investigation Workflow should end recording session" name="Full Forensic Workflow Integration Complete Investigation Workflow should end recording session" time="60.053">
      <failure>Error: thrown: &quot;Exceeded timeout of 60000 ms for a test while waiting for `done()` to be called.
Add a timeout value to this test to increase the timeout, if this is a long-running test. See https://jestjs.io/docs/api#testname-fn-timeout.&quot;
    at it (/home/devel/basset-hound-browser/tests/integration/full-forensic-workflow.test.js:108:5)
    at _dispatchDescribe (/home/devel/basset-hound-browser/node_modules/jest-circus/build/index.js:91:26)
    at describe (/home/devel/basset-hound-browser/node_modules/jest-circus/build/index.js:55:5)
    at describe (/home/devel/basset-hound-browser/tests/integration/full-forensic-workflow.test.js:23:3)
    at _dispatchDescribe (/home/devel/basset-hound-browser/node_modules/jest-circus/build/index.js:91:26)
    at describe (/home/devel/basset-hound-browser/node_modules/jest-circus/build/index.js:55:5)
    at Object.describe (/home/devel/basset-hound-browser/tests/integration/full-forensic-workflow.test.js:8:1)
    at Runtime._execModule (/home/devel/basset-hound-browser/node_modules/jest-runtime/build/index.js:1439:24)
    at Runtime._loadModule (/home/devel/basset-hound-browser/node_modules/jest-runtime/build/index.js:1022:12)
    at Runtime.requireModule (/home/devel/basset-hound-browser/node_modules/jest-runtime/build/index.js:882:12)
    at jestAdapter (/home/devel/basset-hound-browser/node_modules/jest-circus/build/legacy-code-todo-rewrite/jestAdapter.js:77:13)
    at processTicksAndRejections (node:internal/process/task_queues:95:5)
    at runTestInternal (/home/devel/basset-hound-browser/node_modules/jest-runner/build/runTest.js:367:16)
    at runTest (/home/devel/basset-hound-browser/node_modules/jest-runner/build/runTest.js:444:34)
    at Object.worker (/home/devel/basset-hound-browser/node_modules/jest-runner/build/testWorker.js:106:12)</failure>
    </testcase>
    <testcase classname="Full Forensic Workflow Integration Complete Investigation Workflow should disable Tor after investigation" name="Full Forensic Workflow Integration Complete Investigation Workflow should disable Tor after investigation" time="60.061">
      <failure>Error: thrown: &quot;Exceeded timeout of 60000 ms for a test while waiting for `done()` to be called.
Add a timeout value to this test to increase the timeout, if this is a long-running test. See https://jestjs.io/docs/api#testname-fn-timeout.&quot;
    at it (/home/devel/basset-hound-browser/tests/integration/full-forensic-workflow.test.js:124:5)
    at _dispatchDescribe (/home/devel/basset-hound-browser/node_modules/jest-circus/build/index.js:91:26)
    at describe (/home/devel/basset-hound-browser/node_modules/jest-circus/build/index.js:55:5)
    at describe (/home/devel/basset-hound-browser/tests/integration/full-forensic-workflow.test.js:23:3)
    at _dispatchDescribe (/home/devel/basset-hound-browser/node_modules/jest-circus/build/index.js:91:26)
    at describe (/home/devel/basset-hound-browser/node_modules/jest-circus/build/index.js:55:5)
    at Object.describe (/home/devel/basset-hound-browser/tests/integration/full-forensic-workflow.test.js:8:1)
    at Runtime._execModule (/home/devel/basset-hound-browser/node_modules/jest-runtime/build/index.js:1439:24)
    at Runtime._loadModule (/home/devel/basset-hound-browser/node_modules/jest-runtime/build/index.js:1022:12)
    at Runtime.requireModule (/home/devel/basset-hound-browser/node_modules/jest-runtime/build/index.js:882:12)
    at jestAdapter (/home/devel/basset-hound-browser/node_modules/jest-circus/build/legacy-code-todo-rewrite/jestAdapter.js:77:13)
    at processTicksAndRejections (node:internal/process/task_queues:95:5)
    at runTestInternal (/home/devel/basset-hound-browser/node_modules/jest-runner/build/runTest.js:367:16)
    at runTest (/home/devel/basset-hound-browser/node_modules/jest-runner/build/runTest.js:444:34)
    at Object.worker (/home/devel/basset-hound-browser/node_modules/jest-runner/build/testWorker.js:106:12)</failure>
    </testcase>
    <testcase classname="Full Forensic Workflow Integration Data Validation &amp; Integrity should validate memory usage" name="Full Forensic Workflow Integration Data Validation &amp; Integrity should validate memory usage" time="60.06">
      <failure>Error: thrown: &quot;Exceeded timeout of 60000 ms for a test while waiting for `done()` to be called.
Add a timeout value to this test to increase the timeout, if this is a long-running test. See https://jestjs.io/docs/api#testname-fn-timeout.&quot;
    at it (/home/devel/basset-hound-browser/tests/integration/full-forensic-workflow.test.js:142:5)
    at _dispatchDescribe (/home/devel/basset-hound-browser/node_modules/jest-circus/build/index.js:91:26)
    at describe (/home/devel/basset-hound-browser/node_modules/jest-circus/build/index.js:55:5)
    at describe (/home/devel/basset-hound-browser/tests/integration/full-forensic-workflow.test.js:141:3)
    at _dispatchDescribe (/home/devel/basset-hound-browser/node_modules/jest-circus/build/index.js:91:26)
    at describe (/home/devel/basset-hound-browser/node_modules/jest-circus/build/index.js:55:5)
    at Object.describe (/home/devel/basset-hound-browser/tests/integration/full-forensic-workflow.test.js:8:1)
    at Runtime._execModule (/home/devel/basset-hound-browser/node_modules/jest-runtime/build/index.js:1439:24)
    at Runtime._loadModule (/home/devel/basset-hound-browser/node_modules/jest-runtime/build/index.js:1022:12)
    at Runtime.requireModule (/home/devel/basset-hound-browser/node_modules/jest-runtime/build/index.js:882:12)
    at jestAdapter (/home/devel/basset-hound-browser/node_modules/jest-circus/build/legacy-code-todo-rewrite/jestAdapter.js:77:13)
    at processTicksAndRejections (node:internal/process/task_queues:95:5)
    at runTestInternal (/home/devel/basset-hound-browser/node_modules/jest-runner/build/runTest.js:367:16)
    at runTest (/home/devel/basset-hound-browser/node_modules/jest-runner/build/runTest.js:444:34)
    at Object.worker (/home/devel/basset-hound-browser/node_modules/jest-runner/build/testWorker.js:106:12)</failure>
    </testcase>
  </testsuite>
</testsuites>